10-09 23:07:59.460  1866  1999 I mtkpower_client: ret_hdl:34389
10-09 23:07:59.461   886   961 I libPowerHal: system_server: cpu_ctrl set cpu freq: 1393000 -1 1274000 -1
10-09 23:07:59.461 21571 21571 D LifecycleMonitor: Lifecycle status change: androidx.test.core.app.InstrumentationActivityInvoker$EmptyActivity@f5ee6ca in: PRE_ON_CREATE
10-09 23:07:59.461 21571 21571 V ActivityScenario: Activity lifecycle changed event received but ignored because the intent does not match. startActivityIntent=Intent { act=android.intent.action.MAIN cat=[android.intent.category.LAUNCHER] cmp=com.example.dogglers/.VerticalListActivity }, activity.getIntent()=Intent { act=android.intent.action.MAIN cat=[android.intent.category.LAUNCHER] flg=0x10000000 cmp=com.example.dogglers/androidx.test.core.app.InstrumentationActivityInvoker$EmptyActivity mCallingUid=10115 }, activity=androidx.test.core.app.InstrumentationActivityInvoker$EmptyActivity@f5ee6ca
10-09 23:07:59.470  2346  2498 D WifiStatusTracker: handleBroadcast: shouldUpdateLabel: true
10-09 23:07:59.474 21571 21571 D LifecycleMonitor: Lifecycle status change: androidx.test.core.app.InstrumentationActivityInvoker$EmptyActivity@f5ee6ca in: CREATED
10-09 23:07:59.474 21571 21571 V ActivityScenario: Activity lifecycle changed event received but ignored because the intent does not match. startActivityIntent=Intent { act=android.intent.action.MAIN cat=[android.intent.category.LAUNCHER] cmp=com.example.dogglers/.VerticalListActivity }, activity.getIntent()=Intent { act=android.intent.action.MAIN cat=[android.intent.category.LAUNCHER] flg=0x10000000 cmp=com.example.dogglers/androidx.test.core.app.InstrumentationActivityInvoker$EmptyActivity mCallingUid=10115 }, activity=androidx.test.core.app.InstrumentationActivityInvoker$EmptyActivity@f5ee6ca
10-09 23:07:59.475 21571 21571 D LifecycleMonitor: Lifecycle status change: androidx.test.core.app.InstrumentationActivityInvoker$EmptyActivity@f5ee6ca in: STARTED
10-09 23:07:59.475 21571 21571 V ActivityScenario: Activity lifecycle changed event received but ignored because the intent does not match. startActivityIntent=Intent { act=android.intent.action.MAIN cat=[android.intent.category.LAUNCHER] cmp=com.example.dogglers/.VerticalListActivity }, activity.getIntent()=Intent { act=android.intent.action.MAIN cat=[android.intent.category.LAUNCHER] flg=0x10000000 cmp=com.example.dogglers/androidx.test.core.app.InstrumentationActivityInvoker$EmptyActivity mCallingUid=10115 }, activity=androidx.test.core.app.InstrumentationActivityInvoker$EmptyActivity@f5ee6ca
10-09 23:07:59.477 21571 21571 D LifecycleMonitor: Lifecycle status change: androidx.test.core.app.InstrumentationActivityInvoker$EmptyActivity@f5ee6ca in: RESUMED
10-09 23:07:59.477 21571 21571 V ActivityScenario: Activity lifecycle changed event received but ignored because the intent does not match. startActivityIntent=Intent { act=android.intent.action.MAIN cat=[android.intent.category.LAUNCHER] cmp=com.example.dogglers/.VerticalListActivity }, activity.getIntent()=Intent { act=android.intent.action.MAIN cat=[android.intent.category.LAUNCHER] flg=0x10000000 cmp=com.example.dogglers/androidx.test.core.app.InstrumentationActivityInvoker$EmptyActivity mCallingUid=10115 }, activity=androidx.test.core.app.InstrumentationActivityInvoker$EmptyActivity@f5ee6ca
10-09 23:07:59.478   973  2952 I SurfaceFlinger: [SF client] NEW(0xb4000073a0ac1880) for (21571:com.example.dogglers)
10-09 23:07:59.480 21571 21571 D WindowManager: Add to mViews: DecorView@337a046[InstrumentationActivityInvoker$EmptyActivity],pkg= com.example.dogglers
10-09 23:07:59.481  1866  2120 D WN_S    : onCapabilitiesChanged for 103
10-09 23:07:59.482  1866  5129 I FocusResolver: updateFocusedWindow,  on display 0, reason: NO_WINDOW, result:   FocusedWindows: <none>
10-09 23:07:59.483 21571 21571 D ViewRootImpl[InstrumentationActivityInvoker$EmptyActivity]: hardware acceleration = true, sRendererEnabled = true, forceHwAccelerated = false
10-09 23:07:59.483  2346  2498 E DecoupleUtils: invokeBooleanMethod: Could not find method isVhtMax8SpatialStreamsSupported
10-09 23:07:59.484  2346  2498 E DecoupleUtils: invokeBooleanMethod: Could not find method isHe8ssCapableAp
10-09 23:07:59.484  1866  1880 D OplusDisplayPolicy: com.example.dogglers, no change cutoutMode: 0
10-09 23:07:59.490 21571 21571 D CompatibilityChangeReporter: Compat change id reported: 171228096; UID 10115; state: ENABLED
10-09 23:07:59.491  1866  5110 I mtkpower_client: perf_lock_rel, hdl:34384, tid:5110
10-09 23:07:59.491  1866  2637 I mtkpower_client: perf_lock_acq, hdl:34387, dur:3000, num:6, tid:2637
10-09 23:07:59.491   886   961 I libPowerHal: [perfLockRel] hdl:34384, idx:1
10-09 23:07:59.493 27797 27862 I CarrierServices: [7660] cju.c: Connected state: [1], networkType: [WIFI]
10-09 23:07:59.493  1866  2637 I mtkpower_client: ret_hdl:34390
10-09 23:07:59.493   886   961 I libPowerHal: cmdSetting - unknown cmd:2000400, scmd:(null) ,param_1:21625
10-09 23:07:59.493   886   961 I libPowerHal: [notify_targetFPS_pid] -21625, 0xb4000074e3a17658
10-09 23:07:59.493   886   961 I libPowerHal: [fpsgo_noctrl_render_thread] -21625, 0xb4000074e3a17658
10-09 23:07:59.493   886   961 E libPowerHal: Could not open '/sys/kernel/fpsgo/fstb/set_ui_ctrl'
10-09 23:07:59.493   886   961 E libPowerHal: error : 2, No such file or directory
10-09 23:07:59.493  1866  5110 I mtkpower_client: perf_lock_rel, hdl:34390, tid:5110
10-09 23:07:59.494  1866  2637 D OplusDisplayPolicy: com.example.dogglers, no change cutoutMode: 0
10-09 23:07:59.494   886   961 I libPowerHal: [perfLockRel] hdl:34390, idx:1
10-09 23:07:59.494   973  1023 I BufferQueueDebug: [com.example.dogglers/androidx.test.core.app.InstrumentationActivityInvoker$EmptyActivity#0](this:0xb40000739633c998,id:-1,api:0,p:-1,c:-1) BufferQueue core=(973:/system/bin/surfaceflinger)
10-09 23:07:59.494   886   961 I libPowerHal: [notify_targetFPS_pid] -21625, 0xb4000074e3a17658
10-09 23:07:59.494   886   961 I libPowerHal: [PD] system_server update ONESHOT cmd:2000200 param:-21625
10-09 23:07:59.494   886   961 I libPowerHal: [fpsgo_noctrl_render_thread] -21625, 0xb4000074e3a17658
10-09 23:07:59.494   886   961 E libPowerHal: Could not open '/sys/kernel/fpsgo/fstb/set_ui_ctrl'
10-09 23:07:59.494   886   961 E libPowerHal: error : 2, No such file or directory
10-09 23:07:59.494   886   961 I libPowerHal: [PD] system_server update ONESHOT cmd:2000300 param:-21625
10-09 23:07:59.500  1866  2637 D Theia.NoFocusWindow: FocusWindowErrorScene cancelCheckFreezeScreen
10-09 23:07:59.501 21571 21571 I BufferQueueConsumer: [](id:544300000008,api:0,p:-1,c:21571) connect: controlledByApp=false
10-09 23:07:59.501 21571 21571 I BLASTBufferQueue: [ViewRootImpl[InstrumentationActivityInvoker$EmptyActivity]#8] constructor()
10-09 23:07:59.503 21571 21625 I BufferQueueProducer: [ViewRootImpl[InstrumentationActivityInvoker$EmptyActivity]#8(BLAST Consumer)8](id:544300000008,api:1,p:21571,c:21571) connect: api=1 producerControlledByApp=true
10-09 23:07:59.515   973   973 D OplusLayer: setBuffer sequence=16409, name=com.example.dogglers/androidx.test.core.app.InstrumentationActivityInvoker$EmptyActivity#0
10-09 23:07:59.515   973   973 I OplusLayer: VRR [FRTC] update from -1 to 0
10-09 23:07:59.516 21571 21596 D SurfaceComposerClient: VRR [FRTC] client handle [bufferId:18446744073709551615 framenumber:0] [ffffffff, ffffffff]
10-09 23:07:59.518  1866  1892 I ActivityTaskManager: Displayed com.example.dogglers/androidx.test.core.app.InstrumentationActivityInvoker$EmptyActivity: +86ms
10-09 23:07:59.532   973   973 D OplusLayer: ~Layer() sequence=16403, name=Surface(name=634d9c0 StatusBar)/@0x8de5787 - animation-leash of insets_animation#0 0xb400007396316000
10-09 23:07:59.532   973   973 D OplusLayer: ~Layer() sequence=16404, name=Surface(name=986f6f7 NavigationBar0)/@0x7692882 - animation-leash of insets_animation#0 0xb400007396351800
10-09 23:07:59.532 27797 27860 I CarrierServices: [7659] czr.x: Rcs is enabled from user settings: true
10-09 23:07:59.533  1866  4646 I FocusResolver: updateFocusedWindow, fa234ba com.example.dogglers/androidx.test.core.app.InstrumentationActivityInvoker$EmptyActivity on display 0, reason: Window became focusable. Previous reason: NOT_VISIBLE, result:   FocusedWindows:
10-09 23:07:59.533  1866  4646 I FocusResolver:     displayId=0, name='fa234ba com.example.dogglers/androidx.test.core.app.InstrumentationActivityInvoker$EmptyActivity'
10-09 23:07:59.534   940   940 D ORMS_HAL: OrmsHalService write file /proc/sys/kernel/slide_boost_enabled - 0.
10-09 23:07:59.534   940   940 E ORMS_HAL: open /sys/devices/platform/soc/soc:oplus-omrg/oplus-omrg0/ruler_enable failed(No such file or directory)
10-09 23:07:59.535   940   940 E ORMS_HAL: open /sys/devices/platform/soc/soc:oplus-omrg/oplus-omrg0/ruler_enable failed(No such file or directory)
10-09 23:07:59.535   940   940 D ORMS_HAL: OrmsHalService write file /proc/sys/kernel/slide_boost_enabled - 1.
10-09 23:07:59.535  1866  1999 I mtkpower_client: perf_lock_rel, hdl:34389, tid:1999
10-09 23:07:59.535  1866  1999 I mtkpower_client: perf_lock_acq, hdl:34389, dur:0, num:8, tid:1999
10-09 23:07:59.536   886   961 I libPowerHal: [perfLockRel] hdl:34389, idx:0
10-09 23:07:59.536   886   961 I libPowerHal: system_server: cpu_ctrl set cpu freq: -1 -1 -1 -1
10-09 23:07:59.536   886   961 I libPowerHal: [PD] system_server update cmd:2004100 param:2
10-09 23:07:59.537   886   897 I mtkpower@impl: [setMode] type:5, enabled:1
10-09 23:07:59.537  1866  1999 I mtkpower_client: ret_hdl:34391
10-09 23:07:59.538   886   961 I libPowerHal: system_server: cpu_ctrl set cpu freq: 1393000 -1 1274000 -1
10-09 23:07:59.557 21571 21571 D LifecycleMonitor: Lifecycle status change: com.example.dogglers.VerticalListActivity@b2585c1 in: STOPPED
10-09 23:07:59.557 21571 21571 V ActivityScenario: Update currentActivityStage to STOPPED, currentActivity=com.example.dogglers.VerticalListActivity@b2585c1
10-09 23:07:59.559 21571 21571 D LifecycleMonitor: Lifecycle status change: com.example.dogglers.VerticalListActivity@b2585c1 in: DESTROYED
10-09 23:07:59.559 21571 21571 V ActivityScenario: Update currentActivityStage to DESTROYED, currentActivity=null
10-09 23:07:59.559   867   923 I sensors-hal-OriginChannel: wise light debug, data[2].type is 65627,data[2].sensor is 91:[289.000000,,175.000000,,10.000000,0.000000,38633769492005]
10-09 23:07:59.563 21571 21625 I BufferQueueProducer: [ViewRootImpl[VerticalListActivity]#7(BLAST Consumer)7](id:544300000007,api:1,p:21571,c:21571) disconnect: api 1
10-09 23:07:59.563 21571 21625 E BLASTBufferQueue: BLASTBufferItemConsumer::onDisconnect()
10-09 23:07:59.563 21571 21571 D View    : [Warning] assignParent to null: this = DecorView@392bf0[VerticalListActivity]
10-09 23:07:59.563  1866  2637 W InputManager-JNI: Input channel object '580a608 com.example.dogglers/com.example.dogglers.VerticalListActivity (client)' was disposed without first being removed with the input manager!
10-09 23:07:59.577 21571 21571 D LifecycleMonitor: Lifecycle status change: androidx.test.core.app.InstrumentationActivityInvoker$EmptyActivity@f5ee6ca in: PAUSED
10-09 23:07:59.577 21571 21571 V ActivityScenario: Activity lifecycle changed event received but ignored because the intent does not match. startActivityIntent=Intent { act=android.intent.action.MAIN cat=[android.intent.category.LAUNCHER] cmp=com.example.dogglers/.VerticalListActivity }, activity.getIntent()=Intent { act=android.intent.action.MAIN cat=[android.intent.category.LAUNCHER] flg=0x10000000 cmp=com.example.dogglers/androidx.test.core.app.InstrumentationActivityInvoker$EmptyActivity mCallingUid=10115 }, activity=androidx.test.core.app.InstrumentationActivityInvoker$EmptyActivity@f5ee6ca
10-09 23:07:59.580  1866  5129 I PowerHalWrapper: amsBoostNotify pid:21571,activity:androidx.test.core.app.InstrumentationActivityInvoker$EmptyActivity, package:com.example.dogglers, mProcessCreatePackcom.example.dogglers
10-09 23:07:59.580  1866  5129 I PowerHalWrapper: state: 1
10-09 23:07:59.580  1866  5129 I PowerHalWrapper: amsBoostNotify AMS_BOOST_PROCESS_CREATE_BOOST:false
10-09 23:07:59.580  1866  5129 I InputDispatcher: setFocusedApplication displayId=0 ActivityRecord{9cec037 u0 com.example.dogglers/androidx.test.core.app.InstrumentationActivityInvoker$EmptyActivity t213}
10-09 23:07:59.581  1866  5129 D Theia.NoFocusWindow: FocusWindowErrorScene CheckFreezeScreen
10-09 23:07:59.582   973   973 D OplusLayer: ~Layer() sequence=16377, name=Surface(name=7edaa53 InputMethod)/@0x5a9888e - animation-leash of insets_animation#1 0xb4000073b05bc000
10-09 23:07:59.582   973   973 D OplusLayer: ~Layer() sequence=16396, name=ActivityRecord{35fcc3e u0 com.example.dogglers/.VerticalListActivity#0 0xb400007396d43000
10-09 23:07:59.582   973   973 D OplusLayer: ~Layer() sequence=16401, name=580a608 com.example.dogglers/com.example.dogglers.VerticalListActivity#0 0xb4000073974e0800
10-09 23:07:59.582   973   973 D OplusLayer: ~Layer() sequence=16406, name=Surface(name=7edaa53 InputMethod)/@0x5a9888e - animation-leash of insets_animation#1 0xb4000073b075d800
10-09 23:07:59.584  1866  5129 I PowerHalWrapper: amsBoostNotify pid:21571,activity:androidx.test.core.app.InstrumentationActivityInvoker$EmptyActivity, package:com.example.dogglers, mProcessCreatePackcom.example.dogglers
10-09 23:07:59.584  1866  5129 I PowerHalWrapper: state: 0
10-09 23:07:59.584  1866  5129 I PowerHalWrapper: amsBoostNotify AMS_BOOST_PROCESS_CREATE_BOOST:false
10-09 23:07:59.585 21571 21733 I BLASTBufferQueue: [ViewRootImpl[VerticalListActivity]#7] destructor()
10-09 23:07:59.585 21571 21733 I BufferQueueConsumer: [ViewRootImpl[VerticalListActivity]#7(BLAST Consumer)7](id:544300000007,api:0,p:-1,c:21571) disconnect
10-09 23:07:59.586  1866  5129 D InputMethodManagerService: isSecurity: attribute.packageName=com.example.dogglers mCurMethodId=org.dslul.openboard.inputmethod.latin/.LatinIME
10-09 23:07:59.586  1866  5129 D InputMethodManagerService: isSecurity= false (  enable=false needShow=false inBlackList=false isExist=true )
10-09 23:07:59.587  1866  5129 D InputMethodManagerService: isSecurity: attribute.packageName=com.example.dogglers mCurMethodId=org.dslul.openboard.inputmethod.latin/.LatinIME
10-09 23:07:59.587  1866  5129 D InputMethodManagerService: isSecurity= false (  enable=false needShow=false inBlackList=false isExist=true )
10-09 23:07:59.587  1866  5129 D InputMethodManagerService: startInputOrWindowGainedFocus:  reset Secure =false
10-09 23:07:59.588 21571 21571 D LifecycleMonitor: Lifecycle status change: androidx.test.core.app.InstrumentationActivityInvoker$BootstrapActivity@dfb2853 in: DESTROYED
10-09 23:07:59.588 21571 21571 V ActivityScenario: Activity lifecycle changed event received but ignored because the intent does not match. startActivityIntent=Intent { act=android.intent.action.MAIN cat=[android.intent.category.LAUNCHER] cmp=com.example.dogglers/.VerticalListActivity }, activity.getIntent()=Intent { act=android.intent.action.MAIN cat=[android.intent.category.LAUNCHER] flg=0x10008000 cmp=com.example.dogglers/androidx.test.core.app.InstrumentationActivityInvoker$BootstrapActivity (has extras) mCallingUid=10115 }, activity=androidx.test.core.app.InstrumentationActivityInvoker$BootstrapActivity@dfb2853
10-09 23:07:59.589   940   940 D ORMS_HAL: OrmsHalService write file /proc/sys/kernel/slide_boost_enabled - 0.
10-09 23:07:59.589 21571 21734 D libMEOW : meow new tls: 0xb400007622308a00
10-09 23:07:59.589 21571 21734 D libMEOW : applied 0 plugin for [com.example.dogglers].
10-09 23:07:59.589   940   940 E ORMS_HAL: open /sys/devices/platform/soc/soc:oplus-omrg/oplus-omrg0/ruler_enable failed(No such file or directory)
10-09 23:07:59.589 21571 21734 D libMEOW : meow delete tls: 0xb400007622308a00
10-09 23:07:59.590   940   940 E ORMS_HAL: open /sys/devices/platform/soc/soc:oplus-omrg/oplus-omrg0/ruler_enable failed(No such file or directory)
10-09 23:07:59.590   940   940 D ORMS_HAL: OrmsHalService write file /proc/sys/kernel/slide_boost_enabled - 1.
10-09 23:07:59.590  1866  1999 I mtkpower_client: perf_lock_rel, hdl:34391, tid:1999
10-09 23:07:59.590  1866  1999 I mtkpower_client: perf_lock_acq, hdl:34391, dur:0, num:8, tid:1999
10-09 23:07:59.591   886   896 I mtkpower@impl: [check_work_req] i:0, msg:1 hdl:34391, wait
10-09 23:07:59.591   886   961 I libPowerHal: [perfLockRel] hdl:34391, idx:0
10-09 23:07:59.591   886   961 I libPowerHal: system_server: cpu_ctrl set cpu freq: -1 -1 -1 -1
10-09 23:07:59.592   886   961 I libPowerHal: [PD] system_server update cmd:2004100 param:2
10-09 23:07:59.593  1866  1999 I mtkpower_client: ret_hdl:34392
10-09 23:07:59.594 21571 21571 D LifecycleMonitor: Lifecycle status change: androidx.test.core.app.InstrumentationActivityInvoker$EmptyActivity@254721e in: PRE_ON_CREATE
10-09 23:07:59.594 21571 21571 V ActivityScenario: Activity lifecycle changed event received but ignored because the intent does not match. startActivityIntent=Intent { act=android.intent.action.MAIN cat=[android.intent.category.LAUNCHER] cmp=com.example.dogglers/.VerticalListActivity }, activity.getIntent()=Intent { act=android.intent.action.MAIN cat=[android.intent.category.LAUNCHER] flg=0x10000000 cmp=com.example.dogglers/androidx.test.core.app.InstrumentationActivityInvoker$EmptyActivity mCallingUid=10115 }, activity=androidx.test.core.app.InstrumentationActivityInvoker$EmptyActivity@254721e
10-09 23:07:59.595   886   961 I libPowerHal: system_server: cpu_ctrl set cpu freq: 1393000 -1 1274000 -1
10-09 23:07:59.598   973   973 I BufferQueueDebug: [com.example.dogglers/com.example.dogglers.VerticalListActivity#0](this:0xb4000073b047a998,id:-1,api:0,p:-1,c:973) onDestructor()
10-09 23:07:59.598 21571 21733 I BLASTBufferQueue: releaseBufferCallbackThunk bufferId:92646739542044 framenumber:24 blastBufferQueue is dead
10-09 23:07:59.598   973   973 D OplusLayer: ~Layer() sequence=16402, name=com.example.dogglers/com.example.dogglers.VerticalListActivity#0 0xb4000073b0478000
10-09 23:07:59.599   973   973 D OplusLayer: ~Layer() sequence=16393, name=ActivityRecord{50e29db u0 com.example.dogglers/androidx.test.core.app.InstrumentationActivityInvoker$BootstrapActivity#0 0xb400007397307000
10-09 23:07:59.600  1866  2637 I FocusResolver: updateFocusedWindow,  on display 0, reason: NO_WINDOW, result:   FocusedWindows: <none>
10-09 23:07:59.605 21571 21571 D LifecycleMonitor: Lifecycle status change: androidx.test.core.app.InstrumentationActivityInvoker$EmptyActivity@254721e in: CREATED
10-09 23:07:59.605 21571 21571 V ActivityScenario: Activity lifecycle changed event received but ignored because the intent does not match. startActivityIntent=Intent { act=android.intent.action.MAIN cat=[android.intent.category.LAUNCHER] cmp=com.example.dogglers/.VerticalListActivity }, activity.getIntent()=Intent { act=android.intent.action.MAIN cat=[android.intent.category.LAUNCHER] flg=0x10000000 cmp=com.example.dogglers/androidx.test.core.app.InstrumentationActivityInvoker$EmptyActivity mCallingUid=10115 }, activity=androidx.test.core.app.InstrumentationActivityInvoker$EmptyActivity@254721e
10-09 23:07:59.606 21571 21571 D LifecycleMonitor: Lifecycle status change: androidx.test.core.app.InstrumentationActivityInvoker$EmptyActivity@254721e in: STARTED
10-09 23:07:59.606 21571 21571 V ActivityScenario: Activity lifecycle changed event received but ignored because the intent does not match. startActivityIntent=Intent { act=android.intent.action.MAIN cat=[android.intent.category.LAUNCHER] cmp=com.example.dogglers/.VerticalListActivity }, activity.getIntent()=Intent { act=android.intent.action.MAIN cat=[android.intent.category.LAUNCHER] flg=0x10000000 cmp=com.example.dogglers/androidx.test.core.app.InstrumentationActivityInvoker$EmptyActivity mCallingUid=10115 }, activity=androidx.test.core.app.InstrumentationActivityInvoker$EmptyActivity@254721e
10-09 23:07:59.608 21571 21571 D LifecycleMonitor: Lifecycle status change: androidx.test.core.app.InstrumentationActivityInvoker$EmptyActivity@254721e in: RESUMED
10-09 23:07:59.609 21571 21571 V ActivityScenario: Activity lifecycle changed event received but ignored because the intent does not match. startActivityIntent=Intent { act=android.intent.action.MAIN cat=[android.intent.category.LAUNCHER] cmp=com.example.dogglers/.VerticalListActivity }, activity.getIntent()=Intent { act=android.intent.action.MAIN cat=[android.intent.category.LAUNCHER] flg=0x10000000 cmp=com.example.dogglers/androidx.test.core.app.InstrumentationActivityInvoker$EmptyActivity mCallingUid=10115 }, activity=androidx.test.core.app.InstrumentationActivityInvoker$EmptyActivity@254721e
10-09 23:07:59.609   973  1022 I SurfaceFlinger: [SF client] NEW(0xb4000073b03fdc40) for (21571:com.example.dogglers)
10-09 23:07:59.612 21571 21571 D WindowManager: Add to mViews: DecorView@4d24db8[InstrumentationActivityInvoker$EmptyActivity],pkg= com.example.dogglers
10-09 23:07:59.613 21571 21571 D ViewRootImpl[InstrumentationActivityInvoker$EmptyActivity]: hardware acceleration = true, sRendererEnabled = true, forceHwAccelerated = false
10-09 23:07:59.614  1866  5129 D OplusDisplayPolicy: com.example.dogglers, no change cutoutMode: 0
10-09 23:07:59.621  1866  5129 D OplusDisplayPolicy: com.example.dogglers, no change cutoutMode: 0
10-09 23:07:59.621   973  2952 I BufferQueueDebug: [com.example.dogglers/androidx.test.core.app.InstrumentationActivityInvoker$EmptyActivity#1](this:0xb4000073974b6998,id:-1,api:0,p:-1,c:-1) BufferQueue core=(973:/system/bin/surfaceflinger)
10-09 23:07:59.626  1866  5129 D Theia.NoFocusWindow: FocusWindowErrorScene cancelCheckFreezeScreen
10-09 23:07:59.628 21571 21571 I BufferQueueConsumer: [](id:544300000009,api:0,p:-1,c:21571) connect: controlledByApp=false
10-09 23:07:59.628 21571 21571 I BLASTBufferQueue: [ViewRootImpl[InstrumentationActivityInvoker$EmptyActivity]#9] constructor()
10-09 23:07:59.630 21571 21625 I BufferQueueProducer: [ViewRootImpl[InstrumentationActivityInvoker$EmptyActivity]#9(BLAST Consumer)9](id:544300000009,api:1,p:21571,c:21571) connect: api=1 producerControlledByApp=true
10-09 23:07:59.646  1866  1892 I ActivityTaskManager: Displayed com.example.dogglers/androidx.test.core.app.InstrumentationActivityInvoker$EmptyActivity: +111ms
10-09 23:07:59.648   973   973 D OplusLayer: setBuffer sequence=16415, name=com.example.dogglers/androidx.test.core.app.InstrumentationActivityInvoker$EmptyActivity#1
10-09 23:07:59.648   973   973 I OplusLayer: VRR [FRTC] update from -1 to 0
10-09 23:07:59.648 21571 21733 D SurfaceComposerClient: VRR [FRTC] client handle [bufferId:18446744073709551615 framenumber:0] [ffffffff, ffffffff]
10-09 23:07:59.648   973   973 D OplusLayer: ~Layer() sequence=16410, name=Surface(name=634d9c0 StatusBar)/@0x8de5787 - animation-leash of insets_animation#1 0xb4000073b06b9800
10-09 23:07:59.649   973   973 D OplusLayer: ~Layer() sequence=16411, name=Surface(name=986f6f7 NavigationBar0)/@0x7692882 - animation-leash of insets_animation#1 0xb400007397309800
10-09 23:07:59.651  1866  1895 I PowerHalWrapper: amsBoostNotify pid:21571,activity:androidx.test.core.app.InstrumentationActivityInvoker$EmptyActivity, package:com.example.dogglers, mProcessCreatePackcom.example.dogglers
10-09 23:07:59.651  1866  1895 I PowerHalWrapper: state: 0
10-09 23:07:59.651  1866  1895 I PowerHalWrapper: amsBoostNotify AMS_BOOST_PROCESS_CREATE_BOOST:false
10-09 23:07:59.662 21571 21625 I BufferQueueProducer: [ViewRootImpl[InstrumentationActivityInvoker$EmptyActivity]#8(BLAST Consumer)8](id:544300000008,api:1,p:21571,c:21571) disconnect: api 1
10-09 23:07:59.662 21571 21625 E BLASTBufferQueue: BLASTBufferItemConsumer::onDisconnect()
10-09 23:07:59.665  1866  2637 I FocusResolver: updateFocusedWindow, 379ecc3 com.example.dogglers/androidx.test.core.app.InstrumentationActivityInvoker$EmptyActivity on display 0, reason: Window became focusable. Previous reason: NOT_VISIBLE, result:   FocusedWindows:
10-09 23:07:59.665  1866  2637 I FocusResolver:     displayId=0, name='379ecc3 com.example.dogglers/androidx.test.core.app.InstrumentationActivityInvoker$EmptyActivity'
10-09 23:07:59.665 21571 21571 I BLASTBufferQueue: [ViewRootImpl[InstrumentationActivityInvoker$EmptyActivity]#8] destructor()
10-09 23:07:59.665 21571 21571 I BufferQueueConsumer: [ViewRootImpl[InstrumentationActivityInvoker$EmptyActivity]#8(BLAST Consumer)8](id:544300000008,api:0,p:-1,c:21571) disconnect
10-09 23:07:59.668 21571 21571 D LifecycleMonitor: Lifecycle status change: androidx.test.core.app.InstrumentationActivityInvoker$EmptyActivity@f5ee6ca in: STOPPED
10-09 23:07:59.668 21571 21571 V ActivityScenario: Activity lifecycle changed event received but ignored because the intent does not match. startActivityIntent=Intent { act=android.intent.action.MAIN cat=[android.intent.category.LAUNCHER] cmp=com.example.dogglers/.VerticalListActivity }, activity.getIntent()=Intent { act=android.intent.action.MAIN cat=[android.intent.category.LAUNCHER] flg=0x10000000 cmp=com.example.dogglers/androidx.test.core.app.InstrumentationActivityInvoker$EmptyActivity mCallingUid=10115 }, activity=androidx.test.core.app.InstrumentationActivityInvoker$EmptyActivity@f5ee6ca
10-09 23:07:59.675   940   940 D ORMS_HAL: OrmsHalService write file /proc/sys/kernel/slide_boost_enabled - 0.
10-09 23:07:59.676  1866  5110 D Theia.NoFocusWindow: FocusWindowErrorScene CheckFreezeScreen
10-09 23:07:59.676   940   940 E ORMS_HAL: open /sys/devices/platform/soc/soc:oplus-omrg/oplus-omrg0/ruler_enable failed(No such file or directory)
10-09 23:07:59.676  1866  5110 I InputDispatcher: setFocusedApplication displayId=0 ActivityRecord{99a9718 u0 com.android.launcher/.Launcher t5}
10-09 23:07:59.677   940   940 E ORMS_HAL: open /sys/devices/platform/soc/soc:oplus-omrg/oplus-omrg0/ruler_enable failed(No such file or directory)
10-09 23:07:59.677   940   940 D ORMS_HAL: OrmsHalService write file /proc/sys/kernel/slide_boost_enabled - 1.
10-09 23:07:59.677  1866  1999 I mtkpower_client: perf_lock_rel, hdl:34392, tid:1999
10-09 23:07:59.677  1866  1999 I mtkpower_client: perf_lock_acq, hdl:34392, dur:0, num:8, tid:1999
10-09 23:07:59.677   886   961 I libPowerHal: [perfLockRel] hdl:34392, idx:0
10-09 23:07:59.678   886   961 I libPowerHal: system_server: cpu_ctrl set cpu freq: -1 -1 -1 -1
10-09 23:07:59.678   886   961 I libPowerHal: [PD] system_server update cmd:2004100 param:2
10-09 23:07:59.679  1866  1999 I mtkpower_client: ret_hdl:34393
10-09 23:07:59.679   886   961 I libPowerHal: system_server: cpu_ctrl set cpu freq: 1393000 -1 1274000 -1
10-09 23:07:59.680   940   940 D ORMS_HAL: OrmsHalService write file /proc/sys/kernel/slide_boost_enabled - 0.
10-09 23:07:59.680   940   940 E ORMS_HAL: open /sys/devices/platform/soc/soc:oplus-omrg/oplus-omrg0/ruler_enable failed(No such file or directory)
10-09 23:07:59.681   940   940 E ORMS_HAL: open /sys/devices/platform/soc/soc:oplus-omrg/oplus-omrg0/ruler_enable failed(No such file or directory)
10-09 23:07:59.681  1866  1999 I mtkpower_client: perf_lock_rel, hdl:34393, tid:1999
10-09 23:07:59.682  1866  1999 I mtkpower_client: perf_lock_acq, hdl:34393, dur:0, num:12, tid:1999
10-09 23:07:59.682  1866  5129 I FocusResolver: updateFocusedWindow,  on display 0, reason: NO_WINDOW, result:   FocusedWindows: <none>
10-09 23:07:59.682   886   961 I libPowerHal: [perfLockRel] hdl:34393, idx:0
10-09 23:07:59.682   856   856 I hwcomposer: [HWCDisplay] [Display_0 (type:1)] fps:59.408966,dur:1009.95,max:32.35,min:13.13
10-09 23:07:59.683   886   961 I libPowerHal: system_server: cpu_ctrl set cpu freq: -1 -1 -1 -1
10-09 23:07:59.683   886   961 I libPowerHal: [PD] system_server update cmd:2004100 param:2
10-09 23:07:59.683  1866  1999 I mtkpower_client: ret_hdl:34394
10-09 23:07:59.684   886   961 I libPowerHal: system_server: cpu_ctrl set cpu freq: 2000000 -1 2400000 -1
10-09 23:07:59.686 21571 21571 D LifecycleMonitor: Lifecycle status change: androidx.test.core.app.InstrumentationActivityInvoker$EmptyActivity@254721e in: PAUSED
10-09 23:07:59.686 21571 21571 V ActivityScenario: Activity lifecycle changed event received but ignored because the intent does not match. startActivityIntent=Intent { act=android.intent.action.MAIN cat=[android.intent.category.LAUNCHER] cmp=com.example.dogglers/.VerticalListActivity }, activity.getIntent()=Intent { act=android.intent.action.MAIN cat=[android.intent.category.LAUNCHER] flg=0x10000000 cmp=com.example.dogglers/androidx.test.core.app.InstrumentationActivityInvoker$EmptyActivity mCallingUid=10115 }, activity=androidx.test.core.app.InstrumentationActivityInvoker$EmptyActivity@254721e
10-09 23:07:59.687  1866  5129 V SensorManager: call sensorServiceCommonInterface name: setScreenShotDisable
10-09 23:07:59.687  1866  5129 D SensorService: SensorService sensorServiceCommonInterface = setScreenShotDisable
10-09 23:07:59.687  1866  5129 D SensorServiceImpl: SensorServiceExtImpl sensorServiceCommonInterface funcName= setScreenShotDisable , flag =0, status =0
10-09 23:07:59.687  1866  5129 I OplusHansManager : front pkg: com.android.launcher, uid: 10105, prev pkg: com.example.dogglers, prev uid: 10115
10-09 23:07:59.687  1866  3301 I OplusHansManager : notifyAppGoForeground, uid=10105
10-09 23:07:59.687  1866  3301 I OplusHansManager : notifyAppGoBackground, uid=10115
10-09 23:07:59.687  1866  2540 I OplusHansManager : uid=10115, pkg=com.example.dogglers enter SM
10-09 23:07:59.687  1866  2540 I OplusHansManager : uid=10115, pkg=com.example.dogglers R enter()
10-09 23:07:59.687  1866  2368 I Osense-DecisionMaker: notifySceneToPolicy...SCENE_LAUNCHER
10-09 23:07:59.688  1866  2368 D Osense-DecisionMaker: getCurrentSysStats, memMb: 3567
10-09 23:07:59.688  1866  2547 I OplusResourcePreloadManager: resume pkg: com.android.launcher, uid:10105, prev pkg: com.example.dogglers, prev uid: 10115
10-09 23:07:59.689  1866  2855 V DCSEX-AppSwitchManager: OnAppSwitchObserver: onAppExit, resuming = com.android.launcher, target = com.example.dogglers, is ResumingFirstStart =  false, is ResumingMultiApp =  false, extensionInfo =  Bundle[{taskId=5, uid=10105}]
10-09 23:07:59.689  1866  5129 I PowerHalWrapper: amsBoostNotify pid:2548,activity:com.android.launcher.Launcher, package:com.android.launcher, mProcessCreatePackcom.example.dogglers
10-09 23:07:59.689  1866  7056 D DCSEX-AppLaunchEventRecorder: onAppSwitch from = com.example.dogglers to = com.android.launcher
10-09 23:07:59.689  1866  5129 I PowerHalWrapper: state: 1
10-09 23:07:59.689  1866  5129 I PowerHalWrapper: amsBoostNotify AMS_BOOST_PROCESS_CREATE_BOOST:false
10-09 23:07:59.689   886   961 I libPowerHal: [perfNotifyAppState] foreground:com.android.launcher, pid:2548, uid:10105
10-09 23:07:59.690   886   961 I UxUtility: notifyForegroundApp pack:com.android.launcher, uid:10105
10-09 23:07:59.690   886   961 I TouchUtility: notifyAppState error = NULL
10-09 23:07:59.690  2739  5004 D AppSwitchListener: onAppExit() called !
10-09 23:07:59.690  1866  2855 V DCSEX-AppSwitchManager: OnAppSwitchObserver: onAppEnter, launchedFrom =  null, target =  com.android.launcher, is firstStart =  false, is multiApp =  false, extensionInfo =  Bundle[{taskId=5, pid=2548, uid=10105}]
10-09 23:07:59.690   886   896 I mtkpower@impl: [notifyAppState] pc:0, com.example.dogglers => com.android.launcher
10-09 23:07:59.691  1866  1980 E AthenaService: MemoryGuardAction: handleAppChange
10-09 23:07:59.691  4545 12284 D ZoomAppController: ignore onAppEnter: mCurrentZoomInfo is null
10-09 23:07:59.693  1866  5129 I PowerHalWrapper: amsBoostNotify pid:21571,activity:androidx.test.core.app.InstrumentationActivityInvoker$EmptyActivity, package:com.example.dogglers, mProcessCreatePackcom.example.dogglers
10-09 23:07:59.693  1866  5129 I PowerHalWrapper: state: 0
10-09 23:07:59.693  1866  5129 I PowerHalWrapper: amsBoostNotify AMS_BOOST_PROCESS_CREATE_BOOST:false
10-09 23:07:59.695   968  1317 D AudioPolicyService: updateUidStates_l() current->uid=10136 current->pid=4167 allowCapture=1 UidState=5 apmStat=1
10-09 23:07:59.696  3306 20797 D OplusAtlas.OplusAtlasEventDispatch: setEvent:atlas_event_on_foreground_activities_changed info:pid:2548,uid:10105,hasForegroundActivities:1
10-09 23:07:59.697  3306  4568 D OplusAtlas.OplusAudioScene: callback success event:atlas_event_on_foreground_activities_changed eventInfo:pid:2548,uid:10105,hasForegroundActivities:1
10-09 23:07:59.697  4707  4734 V DeepThinker: ProcessManager: onForegroundActivitiesChanged pid:2548, uid:10105, foregroundActivities:true
10-09 23:07:59.697  2739  4604 W Battery : ThermalControlUtils: mForegroundPkg=com.android.launcher
10-09 23:07:59.697  3306  4841 D OplusAtlas.OplusMessageHandler: handleMessage: Msg { when=-1ms what=2 obj=com.oplus.atlas.OplusAtlasEvent@b87061d target=com.oplus.atlas.OplusMessageHandler$MyHandler }
10-09 23:07:59.698   973  1023 I BufferQueueDebug: [com.android.launcher/com.android.launcher.Launcher#0](this:0xb4000073962f0998,id:-1,api:0,p:-1,c:-1) BufferQueue core=(973:/system/bin/surfaceflinger)
10-09 23:07:59.701  2739  4604 W Battery : ThermalControllHandler: tempLevel=4,userMode=2,gameUserMode=-1,appType=-1,envTempType=0,appStates=[]
10-09 23:07:59.702  2739  4604 W Battery : ThermalControllerCenter: mSafetyState=00000
10-09 23:07:59.703  4661  4661 I BufferQueueConsumer: [](id:123500000114,api:0,p:-1,c:4661) connect: controlledByApp=false
10-09 23:07:59.703  4661  4661 I BLASTBufferQueue: [ViewRootImpl[Launcher]#276] constructor()
10-09 23:07:59.704  4661  4661 I A       : (REDACTED) onApplyWindowInsets: systemWindowInsets=%s
10-09 23:07:59.704  4661  4661 I A       : (REDACTED) onApplyWindowInsets: systemWindowInsets=%s
10-09 23:07:59.704  4661  4875 I BufferQueueProducer: [ViewRootImpl[Launcher]#276(BLAST Consumer)276](id:123500000114,api:1,p:4661,c:4661) connect: api=1 producerControlledByApp=true
10-09 23:07:59.705 21571 21571 D LifecycleMonitor: Lifecycle status change: androidx.test.core.app.InstrumentationActivityInvoker$EmptyActivity@f5ee6ca in: DESTROYED
10-09 23:07:59.706 21571 21571 V ActivityScenario: Activity lifecycle changed event received but ignored because the intent does not match. startActivityIntent=Intent { act=android.intent.action.MAIN cat=[android.intent.category.LAUNCHER] cmp=com.example.dogglers/.VerticalListActivity }, activity.getIntent()=Intent { act=android.intent.action.MAIN cat=[android.intent.category.LAUNCHER] flg=0x10000000 cmp=com.example.dogglers/androidx.test.core.app.InstrumentationActivityInvoker$EmptyActivity mCallingUid=10115 }, activity=androidx.test.core.app.InstrumentationActivityInvoker$EmptyActivity@f5ee6ca
10-09 23:07:59.709 21571 21571 D View    : [Warning] assignParent to null: this = DecorView@337a046[InstrumentationActivityInvoker$EmptyActivity]
10-09 23:07:59.709  2739  4604 W Battery : ThermalControllHandler: tempGear=4,configItemName=common_config
10-09 23:07:59.710   968  1317 D AudioPolicyService: updateUidStates_l() current->uid=10136 current->pid=4167 allowCapture=1 UidState=5 apmStat=1
10-09 23:07:59.710   968  1317 D AudioPolicyService: updateUidStates_l() current->uid=10136 current->pid=4167 allowCapture=1 UidState=3 apmStat=1
10-09 23:07:59.710   968   968 D AudioPolicyService: updateUidStates_l() current->uid=10136 current->pid=4167 allowCapture=1 UidState=3 apmStat=1
10-09 23:07:59.711  2739  5446 W Battery : ThermalControllHandler: MSG_THERMAL_CONTROL_CATEGORY_CHANGED
10-09 23:07:59.713  1866  4646 W InputManager-JNI: Input channel object 'fa234ba com.example.dogglers/androidx.test.core.app.InstrumentationActivityInvoker$EmptyActivity (client)' was disposed without first being removed with the input manager!
10-09 23:07:59.714   973   973 D OplusLayer: setBuffer sequence=16418, name=com.android.launcher/com.android.launcher.Launcher#0
10-09 23:07:59.714   973   973 I OplusLayer: VRR [FRTC] update from -1 to 0
10-09 23:07:59.715  4661  6267 D SurfaceComposerClient: VRR [FRTC] client handle [bufferId:18446744073709551615 framenumber:0] [ffffffff, ffffffff]
10-09 23:07:59.715   973   973 I BufferQueueDebug: [com.example.dogglers/androidx.test.core.app.InstrumentationActivityInvoker$EmptyActivity#0](this:0xb40000739633c998,id:-1,api:0,p:-1,c:973) onDestructor()
10-09 23:07:59.715   973   973 D OplusLayer: ~Layer() sequence=16409, name=com.example.dogglers/androidx.test.core.app.InstrumentationActivityInvoker$EmptyActivity#0 0xb40000739633a000
10-09 23:07:59.715 21571 21713 I BLASTBufferQueue: releaseBufferCallbackThunk bufferId:92646739542048 framenumber:1 blastBufferQueue is dead
10-09 23:07:59.716  4167  4167 I GsaVoiceInteractionSrv: Handling ACTION_START_HOTWORD
10-09 23:07:59.716  4167  4418 I GsaVoiceInteractionSrv: (REDACTED) disregardVoiceMatch: %b
10-09 23:07:59.716   973  1023 I BufferQueueDebug: [com.android.launcher/com.android.launcher.Launcher#1](this:0xb4000073963c5998,id:-1,api:0,p:-1,c:-1) BufferQueue core=(973:/system/bin/surfaceflinger)
10-09 23:07:59.719 21571 21624 I TestRunner: finished: vertical_scrolling(com.example.dogglers.VerticalListTests)
