10-09 18:43:09.359 27684 27684 V ActivityScenario: Activity lifecycle changed event received but ignored because the intent does not match. startActivityIntent=Intent { act=android.intent.action.MAIN cat=[android.intent.category.LAUNCHER] cmp=com.example.dogglers/.GridListActivity }, activity.getIntent()=Intent { act=android.intent.action.MAIN cat=[android.intent.category.LAUNCHER] flg=0x10000000 cmp=com.example.dogglers/androidx.test.core.app.InstrumentationActivityInvoker$EmptyActivity mCallingUid=10115 }, activity=androidx.test.core.app.InstrumentationActivityInvoker$EmptyActivity@f3cd5f8
10-09 18:43:09.362  1866  4256 I PowerHalWrapper: amsBoostNotify pid:27684,activity:androidx.test.core.app.InstrumentationActivityInvoker$EmptyActivity, package:com.example.dogglers, mProcessCreatePackcom.example.dogglers
10-09 18:43:09.362  1866  4256 I PowerHalWrapper: state: 1
10-09 18:43:09.362  1866  4256 I PowerHalWrapper: amsBoostNotify AMS_BOOST_PROCESS_CREATE_BOOST:false
10-09 18:43:09.362  1866  4256 I InputDispatcher: setFocusedApplication displayId=0 ActivityRecord{c042af u0 com.example.dogglers/androidx.test.core.app.InstrumentationActivityInvoker$EmptyActivity t139}
10-09 18:43:09.363  1866  4256 D Theia.NoFocusWindow: FocusWindowErrorScene CheckFreezeScreen
10-09 18:43:09.365  1866  4256 I PowerHalWrapper: amsBoostNotify pid:27684,activity:androidx.test.core.app.InstrumentationActivityInvoker$EmptyActivity, package:com.example.dogglers, mProcessCreatePackcom.example.dogglers
10-09 18:43:09.365  1866  4256 I PowerHalWrapper: state: 0
10-09 18:43:09.365  1866  4256 I PowerHalWrapper: amsBoostNotify AMS_BOOST_PROCESS_CREATE_BOOST:false
10-09 18:43:09.367  1866  4256 D InputMethodManagerService: isSecurity: attribute.packageName=com.example.dogglers mCurMethodId=org.dslul.openboard.inputmethod.latin/.LatinIME
10-09 18:43:09.367  1866  4256 D InputMethodManagerService: isSecurity= false (  enable=false needShow=false inBlackList=false isExist=true )
10-09 18:43:09.367  1866  4256 D InputMethodManagerService: isSecurity: attribute.packageName=com.example.dogglers mCurMethodId=org.dslul.openboard.inputmethod.latin/.LatinIME
10-09 18:43:09.367  1866  4256 D InputMethodManagerService: isSecurity= false (  enable=false needShow=false inBlackList=false isExist=true )
10-09 18:43:09.367  1866  4256 D InputMethodManagerService: startInputOrWindowGainedFocus:  reset Secure =false
10-09 18:43:09.368 27684 27684 D LifecycleMonitor: Lifecycle status change: androidx.test.core.app.InstrumentationActivityInvoker$BootstrapActivity@41ff619 in: DESTROYED
10-09 18:43:09.368 27684 27684 V ActivityScenario: Activity lifecycle changed event received but ignored because the intent does not match. startActivityIntent=Intent { act=android.intent.action.MAIN cat=[android.intent.category.LAUNCHER] cmp=com.example.dogglers/.GridListActivity }, activity.getIntent()=Intent { act=android.intent.action.MAIN cat=[android.intent.category.LAUNCHER] flg=0x10008000 cmp=com.example.dogglers/androidx.test.core.app.InstrumentationActivityInvoker$BootstrapActivity (has extras) mCallingUid=10115 }, activity=androidx.test.core.app.InstrumentationActivityInvoker$BootstrapActivity@41ff619
10-09 18:43:09.369   973   973 I BufferQueueDebug: [com.example.dogglers/com.example.dogglers.GridListActivity#0](this:0xb400007397089998,id:-1,api:0,p:-1,c:973) onDestructor()
10-09 18:43:09.369 27684 27751 I BLASTBufferQueue: releaseBufferCallbackThunk bufferId:118901874622478 framenumber:10 blastBufferQueue is dead
10-09 18:43:09.369   973   973 D OplusLayer: ~Layer() sequence=9491, name=com.example.dogglers/com.example.dogglers.GridListActivity#0 0xb400007397087000
10-09 18:43:09.369 27684 27766 D libMEOW : meow new tls: 0xb40000759caa2180
10-09 18:43:09.369 27684 27766 D libMEOW : applied 0 plugin for [com.example.dogglers].
10-09 18:43:09.370 27684 27766 D libMEOW : meow delete tls: 0xb40000759caa2180
10-09 18:43:09.370   973   973 I BufferQueueDebug: [com.android.launcher/com.android.launcher.Launcher#1](this:0xb400007397588998,id:-1,api:0,p:-1,c:973) onDestructor()
10-09 18:43:09.370   940   940 E ORMS_HAL: open /sys/devices/platform/soc/soc:oplus-omrg/oplus-omrg0/ruler_enable failed(No such file or directory)
10-09 18:43:09.370  2548 12450 I BLASTBufferQueue: releaseBufferCallbackThunk bufferId:10943576671693 framenumber:51 blastBufferQueue is dead
10-09 18:43:09.370   973   973 D OplusLayer: ~Layer() sequence=9472, name=com.android.launcher/com.android.launcher.Launcher#1 0xb400007397586000
10-09 18:43:09.370   940   940 E ORMS_HAL: open /sys/devices/platform/soc/soc:oplus-omrg/oplus-omrg0/ruler_enable failed(No such file or directory)
10-09 18:43:09.371   973   973 D OplusLayer: ~Layer() sequence=9494, name=Surface(name=43cc65d Splash Screen com.example.dogglers)/@0xfe2332a - animation-leash of window_animation#0 0xb400007397302000
10-09 18:43:09.371   973   973 D OplusLayer: ~Layer() sequence=9483, name=43cc65d Splash Screen com.example.dogglers#0 0xb4000073962b6800
10-09 18:43:09.371  1866  1999 I mtkpower_client: perf_lock_rel, hdl:15396, tid:1999
10-09 18:43:09.371   973   973 I BufferQueueDebug: [Splash Screen com.example.dogglers#0](this:0xb400007396331998,id:-1,api:0,p:-1,c:973) onDestructor()
10-09 18:43:09.371  1866  5002 I BLASTBufferQueue: releaseBufferCallbackThunk bufferId:8014408974898 framenumber:1 blastBufferQueue is dead
10-09 18:43:09.371   973   973 D OplusLayer: ~Layer() sequence=9484, name=Splash Screen com.example.dogglers#0 0xb40000739632f000
10-09 18:43:09.371  1866  1999 I mtkpower_client: perf_lock_acq, hdl:15396, dur:0, num:12, tid:1999
10-09 18:43:09.372   886   896 I mtkpower@impl: [check_work_req] i:0, msg:1 hdl:15396, wait
10-09 18:43:09.372   886   961 I libPowerHal: [perfLockRel] hdl:15396, idx:0
10-09 18:43:09.372   886   961 I libPowerHal: system_server: cpu_ctrl set cpu freq: -1 -1 -1 -1
10-09 18:43:09.372   886   961 I libPowerHal: [PD] system_server update cmd:1410000 param:0
10-09 18:43:09.372   886   961 I libPowerHal: [PD] system_server update cmd:1c3c000, param:1
10-09 18:43:09.372   886   961 I libPowerHal: [PD] system_server update cmd:2004100 param:2
10-09 18:43:09.374  1866  1999 I mtkpower_client: ret_hdl:15397
10-09 18:43:09.374   867   923 I sensors-hal-OriginChannel: wise light debug, data[4].type is 65627,data[4].sensor is 91:[444.000000,,150.000000,,9.000000,0.000000,22743584765070]
10-09 18:43:09.375   886   961 I libPowerHal: system_server: cpu_ctrl set cpu freq: 2000000 -1 2400000 -1
10-09 18:43:09.376   859  4288 D C2MtkBufferManager: over 5000ms not request from VCodec but callback hooked, slow BM Cc fetch thread
10-09 18:43:09.376 27684 27684 D LifecycleMonitor: Lifecycle status change: androidx.test.core.app.InstrumentationActivityInvoker$EmptyActivity@838af4b in: PRE_ON_CREATE
10-09 18:43:09.377 27684 27684 V ActivityScenario: Activity lifecycle changed event received but ignored because the intent does not match. startActivityIntent=Intent { act=android.intent.action.MAIN cat=[android.intent.category.LAUNCHER] cmp=com.example.dogglers/.GridListActivity }, activity.getIntent()=Intent { act=android.intent.action.MAIN cat=[android.intent.category.LAUNCHER] flg=0x10000000 cmp=com.example.dogglers/androidx.test.core.app.InstrumentationActivityInvoker$EmptyActivity mCallingUid=10115 }, activity=androidx.test.core.app.InstrumentationActivityInvoker$EmptyActivity@838af4b
10-09 18:43:09.385   973   973 D OplusLayer: ~Layer() sequence=9482, name=ActivityRecord{7575604 u0 com.example.dogglers/androidx.test.core.app.InstrumentationActivityInvoker$BootstrapActivity#0 0xb40000739629d000
10-09 18:43:09.386  1866  3254 I FocusResolver: updateFocusedWindow,  on display 0, reason: NO_WINDOW, result:   FocusedWindows: <none>
10-09 18:43:09.387 27684 27684 D LifecycleMonitor: Lifecycle status change: androidx.test.core.app.InstrumentationActivityInvoker$EmptyActivity@838af4b in: CREATED
10-09 18:43:09.387 27684 27684 V ActivityScenario: Activity lifecycle changed event received but ignored because the intent does not match. startActivityIntent=Intent { act=android.intent.action.MAIN cat=[android.intent.category.LAUNCHER] cmp=com.example.dogglers/.GridListActivity }, activity.getIntent()=Intent { act=android.intent.action.MAIN cat=[android.intent.category.LAUNCHER] flg=0x10000000 cmp=com.example.dogglers/androidx.test.core.app.InstrumentationActivityInvoker$EmptyActivity mCallingUid=10115 }, activity=androidx.test.core.app.InstrumentationActivityInvoker$EmptyActivity@838af4b
10-09 18:43:09.388 27684 27684 D LifecycleMonitor: Lifecycle status change: androidx.test.core.app.InstrumentationActivityInvoker$EmptyActivity@838af4b in: STARTED
10-09 18:43:09.388 27684 27684 V ActivityScenario: Activity lifecycle changed event received but ignored because the intent does not match. startActivityIntent=Intent { act=android.intent.action.MAIN cat=[android.intent.category.LAUNCHER] cmp=com.example.dogglers/.GridListActivity }, activity.getIntent()=Intent { act=android.intent.action.MAIN cat=[android.intent.category.LAUNCHER] flg=0x10000000 cmp=com.example.dogglers/androidx.test.core.app.InstrumentationActivityInvoker$EmptyActivity mCallingUid=10115 }, activity=androidx.test.core.app.InstrumentationActivityInvoker$EmptyActivity@838af4b
10-09 18:43:09.390 27684 27684 D LifecycleMonitor: Lifecycle status change: androidx.test.core.app.InstrumentationActivityInvoker$EmptyActivity@838af4b in: RESUMED
10-09 18:43:09.390 27684 27684 V ActivityScenario: Activity lifecycle changed event received but ignored because the intent does not match. startActivityIntent=Intent { act=android.intent.action.MAIN cat=[android.intent.category.LAUNCHER] cmp=com.example.dogglers/.GridListActivity }, activity.getIntent()=Intent { act=android.intent.action.MAIN cat=[android.intent.category.LAUNCHER] flg=0x10000000 cmp=com.example.dogglers/androidx.test.core.app.InstrumentationActivityInvoker$EmptyActivity mCallingUid=10115 }, activity=androidx.test.core.app.InstrumentationActivityInvoker$EmptyActivity@838af4b
10-09 18:43:09.390   973  1023 I SurfaceFlinger: [SF client] NEW(0xb4000073d54da940) for (27684:com.example.dogglers)
10-09 18:43:09.392 27684 27684 D WindowManager: Add to mViews: DecorView@6e0f527[InstrumentationActivityInvoker$EmptyActivity],pkg= com.example.dogglers
10-09 18:43:09.394 27684 27684 D ViewRootImpl[InstrumentationActivityInvoker$EmptyActivity]: hardware acceleration = true, sRendererEnabled = true, forceHwAccelerated = false
10-09 18:43:09.395  1866  3254 D OplusDisplayPolicy: com.example.dogglers, no change cutoutMode: 0
10-09 18:43:09.396   859  4288 D C2MtkBufferManager: over 5000ms not request from VCodec but callback hooked, slow BM Cc fetch thread
10-09 18:43:09.402  1866  3254 D OplusDisplayPolicy: com.example.dogglers, no change cutoutMode: 0
10-09 18:43:09.402   973  1023 I BufferQueueDebug: [com.example.dogglers/androidx.test.core.app.InstrumentationActivityInvoker$EmptyActivity#1](this:0xb400007396241998,id:-1,api:0,p:-1,c:-1) BufferQueue core=(973:/system/bin/surfaceflinger)
10-09 18:43:09.406  1866  3254 D Theia.NoFocusWindow: FocusWindowErrorScene cancelCheckFreezeScreen
10-09 18:43:09.407 27684 27684 I BufferQueueConsumer: [](id:6c2400000005,api:0,p:-1,c:27684) connect: controlledByApp=false
10-09 18:43:09.408 27684 27684 I BLASTBufferQueue: [ViewRootImpl[InstrumentationActivityInvoker$EmptyActivity]#5] constructor()
10-09 18:43:09.409 27684 27716 I BufferQueueProducer: [ViewRootImpl[InstrumentationActivityInvoker$EmptyActivity]#5(BLAST Consumer)5](id:6c2400000005,api:1,p:27684,c:27684) connect: api=1 producerControlledByApp=true
10-09 18:43:09.417   859  4288 D C2MtkBufferManager: over 5000ms not request from VCodec but callback hooked, slow BM Cc fetch thread
10-09 18:43:09.418   973   973 D OplusLayer: setBuffer sequence=9506, name=com.example.dogglers/androidx.test.core.app.InstrumentationActivityInvoker$EmptyActivity#1
10-09 18:43:09.419   973   973 I OplusLayer: VRR [FRTC] update from -1 to 0
10-09 18:43:09.419 27684 27705 D SurfaceComposerClient: VRR [FRTC] client handle [bufferId:18446744073709551615 framenumber:0] [ffffffff, ffffffff]
10-09 18:43:09.420  1866  1892 I ActivityTaskManager: Displayed com.example.dogglers/androidx.test.core.app.InstrumentationActivityInvoker$EmptyActivity: +84ms
10-09 18:43:09.420   973   973 D OplusLayer: ~Layer() sequence=9501, name=Surface(name=634d9c0 StatusBar)/@0x8de5787 - animation-leash of insets_animation#1 0xb4000073962c8800
10-09 18:43:09.420   973   973 D OplusLayer: ~Layer() sequence=9502, name=Surface(name=97f7650 NavigationBar0)/@0x92332dd - animation-leash of insets_animation#1 0xb4000073962f3800
10-09 18:43:09.424  1866  1895 I PowerHalWrapper: amsBoostNotify pid:27684,activity:androidx.test.core.app.InstrumentationActivityInvoker$EmptyActivity, package:com.example.dogglers, mProcessCreatePackcom.example.dogglers
10-09 18:43:09.424  1866  1895 I PowerHalWrapper: state: 0
10-09 18:43:09.425  1866  1895 I PowerHalWrapper: amsBoostNotify AMS_BOOST_PROCESS_CREATE_BOOST:false
10-09 18:43:09.432 27684 27716 I BufferQueueProducer: [ViewRootImpl[InstrumentationActivityInvoker$EmptyActivity]#4(BLAST Consumer)4](id:6c2400000004,api:1,p:27684,c:27684) disconnect: api 1
10-09 18:43:09.432 27684 27716 E BLASTBufferQueue: BLASTBufferItemConsumer::onDisconnect()
10-09 18:43:09.435 27684 27684 I BLASTBufferQueue: [ViewRootImpl[InstrumentationActivityInvoker$EmptyActivity]#4] destructor()
10-09 18:43:09.435 27684 27684 I BufferQueueConsumer: [ViewRootImpl[InstrumentationActivityInvoker$EmptyActivity]#4(BLAST Consumer)4](id:6c2400000004,api:0,p:-1,c:27684) disconnect
10-09 18:43:09.435   973   973 D OplusLayer: ~Layer() sequence=9485, name=ActivityRecord{b076415 u0 com.example.dogglers/.GridListActivity#0 0xb400007396322000
10-09 18:43:09.437   859  4288 D C2MtkBufferManager: over 5000ms not request from VCodec but callback hooked, slow BM Cc fetch thread
10-09 18:43:09.437  1866  4256 I FocusResolver: updateFocusedWindow, 25ed54a com.example.dogglers/androidx.test.core.app.InstrumentationActivityInvoker$EmptyActivity on display 0, reason: Window became focusable. Previous reason: NOT_VISIBLE, result:   FocusedWindows:
10-09 18:43:09.437  1866  4256 I FocusResolver:     displayId=0, name='25ed54a com.example.dogglers/androidx.test.core.app.InstrumentationActivityInvoker$EmptyActivity'
10-09 18:43:09.440   940   940 E ORMS_HAL: open /sys/devices/platform/soc/soc:oplus-omrg/oplus-omrg0/ruler_enable failed(No such file or directory)
10-09 18:43:09.441   940   940 E ORMS_HAL: open /sys/devices/platform/soc/soc:oplus-omrg/oplus-omrg0/ruler_enable failed(No such file or directory)
10-09 18:43:09.441  1866  3254 D Theia.NoFocusWindow: FocusWindowErrorScene CheckFreezeScreen
10-09 18:43:09.441  1866  3254 I InputDispatcher: setFocusedApplication displayId=0 ActivityRecord{99a9718 u0 com.android.launcher/.Launcher t5}
10-09 18:43:09.441  1866  1999 I mtkpower_client: perf_lock_rel, hdl:15397, tid:1999
10-09 18:43:09.441  1866  1999 I mtkpower_client: perf_lock_acq, hdl:15397, dur:0, num:12, tid:1999
10-09 18:43:09.441   886   961 I libPowerHal: [perfLockRel] hdl:15397, idx:0
10-09 18:43:09.442   886   961 I libPowerHal: system_server: cpu_ctrl set cpu freq: -1 -1 -1 -1
10-09 18:43:09.442   886   961 I libPowerHal: [PD] system_server update cmd:1410000 param:0
10-09 18:43:09.442   886   961 I libPowerHal: [PD] system_server update cmd:1c3c000, param:1
10-09 18:43:09.442   886   961 I libPowerHal: [PD] system_server update cmd:2004100 param:2
10-09 18:43:09.442  1866  1999 I mtkpower_client: ret_hdl:15398
10-09 18:43:09.443   886   961 I libPowerHal: system_server: cpu_ctrl set cpu freq: 2000000 -1 2400000 -1
10-09 18:43:09.443   940   940 E ORMS_HAL: open /sys/devices/platform/soc/soc:oplus-omrg/oplus-omrg0/ruler_enable failed(No such file or directory)
10-09 18:43:09.443   940   940 E ORMS_HAL: open /sys/devices/platform/soc/soc:oplus-omrg/oplus-omrg0/ruler_enable failed(No such file or directory)
10-09 18:43:09.444  1866  1999 I mtkpower_client: perf_lock_rel, hdl:15398, tid:1999
10-09 18:43:09.444  1866  1999 I mtkpower_client: perf_lock_acq, hdl:15398, dur:0, num:12, tid:1999
10-09 18:43:09.444   886   961 I libPowerHal: [perfLockRel] hdl:15398, idx:0
10-09 18:43:09.444   886   961 I libPowerHal: system_server: cpu_ctrl set cpu freq: -1 -1 -1 -1
10-09 18:43:09.444   886   961 I libPowerHal: [PD] system_server update cmd:1410000 param:0
10-09 18:43:09.445   886   961 I libPowerHal: [PD] system_server update cmd:1c3c000, param:1
10-09 18:43:09.445   886   961 I libPowerHal: [PD] system_server update cmd:2004100 param:2
10-09 18:43:09.445 27684 27684 D LifecycleMonitor: Lifecycle status change: androidx.test.core.app.InstrumentationActivityInvoker$EmptyActivity@f3cd5f8 in: STOPPED
10-09 18:43:09.446  1866  1999 I mtkpower_client: ret_hdl:15399
10-09 18:43:09.446 27684 27684 V ActivityScenario: Activity lifecycle changed event received but ignored because the intent does not match. startActivityIntent=Intent { act=android.intent.action.MAIN cat=[android.intent.category.LAUNCHER] cmp=com.example.dogglers/.GridListActivity }, activity.getIntent()=Intent { act=android.intent.action.MAIN cat=[android.intent.category.LAUNCHER] flg=0x10000000 cmp=com.example.dogglers/androidx.test.core.app.InstrumentationActivityInvoker$EmptyActivity mCallingUid=10115 }, activity=androidx.test.core.app.InstrumentationActivityInvoker$EmptyActivity@f3cd5f8
10-09 18:43:09.446   886   961 I libPowerHal: system_server: cpu_ctrl set cpu freq: 2000000 -1 2400000 -1
10-09 18:43:09.447 27684 27684 D LifecycleMonitor: Lifecycle status change: androidx.test.core.app.InstrumentationActivityInvoker$EmptyActivity@838af4b in: PAUSED
10-09 18:43:09.447 27684 27684 V ActivityScenario: Activity lifecycle changed event received but ignored because the intent does not match. startActivityIntent=Intent { act=android.intent.action.MAIN cat=[android.intent.category.LAUNCHER] cmp=com.example.dogglers/.GridListActivity }, activity.getIntent()=Intent { act=android.intent.action.MAIN cat=[android.intent.category.LAUNCHER] flg=0x10000000 cmp=com.example.dogglers/androidx.test.core.app.InstrumentationActivityInvoker$EmptyActivity mCallingUid=10115 }, activity=androidx.test.core.app.InstrumentationActivityInvoker$EmptyActivity@838af4b
10-09 18:43:09.448  1866  3254 V SensorManager: call sensorServiceCommonInterface name: setScreenShotDisable
10-09 18:43:09.448  1866  3254 D SensorService: SensorService sensorServiceCommonInterface = setScreenShotDisable
10-09 18:43:09.448  1866  3254 D SensorServiceImpl: SensorServiceExtImpl sensorServiceCommonInterface funcName= setScreenShotDisable , flag =0, status =0
10-09 18:43:09.448  1866  3254 I OplusHansManager : front pkg: com.android.launcher, uid: 10105, prev pkg: com.example.dogglers, prev uid: 10115
10-09 18:43:09.448  1866  3301 I OplusHansManager : notifyAppGoForeground, uid=10105
10-09 18:43:09.448  1866  3301 I OplusHansManager : notifyAppGoBackground, uid=10115
10-09 18:43:09.448  1866  2540 I OplusHansManager : uid=10115, pkg=com.example.dogglers enter SM
10-09 18:43:09.449  1866  2540 I OplusHansManager : uid=10115, pkg=com.example.dogglers R enter()
10-09 18:43:09.449  1866  2368 I Osense-DecisionMaker: notifySceneToPolicy...SCENE_LAUNCHER
10-09 18:43:09.449  1866  2368 D Osense-DecisionMaker: getCurrentSysStats, memMb: 3783
10-09 18:43:09.449  1866  2547 I OplusResourcePreloadManager: resume pkg: com.android.launcher, uid:10105, prev pkg: com.example.dogglers, prev uid: 10115
10-09 18:43:09.450  1866  2855 V DCSEX-AppSwitchManager: OnAppSwitchObserver: onAppExit, resuming = com.android.launcher, target = com.example.dogglers, is ResumingFirstStart =  false, is ResumingMultiApp =  false, extensionInfo =  Bundle[{taskId=5, uid=10105}]
10-09 18:43:09.450  1866  3254 I PowerHalWrapper: amsBoostNotify pid:2548,activity:com.android.launcher.Launcher, package:com.android.launcher, mProcessCreatePackcom.example.dogglers
10-09 18:43:09.450  1866  3254 I PowerHalWrapper: state: 1
10-09 18:43:09.450  1866  3254 I PowerHalWrapper: amsBoostNotify AMS_BOOST_PROCESS_CREATE_BOOST:false
10-09 18:43:09.450  1866  7056 D DCSEX-AppLaunchEventRecorder: onAppSwitch from = com.example.dogglers to = com.android.launcher
10-09 18:43:09.450   886   961 I libPowerHal: [perfNotifyAppState] foreground:com.android.launcher, pid:2548, uid:10105
10-09 18:43:09.451   968 25121 D AudioPolicyService: updateUidStates_l() current->uid=10136 current->pid=4167 allowCapture=1 UidState=5 apmStat=1
10-09 18:43:09.451   886   961 I UxUtility: notifyForegroundApp pack:com.android.launcher, uid:10105
10-09 18:43:09.451   886   961 I TouchUtility: notifyAppState error = NULL
10-09 18:43:09.451  2739 31418 D AppSwitchListener: onAppExit() called !
10-09 18:43:09.452  2739 31418 W Battery : ThermalControlUtils: mForegroundPkg=com.android.launcher
10-09 18:43:09.452   886   896 I mtkpower@impl: [notifyAppState] pc:0, com.example.dogglers => com.android.launcher
10-09 18:43:09.452  1866  2855 V DCSEX-AppSwitchManager: OnAppSwitchObserver: onAppEnter, launchedFrom =  null, target =  com.android.launcher, is firstStart =  false, is multiApp =  false, extensionInfo =  Bundle[{taskId=5, pid=2548, uid=10105}]
10-09 18:43:09.453  1866  1980 E AthenaService: MemoryGuardAction: handleAppChange
10-09 18:43:09.453  4545 12284 D ZoomAppController: ignore onAppEnter: mCurrentZoomInfo is null
10-09 18:43:09.454  1866  3254 I PowerHalWrapper: amsBoostNotify pid:27684,activity:androidx.test.core.app.InstrumentationActivityInvoker$EmptyActivity, package:com.example.dogglers, mProcessCreatePackcom.example.dogglers
10-09 18:43:09.454  1866  3254 I PowerHalWrapper: state: 0
10-09 18:43:09.454  1866  3254 I PowerHalWrapper: amsBoostNotify AMS_BOOST_PROCESS_CREATE_BOOST:false
10-09 18:43:09.454  1866  4256 I FocusResolver: updateFocusedWindow,  on display 0, reason: NO_WINDOW, result:   FocusedWindows: <none>
10-09 18:43:09.457  3306  3325 D OplusAtlas.OplusAtlasEventDispatch: setEvent:atlas_event_on_foreground_activities_changed info:pid:2548,uid:10105,hasForegroundActivities:1
10-09 18:43:09.457  4707  4771 V DeepThinker: ProcessManager: onForegroundActivitiesChanged pid:2548, uid:10105, foregroundActivities:true
10-09 18:43:09.457  3306  4568 D OplusAtlas.OplusAudioScene: callback success event:atlas_event_on_foreground_activities_changed eventInfo:pid:2548,uid:10105,hasForegroundActivities:1
10-09 18:43:09.457  3306  4841 D OplusAtlas.OplusMessageHandler: handleMessage: Msg { when=0 what=2 obj=com.oplus.atlas.OplusAtlasEvent@4ab916 target=com.oplus.atlas.OplusMessageHandler$MyHandler }
10-09 18:43:09.458  2739 31418 W Battery : ThermalControllHandler: tempLevel=4,userMode=2,gameUserMode=-1,appType=-1,envTempType=0,appStates=[]
10-09 18:43:09.458   859  4288 D C2MtkBufferManager: over 5000ms not request from VCodec but callback hooked, slow BM Cc fetch thread
10-09 18:43:09.458  2739 31418 W Battery : ThermalControllerCenter: mSafetyState=10000
10-09 18:43:09.460  2739 31418 W Battery : ThermalControllHandler: tempGear=4,configItemName=common_config
10-09 18:43:09.460  2739  5446 W Battery : ThermalControllHandler: MSG_THERMAL_CONTROL_CATEGORY_CHANGED
10-09 18:43:09.462   968 25121 D AudioPolicyService: updateUidStates_l() current->uid=10136 current->pid=4167 allowCapture=1 UidState=5 apmStat=1
10-09 18:43:09.462   968 25121 D AudioPolicyService: updateUidStates_l() current->uid=10136 current->pid=4167 allowCapture=1 UidState=3 apmStat=1
10-09 18:43:09.462 27684 27684 D LifecycleMonitor: Lifecycle status change: androidx.test.core.app.InstrumentationActivityInvoker$EmptyActivity@f3cd5f8 in: DESTROYED
10-09 18:43:09.463 27684 27684 V ActivityScenario: Activity lifecycle changed event received but ignored because the intent does not match. startActivityIntent=Intent { act=android.intent.action.MAIN cat=[android.intent.category.LAUNCHER] cmp=com.example.dogglers/.GridListActivity }, activity.getIntent()=Intent { act=android.intent.action.MAIN cat=[android.intent.category.LAUNCHER] flg=0x10000000 cmp=com.example.dogglers/androidx.test.core.app.InstrumentationActivityInvoker$EmptyActivity mCallingUid=10115 }, activity=androidx.test.core.app.InstrumentationActivityInvoker$EmptyActivity@f3cd5f8
10-09 18:43:09.463  2739  2922 D AppSwitchListener: onAppEnter: Uid = 10115
10-09 18:43:09.463  2739  2922 W AuthDialogHelper: checkNotificationSwitchFirst() called with: context = [com.oplus.notification.NotificationCenterService@418e2fb], pkg = [com.example.dogglers], uid = [10115], userId = [0], init checker
10-09 18:43:09.464  2739  2922 E AuthDialogHelper: CheckNotificationCanBeSetSecond: check com.example.dogglers , Notification master switch on, unable to pop dialog
10-09 18:43:09.464 27684 27684 D View    : [Warning] assignParent to null: this = DecorView@894f8d3[InstrumentationActivityInvoker$EmptyActivity]
10-09 18:43:09.464  1866  5002 W InputManager-JNI: Input channel object '419919 com.example.dogglers/androidx.test.core.app.InstrumentationActivityInvoker$EmptyActivity (client)' was disposed without first being removed with the input manager!
10-09 18:43:09.466  3335  3356 E oiface  : get gpu freq table failed
10-09 18:43:09.467   973  1023 I BufferQueueDebug: [com.android.launcher/com.android.launcher.Launcher#0](this:0xb4000073b05dd998,id:-1,api:0,p:-1,c:-1) BufferQueue core=(973:/system/bin/surfaceflinger)
10-09 18:43:09.468   973   973 D OplusLayer: ~Layer() sequence=9499, name=419919 com.example.dogglers/androidx.test.core.app.InstrumentationActivityInvoker$EmptyActivity#0 0xb40000739635f000
10-09 18:43:09.468   973   973 I BufferQueueDebug: [com.example.dogglers/androidx.test.core.app.InstrumentationActivityInvoker$EmptyActivity#0](this:0xb4000073b0561998,id:-1,api:0,p:-1,c:973) onDestructor()
10-09 18:43:09.468 27684 27751 I BLASTBufferQueue: releaseBufferCallbackThunk bufferId:118901874622481 framenumber:1 blastBufferQueue is dead
10-09 18:43:09.468   973   973 D OplusLayer: ~Layer() sequence=9500, name=com.example.dogglers/androidx.test.core.app.InstrumentationActivityInvoker$EmptyActivity#0 0xb4000073b055f000
10-09 18:43:09.469  3335  3356 E oiface  : get gpu freq table failed
10-09 18:43:09.469 27684 27713 I TestRunner: finished: grid_list_content_on_first_page(com.example.dogglers.GridListTests)
