10-09 23:07:55.767 21571 21624 I TestRunner: started: recycler_view_item_count(com.example.dogglers.VerticalListTests)
10-09 23:07:55.768 21283 21311 I WM-WorkerWrapper: Worker result SUCCESS for Work [ id=f7d4d619-13d6-48a6-9a27-252d3f079302, tags={ com.coloros.securepay.SecurePayWork } ]
10-09 23:07:55.773   968  1317 D AudioPolicyService: updateUidStates_l() current->uid=10136 current->pid=4167 allowCapture=1 UidState=5 apmStat=1
10-09 23:07:55.774   968  1317 D AudioPolicyService: updateUidStates_l() current->uid=10136 current->pid=4167 allowCapture=1 UidState=5 apmStat=1
10-09 23:07:55.777 21571 21571 I MonitoringInstr: Activities that are still in CREATED to STOPPED: 1
10-09 23:07:55.777 21571 21571 I MonitoringInstr: Finishing activity: com.example.dogglers.MainActivity@4089c8a
10-09 23:07:55.778   940   940 E ORMS_HAL: open /sys/devices/platform/soc/soc:oplus-omrg/oplus-omrg0/ruler_enable failed(No such file or directory)
10-09 23:07:55.778   940   940 E ORMS_HAL: open /sys/devices/platform/soc/soc:oplus-omrg/oplus-omrg0/ruler_enable failed(No such file or directory)
10-09 23:07:55.778  1866  2637 I InputDispatcher: setFocusedApplication displayId=0 ActivityRecord{99a9718 u0 com.android.launcher/.Launcher t5}
10-09 23:07:55.778  1866  1999 I mtkpower_client: perf_lock_rel, hdl:34347, tid:1999
10-09 23:07:55.779  1866  1999 I mtkpower_client: perf_lock_acq, hdl:34347, dur:0, num:12, tid:1999
10-09 23:07:55.779   886   961 I libPowerHal: [perfLockRel] hdl:34347, idx:0
10-09 23:07:55.779   886   961 I libPowerHal: system_server: cpu_ctrl set cpu freq: -1 -1 -1 -1
10-09 23:07:55.779   886   961 I libPowerHal: [PD] system_server update cmd:1410000 param:0
10-09 23:07:55.779   886   961 I libPowerHal: [PD] system_server update cmd:1c3c000, param:1
10-09 23:07:55.780   886   961 I libPowerHal: [PD] system_server update cmd:2004100 param:2
10-09 23:07:55.780  1866  1999 I mtkpower_client: ret_hdl:34348
10-09 23:07:55.781  1866  2637 D Theia.NoFocusWindow: FocusWindowErrorScene CheckFreezeScreen
10-09 23:07:55.781   886   961 I libPowerHal: system_server: cpu_ctrl set cpu freq: 2000000 -1 2400000 -1
10-09 23:07:55.781   940   940 E ORMS_HAL: open /sys/devices/platform/soc/soc:oplus-omrg/oplus-omrg0/ruler_enable failed(No such file or directory)
10-09 23:07:55.782   940   940 E ORMS_HAL: open /sys/devices/platform/soc/soc:oplus-omrg/oplus-omrg0/ruler_enable failed(No such file or directory)
10-09 23:07:55.782  1866  1999 I mtkpower_client: perf_lock_rel, hdl:34348, tid:1999
10-09 23:07:55.783  1866  1999 I mtkpower_client: perf_lock_acq, hdl:34348, dur:0, num:12, tid:1999
10-09 23:07:55.783   886   961 I libPowerHal: [perfLockRel] hdl:34348, idx:0
10-09 23:07:55.783   886   961 I libPowerHal: system_server: cpu_ctrl set cpu freq: -1 -1 -1 -1
10-09 23:07:55.783   886   961 I libPowerHal: [PD] system_server update cmd:1410000 param:0
10-09 23:07:55.783   886   961 I libPowerHal: [PD] system_server update cmd:1c3c000, param:1
10-09 23:07:55.784   886   961 I libPowerHal: [PD] system_server update cmd:2004100 param:2
10-09 23:07:55.784 21571 21624 I MonitoringInstr: Unstopped activity count: 1
10-09 23:07:55.784  1866  1999 I mtkpower_client: ret_hdl:34349
10-09 23:07:55.785   886   961 I libPowerHal: system_server: cpu_ctrl set cpu freq: 2000000 -1 2400000 -1
10-09 23:07:55.785 21571 21571 D LifecycleMonitor: Lifecycle status change: com.example.dogglers.MainActivity@4089c8a in: PAUSED
10-09 23:07:55.786  1866  5129 V SensorManager: call sensorServiceCommonInterface name: setScreenShotDisable
10-09 23:07:55.786  1866  5129 D SensorService: SensorService sensorServiceCommonInterface = setScreenShotDisable
10-09 23:07:55.786  1866  5129 D SensorServiceImpl: SensorServiceExtImpl sensorServiceCommonInterface funcName= setScreenShotDisable , flag =0, status =0
10-09 23:07:55.787  1866  5129 I OplusHansManager : front pkg: com.android.launcher, uid: 10105, prev pkg: com.example.dogglers, prev uid: 10115
10-09 23:07:55.787  1866  3301 I OplusHansManager : notifyAppGoForeground, uid=10105
10-09 23:07:55.787  1866  3301 I OplusHansManager : notifyAppGoBackground, uid=10115
10-09 23:07:55.787  1866  2540 I OplusHansManager : uid=10115, pkg=com.example.dogglers enter SM
10-09 23:07:55.787  1866  2540 I OplusHansManager : uid=10115, pkg=com.example.dogglers R enter()
10-09 23:07:55.787  1866  2368 I Osense-DecisionMaker: notifySceneToPolicy...SCENE_LAUNCHER
10-09 23:07:55.788  1866  2368 D Osense-DecisionMaker: getCurrentSysStats, memMb: 3684
10-09 23:07:55.788  1866  2547 I OplusResourcePreloadManager: resume pkg: com.android.launcher, uid:10105, prev pkg: com.example.dogglers, prev uid: 10115
10-09 23:07:55.788  1866  5129 I PowerHalWrapper: amsBoostNotify pid:2548,activity:com.android.launcher.Launcher, package:com.android.launcher, mProcessCreatePackcom.example.dogglers
10-09 23:07:55.788  1866  5129 I PowerHalWrapper: state: 1
10-09 23:07:55.788  1866  2855 V DCSEX-AppSwitchManager: OnAppSwitchObserver: onAppExit, resuming = com.android.launcher, target = com.example.dogglers, is ResumingFirstStart =  false, is ResumingMultiApp =  false, extensionInfo =  Bundle[{taskId=5, uid=10105}]
10-09 23:07:55.788  1866  5129 I PowerHalWrapper: amsBoostNotify AMS_BOOST_PROCESS_CREATE_BOOST:false
10-09 23:07:55.788  1866  7056 D DCSEX-AppLaunchEventRecorder: onAppSwitch from = com.example.dogglers to = com.android.launcher
10-09 23:07:55.788  1866  7056 D DCSEX-AppLaunchEventRecorder: recordExitApp = com.example.dogglers
10-09 23:07:55.788   886   961 I libPowerHal: [perfNotifyAppState] foreground:com.android.launcher, pid:2548, uid:10105
10-09 23:07:55.789   886   961 I UxUtility: notifyForegroundApp pack:com.android.launcher, uid:10105
10-09 23:07:55.789   886   961 I TouchUtility: notifyAppState error = NULL
10-09 23:07:55.789  1866  7056 E OplusTrack-ApkInfoUtil: java.lang.NullPointerException: Attempt to invoke virtual method 'java.lang.Object android.os.Bundle.get(java.lang.String)' on a null object reference
10-09 23:07:55.789   886   896 I mtkpower@impl: [notifyAppState] pc:0, com.example.dogglers => com.android.launcher
10-09 23:07:55.789  1866  7056 W System.err: java.lang.NullPointerException: Attempt to invoke virtual method 'java.lang.Object android.os.Bundle.get(java.lang.String)' on a null object reference
10-09 23:07:55.789  2739  4604 D AppSwitchListener: onAppExit() called !
10-09 23:07:55.789  1866  7056 W System.err: 	at com.oplus.statistics.h.b.d(ApkInfoUtil.java:136)
10-09 23:07:55.789  1866  7056 W System.err: 	at com.oplus.statistics.b.b.a(TrackEvent.java:141)
10-09 23:07:55.789  1866  7056 W System.err: 	at com.oplus.statistics.b.b.<init>(TrackEvent.java:47)
10-09 23:07:55.789  1866  7056 W System.err: 	at com.oplus.statistics.b.a.<init>(CommonBean.java:37)
10-09 23:07:55.789  1866  7056 W System.err: 	at com.oplus.statistics.c.a(OplusTrack.java:223)
10-09 23:07:55.789  1866  7056 W System.err: 	at com.oplus.statistics.e.a.a$a.a(AppLaunchEventRecorder.java:116)
10-09 23:07:55.789  1866  7056 W System.err: 	at com.oplus.statistics.e.a.a$a.a(AppLaunchEventRecorder.java:75)
10-09 23:07:55.789  1866  7056 W System.err: 	at com.oplus.statistics.e.a.-$$Lambda$2fHLmT8JZlr5OzkT2xnqiCVdLEk.onAppSwitch(Unknown Source:2)
10-09 23:07:55.789  1866  7056 W System.err: 	at com.oplus.statistics.c.b.a(AppSwitchMonitor.java:96)
10-09 23:07:55.789  1866  7056 W System.err: 	at com.oplus.statistics.c.b.lambda$yF2sSrETF4wpk07pjuI1ubPVnB8(Unknown Source:0)
10-09 23:07:55.789  1866  7056 W System.err: 	at com.oplus.statistics.c.-$$Lambda$b$yF2sSrETF4wpk07pjuI1ubPVnB8.accept(Unknown Source:4)
10-09 23:07:55.790  1866  7056 W System.err: 	at java.util.concurrent.CopyOnWriteArrayList.forEach(CopyOnWriteArrayList.java:811)
10-09 23:07:55.790  1866  7056 W System.err: 	at com.oplus.statistics.c.b.b(AppSwitchMonitor.java:96)
10-09 23:07:55.790  1866  7056 W System.err: 	at com.oplus.statistics.c.b.lambda$fX4Hi7f3z5t3AW9aa0q-E6iGF5w(Unknown Source:0)
10-09 23:07:55.790  1866  7056 W System.err: 	at com.oplus.statistics.c.-$$Lambda$b$fX4Hi7f3z5t3AW9aa0q-E6iGF5w.run(Unknown Source:4)
10-09 23:07:55.790  1866  7056 W System.err: 	at java.util.concurrent.ThreadPoolExecutor.runWorker(ThreadPoolExecutor.java:1137)
10-09 23:07:55.790  1866  7056 W System.err: 	at java.util.concurrent.ThreadPoolExecutor$Worker.run(ThreadPoolExecutor.java:637)
10-09 23:07:55.790  1866  7056 W System.err: 	at java.lang.Thread.run(Thread.java:1012)
10-09 23:07:55.790  1866  7056 W OplusTrack-TrackEvent: appId is empty
10-09 23:07:55.790  1866  2855 V DCSEX-AppSwitchManager: OnAppSwitchObserver: onAppEnter, launchedFrom =  null, target =  com.android.launcher, is firstStart =  false, is multiApp =  false, extensionInfo =  Bundle[{taskId=5, pid=2548, uid=10105}]
10-09 23:07:55.791  1866  1980 E AthenaService: MemoryGuardAction: handleAppChange
10-09 23:07:55.791  4545  4563 D ZoomAppController: ignore onAppEnter: mCurrentZoomInfo is null
10-09 23:07:55.793  1866  5129 I PowerHalWrapper: amsBoostNotify pid:21571,activity:com.example.dogglers.MainActivity, package:com.example.dogglers, mProcessCreatePackcom.example.dogglers
10-09 23:07:55.793  1866  5129 I PowerHalWrapper: state: 0
10-09 23:07:55.793  1866  5129 I PowerHalWrapper: amsBoostNotify AMS_BOOST_PROCESS_CREATE_BOOST:false
10-09 23:07:55.793 28927 28947 I [0]DCS-StrategyManager: isNeedUpload: true, type: 1, appID: 0, logTag: , eventID:
10-09 23:07:55.797  2739  5004 W Battery : ThermalControlUtils: mForegroundPkg=com.android.launcher
10-09 23:07:55.800   968  1317 D AudioPolicyService: updateUidStates_l() current->uid=10136 current->pid=4167 allowCapture=1 UidState=5 apmStat=1
10-09 23:07:55.804  4707  4736 V DeepThinker: ProcessManager: onForegroundActivitiesChanged pid:2548, uid:10105, foregroundActivities:true
10-09 23:07:55.804  3306  3324 D OplusAtlas.OplusAtlasEventDispatch: setEvent:atlas_event_on_foreground_activities_changed info:pid:2548,uid:10105,hasForegroundActivities:1
10-09 23:07:55.804  3306  4568 D OplusAtlas.OplusAudioScene: callback success event:atlas_event_on_foreground_activities_changed eventInfo:pid:2548,uid:10105,hasForegroundActivities:1
10-09 23:07:55.804   973  1023 I BufferQueueDebug: [com.android.launcher/com.android.launcher.Launcher#0](this:0xb4000073962f4998,id:-1,api:0,p:-1,c:-1) BufferQueue core=(973:/system/bin/surfaceflinger)
10-09 23:07:55.804  3306  4841 D OplusAtlas.OplusMessageHandler: handleMessage: Msg { when=0 what=2 obj=com.oplus.atlas.OplusAtlasEvent@85aa32e target=com.oplus.atlas.OplusMessageHandler$MyHandler }
10-09 23:07:55.807   973   973 D OplusLayer: ~Layer() sequence=16297, name=Surface(name=986f6f7 NavigationBar0)/@0x7692882 - animation-leash of insets_animation#1 0xb400007396c40000
10-09 23:07:55.807   973   973 D OplusLayer: ~Layer() sequence=16296, name=Surface(name=634d9c0 StatusBar)/@0x8de5787 - animation-leash of insets_animation#1 0xb4000073971c0800
10-09 23:07:55.808  4661  4661 I BufferQueueConsumer: [](id:123500000111,api:0,p:-1,c:4661) connect: controlledByApp=false
10-09 23:07:55.808  4661  4661 I BLASTBufferQueue: [ViewRootImpl[Launcher]#273] constructor()
10-09 23:07:55.809  4661  4661 I A       : (REDACTED) onApplyWindowInsets: systemWindowInsets=%s
10-09 23:07:55.810  4661  4661 I A       : (REDACTED) onApplyWindowInsets: systemWindowInsets=%s
10-09 23:07:55.810  4661  4875 I BufferQueueProducer: [ViewRootImpl[Launcher]#273(BLAST Consumer)273](id:123500000111,api:1,p:4661,c:4661) connect: api=1 producerControlledByApp=true
10-09 23:07:55.811  1866  4224 I FocusResolver: updateFocusedWindow,  on display 0, reason: NO_WINDOW, result:   FocusedWindows: <none>
10-09 23:07:55.816   968  1317 D AudioPolicyService: updateUidStates_l() current->uid=10136 current->pid=4167 allowCapture=1 UidState=5 apmStat=1
10-09 23:07:55.816   968  1317 D AudioPolicyService: updateUidStates_l() current->uid=10136 current->pid=4167 allowCapture=1 UidState=3 apmStat=1
10-09 23:07:55.816   968  1317 D AudioPolicyService: updateUidStates_l() current->uid=10136 current->pid=4167 allowCapture=1 UidState=3 apmStat=1
10-09 23:07:55.820  2739  5004 W Battery : ThermalControllHandler: tempLevel=4,userMode=2,gameUserMode=-1,appType=-1,envTempType=0,appStates=[]
10-09 23:07:55.821  2739  5004 W Battery : ThermalControllerCenter: mSafetyState=00000
10-09 23:07:55.822   968  1317 D AudioPolicyService: updateUidStates_l() current->uid=10136 current->pid=4167 allowCapture=1 UidState=3 apmStat=1
10-09 23:07:55.823   973  1023 I BufferQueueDebug: [com.android.launcher/com.android.launcher.Launcher#1](this:0xb4000073962aa998,id:-1,api:0,p:-1,c:-1) BufferQueue core=(973:/system/bin/surfaceflinger)
10-09 23:07:55.823   973   973 D OplusLayer: setBuffer sequence=16302, name=com.android.launcher/com.android.launcher.Launcher#0
10-09 23:07:55.823   973   973 I OplusLayer: VRR [FRTC] update from -1 to 0
10-09 23:07:55.823  4661 27012 D SurfaceComposerClient: VRR [FRTC] client handle [bufferId:18446744073709551615 framenumber:0] [ffffffff, ffffffff]
10-09 23:07:55.826  2739  5004 W Battery : ThermalControllHandler: tempGear=4,configItemName=common_config
10-09 23:07:55.826  2739  5446 W Battery : ThermalControllHandler: MSG_THERMAL_CONTROL_CATEGORY_CHANGED
10-09 23:07:55.826  3335  3356 E oiface  : get gpu freq table failed
10-09 23:07:55.828  1866  2637 D Theia.NoFocusWindow: FocusWindowErrorScene cancelCheckFreezeScreen
10-09 23:07:55.829  2548  2548 I BufferQueueConsumer: [](id:9f4000001aa,api:0,p:-1,c:2548) connect: controlledByApp=false
10-09 23:07:55.829  4661 26807 I OpenGLRenderer: Davey! duration=113529ms; Flags=1, FrameTimelineVsyncId=1717171, IntendedVsync=26842045454770, Vsync=26842045454770, InputEventId=1902854250, HandleInputStart=26842046370137, AnimationStart=26842046371291, PerformTraversalsStart=26842046371599, DrawStart=26842054903060, FrameDeadline=26842082121437, FrameInterval=26842046355060, FrameStartTime=16666667, SyncQueued=26842056389752, SyncStart=26842056483906, IssueDrawCommandsStart=26842056652906, SwapBuffers=26842057531906, FrameCompleted=26955575112221, DequeueBufferDuration=12076, QueueBufferDuration=723461, GpuCompleted=26955575112221, SwapBuffersCompleted=26842060980906, DisplayPresentTime=0,
10-09 23:07:55.830  2548  2548 I BLASTBufferQueue: [ViewRootImpl[Launcher]#280] constructor()
10-09 23:07:55.830  2548  2792 I BufferQueueProducer: [ViewRootImpl[Launcher]#280(BLAST Consumer)280](id:9f4000001aa,api:1,p:2548,c:2548) connect: api=1 producerControlledByApp=true
10-09 23:07:55.831  3335  3356 E oiface  : get gpu freq table failed
10-09 23:07:55.834 21571 21624 I MonitoringInstr: Unstopped activity count: 1
10-09 23:07:55.838   968  1317 D AudioPolicyService: updateUidStates_l() current->uid=10136 current->pid=4167 allowCapture=1 UidState=3 apmStat=1
10-09 23:07:55.839  4167  4167 I GsaVoiceInteractionSrv: Handling ACTION_START_HOTWORD
10-09 23:07:55.840  4167  4418 I GsaVoiceInteractionSrv: (REDACTED) disregardVoiceMatch: %b
10-09 23:07:55.841   973   973 D OplusLayer: ~Layer() sequence=16300, name=Surface(name=634d9c0 StatusBar)/@0x8de5787 - animation-leash of insets_animation#0 0xb40000739637d000
10-09 23:07:55.841   973   973 D OplusLayer: ~Layer() sequence=16301, name=Surface(name=986f6f7 NavigationBar0)/@0x7692882 - animation-leash of insets_animation#0 0xb40000739639f000
10-09 23:07:55.845  2346  2346 D OplusWallpaperServiceHelper: isNightMode is true
10-09 23:07:55.845  2346  2346 I OplusWallpaperServiceHelper: getDarkModeWallpaperWindowAlpha. nightMode = false
10-09 23:07:55.856   973   973 D OplusLayer: setBuffer sequence=16303, name=com.android.launcher/com.android.launcher.Launcher#1
10-09 23:07:55.856   973   973 I OplusLayer: VRR [FRTC] update from -1 to 0
10-09 23:07:55.857  2548 31838 D SurfaceComposerClient: VRR [FRTC] client handle [bufferId:18446744073709551615 framenumber:0] [ffffffff, ffffffff]
10-09 23:07:55.864   973   973 D OplusLayer: ~Layer() sequence=16309, name=Screenshot Parent 0xb40000739639f000
10-09 23:07:55.874  1866  4646 I FocusResolver: updateFocusedWindow, eadb5a8 com.android.launcher/com.android.launcher.Launcher on display 0, reason: Window became focusable. Previous reason: NOT_VISIBLE, result:   FocusedWindows:
10-09 23:07:55.874  1866  4646 I FocusResolver:     displayId=0, name='eadb5a8 com.android.launcher/com.android.launcher.Launcher'
10-09 23:07:55.877  2548  2548 E SimulationInteractor: tryGetAnimationPainterInstance error:com.oplus.painteranimationpanel.api.AnimPainterInstance
10-09 23:07:55.877  1866  5129 I PowerHalWrapper: amsBoostStop AMS_BOOST_PACK_SWITCH:false, AMS_BOOST_ACT_SWITCH:false, AMS_BOOST_PROCESS_CREATE:false
10-09 23:07:55.878  2548  2548 D IconConfigParser: parseConfig::icon config =: IconConfig = [ isForeign : true,theme : 3,iconSize : 5000,iconShape : 0,foregroundSize : 5600,artPlusOn : 1,iconRadius ：75,darkModeIcon:0,localSpecial:false ]
10-09 23:07:55.884  2548  2548 D IconConfigParser: parseConfig::icon config =: IconConfig = [ isForeign : true,theme : 3,iconSize : 5000,iconShape : 0,foregroundSize : 5600,artPlusOn : 1,iconRadius ：75,darkModeIcon:0,localSpecial:false ]
10-09 23:07:55.885 21571 21624 I MonitoringInstr: Unstopped activity count: 1
10-09 23:07:55.886  2548  2548 D OplusQuickstepTransitionManagerImpl: getClosingWindowAnimators: transPoint: PointF(0.0, 0.0), currentWindowRect = [0.0,0.0][1080.0,2400.0]
10-09 23:07:55.886  2548  2548 D OplusQuickstepTransitionManagerImpl: getClosingWindowAnimators: transPoint: PointF(0.0, 0.0), currentWindowRect = [0.0,0.0][1080.0,2400.0]
10-09 23:07:55.887  2548  2548 D OplusQuickstepTransitionManagerImpl: getClosingWindowAnimators: transPoint: PointF(2.041809, 35.423584), currentWindowRect = [2.041809,35.423584][1051.9011,2362.5024]
10-09 23:07:55.889  1866  4224 D InputMethodManagerService: isSecurity: attribute.packageName=com.android.launcher mCurMethodId=org.dslul.openboard.inputmethod.latin/.LatinIME
10-09 23:07:55.889  1866  4224 D InputMethodManagerService: isSecurity= false (  enable=false needShow=false inBlackList=false isExist=true )
10-09 23:07:55.889   973   973 D OplusLayer: ~Layer() sequence=16298, name=Surface(name=696213a Splash Screen com.example.dogglers)/@0x42dcf58 - animation-leash of window_animation#0 0xb400007396c42800
10-09 23:07:55.889   973   973 D OplusLayer: ~Layer() sequence=16288, name=696213a Splash Screen com.example.dogglers#0 0xb4000073b06b9800
10-09 23:07:55.891   973   973 I BufferQueueDebug: [Splash Screen com.example.dogglers#0](this:0xb4000073962b3998,id:-1,api:0,p:-1,c:973) onDestructor()
10-09 23:07:55.891   973   973 D OplusLayer: ~Layer() sequence=16289, name=Splash Screen com.example.dogglers#0 0xb4000073962b1000
10-09 23:07:55.891  1866  4646 I BLASTBufferQueue: releaseBufferCallbackThunk bufferId:8014408975226 framenumber:1 blastBufferQueue is dead
10-09 23:07:55.896   968  1317 D AudioPolicyService: updateUidStates_l() current->uid=10136 current->pid=4167 allowCapture=1 UidState=3 apmStat=1
10-09 23:07:55.902  2548  2548 D OplusQuickstepTransitionManagerImpl: getClosingWindowAnimators: transPoint: PointF(4.2942505, 74.5022), currentWindowRect = [4.2942505,74.5022][1020.90265,2321.1353]
10-09 23:07:55.906   973   973 D OplusLayer: ~Layer() sequence=16299, name=Surface(name=7edaa53 InputMethod)/@0x5a9888e - animation-leash of insets_animation#1 0xb400007396d3e000
10-09 23:07:55.907   973   973 D DispPerfService: VRR [OTI] Fool-Proof Reset !
10-09 23:07:55.919  2548  2548 D OplusQuickstepTransitionManagerImpl: getClosingWindowAnimators: transPoint: PointF(7.092682, 123.05249), currentWindowRect = [7.092682,123.05249][982.39124,2269.7424]
10-09 23:07:55.935 21571 21624 I MonitoringInstr: Unstopped activity count: 1
10-09 23:07:55.935  2548  2548 D OplusQuickstepTransitionManagerImpl: getClosingWindowAnimators: transPoint: PointF(9.872803, 171.2854), currentWindowRect = [9.872803,171.2854][944.13135,2218.685]
10-09 23:07:55.952  2548  2548 D OplusQuickstepTransitionManagerImpl: getClosingWindowAnimators: transPoint: PointF(13.497742, 234.1748), currentWindowRect = [13.497742,234.1748][894.24567,2152.1133]
10-09 23:07:55.960   867   923 I sensors-hal-OriginChannel: wise light debug, data[2].type is 65627,data[2].sensor is 91:[305.000000,,25.000000,,9.000000,0.000000,38630169709635]
10-09 23:07:55.963  2548  2564 W System  : A resource failed to call close.
10-09 23:07:55.963  2548  2564 W System  : A resource failed to call release.
10-09 23:07:55.964  2548  2564 W System  : A resource failed to call close.
10-09 23:07:55.968  2548  2548 D OplusQuickstepTransitionManagerImpl: getClosingWindowAnimators: transPoint: PointF(17.344788, 300.91797), currentWindowRect = [17.344788,300.91797][841.30304,2081.4622]
10-09 23:07:55.985  2548  2548 D OplusQuickstepTransitionManagerImpl: getClosingWindowAnimators: transPoint: PointF(22.152863, 384.33435), currentWindowRect = [22.152863,384.33435][775.13464,1993.1611]
10-09 23:07:55.985 21571 21624 I MonitoringInstr: Unstopped activity count: 1
10-09 23:07:56.001  2548  2548 D OplusQuickstepTransitionManagerImpl: getClosingWindowAnimators: transPoint: PointF(27.779846, 481.95874), currentWindowRect = [27.779846,481.95874][697.6961,1889.8206]
10-09 23:07:56.018  2548  2548 D OplusQuickstepTransitionManagerImpl: getClosingWindowAnimators: transPoint: PointF(33.497986, 581.16394), currentWindowRect = [33.497986,581.16394][619.0036,1784.8064]
10-09 23:07:56.018  2548  2548 D OplusClipIconView: duration: 440, minSize: 168.0, progress: 0.53171444, forgroundIconSize: 226, bggroundIconSize: 150, getWholeIconScale: 1.0, getNormalizationScale: 0.89285713, uxScale1.4999999, mForeground IntrinsicWidth: 324, mForeground bound: Rect(9, 9 - 159, 159), forgroundSize: 226, shapeProgressStart:0.5
10-09 23:07:56.035  2548  2548 D OplusQuickstepTransitionManagerImpl: getClosingWindowAnimators: transPoint: PointF(39.292633, 681.6959), currentWindowRect = [39.292633,681.6959][539.25854,1678.3877]
10-09 23:07:56.035 21571 21624 I MonitoringInstr: Unstopped activity count: 1
10-09 23:07:56.048  3116  3815 I FontLog : Received query Noto Color Emoji Compat, URI content://com.google.android.gms.fonts [CONTEXT service_id=132 ]
10-09 23:07:56.049  3116  3815 I FontLog : Query [emojicompat-emoji-font] resolved to {Noto Color Emoji Compat, wdth 100.0, wght 400, ital 0.0, bestEffort false} [CONTEXT service_id=132 ]
10-09 23:07:56.050  3116  3815 I FontLog : Fetch {Noto Color Emoji Compat, wdth 100.0, wght 400, ital 0.0, bestEffort false} end status Status{statusCode=SUCCESS, resolution=null} [CONTEXT service_id=132 ]
10-09 23:07:56.051  2548  2548 D OplusQuickstepTransitionManagerImpl: getClosingWindowAnimators: transPoint: PointF(43.90442, 761.7069), currentWindowRect = [43.90442,761.7069][475.7915,1593.6918]
10-09 23:07:56.057  3116  3815 I FontLog : Pulling font file for id = 254, cache size = 6 [CONTEXT service_id=132 ]
10-09 23:07:56.062  3116  3815 I FontLog : Pulling font file for id = 254, cache size = 6 [CONTEXT service_id=132 ]
10-09 23:07:56.068  2548  2548 D OplusQuickstepTransitionManagerImpl: getClosingWindowAnimators: transPoint: PointF(47.802032, 829.3273), currentWindowRect = [47.802032,829.3273][422.15305,1522.1119]
10-09 23:07:56.084  2548  2548 D OplusQuickstepTransitionManagerImpl: getClosingWindowAnimators: transPoint: PointF(50.74597, 880.40247), currentWindowRect = [50.74597,880.40247][381.63867,1468.046]
10-09 23:07:56.086 21571 21624 I MonitoringInstr: Unstopped activity count: 1
10-09 23:07:56.101  2548  2548 D OplusQuickstepTransitionManagerImpl: getClosingWindowAnimators: transPoint: PointF(53.212646, 923.19714), currentWindowRect = [53.212646,923.19714][347.6927,1422.7456]
10-09 23:07:56.117  2548  2548 D OplusQuickstepTransitionManagerImpl: getClosingWindowAnimators: transPoint: PointF(55.10428, 956.0155), currentWindowRect = [55.10428,956.0155][321.6602,1388.0056]
10-09 23:07:56.127  4661  4847 I DeviceAppInfoWork: (REDACTED) remove existing package for update: %s
10-09 23:07:56.127  4661  4818 I DeviceAppInfoWork: (REDACTED) remove existing package for update: %s
10-09 23:07:56.128  4661  4847 I DeviceAppInfoWork: (REDACTED) remove existing package for update: %s
10-09 23:07:56.134  2548  2548 D OplusQuickstepTransitionManagerImpl: getClosingWindowAnimators: transPoint: PointF(56.699524, 983.6918), currentWindowRect = [56.699524,983.6918][299.70648,1358.7086]
10-09 23:07:56.136 21571 21624 I MonitoringInstr: Unstopped activity count: 1
10-09 23:07:56.150  2548  2548 D OplusQuickstepTransitionManagerImpl: getClosingWindowAnimators: transPoint: PointF(57.99048, 1006.089), currentWindowRect = [57.99048,1006.089][281.9403,1334.9999]
10-09 23:07:56.158  4661  4847 I DeviceAppInfoWork: (REDACTED) remove existing package for update: %s
10-09 23:07:56.158  4661 20130 I A       : (REDACTED) soft deleting data for %s
10-09 23:07:56.158  4661  4847 I DeviceAppInfoWork: (REDACTED) remove existing package for update: %s
10-09 23:07:56.158  4661  4818 I DeviceAppInfoWork: (REDACTED) remove existing package for update: %s
10-09 23:07:56.159  4661  4847 I DeviceAppInfoWork: (REDACTED) remove existing package for update: %s
10-09 23:07:56.159  4661  4818 I DeviceAppInfoWork: (REDACTED) remove existing package for update: %s
10-09 23:07:56.159  4661  4847 I DeviceAppInfoWork: (REDACTED) remove existing package for update: %s
10-09 23:07:56.159   867   923 I sensors-hal-OriginChannel: wise light debug, data[0].type is 65627,data[0].sensor is 91:[291.000000,,125.000000,,3.000000,0.000000,38630369947711]
10-09 23:07:56.159  4661  4818 I DeviceAppInfoWork: (REDACTED) remove existing package for update: %s
10-09 23:07:56.160  4661  4818 I DeviceAppInfoWork: (REDACTED) remove existing package for update: %s
10-09 23:07:56.160  4661  4847 I DeviceAppInfoWork: (REDACTED) remove existing package for update: %s
10-09 23:07:56.167  2548  2548 D OplusQuickstepTransitionManagerImpl: getClosingWindowAnimators: transPoint: PointF(58.986633, 1023.3712), currentWindowRect = [58.986633,1023.3712][268.23163,1316.7059]
10-09 23:07:56.170  4661  4847 I DeviceAppInfoWork: (REDACTED) remove existing package for update: %s
10-09 23:07:56.173  4661  4818 I DeviceAppInfoWork: (REDACTED) remove existing package for update: %s
10-09 23:07:56.176  4661  4849 I A       : Scheduling deletion propagation for Geller data.
10-09 23:07:56.176  4661  4818 I A       : Scheduling deletion propagation for Geller data.
10-09 23:07:56.176  4661  4849 I A       : Scheduling deletion propagation for Geller data.
10-09 23:07:56.176  4661  4818 I A       : Scheduling deletion propagation for Geller data.
10-09 23:07:56.176  4661  4849 I A       : Scheduling deletion propagation for Geller data.
10-09 23:07:56.176  4661 20130 I A       : (REDACTED) Writing data of size=%d bytes with N=%d keys to Geller corpus %s at ts=%d
10-09 23:07:56.176  4661 21424 I A       : Performing deletion propagation for Geller data.
10-09 23:07:56.176  4661 21426 I A       : Performing deletion propagation for Geller data.
10-09 23:07:56.176  4661 21427 I A       : Performing deletion propagation for Geller data.
10-09 23:07:56.177  4661 21429 I A       : Performing deletion propagation for Geller data.
10-09 23:07:56.177  4661  4848 I A       : Scheduling deletion propagation for Geller data.
10-09 23:07:56.177  4661  4847 I A       : Scheduling deletion propagation for Geller data.
10-09 23:07:56.177  4661 21423 I A       : Performing deletion propagation for Geller data.
10-09 23:07:56.177  4661 21425 I A       : Performing deletion propagation for Geller data.
10-09 23:07:56.177  4661 21428 I A       : Performing deletion propagation for Geller data.
10-09 23:07:56.179  4661  4818 I DeviceAppInfoWork: refreshDeviceAppInfoForAccount done.
10-09 23:07:56.180  4661  4848 I DeviceAppInfoWork: refreshDeviceAppInfoForAccount done.
10-09 23:07:56.182  4661  4818 I DeviceAppInfoWork: refreshDeviceAppInfoForAccount done.
10-09 23:07:56.183  4661  4847 I DeviceAppInfoWork: refreshDeviceAppInfoForAccount done.
10-09 23:07:56.184  2548  2548 D OplusQuickstepTransitionManagerImpl: getClosingWindowAnimators: transPoint: PointF(59.873627, 1038.76), currentWindowRect = [59.873627,1038.76][256.02475,1300.416]
10-09 23:07:56.186  4661  4848 I DeviceAppInfoWork: refreshDeviceAppInfoForAccount done.
10-09 23:07:56.186 21571 21624 I MonitoringInstr: Unstopped activity count: 1
10-09 23:07:56.188  4661  4849 I DeviceAppInfoWork: refreshDeviceAppInfoForAccount done.
10-09 23:07:56.190  4661  4818 I DeviceAppInfoWork: refreshDeviceAppInfoForAccount done.
10-09 23:07:56.192  4661  4847 I DeviceAppInfoWork: refreshDeviceAppInfoForAccount done.
10-09 23:07:56.193  4661  4848 I DeviceAppInfoWork: refreshDeviceAppInfoForAccount done.
10-09 23:07:56.195  4661  4849 I DeviceAppInfoWork: refreshDeviceAppInfoForAccount done.
10-09 23:07:56.196  4661  4818 I DeviceAppInfoWork: refreshDeviceAppInfoForAccount done.
10-09 23:07:56.198  4661  4849 I DeviceAppInfoWork: refreshDeviceAppInfoForAccount done.
10-09 23:07:56.200  4661  4818 I DeviceAppInfoWork: refreshDeviceAppInfoForAccount done.
10-09 23:07:56.200  2548  2548 D OplusQuickstepTransitionManagerImpl: getClosingWindowAnimators: transPoint: PointF(60.58551, 1051.1107), currentWindowRect = [60.58551,1051.1107][246.22772,1287.3419]
10-09 23:07:56.202  4661  4848 I DeviceAppInfoWork: refreshDeviceAppInfoForAccount done.
10-09 23:07:56.210  4661  4870 W DeviceAppInfoWork: missing version info.
10-09 23:07:56.211  4661  5217 E Parcel  : Reading a NULL string not supported here.
10-09 23:07:56.211  4661  5217 W SearchServiceCore: Abort, client detached.
10-09 23:07:56.217  2548  2548 D OplusQuickstepTransitionManagerImpl: getClosingWindowAnimators: transPoint: PointF(61.179993, 1061.4247), currentWindowRect = [61.179993,1061.4247][238.04651,1276.4242]
10-09 23:07:56.217  4661  4859 W DeviceAppInfoWork: missing version info.
10-09 23:07:56.233  2548  2548 D OplusQuickstepTransitionManagerImpl: getClosingWindowAnimators: transPoint: PointF(61.638977, 1069.3872), currentWindowRect = [61.638977,1069.3872][231.73047,1267.9956]
10-09 23:07:56.236 21571 21624 I MonitoringInstr: Unstopped activity count: 1
10-09 23:07:56.250  2548  2548 D OplusQuickstepTransitionManagerImpl: getClosingWindowAnimators: transPoint: PointF(62.067963, 1076.8301), currentWindowRect = [62.067963,1076.8301][225.82645,1260.1167]
10-09 23:07:56.266  2548  2548 D OplusQuickstepTransitionManagerImpl: getClosingWindowAnimators: transPoint: PointF(62.355347, 1081.8154), currentWindowRect = [62.355347,1081.8154][221.87183,1254.8394]
10-09 23:07:56.283  2548  2548 D OplusQuickstepTransitionManagerImpl: getClosingWindowAnimators: transPoint: PointF(62.605774, 1086.1605), currentWindowRect = [62.605774,1086.1605][218.42523,1250.2399]
10-09 23:07:56.287 21571 21624 I MonitoringInstr: Unstopped activity count: 1
10-09 23:07:56.299  2548  2548 D OplusQuickstepTransitionManagerImpl: getClosingWindowAnimators: transPoint: PointF(62.765198, 1088.9263), currentWindowRect = [62.765198,1088.9263][216.23138,1247.3123]
10-09 23:07:56.316  2548  2548 D OplusQuickstepTransitionManagerImpl: getClosingWindowAnimators: transPoint: PointF(62.90088, 1091.2799), currentWindowRect = [62.90088,1091.2799][214.36432,1244.8207]
10-09 23:07:56.333  2548  2548 D OplusQuickstepTransitionManagerImpl: getClosingWindowAnimators: transPoint: PointF(62.95044, 1092.1399), currentWindowRect = [62.95044,1092.1399][213.68219,1243.9104]
10-09 23:07:56.337 21571 21624 I MonitoringInstr: Unstopped activity count: 1
10-09 23:07:56.349  2548  2548 D OplusQuickstepTransitionManagerImpl: getClosingWindowAnimators: transPoint: PointF(62.99707, 1092.9493), currentWindowRect = [62.99707,1092.9493][213.04016,1243.0536]
10-09 23:07:56.359   867   923 I sensors-hal-OriginChannel: wise light debug, data[2].type is 65627,data[2].sensor is 91:[270.000000,,25.000000,,3.000000,0.000000,38630569712091]
10-09 23:07:56.366  2548  2548 D OplusQuickstepTransitionManagerImpl: getClosingWindowAnimators: transPoint: PointF(63.0, 1093.0), currentWindowRect = [63.0,1093.0][213.0,1243.0]
10-09 23:07:56.375  3306  3324 D OplusAtlas.OplusAtlasEventDispatch: setEvent:atlas_event_on_foreground_activities_changed info:pid:21571,uid:10115,hasForegroundActivities:0
10-09 23:07:56.376  4707  4734 V DeepThinker: ProcessManager: onForegroundActivitiesChanged pid:21571, uid:10115, foregroundActivities:false
10-09 23:07:56.376  3306  4568 D OplusAtlas.OplusAudioScene: callback success event:atlas_event_on_foreground_activities_changed eventInfo:pid:21571,uid:10115,hasForegroundActivities:0
10-09 23:07:56.376  3306  4841 D OplusAtlas.OplusMessageHandler: handleMessage: Msg { when=0 what=2 obj=com.oplus.atlas.OplusAtlasEvent@fe3aecf target=com.oplus.atlas.OplusMessageHandler$MyHandler }
10-09 23:07:56.385 21571 21625 I BufferQueueProducer: [ViewRootImpl[MainActivity]#0(BLAST Consumer)0](id:544300000000,api:1,p:21571,c:21571) disconnect: api 1
10-09 23:07:56.385   940   940 E ORMS_HAL: open /sys/devices/platform/soc/soc:oplus-omrg/oplus-omrg0/ruler_enable failed(No such file or directory)
10-09 23:07:56.386  1866  1999 I mtkpower_client: perf_lock_rel, hdl:34349, tid:1999
10-09 23:07:56.386  1866  1999 I mtkpower_client: perf_lock_acq, hdl:34349, dur:0, num:4, tid:1999
10-09 23:07:56.386   886   961 I libPowerHal: [perfLockRel] hdl:34349, idx:0
10-09 23:07:56.386 21571 21625 E BLASTBufferQueue: BLASTBufferItemConsumer::onDisconnect()
10-09 23:07:56.387   886   961 I libPowerHal: system_server: cpu_ctrl set cpu freq: -1 -1 -1 -1
10-09 23:07:56.387   886   961 I libPowerHal: [PD] system_server update cmd:1410000 param:0
10-09 23:07:56.387   973   973 D OplusLayer: ~Layer() sequence=16308, name=Surface(name=WallpaperWindowToken{be86f22 token=android.os.Binder@73e9704})/@0xe645486 - animation-leash of window_animation#0 0xb40000739625f800
10-09 23:07:56.387   886   961 I libPowerHal: [PD] system_server update cmd:1c3c000, param:1
10-09 23:07:56.387   886   961 I libPowerHal: [PD] system_server update cmd:2004100 param:2
10-09 23:07:56.387 21571 21624 I MonitoringInstr: Unstopped activity count: 1
10-09 23:07:56.388  1866  1999 I mtkpower_client: ret_hdl:34350
10-09 23:07:56.393 21571 21571 I BLASTBufferQueue: [ViewRootImpl[MainActivity]#0] destructor()
10-09 23:07:56.393 21571 21571 I BufferQueueConsumer: [ViewRootImpl[MainActivity]#0(BLAST Consumer)0](id:544300000000,api:0,p:-1,c:21571) disconnect
10-09 23:07:56.398 21571 21571 D LifecycleMonitor: Lifecycle status change: com.example.dogglers.MainActivity@4089c8a in: STOPPED
10-09 23:07:56.402 21571 21571 D LifecycleMonitor: Lifecycle status change: com.example.dogglers.MainActivity@4089c8a in: DESTROYED
10-09 23:07:56.406 21571 21571 D View    : [Warning] assignParent to null: this = DecorView@b8a615e[MainActivity]
10-09 23:07:56.407  1866  5003 W InputManager-JNI: Input channel object '8544e5 com.example.dogglers/com.example.dogglers.MainActivity (client)' was disposed without first being removed with the input manager!
10-09 23:07:56.419 20160 21665 I com.amazon.mp3/ms: Using the ThirdPartyPlatformDCPMetricsCollector
10-09 23:07:56.419 20160 21665 I ...on.mp3/TokenJobQueue: Pushing task GetToken:com.amazon.mp3/com.amazon.dcp.sso.token.device.adptoken into TokenJobQueue.
10-09 23:07:56.419 20160 21665 I ...on.mp3/TokenJobQueue: No active job, scheduling next
10-09 23:07:56.419 20160 21665 I ...on.mp3/TokenJobQueue: Popping task GetToken:com.amazon.mp3/com.amazon.dcp.sso.token.device.adptoken off TokenJobQueue and process it.
10-09 23:07:56.419 20160 21665 I ...on.mp3/TokenJobQueue: Begin executing task GetToken:com.amazon.mp3/com.amazon.dcp.sso.token.device.adptoken
10-09 23:07:56.420 20160 21665 I ...on.mp3/TokenJobQueue: Scheduled running concurrent job GetToken:com.amazon.mp3/com.amazon.dcp.sso.token.device.adptoken.
10-09 23:07:56.420   973   973 D OplusLayer: ~Layer() sequence=16294, name=8544e5 com.example.dogglers/com.example.dogglers.MainActivity#0 0xb400007396384800
10-09 23:07:56.420   973   973 I BufferQueueDebug: [com.example.dogglers/com.example.dogglers.MainActivity#0](this:0xb4000073b031f998,id:-1,api:0,p:-1,c:973) onDestructor()
10-09 23:07:56.420 21571 21653 I BLASTBufferQueue: releaseBufferCallbackThunk bufferId:92646739542016 framenumber:16 blastBufferQueue is dead
10-09 23:07:56.420   973   973 D OplusLayer: ~Layer() sequence=16295, name=com.example.dogglers/com.example.dogglers.MainActivity#0 0xb4000073b031d000
10-09 23:07:56.422 20160 21666 I ...on.mp3/TokenJobQueue: Finish executing task GetToken:com.amazon.mp3/com.amazon.dcp.sso.token.device.adptoken.
10-09 23:07:56.422  1866  2190 V ListServiceUtils: checkInListByUid start module:custom-icc uid:1000  time 26956176843us
10-09 23:07:56.422  1219  1229 D MMListService: getPackageNameByUid uid:1000, procName:
10-09 23:07:56.422  1866  2190 V ListServiceUtils: checkInListByUid end module:custom-icc uid:1000  time 26956177168us
10-09 23:07:56.422  1866  2190 D ListServiceUtils: checkInListByUid module:custom-icc uid:1000 cost 324us return 0
10-09 23:07:56.422  1219  1229 D MMListService: getListValueByUid module:image-processing, uid:1000
10-09 23:07:56.422  1219  1229 D MMListService: getPackageNameByUid uid:1000, procName:
10-09 23:07:56.422  1866  2190 V ListServiceUtils: checkInListByUid module:image-processing uid:1000 cost 103us return (null)
10-09 23:07:56.422  1866  2190 V JpegEncoderExtImpl: Resolution: 1080 x 2400,support: 0;
10-09 23:07:56.422 20160 21666 D AbstractMetricsFactoryImpl: record : No valid data points in metrics event
10-09 23:07:56.423 20160 21665 I com.amazon.mp3/ms: Using the ThirdPartyPlatformDCPMetricsCollector
10-09 23:07:56.424 20160 21665 I ...on.mp3/TokenJobQueue: Pushing task GetToken:com.amazon.mp3/com.amazon.dcp.sso.token.device.privatekey into TokenJobQueue.
10-09 23:07:56.425 20160 21665 I ...on.mp3/TokenJobQueue: No active job, scheduling next
10-09 23:07:56.425 20160 21665 I ...on.mp3/TokenJobQueue: Popping task GetToken:com.amazon.mp3/com.amazon.dcp.sso.token.device.privatekey off TokenJobQueue and process it.
10-09 23:07:56.425 20160 21665 I ...on.mp3/TokenJobQueue: Begin executing task GetToken:com.amazon.mp3/com.amazon.dcp.sso.token.device.privatekey
10-09 23:07:56.426 20160 21666 I ...on.mp3/TokenJobQueue: Finish executing task GetToken:com.amazon.mp3/com.amazon.dcp.sso.token.device.privatekey.
10-09 23:07:56.426 20160 21666 D AbstractMetricsFactoryImpl: record : No valid data points in metrics event
10-09 23:07:56.426 20160 21665 I ...on.mp3/TokenJobQueue: Scheduled running concurrent job GetToken:com.amazon.mp3/com.amazon.dcp.sso.token.device.privatekey.
10-09 23:07:56.437   973   973 D OplusLayer: ~Layer() sequence=16287, name=ActivityRecord{22eb79 u0 com.example.dogglers/.MainActivity#0 0xb400007396382000
10-09 23:07:56.437   973   973 D OplusLayer: ~Layer() sequence=16311, name=Task=210#1 0xb4000073975c6000
10-09 23:07:56.444 21571 21624 W Settings: Setting always_finish_activities has moved from android.provider.Settings.System to android.provider.Settings.Global, returning read-only value.
10-09 23:07:56.450 21571 21624 D CompatibilityChangeReporter: Compat change id reported: 160794467; UID 10115; state: ENABLED
10-09 23:07:56.456   940   940 E ORMS_HAL: open /sys/devices/platform/soc/soc:oplus-omrg/oplus-omrg0/ruler_enable failed(No such file or directory)
10-09 23:07:56.456  1866  1999 I mtkpower_client: perf_lock_rel, hdl:34350, tid:1999
10-09 23:07:56.456  1866  1999 I mtkpower_client: perf_lock_acq, hdl:34350, dur:0, num:10, tid:1999
10-09 23:07:56.456   886   961 I libPowerHal: [perfLockRel] hdl:34350, idx:0
10-09 23:07:56.456   886   961 I libPowerHal: [PD] system_server update cmd:2004100 param:2
10-09 23:07:56.457  1866  1999 I mtkpower_client: ret_hdl:34351
10-09 23:07:56.458   886   961 I libPowerHal: system_server: cpu_ctrl set cpu freq: 2000000 -1 2400000 -1
10-09 23:07:56.463 20160 20485 D LocalConfiguration: Fetched Key: compressed_coral_requests from configuration with value: ConfigurationItem(values=[ConfigurationValue(regions=[ALL], subscriptions=null, value=true)])
10-09 23:07:56.463   886   897 I mtkpower@impl: [setMode] type:5, enabled:1
10-09 23:07:56.464  1866  2190 V ListServiceUtils: checkInListByUid start module:custom-icc uid:1000  time 26956218691us
10-09 23:07:56.464  1219  1229 D MMListService: getPackageNameByUid uid:1000, procName:
10-09 23:07:56.464  1866  2190 V ListServiceUtils: checkInListByUid end module:custom-icc uid:1000  time 26956218831us
10-09 23:07:56.464  1866  2190 D ListServiceUtils: checkInListByUid module:custom-icc uid:1000 cost 140us return 0
10-09 23:07:56.464  1219  1229 D MMListService: getListValueByUid module:image-processing, uid:1000
10-09 23:07:56.464  1219  1229 D MMListService: getPackageNameByUid uid:1000, procName:
10-09 23:07:56.464  1866  2190 V ListServiceUtils: checkInListByUid module:image-processing uid:1000 cost 64us return (null)
10-09 23:07:56.464  1866  2190 V JpegEncoderExtImpl: Resolution: 540 x 1200,support: 0;
10-09 23:07:56.465  1866  5003 I PowerHalWrapper: <amsBoostResume> last:com.android.launcher, next:com.example.dogglers
10-09 23:07:56.470  1866  5129 V SensorManager: call sensorServiceCommonInterface name: setScreenShotDisable
10-09 23:07:56.470  1866  5129 D SensorService: SensorService sensorServiceCommonInterface = setScreenShotDisable
10-09 23:07:56.470  1866  5129 D SensorServiceImpl: SensorServiceExtImpl sensorServiceCommonInterface funcName= setScreenShotDisable , flag =0, status =0
10-09 23:07:56.470  1866  5129 I OplusHansManager : front pkg: com.example.dogglers, uid: 10115, prev pkg: com.android.launcher, prev uid: 10105
10-09 23:07:56.470  1866  2368 I Osense-DecisionMaker: notifySceneToPolicy...SCENE_APP_SWITCH
10-09 23:07:56.471  1866  2368 D Osense-DecisionMaker: getCurrentSysStats, memMb: 3621
10-09 23:07:56.471  1866  3301 I OplusHansManager : notifyAppGoForeground, uid=10115
10-09 23:07:56.471  1866  3301 I OplusHansManager : notifyAppGoBackground, uid=10105
10-09 23:07:56.471  1866  2540 I OplusHansManager : uid=10115, pkg=com.example.dogglers R exit SM
10-09 23:07:56.471  1866  2540 I OplusHansManager : uid=10115, pkg=com.example.dogglers R exit()
10-09 23:07:56.472  1866  2368 I Osense-DecisionMaker: scene: SCENE_APP_SWITCH, excutingPolicy: freezer
10-09 23:07:56.472  1866  2547 I OplusResourcePreloadManager: resume pkg: com.example.dogglers, uid:10115, prev pkg: com.android.launcher, prev uid: 10105
10-09 23:07:56.474  1866  5129 I PowerHalWrapper: amsBoostNotify pid:21571,activity:androidx.test.core.app.InstrumentationActivityInvoker$BootstrapActivity, package:com.example.dogglers, mProcessCreatePackcom.example.dogglers
10-09 23:07:56.474  1866  5129 I PowerHalWrapper: state: 1
10-09 23:07:56.474  1866  5129 I PowerHalWrapper: amsBoostNotify AMS_BOOST_PROCESS_CREATE_BOOST:false
10-09 23:07:56.474  1866  5129 I InputDispatcher: setFocusedApplication displayId=0 ActivityRecord{7a4cf03 u0 com.example.dogglers/androidx.test.core.app.InstrumentationActivityInvoker$BootstrapActivity t211}
10-09 23:07:56.474   886   961 I libPowerHal: [perfNotifyAppState] foreground:com.example.dogglers, pid:21571, uid:10115
10-09 23:07:56.475   886   961 I UxUtility: notifyForegroundApp pack:com.example.dogglers, uid:10115
10-09 23:07:56.475   886   961 I TouchUtility: notifyAppState error = NULL
10-09 23:07:56.475   886   896 I mtkpower@impl: [notifyAppState] pc:0, com.android.launcher => com.example.dogglers
10-09 23:07:56.476  1866  2855 V DCSEX-AppSwitchManager: OnAppSwitchObserver: onAppExit, resuming = com.example.dogglers, target = com.android.launcher, is ResumingFirstStart =  false, is ResumingMultiApp =  false, extensionInfo =  Bundle[{taskId=211, uid=10115}]
10-09 23:07:56.476  1866  7056 D DCSEX-AppLaunchEventRecorder: onAppSwitch from = com.android.launcher to = com.example.dogglers
10-09 23:07:56.476  1866  5129 D Theia.NoFocusWindow: FocusWindowErrorScene CheckFreezeScreen
10-09 23:07:56.477   940   940 E ORMS_HAL: open /sys/devices/platform/soc/soc:oplus-omrg/oplus-omrg0/ruler_enable failed(No such file or directory)
10-09 23:07:56.477   940   940 E ORMS_HAL: open /sys/devices/platform/soc/soc:oplus-omrg/oplus-omrg0/ruler_enable failed(No such file or directory)
10-09 23:07:56.478  1866  1999 I mtkpower_client: perf_lock_rel, hdl:34351, tid:1999
10-09 23:07:56.478 21571 21669 D libMEOW : meow new tls: 0xb400007622097140
10-09 23:07:56.478 21571 21669 D libMEOW : applied 0 plugin for [com.example.dogglers].
10-09 23:07:56.478 21571 21669 D libMEOW : meow delete tls: 0xb400007622097140
10-09 23:07:56.478   886   961 I libPowerHal: [perfLockRel] hdl:34351, idx:0
10-09 23:07:56.478  1866  1999 I mtkpower_client: perf_lock_acq, hdl:34351, dur:0, num:12, tid:1999
10-09 23:07:56.479   886   961 I libPowerHal: system_server: cpu_ctrl set cpu freq: -1 -1 -1 -1
10-09 23:07:56.479   886   961 I libPowerHal: [PD] system_server update cmd:1c3c000, param:1
10-09 23:07:56.479  1866  5129 I PowerHalWrapper: amsBoostNotify pid:2548,activity:com.android.launcher.Launcher, package:com.android.launcher, mProcessCreatePackcom.example.dogglers
10-09 23:07:56.479  1866  5129 I PowerHalWrapper: state: 0
10-09 23:07:56.479  1866  5129 I PowerHalWrapper: amsBoostNotify AMS_BOOST_PROCESS_CREATE_BOOST:false
10-09 23:07:56.479   886   961 I libPowerHal: [PD] system_server update cmd:2004100 param:2
10-09 23:07:56.480  1866  1999 I mtkpower_client: ret_hdl:34352
10-09 23:07:56.480   940   940 E ORMS_HAL: open /sys/devices/platform/soc/soc:oplus-omrg/oplus-omrg0/ruler_enable failed(No such file or directory)
10-09 23:07:56.481   968 22675 D AudioPolicyService: updateUidStates_l() current->uid=10136 current->pid=4167 allowCapture=1 UidState=3 apmStat=1
10-09 23:07:56.481   940   940 E ORMS_HAL: open /sys/devices/platform/soc/soc:oplus-omrg/oplus-omrg0/ruler_enable failed(No such file or directory)
10-09 23:07:56.482  1866  1999 I mtkpower_client: perf_lock_rel, hdl:34352, tid:1999
10-09 23:07:56.482  1866  1999 I mtkpower_client: perf_lock_acq, hdl:34352, dur:0, num:12, tid:1999
10-09 23:07:56.482   886   896 I mtkpower@impl: [check_work_req] i:1, msg:1 hdl:34352, wait
10-09 23:07:56.483  2739  5004 W Battery : ThermalControlUtils: mForegroundPkg=com.example.dogglers
10-09 23:07:56.484  1866  1980 E AthenaService: MemoryGuardAction: handleAppChange
10-09 23:07:56.484   886   896 I mtkpower@impl: [check_work_req] i:1, msg:1 hdl:34352, wait
10-09 23:07:56.485  1866  2855 V DCSEX-AppSwitchManager: OnAppSwitchObserver: onAppEnter, launchedFrom =  com.example.dogglers, target =  com.example.dogglers, is firstStart =  false, is multiApp =  false, extensionInfo =  Bundle[{taskId=211, pid=21571, uid=10115}]
10-09 23:07:56.487  4707  4771 V DeepThinker: ProcessManager: onForegroundActivitiesChanged pid:21571, uid:10115, foregroundActivities:true
10-09 23:07:56.487   886   961 I libPowerHal: system_server: cpu_ctrl set cpu freq: 2000000 -1 2400000 -1
10-09 23:07:56.488  4545  4563 D ZoomAppController: ignore onAppEnter: mCurrentZoomInfo is null
10-09 23:07:56.489 21571 21571 D LifecycleMonitor: Lifecycle status change: androidx.test.core.app.InstrumentationActivityInvoker$BootstrapActivity@668e00b in: PRE_ON_CREATE
10-09 23:07:56.489   886   961 I libPowerHal: [perfLockRel] hdl:34352, idx:0
10-09 23:07:56.490  3306  3324 D OplusAtlas.OplusAtlasEventDispatch: setEvent:atlas_event_on_foreground_activities_changed info:pid:21571,uid:10115,hasForegroundActivities:1
10-09 23:07:56.490   886   961 I libPowerHal: system_server: cpu_ctrl set cpu freq: -1 -1 -1 -1
10-09 23:07:56.490   886   961 I libPowerHal: [PD] system_server update cmd:1410000 param:0
10-09 23:07:56.490   886   961 I libPowerHal: [PD] system_server update cmd:1c3c000, param:1
10-09 23:07:56.490  3306  4568 D OplusAtlas.OplusAudioScene: callback success event:atlas_event_on_foreground_activities_changed eventInfo:pid:21571,uid:10115,hasForegroundActivities:1
10-09 23:07:56.490   886   961 I libPowerHal: [PD] system_server update cmd:2004100 param:2
10-09 23:07:56.490 21571 21571 V ActivityScenario: Activity lifecycle changed event received but ignored because the intent does not match. startActivityIntent=Intent { act=android.intent.action.MAIN cat=[android.intent.category.LAUNCHER] cmp=com.example.dogglers/.VerticalListActivity }, activity.getIntent()=Intent { act=android.intent.action.MAIN cat=[android.intent.category.LAUNCHER] flg=0x10008000 cmp=com.example.dogglers/androidx.test.core.app.InstrumentationActivityInvoker$BootstrapActivity (has extras) mCallingUid=10115 }, activity=androidx.test.core.app.InstrumentationActivityInvoker$BootstrapActivity@668e00b
10-09 23:07:56.490  3306  4841 D OplusAtlas.OplusMessageHandler: handleMessage: Msg { when=-1ms what=2 obj=com.oplus.atlas.OplusAtlasEvent@64eb05c target=com.oplus.atlas.OplusMessageHandler$MyHandler }
10-09 23:07:56.491  1866  1999 I mtkpower_client: ret_hdl:34353
10-09 23:07:56.491   973  3273 I SurfaceFlinger: [SF client] NEW(0xb4000073b0473800) for (1866:system_server)
10-09 23:07:56.491   886   961 I libPowerHal: system_server: cpu_ctrl set cpu freq: 2000000 -1 2400000 -1
10-09 23:07:56.492  2739  5004 W Battery : ThermalControllHandler: tempLevel=4,userMode=2,gameUserMode=-1,appType=-1,envTempType=0,appStates=[]
10-09 23:07:56.493  2739  5004 W Battery : ThermalControllerCenter: mSafetyState=00000
10-09 23:07:56.493  1866  1896 D WindowManager: Add to mViews: DecorView@6db2edc[dogglers],pkg= com.example.dogglers
10-09 23:07:56.493  1866  1896 D ViewRootImpl[dogglers]: hardware acceleration = false, sRendererEnabled = true, forceHwAccelerated = false
10-09 23:07:56.494  1866  1896 D OplusDisplayPolicy: com.example.dogglers, no change cutoutMode: 0
10-09 23:07:56.495  2739  5004 W Battery : ThermalControllHandler: tempGear=4,configItemName=common_config
10-09 23:07:56.497  2739  5446 W Battery : ThermalControllHandler: MSG_THERMAL_CONTROL_CATEGORY_CHANGED
