10-09 18:43:11.849 27684 27684 D LifecycleMonitor: Lifecycle status change: androidx.test.core.app.InstrumentationActivityInvoker$EmptyActivity@820f0cc in: PAUSED
10-09 18:43:11.849 27684 27684 V ActivityScenario: Activity lifecycle changed event received but ignored because the intent does not match. startActivityIntent=Intent { act=android.intent.action.MAIN cat=[android.intent.category.LAUNCHER] cmp=com.example.dogglers/.GridListActivity }, activity.getIntent()=Intent { act=android.intent.action.MAIN cat=[android.intent.category.LAUNCHER] flg=0x10000000 cmp=com.example.dogglers/androidx.test.core.app.InstrumentationActivityInvoker$EmptyActivity mCallingUid=10115 }, activity=androidx.test.core.app.InstrumentationActivityInvoker$EmptyActivity@820f0cc
10-09 18:43:11.851  3306  3325 D OplusAtlas.OplusAtlasEventDispatch: setEvent:atlas_event_on_foreground_activities_changed info:pid:2548,uid:10105,hasForegroundActivities:0
10-09 18:43:11.851  3306  4568 D OplusAtlas.OplusAudioScene: callback success event:atlas_event_on_foreground_activities_changed eventInfo:pid:2548,uid:10105,hasForegroundActivities:0
10-09 18:43:11.851  4707  4771 V DeepThinker: ProcessManager: onForegroundActivitiesChanged pid:2548, uid:10105, foregroundActivities:false
10-09 18:43:11.851  3306  4841 D OplusAtlas.OplusMessageHandler: handleMessage: Msg { when=0 what=2 obj=com.oplus.atlas.OplusAtlasEvent@db32269 target=com.oplus.atlas.OplusMessageHandler$MyHandler }
10-09 18:43:11.853   973   973 I BufferQueueDebug: [com.android.launcher/com.android.launcher.Launcher#1](this:0xb400007396398998,id:-1,api:0,p:-1,c:973) onDestructor()
10-09 18:43:11.853  2548 12450 I BLASTBufferQueue: releaseBufferCallbackThunk bufferId:10943576671706 framenumber:50 blastBufferQueue is dead
10-09 18:43:11.853   973   973 D OplusLayer: ~Layer() sequence=9548, name=com.android.launcher/com.android.launcher.Launcher#1 0xb400007396396000
10-09 18:43:11.854   973   973 I BufferQueueDebug: [com.android.launcher/com.android.launcher.Launcher#0](this:0xb400007396395998,id:-1,api:0,p:-1,c:973) onDestructor()
10-09 18:43:11.854  4661  6267 I BLASTBufferQueue: releaseBufferCallbackThunk bufferId:20018842567350 framenumber:1 blastBufferQueue is dead
10-09 18:43:11.854   973   973 D OplusLayer: ~Layer() sequence=9546, name=com.android.launcher/com.android.launcher.Launcher#0 0xb400007396393000
10-09 18:43:11.854   973   973 D OplusLayer: ~Layer() sequence=9566, name=437ed98 com.example.dogglers/com.example.dogglers.GridListActivity#0 0xb4000073b076c800
10-09 18:43:11.854   973   973 I BufferQueueDebug: [com.example.dogglers/com.example.dogglers.GridListActivity#0](this:0xb4000073b03dc998,id:-1,api:0,p:-1,c:973) onDestructor()
10-09 18:43:11.855 27684 27751 I BLASTBufferQueue: releaseBufferCallbackThunk bufferId:118901874622502 framenumber:10 blastBufferQueue is dead
10-09 18:43:11.855   973   973 D OplusLayer: ~Layer() sequence=9567, name=com.example.dogglers/com.example.dogglers.GridListActivity#0 0xb4000073b03da000
10-09 18:43:11.855  1866  5002 I PowerHalWrapper: amsBoostNotify pid:27684,activity:androidx.test.core.app.InstrumentationActivityInvoker$EmptyActivity, package:com.example.dogglers, mProcessCreatePackcom.example.dogglers
10-09 18:43:11.855  1866  5002 I PowerHalWrapper: state: 1
10-09 18:43:11.855  1866  5002 I PowerHalWrapper: amsBoostNotify AMS_BOOST_PROCESS_CREATE_BOOST:false
10-09 18:43:11.855   973   973 D OplusLayer: ~Layer() sequence=9570, name=Surface(name=ec78ae4 Splash Screen com.example.dogglers)/@0xb93835a - animation-leash of window_animation#0 0xb400007397417800
10-09 18:43:11.855   973   973 D OplusLayer: ~Layer() sequence=9559, name=ec78ae4 Splash Screen com.example.dogglers#0 0xb4000073962f3800
10-09 18:43:11.855  1866  5002 I InputDispatcher: setFocusedApplication displayId=0 ActivityRecord{6460b3b u0 com.example.dogglers/androidx.test.core.app.InstrumentationActivityInvoker$EmptyActivity t141}
10-09 18:43:11.855   973   973 I BufferQueueDebug: [Splash Screen com.example.dogglers#0](this:0xb400007396347998,id:-1,api:0,p:-1,c:973) onDestructor()
10-09 18:43:11.855   973   973 D OplusLayer: ~Layer() sequence=9561, name=Splash Screen com.example.dogglers#0 0xb400007396345000
10-09 18:43:11.855  1866  2636 I BLASTBufferQueue: releaseBufferCallbackThunk bufferId:8014408974904 framenumber:1 blastBufferQueue is dead
10-09 18:43:11.856  1866  5002 D Theia.NoFocusWindow: FocusWindowErrorScene CheckFreezeScreen
10-09 18:43:11.859  1866  5002 I PowerHalWrapper: amsBoostNotify pid:27684,activity:androidx.test.core.app.InstrumentationActivityInvoker$EmptyActivity, package:com.example.dogglers, mProcessCreatePackcom.example.dogglers
10-09 18:43:11.859  1866  5002 I PowerHalWrapper: state: 0
10-09 18:43:11.859  1866  5002 I PowerHalWrapper: amsBoostNotify AMS_BOOST_PROCESS_CREATE_BOOST:false
10-09 18:43:11.861 27684 27726 I libPerfCtl: fbcNotifySbeRescue ret=-1
10-09 18:43:11.862   859  4288 D C2MtkBufferManager: over 5000ms not request from VCodec but callback hooked, slow BM Cc fetch thread
10-09 18:43:11.863 27684 27684 D LifecycleMonitor: Lifecycle status change: androidx.test.core.app.InstrumentationActivityInvoker$BootstrapActivity@77fa823 in: DESTROYED
10-09 18:43:11.863 27684 27684 V ActivityScenario: Activity lifecycle changed event received but ignored because the intent does not match. startActivityIntent=Intent { act=android.intent.action.MAIN cat=[android.intent.category.LAUNCHER] cmp=com.example.dogglers/.GridListActivity }, activity.getIntent()=Intent { act=android.intent.action.MAIN cat=[android.intent.category.LAUNCHER] flg=0x10008000 cmp=com.example.dogglers/androidx.test.core.app.InstrumentationActivityInvoker$BootstrapActivity (has extras) mCallingUid=10115 }, activity=androidx.test.core.app.InstrumentationActivityInvoker$BootstrapActivity@77fa823
10-09 18:43:11.864 27684 27802 D libMEOW : meow new tls: 0xb4000076204d4dc0
10-09 18:43:11.864 27684 27802 D libMEOW : applied 0 plugin for [com.example.dogglers].
10-09 18:43:11.864 27684 27802 D libMEOW : meow delete tls: 0xb4000076204d4dc0
10-09 18:43:11.865   940   940 E ORMS_HAL: open /sys/devices/platform/soc/soc:oplus-omrg/oplus-omrg0/ruler_enable failed(No such file or directory)
10-09 18:43:11.865   940   940 E ORMS_HAL: open /sys/devices/platform/soc/soc:oplus-omrg/oplus-omrg0/ruler_enable failed(No such file or directory)
10-09 18:43:11.866  1866  1999 I mtkpower_client: perf_lock_rel, hdl:15428, tid:1999
10-09 18:43:11.866  1866  1999 I mtkpower_client: perf_lock_acq, hdl:15428, dur:0, num:12, tid:1999
10-09 18:43:11.866   886   961 I libPowerHal: [perfLockRel] hdl:15428, idx:0
10-09 18:43:11.866   886   961 I libPowerHal: system_server: cpu_ctrl set cpu freq: -1 -1 -1 -1
10-09 18:43:11.867   886   961 I libPowerHal: [PD] system_server update cmd:1410000 param:0
10-09 18:43:11.867   886   961 I libPowerHal: [PD] system_server update cmd:1c3c000, param:1
10-09 18:43:11.867   886   961 I libPowerHal: [PD] system_server update cmd:2004100 param:2
10-09 18:43:11.867  1866  1999 I mtkpower_client: ret_hdl:15429
10-09 18:43:11.868   886   961 I libPowerHal: system_server: cpu_ctrl set cpu freq: 2000000 -1 2400000 -1
10-09 18:43:11.869   973   973 D OplusLayer: ~Layer() sequence=9560, name=ActivityRecord{f481705 u0 com.example.dogglers/.GridListActivity#0 0xb400007396318800
10-09 18:43:11.870 27684 27684 D LifecycleMonitor: Lifecycle status change: androidx.test.core.app.InstrumentationActivityInvoker$EmptyActivity@85d91ef in: PRE_ON_CREATE
10-09 18:43:11.871 27684 27684 V ActivityScenario: Activity lifecycle changed event received but ignored because the intent does not match. startActivityIntent=Intent { act=android.intent.action.MAIN cat=[android.intent.category.LAUNCHER] cmp=com.example.dogglers/.GridListActivity }, activity.getIntent()=Intent { act=android.intent.action.MAIN cat=[android.intent.category.LAUNCHER] flg=0x10000000 cmp=com.example.dogglers/androidx.test.core.app.InstrumentationActivityInvoker$EmptyActivity mCallingUid=10115 }, activity=androidx.test.core.app.InstrumentationActivityInvoker$EmptyActivity@85d91ef
10-09 18:43:11.881 27684 27684 D LifecycleMonitor: Lifecycle status change: androidx.test.core.app.InstrumentationActivityInvoker$EmptyActivity@85d91ef in: CREATED
10-09 18:43:11.881 27684 27684 V ActivityScenario: Activity lifecycle changed event received but ignored because the intent does not match. startActivityIntent=Intent { act=android.intent.action.MAIN cat=[android.intent.category.LAUNCHER] cmp=com.example.dogglers/.GridListActivity }, activity.getIntent()=Intent { act=android.intent.action.MAIN cat=[android.intent.category.LAUNCHER] flg=0x10000000 cmp=com.example.dogglers/androidx.test.core.app.InstrumentationActivityInvoker$EmptyActivity mCallingUid=10115 }, activity=androidx.test.core.app.InstrumentationActivityInvoker$EmptyActivity@85d91ef
10-09 18:43:11.882 27684 27684 D LifecycleMonitor: Lifecycle status change: androidx.test.core.app.InstrumentationActivityInvoker$EmptyActivity@85d91ef in: STARTED
10-09 18:43:11.882 27684 27684 V ActivityScenario: Activity lifecycle changed event received but ignored because the intent does not match. startActivityIntent=Intent { act=android.intent.action.MAIN cat=[android.intent.category.LAUNCHER] cmp=com.example.dogglers/.GridListActivity }, activity.getIntent()=Intent { act=android.intent.action.MAIN cat=[android.intent.category.LAUNCHER] flg=0x10000000 cmp=com.example.dogglers/androidx.test.core.app.InstrumentationActivityInvoker$EmptyActivity mCallingUid=10115 }, activity=androidx.test.core.app.InstrumentationActivityInvoker$EmptyActivity@85d91ef
10-09 18:43:11.884 27684 27684 D LifecycleMonitor: Lifecycle status change: androidx.test.core.app.InstrumentationActivityInvoker$EmptyActivity@85d91ef in: RESUMED
10-09 18:43:11.884 27684 27684 V ActivityScenario: Activity lifecycle changed event received but ignored because the intent does not match. startActivityIntent=Intent { act=android.intent.action.MAIN cat=[android.intent.category.LAUNCHER] cmp=com.example.dogglers/.GridListActivity }, activity.getIntent()=Intent { act=android.intent.action.MAIN cat=[android.intent.category.LAUNCHER] flg=0x10000000 cmp=com.example.dogglers/androidx.test.core.app.InstrumentationActivityInvoker$EmptyActivity mCallingUid=10115 }, activity=androidx.test.core.app.InstrumentationActivityInvoker$EmptyActivity@85d91ef
10-09 18:43:11.885   973  1022 I SurfaceFlinger: [SF client] NEW(0xb400007397437000) for (27684:com.example.dogglers)
10-09 18:43:11.885   859  4288 D C2MtkBufferManager: over 5000ms not request from VCodec but callback hooked, slow BM Cc fetch thread
10-09 18:43:11.886   973   973 D OplusLayer: ~Layer() sequence=9558, name=ActivityRecord{74d8cb4 u0 com.example.dogglers/androidx.test.core.app.InstrumentationActivityInvoker$BootstrapActivity#0 0xb40000739725c000
10-09 18:43:11.887 27684 27684 D WindowManager: Add to mViews: DecorView@d9b5e0b[InstrumentationActivityInvoker$EmptyActivity],pkg= com.example.dogglers
10-09 18:43:11.887  1866  3235 I FocusResolver: updateFocusedWindow,  on display 0, reason: NO_WINDOW, result:   FocusedWindows: <none>
10-09 18:43:11.889 27684 27684 D ViewRootImpl[InstrumentationActivityInvoker$EmptyActivity]: hardware acceleration = true, sRendererEnabled = true, forceHwAccelerated = false
10-09 18:43:11.890  1866  3235 D OplusDisplayPolicy: com.example.dogglers, no change cutoutMode: 0
10-09 18:43:11.896  1866  3235 D OplusDisplayPolicy: com.example.dogglers, no change cutoutMode: 0
10-09 18:43:11.896   973  1022 I BufferQueueDebug: [com.example.dogglers/androidx.test.core.app.InstrumentationActivityInvoker$EmptyActivity#1](this:0xb400007397283998,id:-1,api:0,p:-1,c:-1) BufferQueue core=(973:/system/bin/surfaceflinger)
10-09 18:43:11.900  1866  3235 D Theia.NoFocusWindow: FocusWindowErrorScene cancelCheckFreezeScreen
10-09 18:43:11.901 27684 27684 I BufferQueueConsumer: [](id:6c240000000b,api:0,p:-1,c:27684) connect: controlledByApp=false
10-09 18:43:11.902 27684 27684 I BLASTBufferQueue: [ViewRootImpl[InstrumentationActivityInvoker$EmptyActivity]#11] constructor()
10-09 18:43:11.903 27684 27716 I BufferQueueProducer: [ViewRootImpl[InstrumentationActivityInvoker$EmptyActivity]#11(BLAST Consumer)11](id:6c240000000b,api:1,p:27684,c:27684) connect: api=1 producerControlledByApp=true
10-09 18:43:11.905   859  4288 D C2MtkBufferManager: over 5000ms not request from VCodec but callback hooked, slow BM Cc fetch thread
10-09 18:43:11.910   973   973 D OplusLayer: setBuffer sequence=9582, name=com.example.dogglers/androidx.test.core.app.InstrumentationActivityInvoker$EmptyActivity#1
10-09 18:43:11.910   973   973 I OplusLayer: VRR [FRTC] update from -1 to 0
10-09 18:43:11.910 27684 27705 D SurfaceComposerClient: VRR [FRTC] client handle [bufferId:18446744073709551615 framenumber:0] [ffffffff, ffffffff]
10-09 18:43:11.915  1866  1892 I ActivityTaskManager: Displayed com.example.dogglers/androidx.test.core.app.InstrumentationActivityInvoker$EmptyActivity: +103ms
10-09 18:43:11.917  1866  1895 I PowerHalWrapper: amsBoostNotify pid:27684,activity:androidx.test.core.app.InstrumentationActivityInvoker$EmptyActivity, package:com.example.dogglers, mProcessCreatePackcom.example.dogglers
10-09 18:43:11.917  1866  1895 I PowerHalWrapper: state: 0
10-09 18:43:11.917  1866  1895 I PowerHalWrapper: amsBoostNotify AMS_BOOST_PROCESS_CREATE_BOOST:false
10-09 18:43:11.918   973   973 D OplusLayer: ~Layer() sequence=9578, name=Surface(name=97f7650 NavigationBar0)/@0x92332dd - animation-leash of insets_animation#0 0xb400007396f4f000
10-09 18:43:11.919   973   973 D OplusLayer: ~Layer() sequence=9577, name=Surface(name=634d9c0 StatusBar)/@0x8de5787 - animation-leash of insets_animation#0 0xb400007397026000
10-09 18:43:11.920  1866  5002 I FocusResolver: updateFocusedWindow, ab96721 com.example.dogglers/androidx.test.core.app.InstrumentationActivityInvoker$EmptyActivity on display 0, reason: Window became focusable. Previous reason: NOT_VISIBLE, result:   FocusedWindows:
10-09 18:43:11.920  1866  5002 I FocusResolver:     displayId=0, name='ab96721 com.example.dogglers/androidx.test.core.app.InstrumentationActivityInvoker$EmptyActivity'
10-09 18:43:11.925   859  4288 D C2MtkBufferManager: over 5000ms not request from VCodec but callback hooked, slow BM Cc fetch thread
10-09 18:43:11.928  2696  2696 D CarrierConfigLoader: getConfigForSubIdWithFeature: subscriptionId=2, phoneId=1
10-09 18:43:11.932 27684 27716 I BufferQueueProducer: [ViewRootImpl[InstrumentationActivityInvoker$EmptyActivity]#10(BLAST Consumer)10](id:6c240000000a,api:1,p:27684,c:27684) disconnect: api 1
10-09 18:43:11.932 27684 27716 E BLASTBufferQueue: BLASTBufferItemConsumer::onDisconnect()
10-09 18:43:11.936 27684 27684 I BLASTBufferQueue: [ViewRootImpl[InstrumentationActivityInvoker$EmptyActivity]#10] destructor()
10-09 18:43:11.936 27684 27684 I BufferQueueConsumer: [ViewRootImpl[InstrumentationActivityInvoker$EmptyActivity]#10(BLAST Consumer)10](id:6c240000000a,api:0,p:-1,c:27684) disconnect
10-09 18:43:11.937 27684 27684 D LifecycleMonitor: Lifecycle status change: androidx.test.core.app.InstrumentationActivityInvoker$EmptyActivity@820f0cc in: STOPPED
10-09 18:43:11.937 27684 27684 V ActivityScenario: Activity lifecycle changed event received but ignored because the intent does not match. startActivityIntent=Intent { act=android.intent.action.MAIN cat=[android.intent.category.LAUNCHER] cmp=com.example.dogglers/.GridListActivity }, activity.getIntent()=Intent { act=android.intent.action.MAIN cat=[android.intent.category.LAUNCHER] flg=0x10000000 cmp=com.example.dogglers/androidx.test.core.app.InstrumentationActivityInvoker$EmptyActivity mCallingUid=10115 }, activity=androidx.test.core.app.InstrumentationActivityInvoker$EmptyActivity@820f0cc
10-09 18:43:11.942   940   940 E ORMS_HAL: open /sys/devices/platform/soc/soc:oplus-omrg/oplus-omrg0/ruler_enable failed(No such file or directory)
10-09 18:43:11.942   940   940 E ORMS_HAL: open /sys/devices/platform/soc/soc:oplus-omrg/oplus-omrg0/ruler_enable failed(No such file or directory)
10-09 18:43:11.942  1866  5002 D Theia.NoFocusWindow: FocusWindowErrorScene CheckFreezeScreen
10-09 18:43:11.942  1866  1999 I mtkpower_client: perf_lock_rel, hdl:15429, tid:1999
10-09 18:43:11.942  1866  5002 I InputDispatcher: setFocusedApplication displayId=0 ActivityRecord{99a9718 u0 com.android.launcher/.Launcher t5}
10-09 18:43:11.943   886   961 I libPowerHal: [perfLockRel] hdl:15429, idx:0
10-09 18:43:11.943  1866  1999 I mtkpower_client: perf_lock_acq, hdl:15429, dur:0, num:12, tid:1999
10-09 18:43:11.943   886   961 I libPowerHal: system_server: cpu_ctrl set cpu freq: -1 -1 -1 -1
10-09 18:43:11.943   886   961 I libPowerHal: [PD] system_server update cmd:1410000 param:0
10-09 18:43:11.943   886   961 I libPowerHal: [PD] system_server update cmd:1c3c000, param:1
10-09 18:43:11.944   886   961 I libPowerHal: [PD] system_server update cmd:2004100 param:2
10-09 18:43:11.944  1866  1999 I mtkpower_client: ret_hdl:15430
10-09 18:43:11.946   886   961 I libPowerHal: system_server: cpu_ctrl set cpu freq: 2000000 -1 2400000 -1
10-09 18:43:11.946   859  4288 D C2MtkBufferManager: over 5000ms not request from VCodec but callback hooked, slow BM Cc fetch thread
10-09 18:43:11.946   940   940 E ORMS_HAL: open /sys/devices/platform/soc/soc:oplus-omrg/oplus-omrg0/ruler_enable failed(No such file or directory)
10-09 18:43:11.946   940   940 E ORMS_HAL: open /sys/devices/platform/soc/soc:oplus-omrg/oplus-omrg0/ruler_enable failed(No such file or directory)
10-09 18:43:11.947  1866  1999 I mtkpower_client: perf_lock_rel, hdl:15430, tid:1999
10-09 18:43:11.947  1866  1999 I mtkpower_client: perf_lock_acq, hdl:15430, dur:0, num:12, tid:1999
10-09 18:43:11.947  1866  2636 D InputMethodManagerService: isSecurity: attribute.packageName=com.example.dogglers mCurMethodId=org.dslul.openboard.inputmethod.latin/.LatinIME
10-09 18:43:11.948  1866  2636 D InputMethodManagerService: isSecurity= false (  enable=false needShow=false inBlackList=false isExist=true )
10-09 18:43:11.948  1866  2636 D InputMethodManagerService: isSecurity: attribute.packageName=com.example.dogglers mCurMethodId=org.dslul.openboard.inputmethod.latin/.LatinIME
10-09 18:43:11.948  1866  2636 D InputMethodManagerService: isSecurity= false (  enable=false needShow=false inBlackList=false isExist=true )
10-09 18:43:11.948  1866  2636 D InputMethodManagerService: startInputOrWindowGainedFocus:  reset Secure =false
10-09 18:43:11.948   886   961 I libPowerHal: [perfLockRel] hdl:15430, idx:0
10-09 18:43:11.948   886   961 I libPowerHal: system_server: cpu_ctrl set cpu freq: -1 -1 -1 -1
10-09 18:43:11.948   886   961 I libPowerHal: [PD] system_server update cmd:1410000 param:0
10-09 18:43:11.948   886   961 I libPowerHal: [PD] system_server update cmd:1c3c000, param:1
10-09 18:43:11.948   886   961 I libPowerHal: [PD] system_server update cmd:2004100 param:2
10-09 18:43:11.949  1866  1999 I mtkpower_client: ret_hdl:15431
10-09 18:43:11.949   886   961 I libPowerHal: system_server: cpu_ctrl set cpu freq: 2000000 -1 2400000 -1
10-09 18:43:11.949 27684 27684 D LifecycleMonitor: Lifecycle status change: androidx.test.core.app.InstrumentationActivityInvoker$EmptyActivity@85d91ef in: PAUSED
10-09 18:43:11.950 27684 27684 V ActivityScenario: Activity lifecycle changed event received but ignored because the intent does not match. startActivityIntent=Intent { act=android.intent.action.MAIN cat=[android.intent.category.LAUNCHER] cmp=com.example.dogglers/.GridListActivity }, activity.getIntent()=Intent { act=android.intent.action.MAIN cat=[android.intent.category.LAUNCHER] flg=0x10000000 cmp=com.example.dogglers/androidx.test.core.app.InstrumentationActivityInvoker$EmptyActivity mCallingUid=10115 }, activity=androidx.test.core.app.InstrumentationActivityInvoker$EmptyActivity@85d91ef
10-09 18:43:11.950  1866  5002 V SensorManager: call sensorServiceCommonInterface name: setScreenShotDisable
10-09 18:43:11.950  1866  5002 D SensorService: SensorService sensorServiceCommonInterface = setScreenShotDisable
10-09 18:43:11.950  1866  5002 D SensorServiceImpl: SensorServiceExtImpl sensorServiceCommonInterface funcName= setScreenShotDisable , flag =0, status =0
10-09 18:43:11.951  1866  5002 I OplusHansManager : front pkg: com.android.launcher, uid: 10105, prev pkg: com.example.dogglers, prev uid: 10115
10-09 18:43:11.951  1866  3301 I OplusHansManager : notifyAppGoForeground, uid=10105
10-09 18:43:11.951  1866  3301 I OplusHansManager : notifyAppGoBackground, uid=10115
10-09 18:43:11.951  1866  2540 I OplusHansManager : uid=10115, pkg=com.example.dogglers enter SM
10-09 18:43:11.951  1866  2540 I OplusHansManager : uid=10115, pkg=com.example.dogglers R enter()
10-09 18:43:11.951  1866  2368 I Osense-DecisionMaker: notifySceneToPolicy...SCENE_LAUNCHER
10-09 18:43:11.951  1866  2368 D Osense-DecisionMaker: getCurrentSysStats, memMb: 3740
10-09 18:43:11.951  1866  2547 I OplusResourcePreloadManager: resume pkg: com.android.launcher, uid:10105, prev pkg: com.example.dogglers, prev uid: 10115
10-09 18:43:11.953  1866  2636 I FocusResolver: updateFocusedWindow,  on display 0, reason: NO_WINDOW, result:   FocusedWindows: <none>
10-09 18:43:11.954  1866  2855 V DCSEX-AppSwitchManager: OnAppSwitchObserver: onAppExit, resuming = com.android.launcher, target = com.example.dogglers, is ResumingFirstStart =  false, is ResumingMultiApp =  false, extensionInfo =  Bundle[{taskId=5, uid=10105}]
10-09 18:43:11.954  1866  5002 I PowerHalWrapper: amsBoostNotify pid:2548,activity:com.android.launcher.Launcher, package:com.android.launcher, mProcessCreatePackcom.example.dogglers
10-09 18:43:11.954  1866  5002 I PowerHalWrapper: state: 1
10-09 18:43:11.954  1866  5002 I PowerHalWrapper: amsBoostNotify AMS_BOOST_PROCESS_CREATE_BOOST:false
10-09 18:43:11.954  1866  7056 D DCSEX-AppLaunchEventRecorder: onAppSwitch from = com.example.dogglers to = com.android.launcher
10-09 18:43:11.955   886   961 I libPowerHal: [perfNotifyAppState] foreground:com.android.launcher, pid:2548, uid:10105
10-09 18:43:11.955   886   961 I UxUtility: notifyForegroundApp pack:com.android.launcher, uid:10105
10-09 18:43:11.955   886   961 I TouchUtility: notifyAppState error = NULL
10-09 18:43:11.955   886   896 I mtkpower@impl: [notifyAppState] pc:0, com.example.dogglers => com.android.launcher
10-09 18:43:11.955  2739 31418 D AppSwitchListener: onAppExit() called !
10-09 18:43:11.956  2739  2769 W Battery : ThermalControlUtils: mForegroundPkg=com.android.launcher
10-09 18:43:11.956  1866  2855 V DCSEX-AppSwitchManager: OnAppSwitchObserver: onAppEnter, launchedFrom =  null, target =  com.android.launcher, is firstStart =  false, is multiApp =  false, extensionInfo =  Bundle[{taskId=5, pid=2548, uid=10105}]
10-09 18:43:11.957  1866  1980 E AthenaService: MemoryGuardAction: handleAppChange
10-09 18:43:11.957  4545  4563 D ZoomAppController: ignore onAppEnter: mCurrentZoomInfo is null
10-09 18:43:11.958  1866  5002 I PowerHalWrapper: amsBoostNotify pid:27684,activity:androidx.test.core.app.InstrumentationActivityInvoker$EmptyActivity, package:com.example.dogglers, mProcessCreatePackcom.example.dogglers
10-09 18:43:11.958  1866  5002 I PowerHalWrapper: state: 0
10-09 18:43:11.958  1866  5002 I PowerHalWrapper: amsBoostNotify AMS_BOOST_PROCESS_CREATE_BOOST:false
10-09 18:43:11.959  2739  2922 D AppSwitchListener: onAppEnter: Uid = 10115
10-09 18:43:11.959  2739  2922 W AuthDialogHelper: checkNotificationSwitchFirst() called with: context = [com.oplus.notification.NotificationCenterService@418e2fb], pkg = [com.example.dogglers], uid = [10115], userId = [0], init checker
10-09 18:43:11.959  2739  2769 W Battery : ThermalControllHandler: tempLevel=4,userMode=2,gameUserMode=-1,appType=-1,envTempType=0,appStates=[]
10-09 18:43:11.959 27684 27684 D LifecycleMonitor: Lifecycle status change: androidx.test.core.app.InstrumentationActivityInvoker$EmptyActivity@820f0cc in: DESTROYED
10-09 18:43:11.959  2739  2922 E AuthDialogHelper: CheckNotificationCanBeSetSecond: check com.example.dogglers , Notification master switch on, unable to pop dialog
10-09 18:43:11.959  2739  2769 W Battery : ThermalControllerCenter: mSafetyState=10000
10-09 18:43:11.960 27684 27684 V ActivityScenario: Activity lifecycle changed event received but ignored because the intent does not match. startActivityIntent=Intent { act=android.intent.action.MAIN cat=[android.intent.category.LAUNCHER] cmp=com.example.dogglers/.GridListActivity }, activity.getIntent()=Intent { act=android.intent.action.MAIN cat=[android.intent.category.LAUNCHER] flg=0x10000000 cmp=com.example.dogglers/androidx.test.core.app.InstrumentationActivityInvoker$EmptyActivity mCallingUid=10115 }, activity=androidx.test.core.app.InstrumentationActivityInvoker$EmptyActivity@820f0cc
10-09 18:43:11.960 27684 27684 D View    : [Warning] assignParent to null: this = DecorView@3a03af7[InstrumentationActivityInvoker$EmptyActivity]
10-09 18:43:11.961  1866  2636 W InputManager-JNI: Input channel object '7de5b0e com.example.dogglers/androidx.test.core.app.InstrumentationActivityInvoker$EmptyActivity (client)' was disposed without first being removed with the input manager!
10-09 18:43:11.961  2739  2769 W Battery : ThermalControllHandler: tempGear=4,configItemName=common_config
10-09 18:43:11.962   968 25121 D AudioPolicyService: updateUidStates_l() current->uid=10136 current->pid=4167 allowCapture=1 UidState=5 apmStat=1
10-09 18:43:11.962  2739  5446 W Battery : ThermalControllHandler: MSG_THERMAL_CONTROL_CATEGORY_CHANGED
10-09 18:43:11.963  3306  3324 D OplusAtlas.OplusAtlasEventDispatch: setEvent:atlas_event_on_foreground_activities_changed info:pid:2548,uid:10105,hasForegroundActivities:1
10-09 18:43:11.964  4707  4771 V DeepThinker: ProcessManager: onForegroundActivitiesChanged pid:2548, uid:10105, foregroundActivities:true
10-09 18:43:11.964  3306  4568 D OplusAtlas.OplusAudioScene: callback success event:atlas_event_on_foreground_activities_changed eventInfo:pid:2548,uid:10105,hasForegroundActivities:1
10-09 18:43:11.964  3306  4841 D OplusAtlas.OplusMessageHandler: handleMessage: Msg { when=0 what=2 obj=com.oplus.atlas.OplusAtlasEvent@ff7d4ee target=com.oplus.atlas.OplusMessageHandler$MyHandler }
10-09 18:43:11.966 27684 27713 I TestRunner: finished: grid_list_content_at_last_position(com.example.dogglers.GridListTests)
