10-09 18:57:12.177   973  1023 I BufferQueueDebug: [com.example.dogglers/androidx.test.core.app.InstrumentationActivityInvoker$EmptyActivity#0](this:0xb4000073962e0998,id:-1,api:0,p:-1,c:-1) BufferQueue core=(973:/system/bin/surfaceflinger)
10-09 18:57:12.181  1866  5003 D Theia.NoFocusWindow: FocusWindowErrorScene cancelCheckFreezeScreen
10-09 18:57:12.182  3789  3789 I BufferQueueConsumer: [](id:ecd00000001,api:0,p:-1,c:3789) connect: controlledByApp=false
10-09 18:57:12.183  3789  3789 I BLASTBufferQueue: [ViewRootImpl[InstrumentationActivityInvoker$EmptyActivity]#1] constructor()
10-09 18:57:12.184  3789  3845 I BufferQueueProducer: [ViewRootImpl[InstrumentationActivityInvoker$EmptyActivity]#1(BLAST Consumer)1](id:ecd00000001,api:1,p:3789,c:3789) connect: api=1 producerControlledByApp=true
10-09 18:57:12.186   859  4288 D C2MtkBufferManager: over 5000ms not request from VCodec but callback hooked, slow BM Cc fetch thread
10-09 18:57:12.186   973   973 D OplusLayer: ~Layer() sequence=10370, name=Surface(name=97f7650 NavigationBar0)/@0x92332dd - animation-leash of insets_animation#0 0xb4000073b0549000
10-09 18:57:12.186   973   973 D OplusLayer: ~Layer() sequence=10369, name=Surface(name=634d9c0 StatusBar)/@0x8de5787 - animation-leash of insets_animation#1 0xb4000073d5510000
10-09 18:57:12.203   973   973 D OplusLayer: ~Layer() sequence=10374, name=Surface(name=634d9c0 StatusBar)/@0x8de5787 - animation-leash of insets_animation#0 0xb4000073975da800
10-09 18:57:12.203   973   973 D OplusLayer: ~Layer() sequence=10375, name=Surface(name=97f7650 NavigationBar0)/@0x92332dd - animation-leash of insets_animation#1 0xb400007397026000
10-09 18:57:12.209   859  4288 D C2MtkBufferManager: over 5000ms not request from VCodec but callback hooked, slow BM Cc fetch thread
10-09 18:57:12.218   973   973 D OplusLayer: setBuffer sequence=10377, name=com.example.dogglers/androidx.test.core.app.InstrumentationActivityInvoker$EmptyActivity#0
10-09 18:57:12.219   973   973 I OplusLayer: VRR [FRTC] update from -1 to 0
10-09 18:57:12.219  3789  3878 D SurfaceComposerClient: VRR [FRTC] client handle [bufferId:18446744073709551615 framenumber:0] [ffffffff, ffffffff]
10-09 18:57:12.223  1866  1892 I ActivityTaskManager: Displayed com.example.dogglers/androidx.test.core.app.InstrumentationActivityInvoker$EmptyActivity: +95ms
10-09 18:57:12.229   859  4288 D C2MtkBufferManager: over 5000ms not request from VCodec but callback hooked, slow BM Cc fetch thread
10-09 18:57:12.231   968 25121 D AudioPolicyService: updateUidStates_l() current->uid=10136 current->pid=4167 allowCapture=1 UidState=5 apmStat=1
10-09 18:57:12.232  3116  3239 I FontLog : Received query Noto Color Emoji Compat, URI content://com.google.android.gms.fonts [CONTEXT service_id=132 ]
10-09 18:57:12.232  3116  3239 I FontLog : Query [emojicompat-emoji-font] resolved to {Noto Color Emoji Compat, wdth 100.0, wght 400, ital 0.0, bestEffort false} [CONTEXT service_id=132 ]
10-09 18:57:12.233   940   940 E ORMS_HAL: open /sys/devices/platform/soc/soc:oplus-omrg/oplus-omrg0/ruler_enable failed(No such file or directory)
10-09 18:57:12.234  3116  3239 I FontLog : Fetch {Noto Color Emoji Compat, wdth 100.0, wght 400, ital 0.0, bestEffort false} end status Status{statusCode=SUCCESS, resolution=null} [CONTEXT service_id=132 ]
10-09 18:57:12.234   940   940 E ORMS_HAL: open /sys/devices/platform/soc/soc:oplus-omrg/oplus-omrg0/ruler_enable failed(No such file or directory)
10-09 18:57:12.235  1866  1999 I mtkpower_client: perf_lock_rel, hdl:15776, tid:1999
10-09 18:57:12.235  1866  1999 I mtkpower_client: perf_lock_acq, hdl:15776, dur:0, num:10, tid:1999
10-09 18:57:12.235   886   961 I libPowerHal: [perfLockRel] hdl:15776, idx:0
10-09 18:57:12.236   886   961 I libPowerHal: system_server: cpu_ctrl set cpu freq: -1 -1 -1 -1
10-09 18:57:12.236  3789  3789 D LifecycleMonitor: Lifecycle status change: com.example.dogglers.VerticalListActivity@dbe088d in: STOPPED
10-09 18:57:12.236   886   961 I libPowerHal: [PD] system_server update cmd:1410000 param:0
10-09 18:57:12.236  3789  3789 V ActivityScenario: Update currentActivityStage to STOPPED, currentActivity=com.example.dogglers.VerticalListActivity@dbe088d
10-09 18:57:12.236   886   961 I libPowerHal: [PD] system_server update cmd:1c3c000, param:1
10-09 18:57:12.236   886   961 I libPowerHal: [PD] system_server update cmd:2004100 param:2
10-09 18:57:12.237  1866  1999 I mtkpower_client: ret_hdl:15777
10-09 18:57:12.237   886   897 I mtkpower@impl: [setMode] type:5, enabled:1
10-09 18:57:12.237  1866  2773 I FocusResolver: updateFocusedWindow, 62ed6c com.example.dogglers/androidx.test.core.app.InstrumentationActivityInvoker$EmptyActivity on display 0, reason: Window became focusable. Previous reason: NOT_VISIBLE, result:   FocusedWindows:
10-09 18:57:12.237  1866  2773 I FocusResolver:     displayId=0, name='62ed6c com.example.dogglers/androidx.test.core.app.InstrumentationActivityInvoker$EmptyActivity'
10-09 18:57:12.238   940   940 E ORMS_HAL: open /sys/devices/platform/soc/soc:oplus-omrg/oplus-omrg0/ruler_enable failed(No such file or directory)
10-09 18:57:12.238  3789  3789 D LifecycleMonitor: Lifecycle status change: com.example.dogglers.VerticalListActivity@dbe088d in: DESTROYED
10-09 18:57:12.238   940   940 E ORMS_HAL: open /sys/devices/platform/soc/soc:oplus-omrg/oplus-omrg0/ruler_enable failed(No such file or directory)
10-09 18:57:12.238  3789  3789 V ActivityScenario: Update currentActivityStage to DESTROYED, currentActivity=null
10-09 18:57:12.239  1866  1999 I mtkpower_client: perf_lock_rel, hdl:15777, tid:1999
10-09 18:57:12.240   886   961 I libPowerHal: system_server: cpu_ctrl set cpu freq: 2000000 -1 2400000 -1
10-09 18:57:12.240  3789  3845 I BufferQueueProducer: [ViewRootImpl[VerticalListActivity]#0(BLAST Consumer)0](id:ecd00000000,api:1,p:3789,c:3789) disconnect: api 1
10-09 18:57:12.241  1866  1999 I mtkpower_client: perf_lock_acq, hdl:15777, dur:0, num:10, tid:1999
10-09 18:57:12.241   886   961 I libPowerHal: [perfLockRel] hdl:15777, idx:0
10-09 18:57:12.241  3789  3845 E BLASTBufferQueue: BLASTBufferItemConsumer::onDisconnect()
10-09 18:57:12.241  3789  3789 D View    : [Warning] assignParent to null: this = DecorView@fff334e[VerticalListActivity]
10-09 18:57:12.241   886   961 I libPowerHal: system_server: cpu_ctrl set cpu freq: -1 -1 -1 -1
10-09 18:57:12.241   886   961 I libPowerHal: [PD] system_server update cmd:1c3c000, param:1
10-09 18:57:12.242   886   961 I libPowerHal: [PD] system_server update cmd:2004100 param:2
10-09 18:57:12.242  3116  3239 I FontLog : Pulling font file for id = 181, cache size = 7 [CONTEXT service_id=132 ]
10-09 18:57:12.242  1866  1999 I mtkpower_client: ret_hdl:15778
10-09 18:57:12.242   886   961 I libPowerHal: system_server: cpu_ctrl set cpu freq: 2000000 -1 2400000 -1
10-09 18:57:12.245  1866  2773 W InputManager-JNI: Input channel object 'a02a6e4 com.example.dogglers/com.example.dogglers.VerticalListActivity (client)' was disposed without first being removed with the input manager!
10-09 18:57:12.246  3116  3239 I FontLog : Pulling font file for id = 181, cache size = 7 [CONTEXT service_id=132 ]
10-09 18:57:12.250   859  4288 D C2MtkBufferManager: over 5000ms not request from VCodec but callback hooked, slow BM Cc fetch thread
10-09 18:57:12.253   973   973 D OplusLayer: ~Layer() sequence=10343, name=Surface(name=7edaa53 InputMethod)/@0x5a9888e - animation-leash of insets_animation#1 0xb4000073963a1800
10-09 18:57:12.253   973   973 D OplusLayer: ~Layer() sequence=10367, name=a02a6e4 com.example.dogglers/com.example.dogglers.VerticalListActivity#0 0xb4000073d54af800
10-09 18:57:12.253   973   973 D OplusLayer: ~Layer() sequence=10372, name=Surface(name=7edaa53 InputMethod)/@0x5a9888e - animation-leash of insets_animation#1 0xb4000073b059d800
10-09 18:57:12.255  3789  3789 D LifecycleMonitor: Lifecycle status change: androidx.test.core.app.InstrumentationActivityInvoker$EmptyActivity@579e29c in: PAUSED
10-09 18:57:12.255  3789  3789 V ActivityScenario: Activity lifecycle changed event received but ignored because the intent does not match. startActivityIntent=Intent { act=android.intent.action.MAIN cat=[android.intent.category.LAUNCHER] cmp=com.example.dogglers/.VerticalListActivity }, activity.getIntent()=Intent { act=android.intent.action.MAIN cat=[android.intent.category.LAUNCHER] flg=0x10000000 cmp=com.example.dogglers/androidx.test.core.app.InstrumentationActivityInvoker$EmptyActivity mCallingUid=10115 }, activity=androidx.test.core.app.InstrumentationActivityInvoker$EmptyActivity@579e29c
10-09 18:57:12.257  3789  3878 I BLASTBufferQueue: [ViewRootImpl[VerticalListActivity]#0] destructor()
10-09 18:57:12.257  3789  3878 I BufferQueueConsumer: [ViewRootImpl[VerticalListActivity]#0(BLAST Consumer)0](id:ecd00000000,api:0,p:-1,c:3789) disconnect
10-09 18:57:12.262  1866  5003 I PowerHalWrapper: amsBoostNotify pid:3789,activity:androidx.test.core.app.InstrumentationActivityInvoker$EmptyActivity, package:com.example.dogglers, mProcessCreatePackcom.example.dogglers
10-09 18:57:12.262  1866  5003 I PowerHalWrapper: state: 1
10-09 18:57:12.262  1866  5003 I PowerHalWrapper: amsBoostNotify AMS_BOOST_PROCESS_CREATE_BOOST:false
10-09 18:57:12.262  1866  5003 I InputDispatcher: setFocusedApplication displayId=0 ActivityRecord{39a4fa5 u0 com.example.dogglers/androidx.test.core.app.InstrumentationActivityInvoker$EmptyActivity t160}
10-09 18:57:12.263  1866  5003 D Theia.NoFocusWindow: FocusWindowErrorScene CheckFreezeScreen
10-09 18:57:12.265  1866  5003 I PowerHalWrapper: amsBoostNotify pid:3789,activity:androidx.test.core.app.InstrumentationActivityInvoker$EmptyActivity, package:com.example.dogglers, mProcessCreatePackcom.example.dogglers
10-09 18:57:12.265  1866  5003 I PowerHalWrapper: state: 0
10-09 18:57:12.265  1866  5003 I PowerHalWrapper: amsBoostNotify AMS_BOOST_PROCESS_CREATE_BOOST:false
10-09 18:57:12.266  1866  5003 D InputMethodManagerService: isSecurity: attribute.packageName=com.example.dogglers mCurMethodId=org.dslul.openboard.inputmethod.latin/.LatinIME
10-09 18:57:12.266  1866  5003 D InputMethodManagerService: isSecurity= false (  enable=false needShow=false inBlackList=false isExist=true )
10-09 18:57:12.267  1866  5003 D InputMethodManagerService: isSecurity: attribute.packageName=com.example.dogglers mCurMethodId=org.dslul.openboard.inputmethod.latin/.LatinIME
10-09 18:57:12.267  1866  5003 D InputMethodManagerService: isSecurity= false (  enable=false needShow=false inBlackList=false isExist=true )
10-09 18:57:12.267  1866  5003 D InputMethodManagerService: startInputOrWindowGainedFocus:  reset Secure =false
10-09 18:57:12.269   973   973 I BufferQueueDebug: [com.example.dogglers/com.example.dogglers.VerticalListActivity#0](this:0xb40000739637e998,id:-1,api:0,p:-1,c:973) onDestructor()
10-09 18:57:12.269  3789  3831 I BLASTBufferQueue: releaseBufferCallbackThunk bufferId:16273631084547 framenumber:9 blastBufferQueue is dead
10-09 18:57:12.269   973   973 D OplusLayer: ~Layer() sequence=10368, name=com.example.dogglers/com.example.dogglers.VerticalListActivity#0 0xb40000739637c000
10-09 18:57:12.269  3789  3789 D LifecycleMonitor: Lifecycle status change: androidx.test.core.app.InstrumentationActivityInvoker$BootstrapActivity@65854e1 in: DESTROYED
10-09 18:57:12.269   973   973 D OplusLayer: ~Layer() sequence=10371, name=Surface(name=4d84db5 Splash Screen com.example.dogglers)/@0xd49a8b4 - animation-leash of window_animation#0 0xb4000073b05e2000
10-09 18:57:12.269   973   973 D OplusLayer: ~Layer() sequence=10360, name=4d84db5 Splash Screen com.example.dogglers#0 0xb4000073b05bc000
10-09 18:57:12.269  3789  3789 V ActivityScenario: Activity lifecycle changed event received but ignored because the intent does not match. startActivityIntent=Intent { act=android.intent.action.MAIN cat=[android.intent.category.LAUNCHER] cmp=com.example.dogglers/.VerticalListActivity }, activity.getIntent()=Intent { act=android.intent.action.MAIN cat=[android.intent.category.LAUNCHER] flg=0x10008000 cmp=com.example.dogglers/androidx.test.core.app.InstrumentationActivityInvoker$BootstrapActivity (has extras) mCallingUid=10115 }, activity=androidx.test.core.app.InstrumentationActivityInvoker$BootstrapActivity@65854e1
10-09 18:57:12.270   973   973 I BufferQueueDebug: [Splash Screen com.example.dogglers#0](this:0xb400007396329998,id:-1,api:0,p:-1,c:973) onDestructor()
10-09 18:57:12.270  1866  3235 I BLASTBufferQueue: releaseBufferCallbackThunk bufferId:8014408974965 framenumber:1 blastBufferQueue is dead
10-09 18:57:12.270   973   973 D OplusLayer: ~Layer() sequence=10361, name=Splash Screen com.example.dogglers#0 0xb400007396327000
10-09 18:57:12.270   859  4288 D C2MtkBufferManager: over 5000ms not request from VCodec but callback hooked, slow BM Cc fetch thread
10-09 18:57:12.271  3789  3884 D libMEOW : meow new tls: 0xb4000075becc4480
10-09 18:57:12.271  3789  3884 D libMEOW : applied 0 plugin for [com.example.dogglers].
10-09 18:57:12.271  3789  3884 D libMEOW : meow delete tls: 0xb4000075becc4480
10-09 18:57:12.271   940   940 E ORMS_HAL: open /sys/devices/platform/soc/soc:oplus-omrg/oplus-omrg0/ruler_enable failed(No such file or directory)
10-09 18:57:12.272   940   940 E ORMS_HAL: open /sys/devices/platform/soc/soc:oplus-omrg/oplus-omrg0/ruler_enable failed(No such file or directory)
10-09 18:57:12.272  1866  1999 I mtkpower_client: perf_lock_rel, hdl:15778, tid:1999
10-09 18:57:12.272  1866  1999 I mtkpower_client: perf_lock_acq, hdl:15778, dur:0, num:10, tid:1999
10-09 18:57:12.273   886   961 I libPowerHal: [perfLockRel] hdl:15778, idx:0
10-09 18:57:12.273   886   961 I libPowerHal: system_server: cpu_ctrl set cpu freq: -1 -1 -1 -1
10-09 18:57:12.273   886   961 I libPowerHal: [PD] system_server update cmd:1c3c000, param:1
10-09 18:57:12.273   886   961 I libPowerHal: [PD] system_server update cmd:2004100 param:2
10-09 18:57:12.275  1866  1999 I mtkpower_client: ret_hdl:15779
10-09 18:57:12.276   886   961 I libPowerHal: system_server: cpu_ctrl set cpu freq: 2000000 -1 2400000 -1
10-09 18:57:12.277  3789  3789 D LifecycleMonitor: Lifecycle status change: androidx.test.core.app.InstrumentationActivityInvoker$EmptyActivity@6493a1b in: PRE_ON_CREATE
10-09 18:57:12.277  3789  3789 V ActivityScenario: Activity lifecycle changed event received but ignored because the intent does not match. startActivityIntent=Intent { act=android.intent.action.MAIN cat=[android.intent.category.LAUNCHER] cmp=com.example.dogglers/.VerticalListActivity }, activity.getIntent()=Intent { act=android.intent.action.MAIN cat=[android.intent.category.LAUNCHER] flg=0x10000000 cmp=com.example.dogglers/androidx.test.core.app.InstrumentationActivityInvoker$EmptyActivity mCallingUid=10115 }, activity=androidx.test.core.app.InstrumentationActivityInvoker$EmptyActivity@6493a1b
10-09 18:57:12.285   973   973 D OplusLayer: ~Layer() sequence=10359, name=ActivityRecord{c3c0eb7 u0 com.example.dogglers/androidx.test.core.app.InstrumentationActivityInvoker$BootstrapActivity#0 0xb4000073b05af800
10-09 18:57:12.287  3789  3789 D LifecycleMonitor: Lifecycle status change: androidx.test.core.app.InstrumentationActivityInvoker$EmptyActivity@6493a1b in: CREATED
10-09 18:57:12.287  1866  5003 I FocusResolver: updateFocusedWindow,  on display 0, reason: NO_WINDOW, result:   FocusedWindows: <none>
10-09 18:57:12.287  3789  3789 V ActivityScenario: Activity lifecycle changed event received but ignored because the intent does not match. startActivityIntent=Intent { act=android.intent.action.MAIN cat=[android.intent.category.LAUNCHER] cmp=com.example.dogglers/.VerticalListActivity }, activity.getIntent()=Intent { act=android.intent.action.MAIN cat=[android.intent.category.LAUNCHER] flg=0x10000000 cmp=com.example.dogglers/androidx.test.core.app.InstrumentationActivityInvoker$EmptyActivity mCallingUid=10115 }, activity=androidx.test.core.app.InstrumentationActivityInvoker$EmptyActivity@6493a1b
10-09 18:57:12.288  3789  3789 D LifecycleMonitor: Lifecycle status change: androidx.test.core.app.InstrumentationActivityInvoker$EmptyActivity@6493a1b in: STARTED
10-09 18:57:12.288  3789  3789 V ActivityScenario: Activity lifecycle changed event received but ignored because the intent does not match. startActivityIntent=Intent { act=android.intent.action.MAIN cat=[android.intent.category.LAUNCHER] cmp=com.example.dogglers/.VerticalListActivity }, activity.getIntent()=Intent { act=android.intent.action.MAIN cat=[android.intent.category.LAUNCHER] flg=0x10000000 cmp=com.example.dogglers/androidx.test.core.app.InstrumentationActivityInvoker$EmptyActivity mCallingUid=10115 }, activity=androidx.test.core.app.InstrumentationActivityInvoker$EmptyActivity@6493a1b
10-09 18:57:12.289  3789  3789 D LifecycleMonitor: Lifecycle status change: androidx.test.core.app.InstrumentationActivityInvoker$EmptyActivity@6493a1b in: RESUMED
10-09 18:57:12.290  3789  3789 V ActivityScenario: Activity lifecycle changed event received but ignored because the intent does not match. startActivityIntent=Intent { act=android.intent.action.MAIN cat=[android.intent.category.LAUNCHER] cmp=com.example.dogglers/.VerticalListActivity }, activity.getIntent()=Intent { act=android.intent.action.MAIN cat=[android.intent.category.LAUNCHER] flg=0x10000000 cmp=com.example.dogglers/androidx.test.core.app.InstrumentationActivityInvoker$EmptyActivity mCallingUid=10115 }, activity=androidx.test.core.app.InstrumentationActivityInvoker$EmptyActivity@6493a1b
10-09 18:57:12.290   973  1023 I SurfaceFlinger: [SF client] NEW(0xb4000073d54da940) for (3789:com.example.dogglers)
10-09 18:57:12.291   859  4288 D C2MtkBufferManager: over 5000ms not request from VCodec but callback hooked, slow BM Cc fetch thread
10-09 18:57:12.293  3789  3789 D WindowManager: Add to mViews: DecorView@bb75cf7[InstrumentationActivityInvoker$EmptyActivity],pkg= com.example.dogglers
10-09 18:57:12.294  3789  3789 D ViewRootImpl[InstrumentationActivityInvoker$EmptyActivity]: hardware acceleration = true, sRendererEnabled = true, forceHwAccelerated = false
10-09 18:57:12.295  1866  5003 D OplusDisplayPolicy: com.example.dogglers, no change cutoutMode: 0
10-09 18:57:12.302  1866  5003 D OplusDisplayPolicy: com.example.dogglers, no change cutoutMode: 0
10-09 18:57:12.303   973  1023 I BufferQueueDebug: [com.example.dogglers/androidx.test.core.app.InstrumentationActivityInvoker$EmptyActivity#1](this:0xb4000073962e3998,id:-1,api:0,p:-1,c:-1) BufferQueue core=(973:/system/bin/surfaceflinger)
10-09 18:57:12.307  1866  5003 D Theia.NoFocusWindow: FocusWindowErrorScene cancelCheckFreezeScreen
10-09 18:57:12.308  3789  3789 I BufferQueueConsumer: [](id:ecd00000002,api:0,p:-1,c:3789) connect: controlledByApp=false
10-09 18:57:12.308  3789  3789 I BLASTBufferQueue: [ViewRootImpl[InstrumentationActivityInvoker$EmptyActivity]#2] constructor()
10-09 18:57:12.310  3789  3845 I BufferQueueProducer: [ViewRootImpl[InstrumentationActivityInvoker$EmptyActivity]#2(BLAST Consumer)2](id:ecd00000002,api:1,p:3789,c:3789) connect: api=1 producerControlledByApp=true
10-09 18:57:12.312   859  4288 D C2MtkBufferManager: over 5000ms not request from VCodec but callback hooked, slow BM Cc fetch thread
10-09 18:57:12.318   973   973 D OplusLayer: setBuffer sequence=10383, name=com.example.dogglers/androidx.test.core.app.InstrumentationActivityInvoker$EmptyActivity#1
10-09 18:57:12.318   973   973 I OplusLayer: VRR [FRTC] update from -1 to 0
10-09 18:57:12.318  3789  3831 D SurfaceComposerClient: VRR [FRTC] client handle [bufferId:18446744073709551615 framenumber:0] [ffffffff, ffffffff]
10-09 18:57:12.323  1866  1892 I ActivityTaskManager: Displayed com.example.dogglers/androidx.test.core.app.InstrumentationActivityInvoker$EmptyActivity: +89ms
10-09 18:57:12.330  1866  1895 I PowerHalWrapper: amsBoostNotify pid:3789,activity:androidx.test.core.app.InstrumentationActivityInvoker$EmptyActivity, package:com.example.dogglers, mProcessCreatePackcom.example.dogglers
10-09 18:57:12.330  1866  1895 I PowerHalWrapper: state: 0
10-09 18:57:12.330  1866  1895 I PowerHalWrapper: amsBoostNotify AMS_BOOST_PROCESS_CREATE_BOOST:false
10-09 18:57:12.332   859  4288 D C2MtkBufferManager: over 5000ms not request from VCodec but callback hooked, slow BM Cc fetch thread
10-09 18:57:12.335  3789  3845 I BufferQueueProducer: [ViewRootImpl[InstrumentationActivityInvoker$EmptyActivity]#1(BLAST Consumer)1](id:ecd00000001,api:1,p:3789,c:3789) disconnect: api 1
10-09 18:57:12.335  3789  3845 E BLASTBufferQueue: BLASTBufferItemConsumer::onDisconnect()
10-09 18:57:12.335   973   973 D OplusLayer: ~Layer() sequence=10366, name=ActivityRecord{ac25dc6 u0 com.example.dogglers/.VerticalListActivity#0 0xb4000073963bf800
10-09 18:57:12.336   973   973 D OplusLayer: ~Layer() sequence=10378, name=Surface(name=634d9c0 StatusBar)/@0x8de5787 - animation-leash of insets_animation#1 0xb40000739623d000
10-09 18:57:12.336   973   973 D OplusLayer: ~Layer() sequence=10379, name=Surface(name=97f7650 NavigationBar0)/@0x92332dd - animation-leash of insets_animation#0 0xb40000739625f800
10-09 18:57:12.338  1866  2773 I FocusResolver: updateFocusedWindow, 613feb8 com.example.dogglers/androidx.test.core.app.InstrumentationActivityInvoker$EmptyActivity on display 0, reason: setFocusedWindow, result:   FocusedWindows:
10-09 18:57:12.338  1866  2773 I FocusResolver:     displayId=0, name='613feb8 com.example.dogglers/androidx.test.core.app.InstrumentationActivityInvoker$EmptyActivity'
10-09 18:57:12.338  1866  5003 D Theia.NoFocusWindow: FocusWindowErrorScene CheckFreezeScreen
10-09 18:57:12.339  3789  3789 I BLASTBufferQueue: [ViewRootImpl[InstrumentationActivityInvoker$EmptyActivity]#1] destructor()
10-09 18:57:12.339  3789  3789 I BufferQueueConsumer: [ViewRootImpl[InstrumentationActivityInvoker$EmptyActivity]#1(BLAST Consumer)1](id:ecd00000001,api:0,p:-1,c:3789) disconnect
10-09 18:57:12.342  1866  5003 I InputDispatcher: setFocusedApplication displayId=0 ActivityRecord{99a9718 u0 com.android.launcher/.Launcher t5}
10-09 18:57:12.342   940   940 E ORMS_HAL: open /sys/devices/platform/soc/soc:oplus-omrg/oplus-omrg0/ruler_enable failed(No such file or directory)
10-09 18:57:12.342   940   940 E ORMS_HAL: open /sys/devices/platform/soc/soc:oplus-omrg/oplus-omrg0/ruler_enable failed(No such file or directory)
10-09 18:57:12.343  1866  1999 I mtkpower_client: perf_lock_rel, hdl:15779, tid:1999
10-09 18:57:12.343  1866  1999 I mtkpower_client: perf_lock_acq, hdl:15779, dur:0, num:12, tid:1999
10-09 18:57:12.343   886   961 I libPowerHal: [perfLockRel] hdl:15779, idx:0
10-09 18:57:12.343   886   961 I libPowerHal: system_server: cpu_ctrl set cpu freq: -1 -1 -1 -1
10-09 18:57:12.344   886   961 I libPowerHal: [PD] system_server update cmd:1c3c000, param:1
10-09 18:57:12.344   886   961 I libPowerHal: [PD] system_server update cmd:2004100 param:2
10-09 18:57:12.344  1866  1999 I mtkpower_client: ret_hdl:15780
10-09 18:57:12.345   886   961 I libPowerHal: system_server: cpu_ctrl set cpu freq: 2000000 -1 2400000 -1
10-09 18:57:12.345   940   940 E ORMS_HAL: open /sys/devices/platform/soc/soc:oplus-omrg/oplus-omrg0/ruler_enable failed(No such file or directory)
10-09 18:57:12.345  3789  3789 D LifecycleMonitor: Lifecycle status change: androidx.test.core.app.InstrumentationActivityInvoker$EmptyActivity@579e29c in: STOPPED
10-09 18:57:12.346  3789  3789 V ActivityScenario: Activity lifecycle changed event received but ignored because the intent does not match. startActivityIntent=Intent { act=android.intent.action.MAIN cat=[android.intent.category.LAUNCHER] cmp=com.example.dogglers/.VerticalListActivity }, activity.getIntent()=Intent { act=android.intent.action.MAIN cat=[android.intent.category.LAUNCHER] flg=0x10000000 cmp=com.example.dogglers/androidx.test.core.app.InstrumentationActivityInvoker$EmptyActivity mCallingUid=10115 }, activity=androidx.test.core.app.InstrumentationActivityInvoker$EmptyActivity@579e29c
10-09 18:57:12.346   940   940 E ORMS_HAL: open /sys/devices/platform/soc/soc:oplus-omrg/oplus-omrg0/ruler_enable failed(No such file or directory)
10-09 18:57:12.346  1866  1999 I mtkpower_client: perf_lock_rel, hdl:15780, tid:1999
10-09 18:57:12.347  1866  1999 I mtkpower_client: perf_lock_acq, hdl:15780, dur:0, num:12, tid:1999
10-09 18:57:12.347   886   961 I libPowerHal: [perfLockRel] hdl:15780, idx:0
10-09 18:57:12.347   886   961 I libPowerHal: system_server: cpu_ctrl set cpu freq: -1 -1 -1 -1
10-09 18:57:12.347   886   961 I libPowerHal: [PD] system_server update cmd:1410000 param:0
10-09 18:57:12.347  3789  3789 D LifecycleMonitor: Lifecycle status change: androidx.test.core.app.InstrumentationActivityInvoker$EmptyActivity@6493a1b in: PAUSED
10-09 18:57:12.347   886   961 I libPowerHal: [PD] system_server update cmd:1c3c000, param:1
10-09 18:57:12.347   886   961 I libPowerHal: [PD] system_server update cmd:2004100 param:2
10-09 18:57:12.347  3789  3789 V ActivityScenario: Activity lifecycle changed event received but ignored because the intent does not match. startActivityIntent=Intent { act=android.intent.action.MAIN cat=[android.intent.category.LAUNCHER] cmp=com.example.dogglers/.VerticalListActivity }, activity.getIntent()=Intent { act=android.intent.action.MAIN cat=[android.intent.category.LAUNCHER] flg=0x10000000 cmp=com.example.dogglers/androidx.test.core.app.InstrumentationActivityInvoker$EmptyActivity mCallingUid=10115 }, activity=androidx.test.core.app.InstrumentationActivityInvoker$EmptyActivity@6493a1b
10-09 18:57:12.347  1866  1999 I mtkpower_client: ret_hdl:15781
10-09 18:57:12.348   886   961 I libPowerHal: system_server: cpu_ctrl set cpu freq: 2000000 -1 2400000 -1
10-09 18:57:12.348  1866  5003 V SensorManager: call sensorServiceCommonInterface name: setScreenShotDisable
10-09 18:57:12.348  1866  5003 D SensorService: SensorService sensorServiceCommonInterface = setScreenShotDisable
10-09 18:57:12.348  1866  5003 D SensorServiceImpl: SensorServiceExtImpl sensorServiceCommonInterface funcName= setScreenShotDisable , flag =0, status =0
10-09 18:57:12.348  1866  5003 I OplusHansManager : front pkg: com.android.launcher, uid: 10105, prev pkg: com.example.dogglers, prev uid: 10115
10-09 18:57:12.348  1866  3301 I OplusHansManager : notifyAppGoForeground, uid=10105
10-09 18:57:12.348  1866  3301 I OplusHansManager : notifyAppGoBackground, uid=10115
10-09 18:57:12.348  1866  2540 I OplusHansManager : uid=10115, pkg=com.example.dogglers enter SM
10-09 18:57:12.348  1866  2540 I OplusHansManager : uid=10115, pkg=com.example.dogglers R enter()
10-09 18:57:12.348  1866  2368 I Osense-DecisionMaker: notifySceneToPolicy...SCENE_LAUNCHER
10-09 18:57:12.349  1866  2368 D Osense-DecisionMaker: getCurrentSysStats, memMb: 3845
10-09 18:57:12.349  1866  2547 I OplusResourcePreloadManager: resume pkg: com.android.launcher, uid:10105, prev pkg: com.example.dogglers, prev uid: 10115
10-09 18:57:12.350  1866  2855 V DCSEX-AppSwitchManager: OnAppSwitchObserver: onAppExit, resuming = com.android.launcher, target = com.example.dogglers, is ResumingFirstStart =  false, is ResumingMultiApp =  false, extensionInfo =  Bundle[{taskId=5, uid=10105}]
10-09 18:57:12.350  1866  5003 I PowerHalWrapper: amsBoostNotify pid:2548,activity:com.android.launcher.Launcher, package:com.android.launcher, mProcessCreatePackcom.example.dogglers
10-09 18:57:12.350  1866  5003 I PowerHalWrapper: state: 1
10-09 18:57:12.350  1866  7056 D DCSEX-AppLaunchEventRecorder: onAppSwitch from = com.example.dogglers to = com.android.launcher
10-09 18:57:12.350  1866  5003 I PowerHalWrapper: amsBoostNotify AMS_BOOST_PROCESS_CREATE_BOOST:false
10-09 18:57:12.350   886   961 I libPowerHal: [perfNotifyAppState] foreground:com.android.launcher, pid:2548, uid:10105
10-09 18:57:12.350   886   961 I UxUtility: notifyForegroundApp pack:com.android.launcher, uid:10105
10-09 18:57:12.350   886   961 I TouchUtility: notifyAppState error = NULL
10-09 18:57:12.351   886   896 I mtkpower@impl: [notifyAppState] pc:0, com.example.dogglers => com.android.launcher
10-09 18:57:12.351   968 25121 D AudioPolicyService: updateUidStates_l() current->uid=10136 current->pid=4167 allowCapture=1 UidState=5 apmStat=1
10-09 18:57:12.352  2739  2769 D AppSwitchListener: onAppExit() called !
10-09 18:57:12.352  1866  2855 V DCSEX-AppSwitchManager: OnAppSwitchObserver: onAppEnter, launchedFrom =  null, target =  com.android.launcher, is firstStart =  false, is multiApp =  false, extensionInfo =  Bundle[{taskId=5, pid=2548, uid=10105}]
10-09 18:57:12.353  2739 31418 W Battery : ThermalControlUtils: mForegroundPkg=com.android.launcher
10-09 18:57:12.353   859  4288 D C2MtkBufferManager: over 5000ms not request from VCodec but callback hooked, slow BM Cc fetch thread
10-09 18:57:12.353  1866  2773 I FocusResolver: updateFocusedWindow,  on display 0, reason: NO_WINDOW, result:   FocusedWindows: <none>
10-09 18:57:12.353  1866  5003 I PowerHalWrapper: amsBoostNotify pid:3789,activity:androidx.test.core.app.InstrumentationActivityInvoker$EmptyActivity, package:com.example.dogglers, mProcessCreatePackcom.example.dogglers
10-09 18:57:12.353  1866  5003 I PowerHalWrapper: state: 0
10-09 18:57:12.354  1866  5003 I PowerHalWrapper: amsBoostNotify AMS_BOOST_PROCESS_CREATE_BOOST:false
10-09 18:57:12.354  1866  1980 E AthenaService: MemoryGuardAction: handleAppChange
10-09 18:57:12.355  4545  4563 D ZoomAppController: ignore onAppEnter: mCurrentZoomInfo is null
10-09 18:57:12.355  3306  3325 D OplusAtlas.OplusAtlasEventDispatch: setEvent:atlas_event_on_foreground_activities_changed info:pid:2548,uid:10105,hasForegroundActivities:1
10-09 18:57:12.355  4707  4736 V DeepThinker: ProcessManager: onForegroundActivitiesChanged pid:2548, uid:10105, foregroundActivities:true
10-09 18:57:12.356  3306  4568 D OplusAtlas.OplusAudioScene: callback success event:atlas_event_on_foreground_activities_changed eventInfo:pid:2548,uid:10105,hasForegroundActivities:1
10-09 18:57:12.356  3306  4841 D OplusAtlas.OplusMessageHandler: handleMessage: Msg { when=0 what=2 obj=com.oplus.atlas.OplusAtlasEvent@dca7b47 target=com.oplus.atlas.OplusMessageHandler$MyHandler }
10-09 18:57:12.358  2739 31418 W Battery : ThermalControllHandler: tempLevel=4,userMode=2,gameUserMode=-1,appType=-1,envTempType=0,appStates=[]
10-09 18:57:12.358  2739 31418 W Battery : ThermalControllerCenter: mSafetyState=10000
10-09 18:57:12.360  2739 31418 W Battery : ThermalControllHandler: tempGear=4,configItemName=common_config
10-09 18:57:12.360  2739  5446 W Battery : ThermalControllHandler: MSG_THERMAL_CONTROL_CATEGORY_CHANGED
10-09 18:57:12.361  3789  3789 D LifecycleMonitor: Lifecycle status change: androidx.test.core.app.InstrumentationActivityInvoker$EmptyActivity@579e29c in: DESTROYED
10-09 18:57:12.361  3789  3789 V ActivityScenario: Activity lifecycle changed event received but ignored because the intent does not match. startActivityIntent=Intent { act=android.intent.action.MAIN cat=[android.intent.category.LAUNCHER] cmp=com.example.dogglers/.VerticalListActivity }, activity.getIntent()=Intent { act=android.intent.action.MAIN cat=[android.intent.category.LAUNCHER] flg=0x10000000 cmp=com.example.dogglers/androidx.test.core.app.InstrumentationActivityInvoker$EmptyActivity mCallingUid=10115 }, activity=androidx.test.core.app.InstrumentationActivityInvoker$EmptyActivity@579e29c
10-09 18:57:12.362   968 25121 D AudioPolicyService: updateUidStates_l() current->uid=10136 current->pid=4167 allowCapture=1 UidState=5 apmStat=1
10-09 18:57:12.362   968 25121 D AudioPolicyService: updateUidStates_l() current->uid=10136 current->pid=4167 allowCapture=1 UidState=3 apmStat=1
10-09 18:57:12.363  3789  3789 D View    : [Warning] assignParent to null: this = DecorView@cd36407[InstrumentationActivityInvoker$EmptyActivity]
10-09 18:57:12.363  1866  3235 W InputManager-JNI: Input channel object '62ed6c com.example.dogglers/androidx.test.core.app.InstrumentationActivityInvoker$EmptyActivity (client)' was disposed without first being removed with the input manager!
10-09 18:57:12.366  3335  3356 E oiface  : get gpu freq table failed
10-09 18:57:12.367   973  3273 I BufferQueueDebug: [com.android.launcher/com.android.launcher.Launcher#0](this:0xb40000739632c998,id:-1,api:0,p:-1,c:-1) BufferQueue core=(973:/system/bin/surfaceflinger)
10-09 18:57:12.368   973   973 D OplusLayer: ~Layer() sequence=10376, name=62ed6c com.example.dogglers/androidx.test.core.app.InstrumentationActivityInvoker$EmptyActivity#0 0xb4000073b06b9800
10-09 18:57:12.368   973   973 I BufferQueueDebug: [com.example.dogglers/androidx.test.core.app.InstrumentationActivityInvoker$EmptyActivity#0](this:0xb4000073962e0998,id:-1,api:0,p:-1,c:973) onDestructor()
10-09 18:57:12.368   973   973 D OplusLayer: ~Layer() sequence=10377, name=com.example.dogglers/androidx.test.core.app.InstrumentationActivityInvoker$EmptyActivity#0 0xb4000073962de000
10-09 18:57:12.368  3789  3831 I BLASTBufferQueue: releaseBufferCallbackThunk bufferId:16273631084549 framenumber:1 blastBufferQueue is dead
10-09 18:57:12.369  3335  3356 E oiface  : get gpu freq table failed
10-09 18:57:12.370  4661  4661 I BufferQueueConsumer: [](id:1235000000c0,api:0,p:-1,c:4661) connect: controlledByApp=false
10-09 18:57:12.370  4661  4661 I BLASTBufferQueue: [ViewRootImpl[Launcher]#192] constructor()
10-09 18:57:12.371  4661  4661 I A       : (REDACTED) onApplyWindowInsets: systemWindowInsets=%s
10-09 18:57:12.371  4661  4661 I A       : (REDACTED) onApplyWindowInsets: systemWindowInsets=%s
10-09 18:57:12.371  4661  4875 I BufferQueueProducer: [ViewRootImpl[Launcher]#192(BLAST Consumer)192](id:1235000000c0,api:1,p:4661,c:4661) connect: api=1 producerControlledByApp=true
10-09 18:57:12.374   867   923 I sensors-hal-OriginChannel: wise light debug, data[4].type is 65627,data[4].sensor is 91:[483.000000,,200.000000,,6.000000,0.000000,23586584793418]
10-09 18:57:12.374  3789  3842 I TestRunner: finished: recycler_view_item_count(com.example.dogglers.VerticalListTests)
