10-09 18:57:15.994   973   973 D OplusLayer: ~Layer() sequence=10483, name=Surface(name=634d9c0 StatusBar)/@0x8de5787 - animation-leash of insets_animation#1 0xb40000739632f000
10-09 18:57:15.994   973   973 D OplusLayer: ~Layer() sequence=10484, name=Surface(name=97f7650 NavigationBar0)/@0x92332dd - animation-leash of insets_animation#0 0xb400007396331800
10-09 18:57:15.995  3789  3789 D LifecycleMonitor: Lifecycle status change: com.example.dogglers.VerticalListActivity@b2585c1 in: STOPPED
10-09 18:57:15.996  3789  3789 V ActivityScenario: Update currentActivityStage to STOPPED, currentActivity=com.example.dogglers.VerticalListActivity@b2585c1
10-09 18:57:15.996  1866  1881 I FocusResolver: updateFocusedWindow, 39d8756 com.example.dogglers/androidx.test.core.app.InstrumentationActivityInvoker$EmptyActivity on display 0, reason: Window became focusable. Previous reason: NOT_VISIBLE, result:   FocusedWindows:
10-09 18:57:15.996  1866  1881 I FocusResolver:     displayId=0, name='39d8756 com.example.dogglers/androidx.test.core.app.InstrumentationActivityInvoker$EmptyActivity'
10-09 18:57:15.997  3789  3789 D LifecycleMonitor: Lifecycle status change: com.example.dogglers.VerticalListActivity@b2585c1 in: DESTROYED
10-09 18:57:15.997  3789  3789 V ActivityScenario: Update currentActivityStage to DESTROYED, currentActivity=null
10-09 18:57:16.000  3789  3845 I BufferQueueProducer: [ViewRootImpl[VerticalListActivity]#9(BLAST Consumer)9](id:ecd00000009,api:1,p:3789,c:3789) disconnect: api 1
10-09 18:57:16.000  3789  3845 E BLASTBufferQueue: BLASTBufferItemConsumer::onDisconnect()
10-09 18:57:16.000  3789  3789 D View    : [Warning] assignParent to null: this = DecorView@392bf0[VerticalListActivity]
10-09 18:57:16.001  1866  1881 W InputManager-JNI: Input channel object 'c98d9d2 com.example.dogglers/com.example.dogglers.VerticalListActivity (client)' was disposed without first being removed with the input manager!
10-09 18:57:16.004   859  4288 D C2MtkBufferManager: over 5000ms not request from VCodec but callback hooked, slow BM Cc fetch thread
10-09 18:57:16.010  3789  3789 D LifecycleMonitor: Lifecycle status change: androidx.test.core.app.InstrumentationActivityInvoker$EmptyActivity@5903e98 in: PAUSED
10-09 18:57:16.010  3789  3789 V ActivityScenario: Activity lifecycle changed event received but ignored because the intent does not match. startActivityIntent=Intent { act=android.intent.action.MAIN cat=[android.intent.category.LAUNCHER] cmp=com.example.dogglers/.VerticalListActivity }, activity.getIntent()=Intent { act=android.intent.action.MAIN cat=[android.intent.category.LAUNCHER] flg=0x10000000 cmp=com.example.dogglers/androidx.test.core.app.InstrumentationActivityInvoker$EmptyActivity mCallingUid=10115 }, activity=androidx.test.core.app.InstrumentationActivityInvoker$EmptyActivity@5903e98
10-09 18:57:16.011   973   973 D OplusLayer: ~Layer() sequence=10457, name=Surface(name=7edaa53 InputMethod)/@0x5a9888e - animation-leash of insets_animation#0 0xb40000739627f800
10-09 18:57:16.012   973   973 D OplusLayer: ~Layer() sequence=10481, name=c98d9d2 com.example.dogglers/com.example.dogglers.VerticalListActivity#0 0xb4000073b02b4000
10-09 18:57:16.012   973   973 D OplusLayer: ~Layer() sequence=10486, name=Surface(name=7edaa53 InputMethod)/@0x5a9888e - animation-leash of insets_animation#0 0xb4000073b05af800
10-09 18:57:16.014  1866  1881 I PowerHalWrapper: amsBoostNotify pid:3789,activity:androidx.test.core.app.InstrumentationActivityInvoker$EmptyActivity, package:com.example.dogglers, mProcessCreatePackcom.example.dogglers
10-09 18:57:16.014  1866  1881 I PowerHalWrapper: state: 1
10-09 18:57:16.014  1866  1881 I PowerHalWrapper: amsBoostNotify AMS_BOOST_PROCESS_CREATE_BOOST:false
10-09 18:57:16.015  1866  1881 I InputDispatcher: setFocusedApplication displayId=0 ActivityRecord{bc47206 u0 com.example.dogglers/androidx.test.core.app.InstrumentationActivityInvoker$EmptyActivity t163}
10-09 18:57:16.015  1866  1881 D Theia.NoFocusWindow: FocusWindowErrorScene CheckFreezeScreen
10-09 18:57:16.016  3789  3951 I BLASTBufferQueue: [ViewRootImpl[VerticalListActivity]#9] destructor()
10-09 18:57:16.016  3789  3951 I BufferQueueConsumer: [ViewRootImpl[VerticalListActivity]#9(BLAST Consumer)9](id:ecd00000009,api:0,p:-1,c:3789) disconnect
10-09 18:57:16.017  1866  1881 I PowerHalWrapper: amsBoostNotify pid:3789,activity:androidx.test.core.app.InstrumentationActivityInvoker$EmptyActivity, package:com.example.dogglers, mProcessCreatePackcom.example.dogglers
10-09 18:57:16.017  1866  1881 I PowerHalWrapper: state: 0
10-09 18:57:16.018  1866  1881 I PowerHalWrapper: amsBoostNotify AMS_BOOST_PROCESS_CREATE_BOOST:false
10-09 18:57:16.019  1866  1881 D InputMethodManagerService: isSecurity: attribute.packageName=com.example.dogglers mCurMethodId=org.dslul.openboard.inputmethod.latin/.LatinIME
10-09 18:57:16.019  1866  1881 D InputMethodManagerService: isSecurity= false (  enable=false needShow=false inBlackList=false isExist=true )
10-09 18:57:16.019  1866  1881 D InputMethodManagerService: isSecurity: attribute.packageName=com.example.dogglers mCurMethodId=org.dslul.openboard.inputmethod.latin/.LatinIME
10-09 18:57:16.019  1866  1881 D InputMethodManagerService: isSecurity= false (  enable=false needShow=false inBlackList=false isExist=true )
10-09 18:57:16.019  1866  1881 D InputMethodManagerService: startInputOrWindowGainedFocus:  reset Secure =false
10-09 18:57:16.021  3789  3789 D LifecycleMonitor: Lifecycle status change: androidx.test.core.app.InstrumentationActivityInvoker$BootstrapActivity@dfb2853 in: DESTROYED
10-09 18:57:16.021  3789  3789 V ActivityScenario: Activity lifecycle changed event received but ignored because the intent does not match. startActivityIntent=Intent { act=android.intent.action.MAIN cat=[android.intent.category.LAUNCHER] cmp=com.example.dogglers/.VerticalListActivity }, activity.getIntent()=Intent { act=android.intent.action.MAIN cat=[android.intent.category.LAUNCHER] flg=0x10008000 cmp=com.example.dogglers/androidx.test.core.app.InstrumentationActivityInvoker$BootstrapActivity (has extras) mCallingUid=10115 }, activity=androidx.test.core.app.InstrumentationActivityInvoker$BootstrapActivity@dfb2853
10-09 18:57:16.022   940   940 E ORMS_HAL: open /sys/devices/platform/soc/soc:oplus-omrg/oplus-omrg0/ruler_enable failed(No such file or directory)
10-09 18:57:16.023  3789  3952 D libMEOW : meow new tls: 0xb4000075bee3f0c0
10-09 18:57:16.023  3789  3952 D libMEOW : applied 0 plugin for [com.example.dogglers].
10-09 18:57:16.023  3789  3952 D libMEOW : meow delete tls: 0xb4000075bee3f0c0
10-09 18:57:16.023   940   940 E ORMS_HAL: open /sys/devices/platform/soc/soc:oplus-omrg/oplus-omrg0/ruler_enable failed(No such file or directory)
10-09 18:57:16.023  1866  1999 I mtkpower_client: perf_lock_rel, hdl:15822, tid:1999
10-09 18:57:16.023  1866  1999 I mtkpower_client: perf_lock_acq, hdl:15822, dur:0, num:12, tid:1999
10-09 18:57:16.024   886   961 I libPowerHal: [perfLockRel] hdl:15822, idx:0
10-09 18:57:16.024   886   961 I libPowerHal: system_server: cpu_ctrl set cpu freq: -1 -1 -1 -1
10-09 18:57:16.024   886   961 I libPowerHal: [PD] system_server update cmd:1410000 param:0
10-09 18:57:16.024   886   961 I libPowerHal: [PD] system_server update cmd:1c3c000, param:1
10-09 18:57:16.024   886   961 I libPowerHal: [PD] system_server update cmd:2004100 param:2
10-09 18:57:16.025   859  4288 D C2MtkBufferManager: over 5000ms not request from VCodec but callback hooked, slow BM Cc fetch thread
10-09 18:57:16.025  1866  1999 I mtkpower_client: ret_hdl:15823
10-09 18:57:16.026   886   961 I libPowerHal: system_server: cpu_ctrl set cpu freq: 2000000 -1 2400000 -1
10-09 18:57:16.027  3789  3951 I BLASTBufferQueue: releaseBufferCallbackThunk bufferId:16273631084582 framenumber:6 blastBufferQueue is dead
10-09 18:57:16.027   973   973 I BufferQueueDebug: [com.example.dogglers/com.example.dogglers.VerticalListActivity#0](this:0xb4000073962cf998,id:-1,api:0,p:-1,c:973) onDestructor()
10-09 18:57:16.027   973   973 D OplusLayer: ~Layer() sequence=10482, name=com.example.dogglers/com.example.dogglers.VerticalListActivity#0 0xb4000073962cd000
10-09 18:57:16.028   973   973 D OplusLayer: ~Layer() sequence=10475, name=ActivityRecord{db65496 u0 com.example.dogglers/.VerticalListActivity#0 0xb400007396c49800
10-09 18:57:16.028  3789  3789 D LifecycleMonitor: Lifecycle status change: androidx.test.core.app.InstrumentationActivityInvoker$EmptyActivity@cf3de6b in: PRE_ON_CREATE
10-09 18:57:16.029  3789  3789 V ActivityScenario: Activity lifecycle changed event received but ignored because the intent does not match. startActivityIntent=Intent { act=android.intent.action.MAIN cat=[android.intent.category.LAUNCHER] cmp=com.example.dogglers/.VerticalListActivity }, activity.getIntent()=Intent { act=android.intent.action.MAIN cat=[android.intent.category.LAUNCHER] flg=0x10000000 cmp=com.example.dogglers/androidx.test.core.app.InstrumentationActivityInvoker$EmptyActivity mCallingUid=10115 }, activity=androidx.test.core.app.InstrumentationActivityInvoker$EmptyActivity@cf3de6b
10-09 18:57:16.039  3789  3789 D LifecycleMonitor: Lifecycle status change: androidx.test.core.app.InstrumentationActivityInvoker$EmptyActivity@cf3de6b in: CREATED
10-09 18:57:16.039  3789  3789 V ActivityScenario: Activity lifecycle changed event received but ignored because the intent does not match. startActivityIntent=Intent { act=android.intent.action.MAIN cat=[android.intent.category.LAUNCHER] cmp=com.example.dogglers/.VerticalListActivity }, activity.getIntent()=Intent { act=android.intent.action.MAIN cat=[android.intent.category.LAUNCHER] flg=0x10000000 cmp=com.example.dogglers/androidx.test.core.app.InstrumentationActivityInvoker$EmptyActivity mCallingUid=10115 }, activity=androidx.test.core.app.InstrumentationActivityInvoker$EmptyActivity@cf3de6b
10-09 18:57:16.040  3789  3789 D LifecycleMonitor: Lifecycle status change: androidx.test.core.app.InstrumentationActivityInvoker$EmptyActivity@cf3de6b in: STARTED
10-09 18:57:16.040  3789  3789 V ActivityScenario: Activity lifecycle changed event received but ignored because the intent does not match. startActivityIntent=Intent { act=android.intent.action.MAIN cat=[android.intent.category.LAUNCHER] cmp=com.example.dogglers/.VerticalListActivity }, activity.getIntent()=Intent { act=android.intent.action.MAIN cat=[android.intent.category.LAUNCHER] flg=0x10000000 cmp=com.example.dogglers/androidx.test.core.app.InstrumentationActivityInvoker$EmptyActivity mCallingUid=10115 }, activity=androidx.test.core.app.InstrumentationActivityInvoker$EmptyActivity@cf3de6b
10-09 18:57:16.042  3789  3789 D LifecycleMonitor: Lifecycle status change: androidx.test.core.app.InstrumentationActivityInvoker$EmptyActivity@cf3de6b in: RESUMED
10-09 18:57:16.042  3789  3789 V ActivityScenario: Activity lifecycle changed event received but ignored because the intent does not match. startActivityIntent=Intent { act=android.intent.action.MAIN cat=[android.intent.category.LAUNCHER] cmp=com.example.dogglers/.VerticalListActivity }, activity.getIntent()=Intent { act=android.intent.action.MAIN cat=[android.intent.category.LAUNCHER] flg=0x10000000 cmp=com.example.dogglers/androidx.test.core.app.InstrumentationActivityInvoker$EmptyActivity mCallingUid=10115 }, activity=androidx.test.core.app.InstrumentationActivityInvoker$EmptyActivity@cf3de6b
10-09 18:57:16.042   973  1022 I SurfaceFlinger: [SF client] NEW(0xb4000073b03e0680) for (3789:com.example.dogglers)
10-09 18:57:16.044   973   973 D OplusLayer: ~Layer() sequence=10473, name=ActivityRecord{23d430e u0 com.example.dogglers/androidx.test.core.app.InstrumentationActivityInvoker$BootstrapActivity#0 0xb4000073d54af800
10-09 18:57:16.045  3789  3789 D WindowManager: Add to mViews: DecorView@e6ff647[InstrumentationActivityInvoker$EmptyActivity],pkg= com.example.dogglers
10-09 18:57:16.045   859  4288 D C2MtkBufferManager: over 5000ms not request from VCodec but callback hooked, slow BM Cc fetch thread
10-09 18:57:16.046  1866  1881 I FocusResolver: updateFocusedWindow,  on display 0, reason: NO_WINDOW, result:   FocusedWindows: <none>
10-09 18:57:16.047  3789  3789 D ViewRootImpl[InstrumentationActivityInvoker$EmptyActivity]: hardware acceleration = true, sRendererEnabled = true, forceHwAccelerated = false
10-09 18:57:16.048  1866  1881 D OplusDisplayPolicy: com.example.dogglers, no change cutoutMode: 0
10-09 18:57:16.049   940   940 E ORMS_HAL: open /sys/devices/platform/soc/soc:oplus-omrg/oplus-omrg0/ruler_enable failed(No such file or directory)
10-09 18:57:16.049   940   940 E ORMS_HAL: open /sys/devices/platform/soc/soc:oplus-omrg/oplus-omrg0/ruler_enable failed(No such file or directory)
10-09 18:57:16.050  1866  1999 I mtkpower_client: perf_lock_rel, hdl:15823, tid:1999
10-09 18:57:16.050  1866  1999 I mtkpower_client: perf_lock_acq, hdl:15823, dur:0, num:10, tid:1999
10-09 18:57:16.050   886   961 I libPowerHal: [perfLockRel] hdl:15823, idx:0
10-09 18:57:16.050   886   961 I libPowerHal: system_server: cpu_ctrl set cpu freq: -1 -1 -1 -1
10-09 18:57:16.051   886   961 I libPowerHal: [PD] system_server update cmd:1410000 param:0
10-09 18:57:16.051   886   961 I libPowerHal: [PD] system_server update cmd:1c3c000, param:1
10-09 18:57:16.051   886   961 I libPowerHal: [PD] system_server update cmd:2004100 param:2
10-09 18:57:16.052  1866  1999 I mtkpower_client: ret_hdl:15824
10-09 18:57:16.052   886   961 I libPowerHal: system_server: cpu_ctrl set cpu freq: 2000000 -1 2400000 -1
10-09 18:57:16.054   940   940 E ORMS_HAL: open /sys/devices/platform/soc/soc:oplus-omrg/oplus-omrg0/ruler_enable failed(No such file or directory)
10-09 18:57:16.054   940   940 E ORMS_HAL: open /sys/devices/platform/soc/soc:oplus-omrg/oplus-omrg0/ruler_enable failed(No such file or directory)
10-09 18:57:16.055  1866  1999 I mtkpower_client: perf_lock_rel, hdl:15824, tid:1999
10-09 18:57:16.055  1866  1999 I mtkpower_client: perf_lock_acq, hdl:15824, dur:0, num:10, tid:1999
10-09 18:57:16.055   886   961 I libPowerHal: [perfLockRel] hdl:15824, idx:0
10-09 18:57:16.055  1866  2773 D OplusDisplayPolicy: com.example.dogglers, no change cutoutMode: 0
10-09 18:57:16.056   886   961 I libPowerHal: system_server: cpu_ctrl set cpu freq: -1 -1 -1 -1
10-09 18:57:16.056   973  1022 I BufferQueueDebug: [com.example.dogglers/androidx.test.core.app.InstrumentationActivityInvoker$EmptyActivity#1](this:0xb400007396c21998,id:-1,api:0,p:-1,c:-1) BufferQueue core=(973:/system/bin/surfaceflinger)
10-09 18:57:16.056   886   961 I libPowerHal: [PD] system_server update cmd:1c3c000, param:1
10-09 18:57:16.056   886   961 I libPowerHal: [PD] system_server update cmd:2004100 param:2
10-09 18:57:16.056  1866  1999 I mtkpower_client: ret_hdl:15825
10-09 18:57:16.057   886   961 I libPowerHal: system_server: cpu_ctrl set cpu freq: 2000000 -1 2400000 -1
10-09 18:57:16.060  1866  2773 D Theia.NoFocusWindow: FocusWindowErrorScene cancelCheckFreezeScreen
10-09 18:57:16.061  3789  3789 I BufferQueueConsumer: [](id:ecd0000000b,api:0,p:-1,c:3789) connect: controlledByApp=false
10-09 18:57:16.061  3789  3789 I BLASTBufferQueue: [ViewRootImpl[InstrumentationActivityInvoker$EmptyActivity]#11] constructor()
10-09 18:57:16.063  3789  3845 I BufferQueueProducer: [ViewRootImpl[InstrumentationActivityInvoker$EmptyActivity]#11(BLAST Consumer)11](id:ecd0000000b,api:1,p:3789,c:3789) connect: api=1 producerControlledByApp=true
10-09 18:57:16.067   859  4288 D C2MtkBufferManager: over 5000ms not request from VCodec but callback hooked, slow BM Cc fetch thread
10-09 18:57:16.074  1866  1892 I ActivityTaskManager: Displayed com.example.dogglers/androidx.test.core.app.InstrumentationActivityInvoker$EmptyActivity: +86ms
10-09 18:57:16.076  1866  1895 I PowerHalWrapper: amsBoostNotify pid:3789,activity:androidx.test.core.app.InstrumentationActivityInvoker$EmptyActivity, package:com.example.dogglers, mProcessCreatePackcom.example.dogglers
10-09 18:57:16.076  1866  1895 I PowerHalWrapper: state: 0
10-09 18:57:16.076  1866  1895 I PowerHalWrapper: amsBoostNotify AMS_BOOST_PROCESS_CREATE_BOOST:false
10-09 18:57:16.077   973   973 D OplusLayer: setBuffer sequence=10495, name=com.example.dogglers/androidx.test.core.app.InstrumentationActivityInvoker$EmptyActivity#1
10-09 18:57:16.077   973   973 I OplusLayer: VRR [FRTC] update from -1 to 0
10-09 18:57:16.077  3789  3845 I BufferQueueProducer: [ViewRootImpl[InstrumentationActivityInvoker$EmptyActivity]#10(BLAST Consumer)10](id:ecd0000000a,api:1,p:3789,c:3789) disconnect: api 1
10-09 18:57:16.077  3789  3878 D SurfaceComposerClient: VRR [FRTC] client handle [bufferId:18446744073709551615 framenumber:0] [ffffffff, ffffffff]
10-09 18:57:16.077  3789  3845 E BLASTBufferQueue: BLASTBufferItemConsumer::onDisconnect()
10-09 18:57:16.078   973   973 D OplusLayer: ~Layer() sequence=10490, name=Surface(name=634d9c0 StatusBar)/@0x8de5787 - animation-leash of insets_animation#0 0xb4000073b06b9800
10-09 18:57:16.079   973   973 D OplusLayer: ~Layer() sequence=10491, name=Surface(name=97f7650 NavigationBar0)/@0x92332dd - animation-leash of insets_animation#1 0xb4000073b0735000
10-09 18:57:16.080  1866  4270 I FocusResolver: updateFocusedWindow, f450851 com.example.dogglers/androidx.test.core.app.InstrumentationActivityInvoker$EmptyActivity on display 0, reason: setFocusedWindow, result:   FocusedWindows:
10-09 18:57:16.080  1866  4270 I FocusResolver:     displayId=0, name='f450851 com.example.dogglers/androidx.test.core.app.InstrumentationActivityInvoker$EmptyActivity'
10-09 18:57:16.082  3789  3789 I BLASTBufferQueue: [ViewRootImpl[InstrumentationActivityInvoker$EmptyActivity]#10] destructor()
10-09 18:57:16.082  3789  3789 I BufferQueueConsumer: [ViewRootImpl[InstrumentationActivityInvoker$EmptyActivity]#10(BLAST Consumer)10](id:ecd0000000a,api:0,p:-1,c:3789) disconnect
10-09 18:57:16.084  3789  3789 D LifecycleMonitor: Lifecycle status change: androidx.test.core.app.InstrumentationActivityInvoker$EmptyActivity@5903e98 in: STOPPED
10-09 18:57:16.084  3789  3789 V ActivityScenario: Activity lifecycle changed event received but ignored because the intent does not match. startActivityIntent=Intent { act=android.intent.action.MAIN cat=[android.intent.category.LAUNCHER] cmp=com.example.dogglers/.VerticalListActivity }, activity.getIntent()=Intent { act=android.intent.action.MAIN cat=[android.intent.category.LAUNCHER] flg=0x10000000 cmp=com.example.dogglers/androidx.test.core.app.InstrumentationActivityInvoker$EmptyActivity mCallingUid=10115 }, activity=androidx.test.core.app.InstrumentationActivityInvoker$EmptyActivity@5903e98
10-09 18:57:16.087   859  4288 D C2MtkBufferManager: over 5000ms not request from VCodec but callback hooked, slow BM Cc fetch thread
10-09 18:57:16.088   940   940 E ORMS_HAL: open /sys/devices/platform/soc/soc:oplus-omrg/oplus-omrg0/ruler_enable failed(No such file or directory)
10-09 18:57:16.088  1866  1881 D Theia.NoFocusWindow: FocusWindowErrorScene CheckFreezeScreen
10-09 18:57:16.089  1866  1881 I InputDispatcher: setFocusedApplication displayId=0 ActivityRecord{99a9718 u0 com.android.launcher/.Launcher t5}
10-09 18:57:16.089   940   940 E ORMS_HAL: open /sys/devices/platform/soc/soc:oplus-omrg/oplus-omrg0/ruler_enable failed(No such file or directory)
10-09 18:57:16.089  1866  1999 I mtkpower_client: perf_lock_rel, hdl:15825, tid:1999
10-09 18:57:16.089  1866  1999 I mtkpower_client: perf_lock_acq, hdl:15825, dur:0, num:12, tid:1999
10-09 18:57:16.089   886   961 I libPowerHal: [perfLockRel] hdl:15825, idx:0
10-09 18:57:16.090   886   961 I libPowerHal: system_server: cpu_ctrl set cpu freq: -1 -1 -1 -1
10-09 18:57:16.090   886   961 I libPowerHal: [PD] system_server update cmd:1c3c000, param:1
10-09 18:57:16.090   886   961 I libPowerHal: [PD] system_server update cmd:2004100 param:2
10-09 18:57:16.090  1866  1999 I mtkpower_client: ret_hdl:15826
10-09 18:57:16.091   886   961 I libPowerHal: system_server: cpu_ctrl set cpu freq: 2000000 -1 2400000 -1
10-09 18:57:16.091   940   940 E ORMS_HAL: open /sys/devices/platform/soc/soc:oplus-omrg/oplus-omrg0/ruler_enable failed(No such file or directory)
10-09 18:57:16.091   940   940 E ORMS_HAL: open /sys/devices/platform/soc/soc:oplus-omrg/oplus-omrg0/ruler_enable failed(No such file or directory)
10-09 18:57:16.092  1866  1999 I mtkpower_client: perf_lock_rel, hdl:15826, tid:1999
10-09 18:57:16.092  1866  1999 I mtkpower_client: perf_lock_acq, hdl:15826, dur:0, num:12, tid:1999
10-09 18:57:16.092   886   961 I libPowerHal: [perfLockRel] hdl:15826, idx:0
10-09 18:57:16.093  1866  1881 D InputMethodManagerService: isSecurity: attribute.packageName=com.example.dogglers mCurMethodId=org.dslul.openboard.inputmethod.latin/.LatinIME
10-09 18:57:16.093   886   961 I libPowerHal: system_server: cpu_ctrl set cpu freq: -1 -1 -1 -1
10-09 18:57:16.093  1866  1881 D InputMethodManagerService: isSecurity= false (  enable=false needShow=false inBlackList=false isExist=true )
10-09 18:57:16.093   886   961 I libPowerHal: [PD] system_server update cmd:1410000 param:0
10-09 18:57:16.093   886   961 I libPowerHal: [PD] system_server update cmd:1c3c000, param:1
10-09 18:57:16.093  1866  1881 D InputMethodManagerService: isSecurity: attribute.packageName=com.example.dogglers mCurMethodId=org.dslul.openboard.inputmethod.latin/.LatinIME
10-09 18:57:16.093  1866  1881 D InputMethodManagerService: isSecurity= false (  enable=false needShow=false inBlackList=false isExist=true )
10-09 18:57:16.093   886   961 I libPowerHal: [PD] system_server update cmd:2004100 param:2
10-09 18:57:16.093  1866  1881 D InputMethodManagerService: startInputOrWindowGainedFocus:  reset Secure =false
10-09 18:57:16.094  1866  1999 I mtkpower_client: ret_hdl:15827
10-09 18:57:16.095   886   961 I libPowerHal: system_server: cpu_ctrl set cpu freq: 2000000 -1 2400000 -1
10-09 18:57:16.095  3789  3789 D LifecycleMonitor: Lifecycle status change: androidx.test.core.app.InstrumentationActivityInvoker$EmptyActivity@cf3de6b in: PAUSED
10-09 18:57:16.095  1866  4270 I FocusResolver: updateFocusedWindow,  on display 0, reason: NO_WINDOW, result:   FocusedWindows: <none>
10-09 18:57:16.095  3789  3789 V ActivityScenario: Activity lifecycle changed event received but ignored because the intent does not match. startActivityIntent=Intent { act=android.intent.action.MAIN cat=[android.intent.category.LAUNCHER] cmp=com.example.dogglers/.VerticalListActivity }, activity.getIntent()=Intent { act=android.intent.action.MAIN cat=[android.intent.category.LAUNCHER] flg=0x10000000 cmp=com.example.dogglers/androidx.test.core.app.InstrumentationActivityInvoker$EmptyActivity mCallingUid=10115 }, activity=androidx.test.core.app.InstrumentationActivityInvoker$EmptyActivity@cf3de6b
10-09 18:57:16.096  1866  4270 V SensorManager: call sensorServiceCommonInterface name: setScreenShotDisable
10-09 18:57:16.096  1866  4270 D SensorService: SensorService sensorServiceCommonInterface = setScreenShotDisable
10-09 18:57:16.096  1866  4270 D SensorServiceImpl: SensorServiceExtImpl sensorServiceCommonInterface funcName= setScreenShotDisable , flag =0, status =0
10-09 18:57:16.096  1866  4270 I OplusHansManager : front pkg: com.android.launcher, uid: 10105, prev pkg: com.example.dogglers, prev uid: 10115
10-09 18:57:16.096  1866  3301 I OplusHansManager : notifyAppGoForeground, uid=10105
10-09 18:57:16.096  1866  3301 I OplusHansManager : notifyAppGoBackground, uid=10115
10-09 18:57:16.096  1866  2540 I OplusHansManager : uid=10115, pkg=com.example.dogglers enter SM
10-09 18:57:16.096  1866  2540 I OplusHansManager : uid=10115, pkg=com.example.dogglers R enter()
10-09 18:57:16.096  1866  2368 I Osense-DecisionMaker: notifySceneToPolicy...SCENE_LAUNCHER
10-09 18:57:16.097  1866  2368 D Osense-DecisionMaker: getCurrentSysStats, memMb: 3766
10-09 18:57:16.097  1866  2547 I OplusResourcePreloadManager: resume pkg: com.android.launcher, uid:10105, prev pkg: com.example.dogglers, prev uid: 10115
10-09 18:57:16.098  1866  2855 V DCSEX-AppSwitchManager: OnAppSwitchObserver: onAppExit, resuming = com.android.launcher, target = com.example.dogglers, is ResumingFirstStart =  false, is ResumingMultiApp =  false, extensionInfo =  Bundle[{taskId=5, uid=10105}]
10-09 18:57:16.098  1866  4270 I PowerHalWrapper: amsBoostNotify pid:2548,activity:com.android.launcher.Launcher, package:com.android.launcher, mProcessCreatePackcom.example.dogglers
10-09 18:57:16.098  1866  4270 I PowerHalWrapper: state: 1
10-09 18:57:16.098  1866  7056 D DCSEX-AppLaunchEventRecorder: onAppSwitch from = com.example.dogglers to = com.android.launcher
10-09 18:57:16.098  1866  4270 I PowerHalWrapper: amsBoostNotify AMS_BOOST_PROCESS_CREATE_BOOST:false
10-09 18:57:16.098   886   961 I libPowerHal: [perfNotifyAppState] foreground:com.android.launcher, pid:2548, uid:10105
10-09 18:57:16.098   886   961 I UxUtility: notifyForegroundApp pack:com.android.launcher, uid:10105
10-09 18:57:16.098   886   961 I TouchUtility: notifyAppState error = NULL
10-09 18:57:16.098   886   896 I mtkpower@impl: [notifyAppState] pc:0, com.example.dogglers => com.android.launcher
10-09 18:57:16.099  2739  2769 D AppSwitchListener: onAppExit() called !
10-09 18:57:16.099  1866  2855 V DCSEX-AppSwitchManager: OnAppSwitchObserver: onAppEnter, launchedFrom =  null, target =  com.android.launcher, is firstStart =  false, is multiApp =  false, extensionInfo =  Bundle[{taskId=5, pid=2548, uid=10105}]
10-09 18:57:16.099  2739 31418 W Battery : ThermalControlUtils: mForegroundPkg=com.android.launcher
10-09 18:57:16.100  1866  1980 E AthenaService: MemoryGuardAction: handleAppChange
10-09 18:57:16.101  4545  4563 D ZoomAppController: ignore onAppEnter: mCurrentZoomInfo is null
10-09 18:57:16.102  1866  4270 I PowerHalWrapper: amsBoostNotify pid:3789,activity:androidx.test.core.app.InstrumentationActivityInvoker$EmptyActivity, package:com.example.dogglers, mProcessCreatePackcom.example.dogglers
10-09 18:57:16.102  1866  4270 I PowerHalWrapper: state: 0
10-09 18:57:16.102  1866  4270 I PowerHalWrapper: amsBoostNotify AMS_BOOST_PROCESS_CREATE_BOOST:false
10-09 18:57:16.103  3789  3789 D LifecycleMonitor: Lifecycle status change: androidx.test.core.app.InstrumentationActivityInvoker$EmptyActivity@5903e98 in: DESTROYED
10-09 18:57:16.103  3789  3789 V ActivityScenario: Activity lifecycle changed event received but ignored because the intent does not match. startActivityIntent=Intent { act=android.intent.action.MAIN cat=[android.intent.category.LAUNCHER] cmp=com.example.dogglers/.VerticalListActivity }, activity.getIntent()=Intent { act=android.intent.action.MAIN cat=[android.intent.category.LAUNCHER] flg=0x10000000 cmp=com.example.dogglers/androidx.test.core.app.InstrumentationActivityInvoker$EmptyActivity mCallingUid=10115 }, activity=androidx.test.core.app.InstrumentationActivityInvoker$EmptyActivity@5903e98
10-09 18:57:16.103  2739 31418 W Battery : ThermalControllHandler: tempLevel=4,userMode=2,gameUserMode=-1,appType=-1,envTempType=0,appStates=[]
10-09 18:57:16.104  3789  3789 D View    : [Warning] assignParent to null: this = DecorView@c41e3f3[InstrumentationActivityInvoker$EmptyActivity]
10-09 18:57:16.104   968 15760 D AudioPolicyService: updateUidStates_l() current->uid=10136 current->pid=4167 allowCapture=1 UidState=5 apmStat=1
10-09 18:57:16.104  2739 31418 W Battery : ThermalControllerCenter: mSafetyState=10000
10-09 18:57:16.105  1866  4270 W InputManager-JNI: Input channel object '39d8756 com.example.dogglers/androidx.test.core.app.InstrumentationActivityInvoker$EmptyActivity (client)' was disposed without first being removed with the input manager!
10-09 18:57:16.107  2739 31418 W Battery : ThermalControllHandler: tempGear=4,configItemName=common_config
10-09 18:57:16.107  2739  5446 W Battery : ThermalControllHandler: MSG_THERMAL_CONTROL_CATEGORY_CHANGED
10-09 18:57:16.108   859  4288 D C2MtkBufferManager: over 5000ms not request from VCodec but callback hooked, slow BM Cc fetch thread
10-09 18:57:16.109   973  1456 I BufferQueueDebug: [com.android.launcher/com.android.launcher.Launcher#0](this:0xb400007397030998,id:-1,api:0,p:-1,c:-1) BufferQueue core=(973:/system/bin/surfaceflinger)
10-09 18:57:16.109  3789  3842 I TestRunner: finished: vertical_scroll_content_at_first_position(com.example.dogglers.VerticalListTests)
