10-09 18:43:10.614 27684 27684 V ActivityScenario: Update currentActivityStage to PAUSED, currentActivity=com.example.dogglers.GridListActivity@d1ab058
10-09 18:43:10.618  1866  3254 I PowerHalWrapper: amsBoostNotify pid:27684,activity:androidx.test.core.app.InstrumentationActivityInvoker$EmptyActivity, package:com.example.dogglers, mProcessCreatePackcom.example.dogglers
10-09 18:43:10.618  1866  3254 I PowerHalWrapper: state: 1
10-09 18:43:10.618  1866  3254 I PowerHalWrapper: amsBoostNotify AMS_BOOST_PROCESS_CREATE_BOOST:false
10-09 18:43:10.618  1866  3254 I InputDispatcher: setFocusedApplication displayId=0 ActivityRecord{18b69b8 u0 com.example.dogglers/androidx.test.core.app.InstrumentationActivityInvoker$EmptyActivity t140}
10-09 18:43:10.618   886   896 I mtkpower@impl: [notifyAppState] act com.example.dogglers.GridListActivity => androidx.test.core.app.InstrumentationActivityInvoker$EmptyActivity
10-09 18:43:10.619  1866  3254 D Theia.NoFocusWindow: FocusWindowErrorScene CheckFreezeScreen
10-09 18:43:10.622  1866  3254 I PowerHalWrapper: amsBoostNotify pid:27684,activity:com.example.dogglers.GridListActivity, package:com.example.dogglers, mProcessCreatePackcom.example.dogglers
10-09 18:43:10.622  1866  3254 I PowerHalWrapper: state: 0
10-09 18:43:10.623  1866  3254 I PowerHalWrapper: amsBoostNotify AMS_BOOST_PROCESS_CREATE_BOOST:false
10-09 18:43:10.626   940   940 D ORMS_HAL: OrmsHalService write file /proc/sys/kernel/slide_boost_enabled - 0.
10-09 18:43:10.626   940   940 E ORMS_HAL: open /sys/devices/platform/soc/soc:oplus-omrg/oplus-omrg0/ruler_enable failed(No such file or directory)
10-09 18:43:10.627 27684 27785 D libMEOW : meow new tls: 0xb40000762051b580
10-09 18:43:10.627 27684 27785 D libMEOW : applied 0 plugin for [com.example.dogglers].
10-09 18:43:10.627 27684 27785 D libMEOW : meow delete tls: 0xb40000762051b580
10-09 18:43:10.628 27684 27726 I libPerfCtl: fbcNotifySbeRescue ret=-1
10-09 18:43:10.628   940   940 E ORMS_HAL: open /sys/devices/platform/soc/soc:oplus-omrg/oplus-omrg0/ruler_enable failed(No such file or directory)
10-09 18:43:10.628 27684 27726 I libPerfCtl: fbcNotifySbeRescue ret=-1
10-09 18:43:10.629   940   940 D ORMS_HAL: OrmsHalService write file /proc/sys/kernel/slide_boost_enabled - 1.
10-09 18:43:10.629  1866  1999 I mtkpower_client: perf_lock_rel, hdl:15413, tid:1999
10-09 18:43:10.629  1866  1999 I mtkpower_client: perf_lock_acq, hdl:15413, dur:0, num:8, tid:1999
10-09 18:43:10.629   886   961 I libPowerHal: [perfLockRel] hdl:15413, idx:0
10-09 18:43:10.629 27684 27684 D LifecycleMonitor: Lifecycle status change: androidx.test.core.app.InstrumentationActivityInvoker$EmptyActivity@1fa6131 in: PRE_ON_CREATE
10-09 18:43:10.630 27684 27684 V ActivityScenario: Activity lifecycle changed event received but ignored because the intent does not match. startActivityIntent=Intent { act=android.intent.action.MAIN cat=[android.intent.category.LAUNCHER] cmp=com.example.dogglers/.GridListActivity }, activity.getIntent()=Intent { act=android.intent.action.MAIN cat=[android.intent.category.LAUNCHER] flg=0x10000000 cmp=com.example.dogglers/androidx.test.core.app.InstrumentationActivityInvoker$EmptyActivity mCallingUid=10115 }, activity=androidx.test.core.app.InstrumentationActivityInvoker$EmptyActivity@1fa6131
10-09 18:43:10.630   856   856 I hwcomposer: [HWCDisplay] [Display_0 (type:1)] fps:61.292103,dur:1011.55,max:20.37,min:4.60
10-09 18:43:10.631   886   961 I libPowerHal: system_server: cpu_ctrl set cpu freq: -1 -1 -1 -1
10-09 18:43:10.631   886   961 I libPowerHal: [PD] system_server update cmd:2004100 param:2
10-09 18:43:10.632  1866  1999 I mtkpower_client: ret_hdl:15414
10-09 18:43:10.632   886   961 I libPowerHal: system_server: cpu_ctrl set cpu freq: 1393000 -1 1274000 -1
10-09 18:43:10.633   859  4288 D C2MtkBufferManager: over 5000ms not request from VCodec but callback hooked, slow BM Cc fetch thread
10-09 18:43:10.636 27684 27726 I libPerfCtl: fbcNotifySbeRescue ret=-1
10-09 18:43:10.641 27684 27684 D LifecycleMonitor: Lifecycle status change: androidx.test.core.app.InstrumentationActivityInvoker$EmptyActivity@1fa6131 in: CREATED
10-09 18:43:10.642 27684 27684 V ActivityScenario: Activity lifecycle changed event received but ignored because the intent does not match. startActivityIntent=Intent { act=android.intent.action.MAIN cat=[android.intent.category.LAUNCHER] cmp=com.example.dogglers/.GridListActivity }, activity.getIntent()=Intent { act=android.intent.action.MAIN cat=[android.intent.category.LAUNCHER] flg=0x10000000 cmp=com.example.dogglers/androidx.test.core.app.InstrumentationActivityInvoker$EmptyActivity mCallingUid=10115 }, activity=androidx.test.core.app.InstrumentationActivityInvoker$EmptyActivity@1fa6131
10-09 18:43:10.643 27684 27684 D LifecycleMonitor: Lifecycle status change: androidx.test.core.app.InstrumentationActivityInvoker$EmptyActivity@1fa6131 in: STARTED
10-09 18:43:10.643 27684 27684 V ActivityScenario: Activity lifecycle changed event received but ignored because the intent does not match. startActivityIntent=Intent { act=android.intent.action.MAIN cat=[android.intent.category.LAUNCHER] cmp=com.example.dogglers/.GridListActivity }, activity.getIntent()=Intent { act=android.intent.action.MAIN cat=[android.intent.category.LAUNCHER] flg=0x10000000 cmp=com.example.dogglers/androidx.test.core.app.InstrumentationActivityInvoker$EmptyActivity mCallingUid=10115 }, activity=androidx.test.core.app.InstrumentationActivityInvoker$EmptyActivity@1fa6131
10-09 18:43:10.644  1866  3254 I FocusResolver: updateFocusedWindow,  on display 0, reason: NO_WINDOW, result:   FocusedWindows: <none>
10-09 18:43:10.644 27684 27684 D LifecycleMonitor: Lifecycle status change: androidx.test.core.app.InstrumentationActivityInvoker$EmptyActivity@1fa6131 in: RESUMED
10-09 18:43:10.645 27684 27684 V ActivityScenario: Activity lifecycle changed event received but ignored because the intent does not match. startActivityIntent=Intent { act=android.intent.action.MAIN cat=[android.intent.category.LAUNCHER] cmp=com.example.dogglers/.GridListActivity }, activity.getIntent()=Intent { act=android.intent.action.MAIN cat=[android.intent.category.LAUNCHER] flg=0x10000000 cmp=com.example.dogglers/androidx.test.core.app.InstrumentationActivityInvoker$EmptyActivity mCallingUid=10115 }, activity=androidx.test.core.app.InstrumentationActivityInvoker$EmptyActivity@1fa6131
10-09 18:43:10.645   973  1023 I SurfaceFlinger: [SF client] NEW(0xb4000073d54d8a80) for (27684:com.example.dogglers)
10-09 18:43:10.648 27684 27684 D WindowManager: Add to mViews: DecorView@392bf0[InstrumentationActivityInvoker$EmptyActivity],pkg= com.example.dogglers
10-09 18:43:10.650 27684 27684 D ViewRootImpl[InstrumentationActivityInvoker$EmptyActivity]: hardware acceleration = true, sRendererEnabled = true, forceHwAccelerated = false
10-09 18:43:10.651  1866  3254 D OplusDisplayPolicy: com.example.dogglers, no change cutoutMode: 0
10-09 18:43:10.654   859  4288 D C2MtkBufferManager: over 5000ms not request from VCodec but callback hooked, slow BM Cc fetch thread
10-09 18:43:10.658  1866  3254 D OplusDisplayPolicy: com.example.dogglers, no change cutoutMode: 0
10-09 18:43:10.658   973  1023 I BufferQueueDebug: [com.example.dogglers/androidx.test.core.app.InstrumentationActivityInvoker$EmptyActivity#0](this:0xb4000073962b3998,id:-1,api:0,p:-1,c:-1) BufferQueue core=(973:/system/bin/surfaceflinger)
10-09 18:43:10.662  1866  3254 D Theia.NoFocusWindow: FocusWindowErrorScene cancelCheckFreezeScreen
10-09 18:43:10.664 27684 27684 I BufferQueueConsumer: [](id:6c2400000007,api:0,p:-1,c:27684) connect: controlledByApp=false
10-09 18:43:10.664 27684 27684 I BLASTBufferQueue: [ViewRootImpl[InstrumentationActivityInvoker$EmptyActivity]#7] constructor()
10-09 18:43:10.666 27684 27716 I BufferQueueProducer: [ViewRootImpl[InstrumentationActivityInvoker$EmptyActivity]#7(BLAST Consumer)7](id:6c2400000007,api:1,p:27684,c:27684) connect: api=1 producerControlledByApp=true
10-09 18:43:10.673 27684 27726 I libPerfCtl: fbcNotifySbeRescue ret=-1
10-09 18:43:10.674   859  4288 D C2MtkBufferManager: over 5000ms not request from VCodec but callback hooked, slow BM Cc fetch thread
10-09 18:43:10.677   973   973 D OplusLayer: setBuffer sequence=9536, name=com.example.dogglers/androidx.test.core.app.InstrumentationActivityInvoker$EmptyActivity#0
10-09 18:43:10.677   973   973 I OplusLayer: VRR [FRTC] update from -1 to 0
10-09 18:43:10.677 27684 27751 D SurfaceComposerClient: VRR [FRTC] client handle [bufferId:18446744073709551615 framenumber:0] [ffffffff, ffffffff]
10-09 18:43:10.681  1866  1892 I ActivityTaskManager: Displayed com.example.dogglers/androidx.test.core.app.InstrumentationActivityInvoker$EmptyActivity: +84ms
10-09 18:43:10.686  1866  1895 I PowerHalWrapper: amsBoostNotify pid:27684,activity:com.example.dogglers.GridListActivity, package:com.example.dogglers, mProcessCreatePackcom.example.dogglers
10-09 18:43:10.686  1866  1895 I PowerHalWrapper: state: 0
10-09 18:43:10.686  1866  1895 I PowerHalWrapper: amsBoostNotify AMS_BOOST_PROCESS_CREATE_BOOST:false
10-09 18:43:10.693   973   973 D OplusLayer: ~Layer() sequence=9530, name=Surface(name=634d9c0 StatusBar)/@0x8de5787 - animation-leash of insets_animation#1 0xb400007396377800
10-09 18:43:10.693   973   973 D OplusLayer: ~Layer() sequence=9531, name=Surface(name=97f7650 NavigationBar0)/@0x92332dd - animation-leash of insets_animation#1 0xb40000739637a000
10-09 18:43:10.695  1866  1970 I FocusResolver: updateFocusedWindow, d679ace com.example.dogglers/androidx.test.core.app.InstrumentationActivityInvoker$EmptyActivity on display 0, reason: Window became focusable. Previous reason: NOT_VISIBLE, result:   FocusedWindows:
10-09 18:43:10.695  1866  1970 I FocusResolver:     displayId=0, name='d679ace com.example.dogglers/androidx.test.core.app.InstrumentationActivityInvoker$EmptyActivity'
10-09 18:43:10.695   859  4288 D C2MtkBufferManager: over 5000ms not request from VCodec but callback hooked, slow BM Cc fetch thread
10-09 18:43:10.696   940   940 D ORMS_HAL: OrmsHalService write file /proc/sys/kernel/slide_boost_enabled - 0.
10-09 18:43:10.696   940   940 E ORMS_HAL: open /sys/devices/platform/soc/soc:oplus-omrg/oplus-omrg0/ruler_enable failed(No such file or directory)
10-09 18:43:10.697 27684 27684 D LifecycleMonitor: Lifecycle status change: com.example.dogglers.GridListActivity@d1ab058 in: STOPPED
10-09 18:43:10.697   940   940 E ORMS_HAL: open /sys/devices/platform/soc/soc:oplus-omrg/oplus-omrg0/ruler_enable failed(No such file or directory)
10-09 18:43:10.697 27684 27684 V ActivityScenario: Update currentActivityStage to STOPPED, currentActivity=com.example.dogglers.GridListActivity@d1ab058
10-09 18:43:10.697   940   940 D ORMS_HAL: OrmsHalService write file /proc/sys/kernel/slide_boost_enabled - 1.
10-09 18:43:10.698  1866  1999 I mtkpower_client: perf_lock_rel, hdl:15414, tid:1999
10-09 18:43:10.698  1866  1999 I mtkpower_client: perf_lock_acq, hdl:15414, dur:0, num:8, tid:1999
10-09 18:43:10.699   886   961 I libPowerHal: [perfLockRel] hdl:15414, idx:0
10-09 18:43:10.699   886   961 I libPowerHal: system_server: cpu_ctrl set cpu freq: -1 -1 -1 -1
10-09 18:43:10.699   886   961 I libPowerHal: [PD] system_server update cmd:2004100 param:2
10-09 18:43:10.699   886   897 I mtkpower@impl: [setMode] type:5, enabled:1
10-09 18:43:10.699 27684 27684 D LifecycleMonitor: Lifecycle status change: com.example.dogglers.GridListActivity@d1ab058 in: DESTROYED
10-09 18:43:10.700 27684 27684 V ActivityScenario: Update currentActivityStage to DESTROYED, currentActivity=null
10-09 18:43:10.700  1866  1999 I mtkpower_client: ret_hdl:15415
10-09 18:43:10.701   886   961 I libPowerHal: system_server: cpu_ctrl set cpu freq: 1393000 -1 1274000 -1
10-09 18:43:10.702 27684 27716 I BufferQueueProducer: [ViewRootImpl[GridListActivity]#6(BLAST Consumer)6](id:6c2400000006,api:1,p:27684,c:27684) disconnect: api 1
10-09 18:43:10.702 27684 27716 E BLASTBufferQueue: BLASTBufferItemConsumer::onDisconnect()
10-09 18:43:10.702 27684 27684 D View    : [Warning] assignParent to null: this = DecorView@7b0d8a3[GridListActivity]
10-09 18:43:10.704  1866  1970 W InputManager-JNI: Input channel object 'b93fa4b com.example.dogglers/com.example.dogglers.GridListActivity (client)' was disposed without first being removed with the input manager!
10-09 18:43:10.710   973   973 D OplusLayer: ~Layer() sequence=9528, name=b93fa4b com.example.dogglers/com.example.dogglers.GridListActivity#0 0xb400007396375000
10-09 18:43:10.712 27684 27705 I BLASTBufferQueue: [ViewRootImpl[GridListActivity]#6] destructor()
10-09 18:43:10.713 27684 27705 I BufferQueueConsumer: [ViewRootImpl[GridListActivity]#6(BLAST Consumer)6](id:6c2400000006,api:0,p:-1,c:27684) disconnect
10-09 18:43:10.716   859  4288 D C2MtkBufferManager: over 5000ms not request from VCodec but callback hooked, slow BM Cc fetch thread
10-09 18:43:10.719  1866  3254 D InputMethodManagerService: isSecurity: attribute.packageName=com.example.dogglers mCurMethodId=org.dslul.openboard.inputmethod.latin/.LatinIME
10-09 18:43:10.719  1866  3254 D InputMethodManagerService: isSecurity= false (  enable=false needShow=false inBlackList=false isExist=true )
10-09 18:43:10.721 27684 27726 I libPerfCtl: fbcNotifySbeRescue ret=-1
10-09 18:43:10.725 27684 27684 D LifecycleMonitor: Lifecycle status change: androidx.test.core.app.InstrumentationActivityInvoker$EmptyActivity@1fa6131 in: PAUSED
10-09 18:43:10.726 27684 27684 V ActivityScenario: Activity lifecycle changed event received but ignored because the intent does not match. startActivityIntent=Intent { act=android.intent.action.MAIN cat=[android.intent.category.LAUNCHER] cmp=com.example.dogglers/.GridListActivity }, activity.getIntent()=Intent { act=android.intent.action.MAIN cat=[android.intent.category.LAUNCHER] flg=0x10000000 cmp=com.example.dogglers/androidx.test.core.app.InstrumentationActivityInvoker$EmptyActivity mCallingUid=10115 }, activity=androidx.test.core.app.InstrumentationActivityInvoker$EmptyActivity@1fa6131
10-09 18:43:10.726   973   973 D OplusLayer: ~Layer() sequence=9533, name=Surface(name=7edaa53 InputMethod)/@0x5a9888e - animation-leash of insets_animation#1 0xb40000739637c800
10-09 18:43:10.727   973   973 I BufferQueueDebug: [com.example.dogglers/com.example.dogglers.GridListActivity#0](this:0xb400007396392998,id:-1,api:0,p:-1,c:973) onDestructor()
10-09 18:43:10.727   973   973 D OplusLayer: ~Layer() sequence=9529, name=com.example.dogglers/com.example.dogglers.GridListActivity#0 0xb400007396390000
10-09 18:43:10.727 27684 27705 I BLASTBufferQueue: releaseBufferCallbackThunk bufferId:118901874622488 framenumber:24 blastBufferQueue is dead
10-09 18:43:10.727   973   973 D OplusLayer: ~Layer() sequence=9504, name=Surface(name=7edaa53 InputMethod)/@0x5a9888e - animation-leash of insets_animation#1 0xb4000073975cd800
10-09 18:43:10.727   973   973 D OplusLayer: ~Layer() sequence=9523, name=ActivityRecord{d06b33f u0 com.example.dogglers/.GridListActivity#0 0xb400007396351800
10-09 18:43:10.731  1866  5002 I PowerHalWrapper: amsBoostNotify pid:27684,activity:androidx.test.core.app.InstrumentationActivityInvoker$EmptyActivity, package:com.example.dogglers, mProcessCreatePackcom.example.dogglers
10-09 18:43:10.731  1866  5002 I PowerHalWrapper: state: 1
10-09 18:43:10.731  1866  5002 I PowerHalWrapper: amsBoostNotify AMS_BOOST_PROCESS_CREATE_BOOST:false
10-09 18:43:10.731  1866  5002 I InputDispatcher: setFocusedApplication displayId=0 ActivityRecord{56537e u0 com.example.dogglers/androidx.test.core.app.InstrumentationActivityInvoker$EmptyActivity t140}
10-09 18:43:10.732  1866  5002 D Theia.NoFocusWindow: FocusWindowErrorScene CheckFreezeScreen
10-09 18:43:10.735  1866  5002 I PowerHalWrapper: amsBoostNotify pid:27684,activity:androidx.test.core.app.InstrumentationActivityInvoker$EmptyActivity, package:com.example.dogglers, mProcessCreatePackcom.example.dogglers
10-09 18:43:10.735  1866  5002 I PowerHalWrapper: state: 0
10-09 18:43:10.735  1866  5002 I PowerHalWrapper: amsBoostNotify AMS_BOOST_PROCESS_CREATE_BOOST:false
10-09 18:43:10.736   859  4288 D C2MtkBufferManager: over 5000ms not request from VCodec but callback hooked, slow BM Cc fetch thread
10-09 18:43:10.736 27684 27726 I libPerfCtl: fbcNotifySbeRescue ret=-1
10-09 18:43:10.737 27684 27684 D LifecycleMonitor: Lifecycle status change: androidx.test.core.app.InstrumentationActivityInvoker$BootstrapActivity@c252072 in: DESTROYED
10-09 18:43:10.738 27684 27684 V ActivityScenario: Activity lifecycle changed event received but ignored because the intent does not match. startActivityIntent=Intent { act=android.intent.action.MAIN cat=[android.intent.category.LAUNCHER] cmp=com.example.dogglers/.GridListActivity }, activity.getIntent()=Intent { act=android.intent.action.MAIN cat=[android.intent.category.LAUNCHER] flg=0x10008000 cmp=com.example.dogglers/androidx.test.core.app.InstrumentationActivityInvoker$BootstrapActivity (has extras) mCallingUid=10115 }, activity=androidx.test.core.app.InstrumentationActivityInvoker$BootstrapActivity@c252072
10-09 18:43:10.741 27684 27788 D libMEOW : meow new tls: 0xb4000076204d46c0
10-09 18:43:10.741   940   940 D ORMS_HAL: OrmsHalService write file /proc/sys/kernel/slide_boost_enabled - 0.
10-09 18:43:10.741 27684 27788 D libMEOW : applied 0 plugin for [com.example.dogglers].
10-09 18:43:10.741   940   940 E ORMS_HAL: open /sys/devices/platform/soc/soc:oplus-omrg/oplus-omrg0/ruler_enable failed(No such file or directory)
10-09 18:43:10.741 27684 27788 D libMEOW : meow delete tls: 0xb4000076204d46c0
10-09 18:43:10.742   940   940 E ORMS_HAL: open /sys/devices/platform/soc/soc:oplus-omrg/oplus-omrg0/ruler_enable failed(No such file or directory)
10-09 18:43:10.742   940   940 D ORMS_HAL: OrmsHalService write file /proc/sys/kernel/slide_boost_enabled - 1.
10-09 18:43:10.742  1866  1999 I mtkpower_client: perf_lock_rel, hdl:15415, tid:1999
10-09 18:43:10.743  1866  1999 I mtkpower_client: perf_lock_acq, hdl:15415, dur:0, num:8, tid:1999
10-09 18:43:10.743   886   961 I libPowerHal: [perfLockRel] hdl:15415, idx:0
10-09 18:43:10.743   973   973 D OplusLayer: ~Layer() sequence=9520, name=ActivityRecord{6d7aed6 u0 com.example.dogglers/androidx.test.core.app.InstrumentationActivityInvoker$BootstrapActivity#0 0xb40000739634f000
10-09 18:43:10.745  1866  5002 I FocusResolver: updateFocusedWindow,  on display 0, reason: NO_WINDOW, result:   FocusedWindows: <none>
10-09 18:43:10.746   886   961 I libPowerHal: system_server: cpu_ctrl set cpu freq: -1 -1 -1 -1
10-09 18:43:10.746   886   961 I libPowerHal: [PD] system_server update cmd:2004100 param:2
10-09 18:43:10.746  1866  1999 I mtkpower_client: ret_hdl:15416
10-09 18:43:10.747 27684 27726 I libPerfCtl: fbcNotifySbeRescue ret=-1
10-09 18:43:10.747   886   961 I libPowerHal: system_server: cpu_ctrl set cpu freq: 1393000 -1 1274000 -1
10-09 18:43:10.748 27684 27684 D LifecycleMonitor: Lifecycle status change: androidx.test.core.app.InstrumentationActivityInvoker$EmptyActivity@ff28908 in: PRE_ON_CREATE
10-09 18:43:10.748 27684 27684 V ActivityScenario: Activity lifecycle changed event received but ignored because the intent does not match. startActivityIntent=Intent { act=android.intent.action.MAIN cat=[android.intent.category.LAUNCHER] cmp=com.example.dogglers/.GridListActivity }, activity.getIntent()=Intent { act=android.intent.action.MAIN cat=[android.intent.category.LAUNCHER] flg=0x10000000 cmp=com.example.dogglers/androidx.test.core.app.InstrumentationActivityInvoker$EmptyActivity mCallingUid=10115 }, activity=androidx.test.core.app.InstrumentationActivityInvoker$EmptyActivity@ff28908
10-09 18:43:10.757   859  4288 D C2MtkBufferManager: over 5000ms not request from VCodec but callback hooked, slow BM Cc fetch thread
10-09 18:43:10.757 27684 27684 D LifecycleMonitor: Lifecycle status change: androidx.test.core.app.InstrumentationActivityInvoker$EmptyActivity@ff28908 in: CREATED
10-09 18:43:10.757 27684 27684 V ActivityScenario: Activity lifecycle changed event received but ignored because the intent does not match. startActivityIntent=Intent { act=android.intent.action.MAIN cat=[android.intent.category.LAUNCHER] cmp=com.example.dogglers/.GridListActivity }, activity.getIntent()=Intent { act=android.intent.action.MAIN cat=[android.intent.category.LAUNCHER] flg=0x10000000 cmp=com.example.dogglers/androidx.test.core.app.InstrumentationActivityInvoker$EmptyActivity mCallingUid=10115 }, activity=androidx.test.core.app.InstrumentationActivityInvoker$EmptyActivity@ff28908
10-09 18:43:10.758 27684 27684 D LifecycleMonitor: Lifecycle status change: androidx.test.core.app.InstrumentationActivityInvoker$EmptyActivity@ff28908 in: STARTED
10-09 18:43:10.758 27684 27684 V ActivityScenario: Activity lifecycle changed event received but ignored because the intent does not match. startActivityIntent=Intent { act=android.intent.action.MAIN cat=[android.intent.category.LAUNCHER] cmp=com.example.dogglers/.GridListActivity }, activity.getIntent()=Intent { act=android.intent.action.MAIN cat=[android.intent.category.LAUNCHER] flg=0x10000000 cmp=com.example.dogglers/androidx.test.core.app.InstrumentationActivityInvoker$EmptyActivity mCallingUid=10115 }, activity=androidx.test.core.app.InstrumentationActivityInvoker$EmptyActivity@ff28908
10-09 18:43:10.760 27684 27684 D LifecycleMonitor: Lifecycle status change: androidx.test.core.app.InstrumentationActivityInvoker$EmptyActivity@ff28908 in: RESUMED
10-09 18:43:10.760 27684 27684 V ActivityScenario: Activity lifecycle changed event received but ignored because the intent does not match. startActivityIntent=Intent { act=android.intent.action.MAIN cat=[android.intent.category.LAUNCHER] cmp=com.example.dogglers/.GridListActivity }, activity.getIntent()=Intent { act=android.intent.action.MAIN cat=[android.intent.category.LAUNCHER] flg=0x10000000 cmp=com.example.dogglers/androidx.test.core.app.InstrumentationActivityInvoker$EmptyActivity mCallingUid=10115 }, activity=androidx.test.core.app.InstrumentationActivityInvoker$EmptyActivity@ff28908
10-09 18:43:10.760   973  1023 I SurfaceFlinger: [SF client] NEW(0xb4000073b0474400) for (27684:com.example.dogglers)
10-09 18:43:10.763 27684 27684 D WindowManager: Add to mViews: DecorView@dab2db4[InstrumentationActivityInvoker$EmptyActivity],pkg= com.example.dogglers
10-09 18:43:10.765 27684 27684 D ViewRootImpl[InstrumentationActivityInvoker$EmptyActivity]: hardware acceleration = true, sRendererEnabled = true, forceHwAccelerated = false
10-09 18:43:10.766  1866  3254 D OplusDisplayPolicy: com.example.dogglers, no change cutoutMode: 0
10-09 18:43:10.773  1866  3254 D OplusDisplayPolicy: com.example.dogglers, no change cutoutMode: 0
10-09 18:43:10.774   973  1023 I BufferQueueDebug: [com.example.dogglers/androidx.test.core.app.InstrumentationActivityInvoker$EmptyActivity#1](this:0xb400007396344998,id:-1,api:0,p:-1,c:-1) BufferQueue core=(973:/system/bin/surfaceflinger)
10-09 18:43:10.774   867   923 I sensors-hal-OriginChannel: wise light debug, data[4].type is 65627,data[4].sensor is 91:[442.000000,,25.000000,,9.000000,0.000000,22744984799518]
10-09 18:43:10.777   859  4288 D C2MtkBufferManager: over 5000ms not request from VCodec but callback hooked, slow BM Cc fetch thread
10-09 18:43:10.778  1866  3254 D Theia.NoFocusWindow: FocusWindowErrorScene cancelCheckFreezeScreen
10-09 18:43:10.779 27684 27684 I BufferQueueConsumer: [](id:6c2400000008,api:0,p:-1,c:27684) connect: controlledByApp=false
10-09 18:43:10.779 27684 27684 I BLASTBufferQueue: [ViewRootImpl[InstrumentationActivityInvoker$EmptyActivity]#8] constructor()
10-09 18:43:10.781 27684 27716 I BufferQueueProducer: [ViewRootImpl[InstrumentationActivityInvoker$EmptyActivity]#8(BLAST Consumer)8](id:6c2400000008,api:1,p:27684,c:27684) connect: api=1 producerControlledByApp=true
10-09 18:43:10.787 27684 27726 I libPerfCtl: fbcNotifySbeRescue ret=-1
10-09 18:43:10.792   973   973 D OplusLayer: setBuffer sequence=9543, name=com.example.dogglers/androidx.test.core.app.InstrumentationActivityInvoker$EmptyActivity#1
10-09 18:43:10.792   973   973 I OplusLayer: VRR [FRTC] update from -1 to 0
10-09 18:43:10.793 27684 27751 D SurfaceComposerClient: VRR [FRTC] client handle [bufferId:18446744073709551615 framenumber:0] [ffffffff, ffffffff]
10-09 18:43:10.793   973   973 D OplusLayer: ~Layer() sequence=9537, name=Surface(name=634d9c0 StatusBar)/@0x8de5787 - animation-leash of insets_animation#0 0xb4000073b059d800
10-09 18:43:10.793   973   973 D OplusLayer: ~Layer() sequence=9538, name=Surface(name=97f7650 NavigationBar0)/@0x92332dd - animation-leash of insets_animation#0 0xb4000073b05af800
10-09 18:43:10.795  1866  1892 I ActivityTaskManager: Displayed com.example.dogglers/androidx.test.core.app.InstrumentationActivityInvoker$EmptyActivity: +97ms
10-09 18:43:10.798   859  4288 D C2MtkBufferManager: over 5000ms not request from VCodec but callback hooked, slow BM Cc fetch thread
10-09 18:43:10.800  1866  1895 I PowerHalWrapper: amsBoostNotify pid:27684,activity:androidx.test.core.app.InstrumentationActivityInvoker$EmptyActivity, package:com.example.dogglers, mProcessCreatePackcom.example.dogglers
10-09 18:43:10.800  1866  1895 I PowerHalWrapper: state: 0
10-09 18:43:10.800  1866  1895 I PowerHalWrapper: amsBoostNotify AMS_BOOST_PROCESS_CREATE_BOOST:false
10-09 18:43:10.807 27684 27716 I BufferQueueProducer: [ViewRootImpl[InstrumentationActivityInvoker$EmptyActivity]#7(BLAST Consumer)7](id:6c2400000007,api:1,p:27684,c:27684) disconnect: api 1
10-09 18:43:10.807 27684 27716 E BLASTBufferQueue: BLASTBufferItemConsumer::onDisconnect()
10-09 18:43:10.810  1866  1970 I FocusResolver: updateFocusedWindow, b9e2d5c com.example.dogglers/androidx.test.core.app.InstrumentationActivityInvoker$EmptyActivity on display 0, reason: Window became focusable. Previous reason: NOT_VISIBLE, result:   FocusedWindows:
10-09 18:43:10.810  1866  1970 I FocusResolver:     displayId=0, name='b9e2d5c com.example.dogglers/androidx.test.core.app.InstrumentationActivityInvoker$EmptyActivity'
10-09 18:43:10.811 27684 27684 I BLASTBufferQueue: [ViewRootImpl[InstrumentationActivityInvoker$EmptyActivity]#7] destructor()
10-09 18:43:10.811 27684 27684 I BufferQueueConsumer: [ViewRootImpl[InstrumentationActivityInvoker$EmptyActivity]#7(BLAST Consumer)7](id:6c2400000007,api:0,p:-1,c:27684) disconnect
10-09 18:43:10.813 27684 27684 D LifecycleMonitor: Lifecycle status change: androidx.test.core.app.InstrumentationActivityInvoker$EmptyActivity@1fa6131 in: STOPPED
10-09 18:43:10.813 27684 27684 V ActivityScenario: Activity lifecycle changed event received but ignored because the intent does not match. startActivityIntent=Intent { act=android.intent.action.MAIN cat=[android.intent.category.LAUNCHER] cmp=com.example.dogglers/.GridListActivity }, activity.getIntent()=Intent { act=android.intent.action.MAIN cat=[android.intent.category.LAUNCHER] flg=0x10000000 cmp=com.example.dogglers/androidx.test.core.app.InstrumentationActivityInvoker$EmptyActivity mCallingUid=10115 }, activity=androidx.test.core.app.InstrumentationActivityInvoker$EmptyActivity@1fa6131
10-09 18:43:10.818   859  4288 D C2MtkBufferManager: over 5000ms not request from VCodec but callback hooked, slow BM Cc fetch thread
10-09 18:43:10.819   940   940 D ORMS_HAL: OrmsHalService write file /proc/sys/kernel/slide_boost_enabled - 0.
10-09 18:43:10.820   940   940 E ORMS_HAL: open /sys/devices/platform/soc/soc:oplus-omrg/oplus-omrg0/ruler_enable failed(No such file or directory)
10-09 18:43:10.820  1866  3254 D Theia.NoFocusWindow: FocusWindowErrorScene CheckFreezeScreen
10-09 18:43:10.821   940   940 E ORMS_HAL: open /sys/devices/platform/soc/soc:oplus-omrg/oplus-omrg0/ruler_enable failed(No such file or directory)
10-09 18:43:10.821  1866  3254 I InputDispatcher: setFocusedApplication displayId=0 ActivityRecord{99a9718 u0 com.android.launcher/.Launcher t5}
10-09 18:43:10.821   940   940 D ORMS_HAL: OrmsHalService write file /proc/sys/kernel/slide_boost_enabled - 1.
10-09 18:43:10.821  1866  1999 I mtkpower_client: perf_lock_rel, hdl:15416, tid:1999
10-09 18:43:10.822  1866  1999 I mtkpower_client: perf_lock_acq, hdl:15416, dur:0, num:8, tid:1999
10-09 18:43:10.822   886   961 I libPowerHal: [perfLockRel] hdl:15416, idx:0
10-09 18:43:10.822   886   961 I libPowerHal: system_server: cpu_ctrl set cpu freq: -1 -1 -1 -1
10-09 18:43:10.822   886   961 I libPowerHal: [PD] system_server update cmd:2004100 param:2
10-09 18:43:10.823  1866  1999 I mtkpower_client: ret_hdl:15417
10-09 18:43:10.824   886   961 I libPowerHal: system_server: cpu_ctrl set cpu freq: 1393000 -1 1274000 -1
10-09 18:43:10.824   940   940 D ORMS_HAL: OrmsHalService write file /proc/sys/kernel/slide_boost_enabled - 0.
10-09 18:43:10.824   940   940 E ORMS_HAL: open /sys/devices/platform/soc/soc:oplus-omrg/oplus-omrg0/ruler_enable failed(No such file or directory)
10-09 18:43:10.824   940   940 E ORMS_HAL: open /sys/devices/platform/soc/soc:oplus-omrg/oplus-omrg0/ruler_enable failed(No such file or directory)
10-09 18:43:10.825  1866  1999 I mtkpower_client: perf_lock_rel, hdl:15417, tid:1999
10-09 18:43:10.825  1866  1999 I mtkpower_client: perf_lock_acq, hdl:15417, dur:0, num:12, tid:1999
10-09 18:43:10.826  1866  1970 D InputMethodManagerService: isSecurity: attribute.packageName=com.example.dogglers mCurMethodId=org.dslul.openboard.inputmethod.latin/.LatinIME
10-09 18:43:10.826  1866  1970 D InputMethodManagerService: isSecurity= false (  enable=false needShow=false inBlackList=false isExist=true )
10-09 18:43:10.826   886   961 I libPowerHal: [perfLockRel] hdl:15417, idx:0
10-09 18:43:10.827   886   961 I libPowerHal: system_server: cpu_ctrl set cpu freq: -1 -1 -1 -1
10-09 18:43:10.827   886   961 I libPowerHal: [PD] system_server update cmd:2004100 param:2
10-09 18:43:10.827  1866  1970 D InputMethodManagerService: isSecurity: attribute.packageName=com.example.dogglers mCurMethodId=org.dslul.openboard.inputmethod.latin/.LatinIME
10-09 18:43:10.827  1866  1970 D InputMethodManagerService: isSecurity= false (  enable=false needShow=false inBlackList=false isExist=true )
10-09 18:43:10.827  1866  1970 D InputMethodManagerService: startInputOrWindowGainedFocus:  reset Secure =false
10-09 18:43:10.827  1866  1999 I mtkpower_client: ret_hdl:15418
10-09 18:43:10.828  1866  1970 I FocusResolver: updateFocusedWindow,  on display 0, reason: NO_WINDOW, result:   FocusedWindows: <none>
10-09 18:43:10.828   886   961 I libPowerHal: system_server: cpu_ctrl set cpu freq: 2000000 -1 2400000 -1
10-09 18:43:10.829 27684 27684 D LifecycleMonitor: Lifecycle status change: androidx.test.core.app.InstrumentationActivityInvoker$EmptyActivity@ff28908 in: PAUSED
10-09 18:43:10.829 27684 27684 V ActivityScenario: Activity lifecycle changed event received but ignored because the intent does not match. startActivityIntent=Intent { act=android.intent.action.MAIN cat=[android.intent.category.LAUNCHER] cmp=com.example.dogglers/.GridListActivity }, activity.getIntent()=Intent { act=android.intent.action.MAIN cat=[android.intent.category.LAUNCHER] flg=0x10000000 cmp=com.example.dogglers/androidx.test.core.app.InstrumentationActivityInvoker$EmptyActivity mCallingUid=10115 }, activity=androidx.test.core.app.InstrumentationActivityInvoker$EmptyActivity@ff28908
10-09 18:43:10.830  1866  3254 V SensorManager: call sensorServiceCommonInterface name: setScreenShotDisable
10-09 18:43:10.830  1866  3254 D SensorService: SensorService sensorServiceCommonInterface = setScreenShotDisable
10-09 18:43:10.830  1866  3254 D SensorServiceImpl: SensorServiceExtImpl sensorServiceCommonInterface funcName= setScreenShotDisable , flag =0, status =0
10-09 18:43:10.830  1866  3254 I OplusHansManager : front pkg: com.android.launcher, uid: 10105, prev pkg: com.example.dogglers, prev uid: 10115
10-09 18:43:10.830  1866  3301 I OplusHansManager : notifyAppGoForeground, uid=10105
10-09 18:43:10.830  1866  3301 I OplusHansManager : notifyAppGoBackground, uid=10115
10-09 18:43:10.830  1866  2540 I OplusHansManager : uid=10115, pkg=com.example.dogglers enter SM
10-09 18:43:10.830  1866  2540 I OplusHansManager : uid=10115, pkg=com.example.dogglers R enter()
10-09 18:43:10.830  1866  2368 I Osense-DecisionMaker: notifySceneToPolicy...SCENE_LAUNCHER
10-09 18:43:10.831  1866  2368 D Osense-DecisionMaker: getCurrentSysStats, memMb: 3761
10-09 18:43:10.831  1866  2547 I OplusResourcePreloadManager: resume pkg: com.android.launcher, uid:10105, prev pkg: com.example.dogglers, prev uid: 10115
10-09 18:43:10.832  1866  2855 V DCSEX-AppSwitchManager: OnAppSwitchObserver: onAppExit, resuming = com.android.launcher, target = com.example.dogglers, is ResumingFirstStart =  false, is ResumingMultiApp =  false, extensionInfo =  Bundle[{taskId=5, uid=10105}]
10-09 18:43:10.832  1866  7056 D DCSEX-AppLaunchEventRecorder: onAppSwitch from = com.example.dogglers to = com.android.launcher
10-09 18:43:10.832  1866  3254 I PowerHalWrapper: amsBoostNotify pid:2548,activity:com.android.launcher.Launcher, package:com.android.launcher, mProcessCreatePackcom.example.dogglers
10-09 18:43:10.832  1866  3254 I PowerHalWrapper: state: 1
10-09 18:43:10.832  1866  3254 I PowerHalWrapper: amsBoostNotify AMS_BOOST_PROCESS_CREATE_BOOST:false
10-09 18:43:10.832  2739 31418 D AppSwitchListener: onAppExit() called !
10-09 18:43:10.833  1866  2855 V DCSEX-AppSwitchManager: OnAppSwitchObserver: onAppEnter, launchedFrom =  null, target =  com.android.launcher, is firstStart =  false, is multiApp =  false, extensionInfo =  Bundle[{taskId=5, pid=2548, uid=10105}]
10-09 18:43:10.833   968   968 D AudioPolicyService: updateUidStates_l() current->uid=10136 current->pid=4167 allowCapture=1 UidState=5 apmStat=1
10-09 18:43:10.834  2739  2769 W Battery : ThermalControlUtils: mForegroundPkg=com.android.launcher
10-09 18:43:10.834   886   961 I libPowerHal: [perfNotifyAppState] foreground:com.android.launcher, pid:2548, uid:10105
10-09 18:43:10.835   886   961 I UxUtility: notifyForegroundApp pack:com.android.launcher, uid:10105
10-09 18:43:10.835   886   961 I TouchUtility: notifyAppState error = NULL
10-09 18:43:10.835  1866  1980 E AthenaService: MemoryGuardAction: handleAppChange
10-09 18:43:10.835   886   896 I mtkpower@impl: [notifyAppState] pc:0, com.example.dogglers => com.android.launcher
10-09 18:43:10.836  1866  3254 I PowerHalWrapper: amsBoostNotify pid:27684,activity:androidx.test.core.app.InstrumentationActivityInvoker$EmptyActivity, package:com.example.dogglers, mProcessCreatePackcom.example.dogglers
10-09 18:43:10.836  1866  3254 I PowerHalWrapper: state: 0
10-09 18:43:10.836  4707  4736 V DeepThinker: ProcessManager: onForegroundActivitiesChanged pid:2548, uid:10105, foregroundActivities:true
10-09 18:43:10.836  1866  3254 I PowerHalWrapper: amsBoostNotify AMS_BOOST_PROCESS_CREATE_BOOST:false
10-09 18:43:10.837  3306  3324 D OplusAtlas.OplusAtlasEventDispatch: setEvent:atlas_event_on_foreground_activities_changed info:pid:2548,uid:10105,hasForegroundActivities:1
10-09 18:43:10.837  3306  4568 D OplusAtlas.OplusAudioScene: callback success event:atlas_event_on_foreground_activities_changed eventInfo:pid:2548,uid:10105,hasForegroundActivities:1
10-09 18:43:10.837  3306  4841 D OplusAtlas.OplusMessageHandler: handleMessage: Msg { when=0 what=2 obj=com.oplus.atlas.OplusAtlasEvent@7b150a2 target=com.oplus.atlas.OplusMessageHandler$MyHandler }
10-09 18:43:10.837  4545 12284 D ZoomAppController: ignore onAppEnter: mCurrentZoomInfo is null
10-09 18:43:10.838  2739  2769 W Battery : ThermalControllHandler: tempLevel=4,userMode=2,gameUserMode=-1,appType=-1,envTempType=0,appStates=[]
10-09 18:43:10.839  2739  2769 W Battery : ThermalControllerCenter: mSafetyState=10000
10-09 18:43:10.839   859  4288 D C2MtkBufferManager: over 5000ms not request from VCodec but callback hooked, slow BM Cc fetch thread
10-09 18:43:10.840   973  3273 I BufferQueueDebug: [com.android.launcher/com.android.launcher.Launcher#0](this:0xb400007396395998,id:-1,api:0,p:-1,c:-1) BufferQueue core=(973:/system/bin/surfaceflinger)
10-09 18:43:10.841  2739  2769 W Battery : ThermalControllHandler: tempGear=4,configItemName=common_config
10-09 18:43:10.842  2739  5446 W Battery : ThermalControllHandler: MSG_THERMAL_CONTROL_CATEGORY_CHANGED
10-09 18:43:10.843 27684 27684 D LifecycleMonitor: Lifecycle status change: androidx.test.core.app.InstrumentationActivityInvoker$EmptyActivity@1fa6131 in: DESTROYED
10-09 18:43:10.843 27684 27684 V ActivityScenario: Activity lifecycle changed event received but ignored because the intent does not match. startActivityIntent=Intent { act=android.intent.action.MAIN cat=[android.intent.category.LAUNCHER] cmp=com.example.dogglers/.GridListActivity }, activity.getIntent()=Intent { act=android.intent.action.MAIN cat=[android.intent.category.LAUNCHER] flg=0x10000000 cmp=com.example.dogglers/androidx.test.core.app.InstrumentationActivityInvoker$EmptyActivity mCallingUid=10115 }, activity=androidx.test.core.app.InstrumentationActivityInvoker$EmptyActivity@1fa6131
10-09 18:43:10.843   968   968 D AudioPolicyService: updateUidStates_l() current->uid=10136 current->pid=4167 allowCapture=1 UidState=5 apmStat=1
10-09 18:43:10.844   968   968 D AudioPolicyService: updateUidStates_l() current->uid=10136 current->pid=4167 allowCapture=1 UidState=3 apmStat=1
10-09 18:43:10.845  4661  4661 I BufferQueueConsumer: [](id:1235000000ac,api:0,p:-1,c:4661) connect: controlledByApp=false
10-09 18:43:10.845  4661  4661 I BLASTBufferQueue: [ViewRootImpl[Launcher]#172] constructor()
10-09 18:43:10.845 27684 27684 D View    : [Warning] assignParent to null: this = DecorView@392bf0[InstrumentationActivityInvoker$EmptyActivity]
10-09 18:43:10.846  4661  4661 I A       : (REDACTED) onApplyWindowInsets: systemWindowInsets=%s
10-09 18:43:10.846  4661  4661 I A       : (REDACTED) onApplyWindowInsets: systemWindowInsets=%s
10-09 18:43:10.846  4661  4875 I BufferQueueProducer: [ViewRootImpl[Launcher]#172(BLAST Consumer)172](id:1235000000ac,api:1,p:4661,c:4661) connect: api=1 producerControlledByApp=true
10-09 18:43:10.850  1866  4256 W InputManager-JNI: Input channel object 'd679ace com.example.dogglers/androidx.test.core.app.InstrumentationActivityInvoker$EmptyActivity (client)' was disposed without first being removed with the input manager!
10-09 18:43:10.850   968   968 D AudioPolicyService: updateUidStates_l() current->uid=10136 current->pid=4167 allowCapture=1 UidState=3 apmStat=1
10-09 18:43:10.851  3335  3356 E oiface  : get gpu freq table failed
10-09 18:43:10.854  3335  3356 E oiface  : get gpu freq table failed
10-09 18:43:10.858 27684 27713 I TestRunner: finished: vertical_scrolling(com.example.dogglers.GridListTests)
