10-09 23:07:58.230 21571 21571 V ActivityScenario: Activity lifecycle changed event received but ignored because the intent does not match. startActivityIntent=Intent { act=android.intent.action.MAIN cat=[android.intent.category.LAUNCHER] cmp=com.example.dogglers/.VerticalListActivity }, activity.getIntent()=Intent { act=android.intent.action.MAIN cat=[android.intent.category.LAUNCHER] flg=0x10000000 cmp=com.example.dogglers/androidx.test.core.app.InstrumentationActivityInvoker$EmptyActivity mCallingUid=10115 }, activity=androidx.test.core.app.InstrumentationActivityInvoker$EmptyActivity@ad102e1
10-09 23:07:58.235  1866  5129 I PowerHalWrapper: amsBoostNotify pid:21571,activity:androidx.test.core.app.InstrumentationActivityInvoker$EmptyActivity, package:com.example.dogglers, mProcessCreatePackcom.example.dogglers
10-09 23:07:58.235  1866  5129 I PowerHalWrapper: state: 1
10-09 23:07:58.235  1866  5129 I PowerHalWrapper: amsBoostNotify AMS_BOOST_PROCESS_CREATE_BOOST:false
10-09 23:07:58.235  1866  5129 I InputDispatcher: setFocusedApplication displayId=0 ActivityRecord{bd67f22 u0 com.example.dogglers/androidx.test.core.app.InstrumentationActivityInvoker$EmptyActivity t212}
10-09 23:07:58.236  1866  5129 D Theia.NoFocusWindow: FocusWindowErrorScene CheckFreezeScreen
10-09 23:07:58.238  1866  5129 I PowerHalWrapper: amsBoostNotify pid:21571,activity:androidx.test.core.app.InstrumentationActivityInvoker$EmptyActivity, package:com.example.dogglers, mProcessCreatePackcom.example.dogglers
10-09 23:07:58.238  1866  5129 I PowerHalWrapper: state: 0
10-09 23:07:58.238  1866  5129 I PowerHalWrapper: amsBoostNotify AMS_BOOST_PROCESS_CREATE_BOOST:false
10-09 23:07:58.239  1866  5129 D InputMethodManagerService: isSecurity: attribute.packageName=com.example.dogglers mCurMethodId=org.dslul.openboard.inputmethod.latin/.LatinIME
10-09 23:07:58.239  1866  5129 D InputMethodManagerService: isSecurity= false (  enable=false needShow=false inBlackList=false isExist=true )
10-09 23:07:58.239  1866  5129 D InputMethodManagerService: isSecurity: attribute.packageName=com.example.dogglers mCurMethodId=org.dslul.openboard.inputmethod.latin/.LatinIME
10-09 23:07:58.239  1866  5129 D InputMethodManagerService: isSecurity= false (  enable=false needShow=false inBlackList=false isExist=true )
10-09 23:07:58.239  1866  5129 D InputMethodManagerService: startInputOrWindowGainedFocus:  reset Secure =false
10-09 23:07:58.241 21571 21571 D LifecycleMonitor: Lifecycle status change: androidx.test.core.app.InstrumentationActivityInvoker$BootstrapActivity@9581a57 in: DESTROYED
10-09 23:07:58.241   973   973 D OplusLayer: ~Layer() sequence=16355, name=ActivityRecord{831fc6f u0 com.example.dogglers/.VerticalListActivity#0 0xb40000739636c000
10-09 23:07:58.241 21571 21571 V ActivityScenario: Activity lifecycle changed event received but ignored because the intent does not match. startActivityIntent=Intent { act=android.intent.action.MAIN cat=[android.intent.category.LAUNCHER] cmp=com.example.dogglers/.VerticalListActivity }, activity.getIntent()=Intent { act=android.intent.action.MAIN cat=[android.intent.category.LAUNCHER] flg=0x10008000 cmp=com.example.dogglers/androidx.test.core.app.InstrumentationActivityInvoker$BootstrapActivity (has extras) mCallingUid=10115 }, activity=androidx.test.core.app.InstrumentationActivityInvoker$BootstrapActivity@9581a57
10-09 23:07:58.243 21571 21714 D libMEOW : meow new tls: 0xb4000075bedcda00
10-09 23:07:58.243 21571 21714 D libMEOW : applied 0 plugin for [com.example.dogglers].
10-09 23:07:58.243 21571 21714 D libMEOW : meow delete tls: 0xb4000075bedcda00
10-09 23:07:58.243   940   940 E ORMS_HAL: open /sys/devices/platform/soc/soc:oplus-omrg/oplus-omrg0/ruler_enable failed(No such file or directory)
10-09 23:07:58.243   940   940 E ORMS_HAL: open /sys/devices/platform/soc/soc:oplus-omrg/oplus-omrg0/ruler_enable failed(No such file or directory)
10-09 23:07:58.243  1866  1999 I mtkpower_client: perf_lock_rel, hdl:34371, tid:1999
10-09 23:07:58.244  1866  1999 I mtkpower_client: perf_lock_acq, hdl:34371, dur:0, num:12, tid:1999
10-09 23:07:58.244   886   961 I libPowerHal: [perfLockRel] hdl:34371, idx:0
10-09 23:07:58.244   886   961 I libPowerHal: system_server: cpu_ctrl set cpu freq: -1 -1 -1 -1
10-09 23:07:58.244   886   961 I libPowerHal: [PD] system_server update cmd:1410000 param:0
10-09 23:07:58.244   886   961 I libPowerHal: [PD] system_server update cmd:1c3c000, param:1
10-09 23:07:58.245   886   961 I libPowerHal: [PD] system_server update cmd:2004100 param:2
10-09 23:07:58.245  1866  1999 I mtkpower_client: ret_hdl:34372
10-09 23:07:58.246   886   961 I libPowerHal: system_server: cpu_ctrl set cpu freq: 2000000 -1 2400000 -1
10-09 23:07:58.247 21571 21571 D LifecycleMonitor: Lifecycle status change: androidx.test.core.app.InstrumentationActivityInvoker$EmptyActivity@a805f78 in: PRE_ON_CREATE
10-09 23:07:58.247 21571 21571 V ActivityScenario: Activity lifecycle changed event received but ignored because the intent does not match. startActivityIntent=Intent { act=android.intent.action.MAIN cat=[android.intent.category.LAUNCHER] cmp=com.example.dogglers/.VerticalListActivity }, activity.getIntent()=Intent { act=android.intent.action.MAIN cat=[android.intent.category.LAUNCHER] flg=0x10000000 cmp=com.example.dogglers/androidx.test.core.app.InstrumentationActivityInvoker$EmptyActivity mCallingUid=10115 }, activity=androidx.test.core.app.InstrumentationActivityInvoker$EmptyActivity@a805f78
10-09 23:07:58.257   973   973 D OplusLayer: ~Layer() sequence=16353, name=ActivityRecord{dda4f68 u0 com.example.dogglers/androidx.test.core.app.InstrumentationActivityInvoker$BootstrapActivity#0 0xb40000739634f000
10-09 23:07:58.258 21571 21571 D LifecycleMonitor: Lifecycle status change: androidx.test.core.app.InstrumentationActivityInvoker$EmptyActivity@a805f78 in: CREATED
10-09 23:07:58.258 21571 21571 V ActivityScenario: Activity lifecycle changed event received but ignored because the intent does not match. startActivityIntent=Intent { act=android.intent.action.MAIN cat=[android.intent.category.LAUNCHER] cmp=com.example.dogglers/.VerticalListActivity }, activity.getIntent()=Intent { act=android.intent.action.MAIN cat=[android.intent.category.LAUNCHER] flg=0x10000000 cmp=com.example.dogglers/androidx.test.core.app.InstrumentationActivityInvoker$EmptyActivity mCallingUid=10115 }, activity=androidx.test.core.app.InstrumentationActivityInvoker$EmptyActivity@a805f78
10-09 23:07:58.259  1866  4646 I FocusResolver: updateFocusedWindow,  on display 0, reason: NO_WINDOW, result:   FocusedWindows: <none>
10-09 23:07:58.259 21571 21571 D LifecycleMonitor: Lifecycle status change: androidx.test.core.app.InstrumentationActivityInvoker$EmptyActivity@a805f78 in: STARTED
10-09 23:07:58.259 21571 21571 V ActivityScenario: Activity lifecycle changed event received but ignored because the intent does not match. startActivityIntent=Intent { act=android.intent.action.MAIN cat=[android.intent.category.LAUNCHER] cmp=com.example.dogglers/.VerticalListActivity }, activity.getIntent()=Intent { act=android.intent.action.MAIN cat=[android.intent.category.LAUNCHER] flg=0x10000000 cmp=com.example.dogglers/androidx.test.core.app.InstrumentationActivityInvoker$EmptyActivity mCallingUid=10115 }, activity=androidx.test.core.app.InstrumentationActivityInvoker$EmptyActivity@a805f78
10-09 23:07:58.261 21571 21571 D LifecycleMonitor: Lifecycle status change: androidx.test.core.app.InstrumentationActivityInvoker$EmptyActivity@a805f78 in: RESUMED
10-09 23:07:58.261 21571 21571 V ActivityScenario: Activity lifecycle changed event received but ignored because the intent does not match. startActivityIntent=Intent { act=android.intent.action.MAIN cat=[android.intent.category.LAUNCHER] cmp=com.example.dogglers/.VerticalListActivity }, activity.getIntent()=Intent { act=android.intent.action.MAIN cat=[android.intent.category.LAUNCHER] flg=0x10000000 cmp=com.example.dogglers/androidx.test.core.app.InstrumentationActivityInvoker$EmptyActivity mCallingUid=10115 }, activity=androidx.test.core.app.InstrumentationActivityInvoker$EmptyActivity@a805f78
10-09 23:07:58.261   973  3273 I SurfaceFlinger: [SF client] NEW(0xb4000073d54d8600) for (21571:com.example.dogglers)
10-09 23:07:58.264 21571 21571 D WindowManager: Add to mViews: DecorView@517fb24[InstrumentationActivityInvoker$EmptyActivity],pkg= com.example.dogglers
10-09 23:07:58.266 21571 21571 D ViewRootImpl[InstrumentationActivityInvoker$EmptyActivity]: hardware acceleration = true, sRendererEnabled = true, forceHwAccelerated = false
10-09 23:07:58.267  1866  1880 D OplusDisplayPolicy: com.example.dogglers, no change cutoutMode: 0
10-09 23:07:58.274  1866  1880 D OplusDisplayPolicy: com.example.dogglers, no change cutoutMode: 0
10-09 23:07:58.275   973  3273 I BufferQueueDebug: [com.example.dogglers/androidx.test.core.app.InstrumentationActivityInvoker$EmptyActivity#1](this:0xb4000073962f4998,id:-1,api:0,p:-1,c:-1) BufferQueue core=(973:/system/bin/surfaceflinger)
10-09 23:07:58.279  1866  1880 D Theia.NoFocusWindow: FocusWindowErrorScene cancelCheckFreezeScreen
10-09 23:07:58.280 21571 21571 I BufferQueueConsumer: [](id:544300000006,api:0,p:-1,c:21571) connect: controlledByApp=false
10-09 23:07:58.280 21571 21571 I BLASTBufferQueue: [ViewRootImpl[InstrumentationActivityInvoker$EmptyActivity]#6] constructor()
10-09 23:07:58.282 21571 21625 I BufferQueueProducer: [ViewRootImpl[InstrumentationActivityInvoker$EmptyActivity]#6(BLAST Consumer)6](id:544300000006,api:1,p:21571,c:21571) connect: api=1 producerControlledByApp=true
10-09 23:07:58.290   973   973 D OplusLayer: setBuffer sequence=16379, name=com.example.dogglers/androidx.test.core.app.InstrumentationActivityInvoker$EmptyActivity#1
10-09 23:07:58.290   973   973 I OplusLayer: VRR [FRTC] update from -1 to 0
10-09 23:07:58.291  2739  2922 D AppSwitchListener: onAppEnter: Uid = 10115
10-09 23:07:58.291  2739  2922 W AuthDialogHelper: checkNotificationSwitchFirst() called with: context = [com.oplus.notification.NotificationCenterService@418e2fb], pkg = [com.example.dogglers], uid = [10115], userId = [0], init checker
10-09 23:07:58.291 21571 21606 D SurfaceComposerClient: VRR [FRTC] client handle [bufferId:18446744073709551615 framenumber:0] [ffffffff, ffffffff]
10-09 23:07:58.292  2739  2922 E AuthDialogHelper: CheckNotificationCanBeSetSecond: check com.example.dogglers , Notification master switch on, unable to pop dialog
10-09 23:07:58.297  1866  1892 I ActivityTaskManager: Displayed com.example.dogglers/androidx.test.core.app.InstrumentationActivityInvoker$EmptyActivity: +95ms
10-09 23:07:58.299   886   897 I mtkpower@impl: [setMode] type:5, enabled:0
10-09 23:07:58.299  1866  4646 I PowerHalWrapper: amsBoostNotify pid:21571,activity:androidx.test.core.app.InstrumentationActivityInvoker$EmptyActivity, package:com.example.dogglers, mProcessCreatePackcom.example.dogglers
10-09 23:07:58.299  1866  4646 I PowerHalWrapper: state: 0
10-09 23:07:58.299  1866  4646 I PowerHalWrapper: amsBoostNotify AMS_BOOST_PROCESS_CREATE_BOOST:false
10-09 23:07:58.300  1866  4646 I PowerHalWrapper: amsBoostStop AMS_BOOST_PACK_SWITCH:false, AMS_BOOST_ACT_SWITCH:true, AMS_BOOST_PROCESS_CREATE:false
10-09 23:07:58.301  1866  4646 I PowerHalWrapper: amsBoostStop AMS_BOOST_PACK_SWITCH:false, AMS_BOOST_ACT_SWITCH:false, AMS_BOOST_PROCESS_CREATE:false
10-09 23:07:58.304 21571 21625 I BufferQueueProducer: [ViewRootImpl[InstrumentationActivityInvoker$EmptyActivity]#5(BLAST Consumer)5](id:544300000005,api:1,p:21571,c:21571) disconnect: api 1
10-09 23:07:58.304 21571 21625 E BLASTBufferQueue: BLASTBufferItemConsumer::onDisconnect()
10-09 23:07:58.308   973   973 D OplusLayer: ~Layer() sequence=16374, name=Surface(name=634d9c0 StatusBar)/@0x8de5787 - animation-leash of insets_animation#0 0xb400007396d40800
10-09 23:07:58.308 21571 21571 I BLASTBufferQueue: [ViewRootImpl[InstrumentationActivityInvoker$EmptyActivity]#5] destructor()
10-09 23:07:58.308 21571 21571 I BufferQueueConsumer: [ViewRootImpl[InstrumentationActivityInvoker$EmptyActivity]#5(BLAST Consumer)5](id:544300000005,api:0,p:-1,c:21571) disconnect
10-09 23:07:58.308   973   973 D OplusLayer: ~Layer() sequence=16375, name=Surface(name=986f6f7 NavigationBar0)/@0x7692882 - animation-leash of insets_animation#0 0xb40000739702d800
10-09 23:07:58.310  1866  1880 I FocusResolver: updateFocusedWindow, d558c1e com.example.dogglers/androidx.test.core.app.InstrumentationActivityInvoker$EmptyActivity on display 0, reason: setFocusedWindow, result:   FocusedWindows:
10-09 23:07:58.310  1866  1880 I FocusResolver:     displayId=0, name='d558c1e com.example.dogglers/androidx.test.core.app.InstrumentationActivityInvoker$EmptyActivity'
10-09 23:07:58.315   940   940 E ORMS_HAL: open /sys/devices/platform/soc/soc:oplus-omrg/oplus-omrg0/ruler_enable failed(No such file or directory)
10-09 23:07:58.316  1866  5110 D Theia.NoFocusWindow: FocusWindowErrorScene CheckFreezeScreen
10-09 23:07:58.316   940   940 E ORMS_HAL: open /sys/devices/platform/soc/soc:oplus-omrg/oplus-omrg0/ruler_enable failed(No such file or directory)
10-09 23:07:58.316  1866  5110 I InputDispatcher: setFocusedApplication displayId=0 ActivityRecord{99a9718 u0 com.android.launcher/.Launcher t5}
10-09 23:07:58.316  1866  1999 I mtkpower_client: perf_lock_rel, hdl:34372, tid:1999
10-09 23:07:58.317  1866  1999 I mtkpower_client: perf_lock_acq, hdl:34372, dur:0, num:12, tid:1999
10-09 23:07:58.317   886   961 I libPowerHal: [perfLockRel] hdl:34372, idx:0
10-09 23:07:58.317   886   961 I libPowerHal: system_server: cpu_ctrl set cpu freq: -1 -1 -1 -1
10-09 23:07:58.317   886   961 I libPowerHal: [PD] system_server update cmd:1410000 param:0
10-09 23:07:58.317   886   961 I libPowerHal: [PD] system_server update cmd:1c3c000, param:1
10-09 23:07:58.318   886   961 I libPowerHal: [PD] system_server update cmd:2004100 param:2
10-09 23:07:58.318  1866  1999 I mtkpower_client: ret_hdl:34373
10-09 23:07:58.319   940   940 E ORMS_HAL: open /sys/devices/platform/soc/soc:oplus-omrg/oplus-omrg0/ruler_enable failed(No such file or directory)
10-09 23:07:58.319   886   961 I libPowerHal: system_server: cpu_ctrl set cpu freq: 2000000 -1 2400000 -1
10-09 23:07:58.320   940   940 E ORMS_HAL: open /sys/devices/platform/soc/soc:oplus-omrg/oplus-omrg0/ruler_enable failed(No such file or directory)
10-09 23:07:58.320  1866  1999 I mtkpower_client: perf_lock_rel, hdl:34373, tid:1999
10-09 23:07:58.320  1866  1999 I mtkpower_client: perf_lock_acq, hdl:34373, dur:0, num:12, tid:1999
10-09 23:07:58.321   886   961 I libPowerHal: [perfLockRel] hdl:34373, idx:0
10-09 23:07:58.321   886   961 I libPowerHal: system_server: cpu_ctrl set cpu freq: -1 -1 -1 -1
10-09 23:07:58.321 21571 21571 D LifecycleMonitor: Lifecycle status change: androidx.test.core.app.InstrumentationActivityInvoker$EmptyActivity@ad102e1 in: STOPPED
10-09 23:07:58.321   886   961 I libPowerHal: [PD] system_server update cmd:1410000 param:0
10-09 23:07:58.321   886   961 I libPowerHal: [PD] system_server update cmd:1c3c000, param:1
10-09 23:07:58.321   886   961 I libPowerHal: [PD] system_server update cmd:2004100 param:2
10-09 23:07:58.321 21571 21571 V ActivityScenario: Activity lifecycle changed event received but ignored because the intent does not match. startActivityIntent=Intent { act=android.intent.action.MAIN cat=[android.intent.category.LAUNCHER] cmp=com.example.dogglers/.VerticalListActivity }, activity.getIntent()=Intent { act=android.intent.action.MAIN cat=[android.intent.category.LAUNCHER] flg=0x10000000 cmp=com.example.dogglers/androidx.test.core.app.InstrumentationActivityInvoker$EmptyActivity mCallingUid=10115 }, activity=androidx.test.core.app.InstrumentationActivityInvoker$EmptyActivity@ad102e1
10-09 23:07:58.322  1866  1999 I mtkpower_client: ret_hdl:34374
10-09 23:07:58.322 21571 21571 D LifecycleMonitor: Lifecycle status change: androidx.test.core.app.InstrumentationActivityInvoker$EmptyActivity@a805f78 in: PAUSED
10-09 23:07:58.322   886   961 I libPowerHal: system_server: cpu_ctrl set cpu freq: 2000000 -1 2400000 -1
10-09 23:07:58.323 21571 21571 V ActivityScenario: Activity lifecycle changed event received but ignored because the intent does not match. startActivityIntent=Intent { act=android.intent.action.MAIN cat=[android.intent.category.LAUNCHER] cmp=com.example.dogglers/.VerticalListActivity }, activity.getIntent()=Intent { act=android.intent.action.MAIN cat=[android.intent.category.LAUNCHER] flg=0x10000000 cmp=com.example.dogglers/androidx.test.core.app.InstrumentationActivityInvoker$EmptyActivity mCallingUid=10115 }, activity=androidx.test.core.app.InstrumentationActivityInvoker$EmptyActivity@a805f78
10-09 23:07:58.323  1866  5110 V SensorManager: call sensorServiceCommonInterface name: setScreenShotDisable
10-09 23:07:58.324  1866  5110 D SensorService: SensorService sensorServiceCommonInterface = setScreenShotDisable
10-09 23:07:58.324  1866  5110 D SensorServiceImpl: SensorServiceExtImpl sensorServiceCommonInterface funcName= setScreenShotDisable , flag =0, status =0
10-09 23:07:58.324  1866  5110 I OplusHansManager : front pkg: com.android.launcher, uid: 10105, prev pkg: com.example.dogglers, prev uid: 10115
10-09 23:07:58.324  1866  3301 I OplusHansManager : notifyAppGoForeground, uid=10105
10-09 23:07:58.324  1866  3301 I OplusHansManager : notifyAppGoBackground, uid=10115
10-09 23:07:58.324  1866  2368 I Osense-DecisionMaker: notifySceneToPolicy...SCENE_LAUNCHER
10-09 23:07:58.324  1866  2368 D Osense-DecisionMaker: getCurrentSysStats, memMb: 3601
10-09 23:07:58.324  1866  2547 I OplusResourcePreloadManager: resume pkg: com.android.launcher, uid:10105, prev pkg: com.example.dogglers, prev uid: 10115
10-09 23:07:58.324  1866  2540 I OplusHansManager : uid=10115, pkg=com.example.dogglers enter SM
10-09 23:07:58.325  1866  2540 I OplusHansManager : uid=10115, pkg=com.example.dogglers R enter()
10-09 23:07:58.325  1866  1880 I FocusResolver: updateFocusedWindow,  on display 0, reason: NO_WINDOW, result:   FocusedWindows: <none>
10-09 23:07:58.325  1866  5110 I PowerHalWrapper: amsBoostNotify pid:2548,activity:com.android.launcher.Launcher, package:com.android.launcher, mProcessCreatePackcom.example.dogglers
10-09 23:07:58.325  1866  5110 I PowerHalWrapper: state: 1
10-09 23:07:58.325  1866  2855 V DCSEX-AppSwitchManager: OnAppSwitchObserver: onAppExit, resuming = com.android.launcher, target = com.example.dogglers, is ResumingFirstStart =  false, is ResumingMultiApp =  false, extensionInfo =  Bundle[{taskId=5, uid=10105}]
10-09 23:07:58.325  1866  5110 I PowerHalWrapper: amsBoostNotify AMS_BOOST_PROCESS_CREATE_BOOST:false
10-09 23:07:58.326  1866  7056 D DCSEX-AppLaunchEventRecorder: onAppSwitch from = com.example.dogglers to = com.android.launcher
10-09 23:07:58.326   886   961 I libPowerHal: [perfNotifyAppState] foreground:com.android.launcher, pid:2548, uid:10105
10-09 23:07:58.326  2739  5004 D AppSwitchListener: onAppExit() called !
10-09 23:07:58.326   886   961 I UxUtility: notifyForegroundApp pack:com.android.launcher, uid:10105
10-09 23:07:58.326   886   961 I TouchUtility: notifyAppState error = NULL
10-09 23:07:58.326   886   896 I mtkpower@impl: [notifyAppState] pc:0, com.example.dogglers => com.android.launcher
10-09 23:07:58.326  1866  2855 V DCSEX-AppSwitchManager: OnAppSwitchObserver: onAppEnter, launchedFrom =  null, target =  com.android.launcher, is firstStart =  false, is multiApp =  false, extensionInfo =  Bundle[{taskId=5, pid=2548, uid=10105}]
10-09 23:07:58.328  2739  4604 W Battery : ThermalControlUtils: mForegroundPkg=com.android.launcher
10-09 23:07:58.328  4545  4563 D ZoomAppController: ignore onAppEnter: mCurrentZoomInfo is null
10-09 23:07:58.329  1866  1980 E AthenaService: MemoryGuardAction: handleAppChange
10-09 23:07:58.329  1866  5110 I PowerHalWrapper: amsBoostNotify pid:21571,activity:androidx.test.core.app.InstrumentationActivityInvoker$EmptyActivity, package:com.example.dogglers, mProcessCreatePackcom.example.dogglers
10-09 23:07:58.329  1866  5110 I PowerHalWrapper: state: 0
10-09 23:07:58.330  1866  5110 I PowerHalWrapper: amsBoostNotify AMS_BOOST_PROCESS_CREATE_BOOST:false
10-09 23:07:58.331 21571 21571 D LifecycleMonitor: Lifecycle status change: androidx.test.core.app.InstrumentationActivityInvoker$EmptyActivity@ad102e1 in: DESTROYED
10-09 23:07:58.331 21571 21571 V ActivityScenario: Activity lifecycle changed event received but ignored because the intent does not match. startActivityIntent=Intent { act=android.intent.action.MAIN cat=[android.intent.category.LAUNCHER] cmp=com.example.dogglers/.VerticalListActivity }, activity.getIntent()=Intent { act=android.intent.action.MAIN cat=[android.intent.category.LAUNCHER] flg=0x10000000 cmp=com.example.dogglers/androidx.test.core.app.InstrumentationActivityInvoker$EmptyActivity mCallingUid=10115 }, activity=androidx.test.core.app.InstrumentationActivityInvoker$EmptyActivity@ad102e1
10-09 23:07:58.332  2739  4604 W Battery : ThermalControllHandler: tempLevel=4,userMode=2,gameUserMode=-1,appType=-1,envTempType=0,appStates=[]
10-09 23:07:58.332 21571 21571 D View    : [Warning] assignParent to null: this = DecorView@c466460[InstrumentationActivityInvoker$EmptyActivity]
10-09 23:07:58.332  1866  4998 W InputManager-JNI: Input channel object '241d572 com.example.dogglers/androidx.test.core.app.InstrumentationActivityInvoker$EmptyActivity (client)' was disposed without first being removed with the input manager!
10-09 23:07:58.334  2739  4604 W Battery : ThermalControllerCenter: mSafetyState=00000
10-09 23:07:58.338 21571 21624 I TestRunner: finished: vertical_scroll_content_at_last_position(com.example.dogglers.VerticalListTests)
