10-09 18:57:12.937  3789  3842 I TestRunner: started: vertical_scroll_content_at_last_position(com.example.dogglers.VerticalListTests)
10-09 18:57:12.942  1866  2190 V ListServiceUtils: checkInListByUid start module:custom-icc uid:1000  time 18233832443us
10-09 18:57:12.942  1219 18501 D MMListService: getPackageNameByUid uid:1000, procName:
10-09 18:57:12.942  1866  2190 V ListServiceUtils: checkInListByUid end module:custom-icc uid:1000  time 18233832844us
10-09 18:57:12.942  1866  2190 D ListServiceUtils: checkInListByUid module:custom-icc uid:1000 cost 400us return 0
10-09 18:57:12.942  1219 18501 D MMListService: getListValueByUid module:image-processing, uid:1000
10-09 18:57:12.942  1219 18501 D MMListService: getPackageNameByUid uid:1000, procName:
10-09 18:57:12.942  1866  2190 V ListServiceUtils: checkInListByUid module:image-processing uid:1000 cost 107us return (null)
10-09 18:57:12.943  1866  2190 V JpegEncoderExtImpl: Resolution: 1080 x 2400,support: 0;
10-09 18:57:12.944  3789  3842 W Settings: Setting always_finish_activities has moved from android.provider.Settings.System to android.provider.Settings.Global, returning read-only value.
10-09 18:57:12.947   859  4288 D C2MtkBufferManager: over 5000ms not request from VCodec but callback hooked, slow BM Cc fetch thread
10-09 18:57:12.947   973   973 D OplusLayer: ~Layer() sequence=10395, name=Task=160#1 0xb400007397309800
10-09 18:57:12.947   973   973 D OplusLayer: ~Layer() sequence=10380, name=ActivityRecord{39a4fa5 u0 com.example.dogglers/androidx.test.core.app.InstrumentationActivityInvoker$EmptyActivity#0 0xb40000739629d000
10-09 18:57:12.948   940   940 E ORMS_HAL: open /sys/devices/platform/soc/soc:oplus-omrg/oplus-omrg0/ruler_enable failed(No such file or directory)
10-09 18:57:12.949  1866  1999 I mtkpower_client: perf_lock_rel, hdl:15781, tid:1999
10-09 18:57:12.949  1866  1999 I mtkpower_client: perf_lock_acq, hdl:15781, dur:0, num:4, tid:1999
10-09 18:57:12.949   886   961 I libPowerHal: [perfLockRel] hdl:15781, idx:0
10-09 18:57:12.950   886   961 I libPowerHal: system_server: cpu_ctrl set cpu freq: -1 -1 -1 -1
10-09 18:57:12.950   886   961 I libPowerHal: [PD] system_server update cmd:1410000 param:0
10-09 18:57:12.950   886   961 I libPowerHal: [PD] system_server update cmd:1c3c000, param:1
10-09 18:57:12.950   886   961 I libPowerHal: [PD] system_server update cmd:2004100 param:2
10-09 18:57:12.951  1866  1999 I mtkpower_client: ret_hdl:15782
10-09 18:57:12.955   940   940 E ORMS_HAL: open /sys/devices/platform/soc/soc:oplus-omrg/oplus-omrg0/ruler_enable failed(No such file or directory)
10-09 18:57:12.955  1866  1999 I mtkpower_client: perf_lock_rel, hdl:15782, tid:1999
10-09 18:57:12.956  1866  1999 I mtkpower_client: perf_lock_acq, hdl:15782, dur:0, num:10, tid:1999
10-09 18:57:12.956   886   961 I libPowerHal: [perfLockRel] hdl:15782, idx:0
10-09 18:57:12.956   886   961 I libPowerHal: [PD] system_server update cmd:2004100 param:2
10-09 18:57:12.957  1866  1999 I mtkpower_client: ret_hdl:15783
10-09 18:57:12.957   886   961 I libPowerHal: system_server: cpu_ctrl set cpu freq: 2000000 -1 2400000 -1
10-09 18:57:12.959   886   897 I mtkpower@impl: [setMode] type:5, enabled:1
10-09 18:57:12.961  1866  5003 I PowerHalWrapper: <amsBoostResume> last:com.android.launcher, next:com.example.dogglers
10-09 18:57:12.967   859  4288 D C2MtkBufferManager: over 5000ms not request from VCodec but callback hooked, slow BM Cc fetch thread
10-09 18:57:12.967  1866  5003 V SensorManager: call sensorServiceCommonInterface name: setScreenShotDisable
10-09 18:57:12.967  1866  5003 D SensorService: SensorService sensorServiceCommonInterface = setScreenShotDisable
10-09 18:57:12.967  1866  5003 D SensorServiceImpl: SensorServiceExtImpl sensorServiceCommonInterface funcName= setScreenShotDisable , flag =0, status =0
10-09 18:57:12.967  1866  5003 I OplusHansManager : front pkg: com.example.dogglers, uid: 10115, prev pkg: com.android.launcher, prev uid: 10105
10-09 18:57:12.968  1866  3301 I OplusHansManager : notifyAppGoForeground, uid=10115
10-09 18:57:12.968  1866  3301 I OplusHansManager : notifyAppGoBackground, uid=10105
10-09 18:57:12.968  1866  2368 I Osense-DecisionMaker: notifySceneToPolicy...SCENE_APP_SWITCH
10-09 18:57:12.968  1866  2540 I OplusHansManager : uid=10115, pkg=com.example.dogglers R exit SM
10-09 18:57:12.968  1866  2540 I OplusHansManager : uid=10115, pkg=com.example.dogglers R exit()
10-09 18:57:12.968  1866  2368 D Osense-DecisionMaker: getCurrentSysStats, memMb: 3782
10-09 18:57:12.970  1866  2368 I Osense-DecisionMaker: scene: SCENE_APP_SWITCH, excutingPolicy: freezer
10-09 18:57:12.970  1866  2547 I OplusResourcePreloadManager: resume pkg: com.example.dogglers, uid:10115, prev pkg: com.android.launcher, prev uid: 10105
10-09 18:57:12.971  1866  2855 V DCSEX-AppSwitchManager: OnAppSwitchObserver: onAppExit, resuming = com.example.dogglers, target = com.android.launcher, is ResumingFirstStart =  false, is ResumingMultiApp =  false, extensionInfo =  Bundle[{taskId=161, uid=10115}]
10-09 18:57:12.971  1866  5003 I PowerHalWrapper: amsBoostNotify pid:3789,activity:androidx.test.core.app.InstrumentationActivityInvoker$BootstrapActivity, package:com.example.dogglers, mProcessCreatePackcom.example.dogglers
10-09 18:57:12.971  1866  5003 I PowerHalWrapper: state: 1
10-09 18:57:12.971  1866  5003 I PowerHalWrapper: amsBoostNotify AMS_BOOST_PROCESS_CREATE_BOOST:false
10-09 18:57:12.971  1866  7056 D DCSEX-AppLaunchEventRecorder: onAppSwitch from = com.android.launcher to = com.example.dogglers
10-09 18:57:12.971  1866  5003 I InputDispatcher: setFocusedApplication displayId=0 ActivityRecord{2c32378 u0 com.example.dogglers/androidx.test.core.app.InstrumentationActivityInvoker$BootstrapActivity t161}
10-09 18:57:12.971   886   961 I libPowerHal: [perfNotifyAppState] foreground:com.example.dogglers, pid:3789, uid:10115
10-09 18:57:12.972   886   961 I UxUtility: notifyForegroundApp pack:com.example.dogglers, uid:10115
10-09 18:57:12.972  1866  5003 D Theia.NoFocusWindow: FocusWindowErrorScene CheckFreezeScreen
10-09 18:57:12.972   886   961 I TouchUtility: notifyAppState error = NULL
10-09 18:57:12.972   886   896 I mtkpower@impl: [notifyAppState] pc:0, com.android.launcher => com.example.dogglers
10-09 18:57:12.972  1866  2855 V DCSEX-AppSwitchManager: OnAppSwitchObserver: onAppEnter, launchedFrom =  com.example.dogglers, target =  com.example.dogglers, is firstStart =  false, is multiApp =  false, extensionInfo =  Bundle[{taskId=161, pid=3789, uid=10115}]
10-09 18:57:12.972  2739 31418 W Battery : ThermalControlUtils: mForegroundPkg=com.example.dogglers
10-09 18:57:12.973   940   940 E ORMS_HAL: open /sys/devices/platform/soc/soc:oplus-omrg/oplus-omrg0/ruler_enable failed(No such file or directory)
10-09 18:57:12.973   940   940 E ORMS_HAL: open /sys/devices/platform/soc/soc:oplus-omrg/oplus-omrg0/ruler_enable failed(No such file or directory)
10-09 18:57:12.973  1866  1999 I mtkpower_client: perf_lock_rel, hdl:15783, tid:1999
10-09 18:57:12.974  1866  1999 I mtkpower_client: perf_lock_acq, hdl:15783, dur:0, num:12, tid:1999
10-09 18:57:12.974   886   961 I libPowerHal: [perfLockRel] hdl:15783, idx:0
10-09 18:57:12.974  4545 12284 D ZoomAppController: ignore onAppEnter: mCurrentZoomInfo is null
10-09 18:57:12.974   886   961 I libPowerHal: system_server: cpu_ctrl set cpu freq: -1 -1 -1 -1
10-09 18:57:12.974   886   961 I libPowerHal: [PD] system_server update cmd:1c3c000, param:1
10-09 18:57:12.975  1866  1980 E AthenaService: MemoryGuardAction: handleAppChange
10-09 18:57:12.975   867   923 I sensors-hal-OriginChannel: wise light debug, data[3].type is 65627,data[3].sensor is 91:[486.000000,,25.000000,,8.000000,0.000000,23587184831573]
10-09 18:57:12.975   886   961 I libPowerHal: [PD] system_server update cmd:2004100 param:2
10-09 18:57:12.975  1866  5003 I PowerHalWrapper: amsBoostNotify pid:2548,activity:com.android.launcher.Launcher, package:com.android.launcher, mProcessCreatePackcom.example.dogglers
10-09 18:57:12.975  1866  5003 I PowerHalWrapper: state: 0
10-09 18:57:12.975  1866  5003 I PowerHalWrapper: amsBoostNotify AMS_BOOST_PROCESS_CREATE_BOOST:false
10-09 18:57:12.975  1866  1999 I mtkpower_client: ret_hdl:15784
10-09 18:57:12.976  3789  3890 D libMEOW : meow new tls: 0xb4000075becd3b80
10-09 18:57:12.976  3789  3890 D libMEOW : applied 0 plugin for [com.example.dogglers].
10-09 18:57:12.976  3789  3890 D libMEOW : meow delete tls: 0xb4000075becd3b80
10-09 18:57:12.977   940   940 E ORMS_HAL: open /sys/devices/platform/soc/soc:oplus-omrg/oplus-omrg0/ruler_enable failed(No such file or directory)
10-09 18:57:12.977   940   940 E ORMS_HAL: open /sys/devices/platform/soc/soc:oplus-omrg/oplus-omrg0/ruler_enable failed(No such file or directory)
10-09 18:57:12.977   886   961 I libPowerHal: system_server: cpu_ctrl set cpu freq: 2000000 -1 2400000 -1
10-09 18:57:12.978  1866  1999 I mtkpower_client: perf_lock_rel, hdl:15784, tid:1999
10-09 18:57:12.978   968 25121 D AudioPolicyService: updateUidStates_l() current->uid=10136 current->pid=4167 allowCapture=1 UidState=3 apmStat=1
10-09 18:57:12.978   886   961 I libPowerHal: [perfLockRel] hdl:15784, idx:0
10-09 18:57:12.979  1866  1999 I mtkpower_client: perf_lock_acq, hdl:15784, dur:0, num:12, tid:1999
10-09 18:57:12.979   886   961 I libPowerHal: system_server: cpu_ctrl set cpu freq: -1 -1 -1 -1
10-09 18:57:12.979   886   961 I libPowerHal: [PD] system_server update cmd:1410000 param:0
10-09 18:57:12.979   886   961 I libPowerHal: [PD] system_server update cmd:1c3c000, param:1
10-09 18:57:12.979   886   961 I libPowerHal: [PD] system_server update cmd:2004100 param:2
10-09 18:57:12.979  1866  1999 I mtkpower_client: ret_hdl:15785
10-09 18:57:12.979   886   961 I libPowerHal: system_server: cpu_ctrl set cpu freq: 2000000 -1 2400000 -1
10-09 18:57:12.982  2739 31418 W Battery : ThermalControllHandler: tempLevel=4,userMode=2,gameUserMode=-1,appType=-1,envTempType=0,appStates=[]
10-09 18:57:12.983  3306  3325 D OplusAtlas.OplusAtlasEventDispatch: setEvent:atlas_event_on_foreground_activities_changed info:pid:3789,uid:10115,hasForegroundActivities:1
10-09 18:57:12.983  2739 31418 W Battery : ThermalControllerCenter: mSafetyState=10000
10-09 18:57:12.983   973  1022 I SurfaceFlinger: [SF client] NEW(0xb4000073b03e1400) for (1866:system_server)
10-09 18:57:12.984  4707  4771 V DeepThinker: ProcessManager: onForegroundActivitiesChanged pid:3789, uid:10115, foregroundActivities:true
10-09 18:57:12.984  3306  4568 D OplusAtlas.OplusAudioScene: callback success event:atlas_event_on_foreground_activities_changed eventInfo:pid:3789,uid:10115,hasForegroundActivities:1
10-09 18:57:12.984  3789  3789 D LifecycleMonitor: Lifecycle status change: androidx.test.core.app.InstrumentationActivityInvoker$BootstrapActivity@c894682 in: PRE_ON_CREATE
10-09 18:57:12.985  3789  3789 V ActivityScenario: Activity lifecycle changed event received but ignored because the intent does not match. startActivityIntent=Intent { act=android.intent.action.MAIN cat=[android.intent.category.LAUNCHER] cmp=com.example.dogglers/.VerticalListActivity }, activity.getIntent()=Intent { act=android.intent.action.MAIN cat=[android.intent.category.LAUNCHER] flg=0x10008000 cmp=com.example.dogglers/androidx.test.core.app.InstrumentationActivityInvoker$BootstrapActivity (has extras) mCallingUid=10115 }, activity=androidx.test.core.app.InstrumentationActivityInvoker$BootstrapActivity@c894682
10-09 18:57:12.985  1866  1896 D WindowManager: Add to mViews: DecorView@b6e828e[dogglers],pkg= com.example.dogglers
10-09 18:57:12.985  1866  1896 D ViewRootImpl[dogglers]: hardware acceleration = false, sRendererEnabled = true, forceHwAccelerated = false
10-09 18:57:12.985  2739 31418 W Battery : ThermalControllHandler: tempGear=4,configItemName=common_config
10-09 18:57:12.985  3306  4841 D OplusAtlas.OplusMessageHandler: handleMessage: Msg { when=-1ms what=2 obj=com.oplus.atlas.OplusAtlasEvent@aff5c9d target=com.oplus.atlas.OplusMessageHandler$MyHandler }
10-09 18:57:12.985  2739  5446 W Battery : ThermalControllHandler: MSG_THERMAL_CONTROL_CATEGORY_CHANGED
10-09 18:57:12.985  1866  1896 D OplusDisplayPolicy: com.example.dogglers, no change cutoutMode: 0
10-09 18:57:12.989   859  4288 D C2MtkBufferManager: over 5000ms not request from VCodec but callback hooked, slow BM Cc fetch thread
10-09 18:57:12.996  3335  3356 E oiface  : get gpu freq table failed
10-09 18:57:12.996  1866  2190 V ListServiceUtils: checkInListByUid start module:custom-icc uid:1000  time 18233886755us
10-09 18:57:12.996  1219 18501 D MMListService: getPackageNameByUid uid:1000, procName:
10-09 18:57:12.997  1866  2190 V ListServiceUtils: checkInListByUid end module:custom-icc uid:1000  time 18233887094us
10-09 18:57:12.997  1866  2190 D ListServiceUtils: checkInListByUid module:custom-icc uid:1000 cost 339us return 0
10-09 18:57:12.997  1219 18501 D MMListService: getListValueByUid module:image-processing, uid:1000
10-09 18:57:12.997  1219 18501 D MMListService: getPackageNameByUid uid:1000, procName:
10-09 18:57:12.997  1866  1896 D OplusDisplayPolicy: com.example.dogglers, no change cutoutMode: 0
10-09 18:57:12.998  1866  2190 V ListServiceUtils: checkInListByUid module:image-processing uid:1000 cost 995us return (null)
10-09 18:57:12.998  1866  2190 V JpegEncoderExtImpl: Resolution: 540 x 1200,support: 0;
10-09 18:57:12.998  3335  3356 E oiface  : get gpu freq table failed
10-09 18:57:12.998   973  3273 I BufferQueueDebug: [Splash Screen com.example.dogglers#0](this:0xb4000073963f3998,id:-1,api:0,p:-1,c:-1) BufferQueue core=(973:/system/bin/surfaceflinger)
10-09 18:57:13.000  3789  3789 D LifecycleMonitor: Lifecycle status change: androidx.test.core.app.InstrumentationActivityInvoker$BootstrapActivity@c894682 in: CREATED
10-09 18:57:13.000  3789  3789 V ActivityScenario: Activity lifecycle changed event received but ignored because the intent does not match. startActivityIntent=Intent { act=android.intent.action.MAIN cat=[android.intent.category.LAUNCHER] cmp=com.example.dogglers/.VerticalListActivity }, activity.getIntent()=Intent { act=android.intent.action.MAIN cat=[android.intent.category.LAUNCHER] flg=0x10008000 cmp=com.example.dogglers/androidx.test.core.app.InstrumentationActivityInvoker$BootstrapActivity (has extras) mCallingUid=10115 }, activity=androidx.test.core.app.InstrumentationActivityInvoker$BootstrapActivity@c894682
10-09 18:57:13.001  3789  3789 D LifecycleMonitor: Lifecycle status change: androidx.test.core.app.InstrumentationActivityInvoker$BootstrapActivity@c894682 in: STARTED
10-09 18:57:13.001  3789  3789 V ActivityScenario: Activity lifecycle changed event received but ignored because the intent does not match. startActivityIntent=Intent { act=android.intent.action.MAIN cat=[android.intent.category.LAUNCHER] cmp=com.example.dogglers/.VerticalListActivity }, activity.getIntent()=Intent { act=android.intent.action.MAIN cat=[android.intent.category.LAUNCHER] flg=0x10008000 cmp=com.example.dogglers/androidx.test.core.app.InstrumentationActivityInvoker$BootstrapActivity (has extras) mCallingUid=10115 }, activity=androidx.test.core.app.InstrumentationActivityInvoker$BootstrapActivity@c894682
10-09 18:57:13.004  1866  1896 I BufferQueueConsumer: [](id:74a0000010a,api:0,p:-1,c:1866) connect: controlledByApp=false
10-09 18:57:13.005   940   940 E ORMS_HAL: open /sys/devices/platform/soc/soc:oplus-omrg/oplus-omrg0/ruler_enable failed(No such file or directory)
10-09 18:57:13.005   940   940 E ORMS_HAL: open /sys/devices/platform/soc/soc:oplus-omrg/oplus-omrg0/ruler_enable failed(No such file or directory)
10-09 18:57:13.005  1866  1999 I mtkpower_client: perf_lock_rel, hdl:15785, tid:1999
10-09 18:57:13.006  1866  1999 I mtkpower_client: perf_lock_acq, hdl:15785, dur:0, num:12, tid:1999
10-09 18:57:13.006  1866  1896 I BLASTBufferQueue: [ViewRootImpl[dogglers]#186] constructor()
10-09 18:57:13.006   886   961 I libPowerHal: [perfLockRel] hdl:15785, idx:0
10-09 18:57:13.006   886   961 I libPowerHal: system_server: cpu_ctrl set cpu freq: -1 -1 -1 -1
10-09 18:57:13.006   886   961 I libPowerHal: [PD] system_server update cmd:1410000 param:0
10-09 18:57:13.006   886   961 I libPowerHal: [PD] system_server update cmd:1c3c000, param:1
10-09 18:57:13.007   886   961 I libPowerHal: [PD] system_server update cmd:2004100 param:2
10-09 18:57:13.007   886   897 I mtkpower@impl: [setMode] type:5, enabled:1
10-09 18:57:13.007  1866  1999 I mtkpower_client: ret_hdl:15786
10-09 18:57:13.009  1866  4270 I PowerHalWrapper: <amsBoostResume> last:com.example.dogglers, next:com.example.dogglers
10-09 18:57:13.009   886   961 I libPowerHal: system_server: cpu_ctrl set cpu freq: 2000000 -1 2400000 -1
10-09 18:57:13.010   859  4288 D C2MtkBufferManager: over 5000ms not request from VCodec but callback hooked, slow BM Cc fetch thread
10-09 18:57:13.011  3789  3789 D LifecycleMonitor: Lifecycle status change: androidx.test.core.app.InstrumentationActivityInvoker$BootstrapActivity@c894682 in: RESUMED
10-09 18:57:13.011  3789  3789 V ActivityScenario: Activity lifecycle changed event received but ignored because the intent does not match. startActivityIntent=Intent { act=android.intent.action.MAIN cat=[android.intent.category.LAUNCHER] cmp=com.example.dogglers/.VerticalListActivity }, activity.getIntent()=Intent { act=android.intent.action.MAIN cat=[android.intent.category.LAUNCHER] flg=0x10008000 cmp=com.example.dogglers/androidx.test.core.app.InstrumentationActivityInvoker$BootstrapActivity (has extras) mCallingUid=10115 }, activity=androidx.test.core.app.InstrumentationActivityInvoker$BootstrapActivity@c894682
10-09 18:57:13.011  1866  1896 D Surface : lockCanvas
10-09 18:57:13.011  1866  1896 I BufferQueueProducer: [ViewRootImpl[dogglers]#186(BLAST Consumer)186](id:74a0000010a,api:2,p:1866,c:1866) connect: api=2 producerControlledByApp=true
10-09 18:57:13.013  3789  3789 D LifecycleMonitor: Lifecycle status change: androidx.test.core.app.InstrumentationActivityInvoker$BootstrapActivity@c894682 in: PAUSED
10-09 18:57:13.013  3789  3789 V ActivityScenario: Activity lifecycle changed event received but ignored because the intent does not match. startActivityIntent=Intent { act=android.intent.action.MAIN cat=[android.intent.category.LAUNCHER] cmp=com.example.dogglers/.VerticalListActivity }, activity.getIntent()=Intent { act=android.intent.action.MAIN cat=[android.intent.category.LAUNCHER] flg=0x10008000 cmp=com.example.dogglers/androidx.test.core.app.InstrumentationActivityInvoker$BootstrapActivity (has extras) mCallingUid=10115 }, activity=androidx.test.core.app.InstrumentationActivityInvoker$BootstrapActivity@c894682
10-09 18:57:13.016  1866  2773 I FocusResolver: updateFocusedWindow,  on display 0, reason: NO_WINDOW, result:   FocusedWindows: <none>
10-09 18:57:13.017  1866  4270 I PowerHalWrapper: amsBoostNotify pid:3789,activity:com.example.dogglers.VerticalListActivity, package:com.example.dogglers, mProcessCreatePackcom.example.dogglers
10-09 18:57:13.017  1866  4270 I PowerHalWrapper: state: 1
10-09 18:57:13.017  1866  4270 I PowerHalWrapper: amsBoostNotify AMS_BOOST_PROCESS_CREATE_BOOST:false
10-09 18:57:13.017  1866  4270 I InputDispatcher: setFocusedApplication displayId=0 ActivityRecord{1d91ff9 u0 com.example.dogglers/.VerticalListActivity t161}
10-09 18:57:13.017   886   896 I mtkpower@impl: [notifyAppState] act androidx.test.core.app.InstrumentationActivityInvoker$EmptyActivity => com.example.dogglers.VerticalListActivity
10-09 18:57:13.019  1866  4270 I PowerHalWrapper: amsBoostNotify pid:3789,activity:androidx.test.core.app.InstrumentationActivityInvoker$BootstrapActivity, package:com.example.dogglers, mProcessCreatePackcom.example.dogglers
10-09 18:57:13.019  1866  4270 I PowerHalWrapper: state: 0
10-09 18:57:13.019  1866  4270 I PowerHalWrapper: amsBoostNotify AMS_BOOST_PROCESS_CREATE_BOOST:false
10-09 18:57:13.019  1866  1895 I PowerHalWrapper: amsBoostNotify pid:3789,activity:androidx.test.core.app.InstrumentationActivityInvoker$BootstrapActivity, package:com.example.dogglers, mProcessCreatePackcom.example.dogglers
10-09 18:57:13.020  1866  1895 I PowerHalWrapper: state: 0
10-09 18:57:13.020  1866  1895 I PowerHalWrapper: amsBoostNotify AMS_BOOST_PROCESS_CREATE_BOOST:false
10-09 18:57:13.020  3789  3892 D libMEOW : meow new tls: 0xb4000075becd3cc0
10-09 18:57:13.020  3789  3892 D libMEOW : applied 0 plugin for [com.example.dogglers].
10-09 18:57:13.020  3789  3892 D libMEOW : meow delete tls: 0xb4000075becd3cc0
10-09 18:57:13.020   940   940 E ORMS_HAL: open /sys/devices/platform/soc/soc:oplus-omrg/oplus-omrg0/ruler_enable failed(No such file or directory)
10-09 18:57:13.021   940   940 E ORMS_HAL: open /sys/devices/platform/soc/soc:oplus-omrg/oplus-omrg0/ruler_enable failed(No such file or directory)
10-09 18:57:13.021  1866  1999 I mtkpower_client: perf_lock_rel, hdl:15786, tid:1999
10-09 18:57:13.021  1866  1999 I mtkpower_client: perf_lock_acq, hdl:15786, dur:0, num:12, tid:1999
10-09 18:57:13.021   886   961 I libPowerHal: [perfLockRel] hdl:15786, idx:0
10-09 18:57:13.021   886   961 I libPowerHal: system_server: cpu_ctrl set cpu freq: -1 -1 -1 -1
10-09 18:57:13.021   886   961 I libPowerHal: [PD] system_server update cmd:1410000 param:0
10-09 18:57:13.022   886   961 I libPowerHal: [PD] system_server update cmd:1c3c000, param:1
10-09 18:57:13.022   886   961 I libPowerHal: [PD] system_server update cmd:2004100 param:2
10-09 18:57:13.022  1866  1999 I mtkpower_client: ret_hdl:15787
10-09 18:57:13.023   886   961 I libPowerHal: system_server: cpu_ctrl set cpu freq: 2000000 -1 2400000 -1
10-09 18:57:13.030   973   973 D OplusLayer: setBuffer sequence=10399, name=Splash Screen com.example.dogglers#0
10-09 18:57:13.030   973   973 I OplusLayer: VRR [FRTC] update from -1 to 0
10-09 18:57:13.030  1866  3235 D SurfaceComposerClient: VRR [FRTC] client handle [bufferId:18446744073709551615 framenumber:0] [ffffffff, ffffffff]
10-09 18:57:13.030   859  4288 D C2MtkBufferManager: over 5000ms not request from VCodec but callback hooked, slow BM Cc fetch thread
10-09 18:57:13.035  3789  3789 D LifecycleMonitor: Lifecycle status change: com.example.dogglers.VerticalListActivity@26ceee8 in: PRE_ON_CREATE
10-09 18:57:13.035  3789  3789 V ActivityScenario: Activity lifecycle changed event received but ignored because the reported transition was not ON_CREATE while the last known transition was PRE_ON_CREATE
10-09 18:57:13.039  3789  3789 I oplus.android.OplusFrameworkFactoryImpl: get feature:IOplusDynamicVsyncFeature
10-09 18:57:13.039  3789  3789 I oplus.android.OplusFrameworkFactoryImpl: get feature:IOplusDynamicVsyncFeature
10-09 18:57:13.039  3789  3789 I oplus.android.OplusFrameworkFactoryImpl: get feature:IOplusDynamicVsyncFeature
10-09 18:57:13.048   973   973 D OplusLayer: ~Layer() sequence=10388, name=Surface(name=634d9c0 StatusBar)/@0x8de5787 - animation-leash of insets_animation#1 0xb400007396246800
10-09 18:57:13.048   973   973 D OplusLayer: ~Layer() sequence=10389, name=Surface(name=97f7650 NavigationBar0)/@0x92332dd - animation-leash of insets_animation#0 0xb40000739627f800
10-09 18:57:13.049  3789  3789 I oplus.android.OplusFrameworkFactoryImpl: get feature:IOplusDynamicVsyncFeature
10-09 18:57:13.049  3789  3789 I oplus.android.OplusFrameworkFactoryImpl: get feature:IOplusDynamicVsyncFeature
10-09 18:57:13.049  3789  3789 I oplus.android.OplusFrameworkFactoryImpl: get feature:IOplusDynamicVsyncFeature
10-09 18:57:13.052   859  4288 D C2MtkBufferManager: over 5000ms not request from VCodec but callback hooked, slow BM Cc fetch thread
10-09 18:57:13.058  3789  3789 D LifecycleMonitor: Lifecycle status change: com.example.dogglers.VerticalListActivity@26ceee8 in: CREATED
10-09 18:57:13.058  3789  3789 V ActivityScenario: Update currentActivityStage to CREATED, currentActivity=com.example.dogglers.VerticalListActivity@26ceee8
10-09 18:57:13.059  3789  3789 D LifecycleMonitor: Lifecycle status change: com.example.dogglers.VerticalListActivity@26ceee8 in: STARTED
10-09 18:57:13.059  3789  3789 V ActivityScenario: Update currentActivityStage to STARTED, currentActivity=com.example.dogglers.VerticalListActivity@26ceee8
10-09 18:57:13.061  3789  3789 D LifecycleMonitor: Lifecycle status change: com.example.dogglers.VerticalListActivity@26ceee8 in: RESUMED
10-09 18:57:13.061  3789  3789 V ActivityScenario: Update currentActivityStage to RESUMED, currentActivity=com.example.dogglers.VerticalListActivity@26ceee8
10-09 18:57:13.062   973  1022 I SurfaceFlinger: [SF client] NEW(0xb4000073b03e08c0) for (3789:com.example.dogglers)
10-09 18:57:13.065  3789  3789 D WindowManager: Add to mViews: DecorView@7d89573[VerticalListActivity],pkg= com.example.dogglers
10-09 18:57:13.067  3789  3789 D ViewRootImpl[VerticalListActivity]: hardware acceleration = true, sRendererEnabled = true, forceHwAccelerated = false
10-09 18:57:13.068  1866  4270 D OplusDisplayPolicy: com.example.dogglers, no change cutoutMode: 0
10-09 18:57:13.070  4167  4167 I GsaVoiceInteractionSrv: Handling ACTION_STOP_HOTWORD
10-09 18:57:13.072  3789  3789 D LifecycleMonitor: Lifecycle status change: androidx.test.core.app.InstrumentationActivityInvoker$BootstrapActivity@c894682 in: STOPPED
10-09 18:57:13.072   859  4288 D C2MtkBufferManager: over 5000ms not request from VCodec but callback hooked, slow BM Cc fetch thread
10-09 18:57:13.072  3789  3789 V ActivityScenario: Activity lifecycle changed event received but ignored because the intent does not match. startActivityIntent=Intent { act=android.intent.action.MAIN cat=[android.intent.category.LAUNCHER] cmp=com.example.dogglers/.VerticalListActivity }, activity.getIntent()=Intent { act=android.intent.action.MAIN cat=[android.intent.category.LAUNCHER] flg=0x10008000 cmp=com.example.dogglers/androidx.test.core.app.InstrumentationActivityInvoker$BootstrapActivity (has extras) mCallingUid=10115 }, activity=androidx.test.core.app.InstrumentationActivityInvoker$BootstrapActivity@c894682
10-09 18:57:13.080  1866  4270 D OplusDisplayPolicy: com.example.dogglers, no change cutoutMode: 0
10-09 18:57:13.081   973  1022 I BufferQueueDebug: [com.example.dogglers/com.example.dogglers.VerticalListActivity#0](this:0xb40000739728c998,id:-1,api:0,p:-1,c:-1) BufferQueue core=(973:/system/bin/surfaceflinger)
10-09 18:57:13.085  1866  4270 D Theia.NoFocusWindow: FocusWindowErrorScene cancelCheckFreezeScreen
10-09 18:57:13.087  3789  3789 I BufferQueueConsumer: [](id:ecd00000003,api:0,p:-1,c:3789) connect: controlledByApp=false
10-09 18:57:13.087  3789  3789 I BLASTBufferQueue: [ViewRootImpl[VerticalListActivity]#3] constructor()
10-09 18:57:13.088  3789  3845 I BufferQueueProducer: [ViewRootImpl[VerticalListActivity]#3(BLAST Consumer)3](id:ecd00000003,api:1,p:3789,c:3789) connect: api=1 producerControlledByApp=true
10-09 18:57:13.093   859  4288 D C2MtkBufferManager: over 5000ms not request from VCodec but callback hooked, slow BM Cc fetch thread
10-09 18:57:13.113   859  4288 D C2MtkBufferManager: over 5000ms not request from VCodec but callback hooked, slow BM Cc fetch thread
10-09 18:57:13.114   973   973 D OplusLayer: ~Layer() sequence=10403, name=Surface(name=634d9c0 StatusBar)/@0x8de5787 - animation-leash of insets_animation#0 0xb4000073b02b4000
10-09 18:57:13.114   973   973 D OplusLayer: ~Layer() sequence=10404, name=Surface(name=97f7650 NavigationBar0)/@0x92332dd - animation-leash of insets_animation#1 0xb4000073b02b6800
10-09 18:57:13.123  1866  2773 D skia    : SkJpegCodec::onGetPixels +
10-09 18:57:13.132  1866  2773 D skia    : SkJpegCodec::onGetPixels -
10-09 18:57:13.134   859  4288 D C2MtkBufferManager: over 5000ms not request from VCodec but callback hooked, slow BM Cc fetch thread
10-09 18:57:13.146   973   973 D OplusLayer: setBuffer sequence=10406, name=com.example.dogglers/com.example.dogglers.VerticalListActivity#0
10-09 18:57:13.146   973   973 I OplusLayer: VRR [FRTC] update from -1 to 0
10-09 18:57:13.146  3789  3831 D SurfaceComposerClient: VRR [FRTC] client handle [bufferId:18446744073709551615 framenumber:0] [ffffffff, ffffffff]
10-09 18:57:13.150  3789  3789 D RootViewPicker: Root not ready - waiting: 10ms for one to appear.
10-09 18:57:13.151  1866  1892 W ziparchive: Unable to open '/data/app/~~4jPePy9RhIqmdKTdFDXi6Q==/com.example.dogglers-m8QefxEtuY5V8gkJseXqVg==/base.dm': No such file or directory
10-09 18:57:13.153  1866  1896 D View    : [Warning] assignParent to null: this = DecorView@b6e828e[dogglers]
10-09 18:57:13.153  1866  1896 I BufferQueueProducer: [ViewRootImpl[dogglers]#186(BLAST Consumer)186](id:74a0000010a,api:2,p:1866,c:1866) disconnect: api 2
10-09 18:57:13.153  1866  1896 E BLASTBufferQueue: BLASTBufferItemConsumer::onDisconnect()
10-09 18:57:13.153  1866  1896 I BLASTBufferQueue: [ViewRootImpl[dogglers]#186] destructor()
10-09 18:57:13.153  1866  1896 I BufferQueueConsumer: [ViewRootImpl[dogglers]#186(BLAST Consumer)186](id:74a0000010a,api:0,p:-1,c:1866) disconnect
10-09 18:57:13.154  1866  1892 I ActivityTaskManager: Displayed com.example.dogglers/.VerticalListActivity: +196ms
10-09 18:57:13.154  1866  1896 W InputManager-JNI: Input channel object '8950ebc Splash Screen com.example.dogglers (client)' was disposed without first being removed with the input manager!
10-09 18:57:13.154   859  4288 D C2MtkBufferManager: over 5000ms not request from VCodec but callback hooked, slow BM Cc fetch thread
10-09 18:57:13.157   886   897 I mtkpower@impl: [setMode] type:5, enabled:0
10-09 18:57:13.158  1866  2773 I PowerHalWrapper: amsBoostStop AMS_BOOST_PACK_SWITCH:true, AMS_BOOST_ACT_SWITCH:true, AMS_BOOST_PROCESS_CREATE:false
10-09 18:57:13.158  1866  2773 I PowerHalWrapper: amsBoostStop AMS_BOOST_PACK_SWITCH:false, AMS_BOOST_ACT_SWITCH:false, AMS_BOOST_PROCESS_CREATE:false
10-09 18:57:13.159  1866  2773 W Binder  : Caught a RuntimeException from the binder stub implementation.
10-09 18:57:13.159  1866  2773 W Binder  : java.lang.NullPointerException: Attempt to invoke virtual method 'android.view.WindowManager$LayoutParams com.android.server.wm.WindowState.getAttrs()' on a null object reference
10-09 18:57:13.159  1866  2773 W Binder  : 	at com.mediatek.server.am.AmsExtImpl.onEndOfActivityIdle(AmsExtImpl.java:452)
10-09 18:57:13.159  1866  2773 W Binder  : 	at com.android.server.wm.ActivityClientController.activityIdle(ActivityClientController.java:145)
10-09 18:57:13.159  1866  2773 W Binder  : 	at android.app.IActivityClientController$Stub.onTransact(IActivityClientController.java:515)
10-09 18:57:13.159  1866  2773 W Binder  : 	at com.android.server.wm.ActivityClientController.onTransact(ActivityClientController.java:122)
10-09 18:57:13.159  1866  2773 W Binder  : 	at android.os.Binder.execTransactInternal(Binder.java:1227)
10-09 18:57:13.159  1866  2773 W Binder  : 	at android.os.Binder.execTransact(Binder.java:1164)
10-09 18:57:13.161  3789  3789 D RootViewPicker: Root not ready - waiting: 25ms for one to appear.
10-09 18:57:13.165  1866  2773 I FocusResolver: updateFocusedWindow, c2ac325 com.example.dogglers/com.example.dogglers.VerticalListActivity on display 0, reason: Window became focusable. Previous reason: NOT_VISIBLE, result:   FocusedWindows:
10-09 18:57:13.165  1866  2773 I FocusResolver:     displayId=0, name='c2ac325 com.example.dogglers/com.example.dogglers.VerticalListActivity'
10-09 18:57:13.167  1866  2773 D InputMethodManagerService: isSecurity: attribute.packageName=com.example.dogglers mCurMethodId=org.dslul.openboard.inputmethod.latin/.LatinIME
10-09 18:57:13.167  1866  2773 D InputMethodManagerService: isSecurity= false (  enable=false needShow=false inBlackList=false isExist=true )
10-09 18:57:13.174   867   923 I sensors-hal-OriginChannel: wise light debug, data[0].type is 65627,data[0].sensor is 91:[504.000000,,25.000000,,7.000000,0.000000,23587384795250]
10-09 18:57:13.175   859  4288 D C2MtkBufferManager: over 5000ms not request from VCodec but callback hooked, slow BM Cc fetch thread
10-09 18:57:13.180   973   973 D OplusLayer: ~Layer() sequence=10394, name=Surface(name=7edaa53 InputMethod)/@0x5a9888e - animation-leash of insets_animation#1 0xb40000739637f000
10-09 18:57:13.194  3789  3789 I ViewInteraction: Performing 'scroll RecyclerView to position: 5' action on view view.getId() is <2131231202/com.example.dogglers:id/vertical_recycler_view>
10-09 18:57:13.195   859  4288 D C2MtkBufferManager: over 5000ms not request from VCodec but callback hooked, slow BM Cc fetch thread
10-09 18:57:13.216   859  4288 D C2MtkBufferManager: over 5000ms not request from VCodec but callback hooked, slow BM Cc fetch thread
10-09 18:57:13.236   859  4288 D C2MtkBufferManager: over 5000ms not request from VCodec but callback hooked, slow BM Cc fetch thread
10-09 18:57:13.257   859  4288 D C2MtkBufferManager: over 5000ms not request from VCodec but callback hooked, slow BM Cc fetch thread
10-09 18:57:13.277   859  4288 D C2MtkBufferManager: over 5000ms not request from VCodec but callback hooked, slow BM Cc fetch thread
10-09 18:57:13.281  3789  3789 I ViewInteraction: Checking 'MatchesViewAssertion{viewMatcher=(view has effective visibility <VISIBLE> and view.getGlobalVisibleRect() to return non-empty rectangle)}' assertion on view an instance of android.widget.TextView and view.getText() with or without transformation to match: is "Bella"
10-09 18:57:13.286   940   940 E ORMS_HAL: open /sys/devices/platform/soc/soc:oplus-omrg/oplus-omrg0/ruler_enable failed(No such file or directory)
10-09 18:57:13.287   940   940 E ORMS_HAL: open /sys/devices/platform/soc/soc:oplus-omrg/oplus-omrg0/ruler_enable failed(No such file or directory)
10-09 18:57:13.287  1866  1999 I mtkpower_client: perf_lock_rel, hdl:15787, tid:1999
10-09 18:57:13.287  1866  1999 I mtkpower_client: perf_lock_acq, hdl:15787, dur:0, num:12, tid:1999
10-09 18:57:13.287   886   961 I libPowerHal: [perfLockRel] hdl:15787, idx:0
10-09 18:57:13.287   886   961 I libPowerHal: system_server: cpu_ctrl set cpu freq: -1 -1 -1 -1
10-09 18:57:13.287   886   961 I libPowerHal: [PD] system_server update cmd:1410000 param:0
10-09 18:57:13.287   886   961 I libPowerHal: [PD] system_server update cmd:1c3c000, param:1
10-09 18:57:13.287   886   961 I libPowerHal: [PD] system_server update cmd:2004100 param:2
10-09 18:57:13.288  1866  1999 I mtkpower_client: ret_hdl:15788
10-09 18:57:13.288   886   961 I libPowerHal: system_server: cpu_ctrl set cpu freq: 2000000 -1 2400000 -1
10-09 18:57:13.289   886   897 I mtkpower@impl: [setMode] type:5, enabled:1
10-09 18:57:13.290  1866  2773 I PowerHalWrapper: <amsBoostResume> last:com.example.dogglers, next:com.example.dogglers
10-09 18:57:13.293  3789  3789 D LifecycleMonitor: Lifecycle status change: com.example.dogglers.VerticalListActivity@26ceee8 in: PAUSED
10-09 18:57:13.294  3789  3789 V ActivityScenario: Update currentActivityStage to PAUSED, currentActivity=com.example.dogglers.VerticalListActivity@26ceee8
10-09 18:57:13.297  1866  4270 I PowerHalWrapper: amsBoostNotify pid:3789,activity:androidx.test.core.app.InstrumentationActivityInvoker$EmptyActivity, package:com.example.dogglers, mProcessCreatePackcom.example.dogglers
10-09 18:57:13.297  1866  4270 I PowerHalWrapper: state: 1
10-09 18:57:13.297  1866  4270 I PowerHalWrapper: amsBoostNotify AMS_BOOST_PROCESS_CREATE_BOOST:false
10-09 18:57:13.297  1866  4270 I InputDispatcher: setFocusedApplication displayId=0 ActivityRecord{5c4a650 u0 com.example.dogglers/androidx.test.core.app.InstrumentationActivityInvoker$EmptyActivity t161}
10-09 18:57:13.297   886   896 I mtkpower@impl: [notifyAppState] act com.example.dogglers.VerticalListActivity => androidx.test.core.app.InstrumentationActivityInvoker$EmptyActivity
10-09 18:57:13.298   859  4288 D C2MtkBufferManager: over 5000ms not request from VCodec but callback hooked, slow BM Cc fetch thread
10-09 18:57:13.299  1866  4270 D Theia.NoFocusWindow: FocusWindowErrorScene CheckFreezeScreen
10-09 18:57:13.302  1866  4270 I PowerHalWrapper: amsBoostNotify pid:3789,activity:com.example.dogglers.VerticalListActivity, package:com.example.dogglers, mProcessCreatePackcom.example.dogglers
10-09 18:57:13.302  1866  4270 I PowerHalWrapper: state: 0
10-09 18:57:13.302  1866  4270 I PowerHalWrapper: amsBoostNotify AMS_BOOST_PROCESS_CREATE_BOOST:false
10-09 18:57:13.304  3789  3895 D libMEOW : meow new tls: 0xb4000075beda0b00
10-09 18:57:13.304  3789  3895 D libMEOW : applied 0 plugin for [com.example.dogglers].
10-09 18:57:13.304  3789  3895 D libMEOW : meow delete tls: 0xb4000075beda0b00
10-09 18:57:13.304   940   940 E ORMS_HAL: open /sys/devices/platform/soc/soc:oplus-omrg/oplus-omrg0/ruler_enable failed(No such file or directory)
10-09 18:57:13.304   940   940 E ORMS_HAL: open /sys/devices/platform/soc/soc:oplus-omrg/oplus-omrg0/ruler_enable failed(No such file or directory)
10-09 18:57:13.305  1866  1999 I mtkpower_client: perf_lock_rel, hdl:15788, tid:1999
10-09 18:57:13.305  1866  1999 I mtkpower_client: perf_lock_acq, hdl:15788, dur:0, num:12, tid:1999
10-09 18:57:13.305   886   961 I libPowerHal: [perfLockRel] hdl:15788, idx:0
10-09 18:57:13.306   886   961 I libPowerHal: system_server: cpu_ctrl set cpu freq: -1 -1 -1 -1
10-09 18:57:13.306   886   961 I libPowerHal: [PD] system_server update cmd:1410000 param:0
10-09 18:57:13.306   886   961 I libPowerHal: [PD] system_server update cmd:1c3c000, param:1
10-09 18:57:13.306   886   961 I libPowerHal: [PD] system_server update cmd:2004100 param:2
10-09 18:57:13.307  1866  1999 I mtkpower_client: ret_hdl:15789
10-09 18:57:13.307   886   961 I libPowerHal: system_server: cpu_ctrl set cpu freq: 2000000 -1 2400000 -1
10-09 18:57:13.308  3789  3789 D LifecycleMonitor: Lifecycle status change: androidx.test.core.app.InstrumentationActivityInvoker$EmptyActivity@232ff8b in: PRE_ON_CREATE
10-09 18:57:13.308  3789  3789 V ActivityScenario: Activity lifecycle changed event received but ignored because the intent does not match. startActivityIntent=Intent { act=android.intent.action.MAIN cat=[android.intent.category.LAUNCHER] cmp=com.example.dogglers/.VerticalListActivity }, activity.getIntent()=Intent { act=android.intent.action.MAIN cat=[android.intent.category.LAUNCHER] flg=0x10000000 cmp=com.example.dogglers/androidx.test.core.app.InstrumentationActivityInvoker$EmptyActivity mCallingUid=10115 }, activity=androidx.test.core.app.InstrumentationActivityInvoker$EmptyActivity@232ff8b
10-09 18:57:13.318   859  4288 D C2MtkBufferManager: over 5000ms not request from VCodec but callback hooked, slow BM Cc fetch thread
10-09 18:57:13.320  3789  3789 D LifecycleMonitor: Lifecycle status change: androidx.test.core.app.InstrumentationActivityInvoker$EmptyActivity@232ff8b in: CREATED
10-09 18:57:13.320  3789  3789 V ActivityScenario: Activity lifecycle changed event received but ignored because the intent does not match. startActivityIntent=Intent { act=android.intent.action.MAIN cat=[android.intent.category.LAUNCHER] cmp=com.example.dogglers/.VerticalListActivity }, activity.getIntent()=Intent { act=android.intent.action.MAIN cat=[android.intent.category.LAUNCHER] flg=0x10000000 cmp=com.example.dogglers/androidx.test.core.app.InstrumentationActivityInvoker$EmptyActivity mCallingUid=10115 }, activity=androidx.test.core.app.InstrumentationActivityInvoker$EmptyActivity@232ff8b
10-09 18:57:13.321  3789  3789 D LifecycleMonitor: Lifecycle status change: androidx.test.core.app.InstrumentationActivityInvoker$EmptyActivity@232ff8b in: STARTED
10-09 18:57:13.321  3789  3789 V ActivityScenario: Activity lifecycle changed event received but ignored because the intent does not match. startActivityIntent=Intent { act=android.intent.action.MAIN cat=[android.intent.category.LAUNCHER] cmp=com.example.dogglers/.VerticalListActivity }, activity.getIntent()=Intent { act=android.intent.action.MAIN cat=[android.intent.category.LAUNCHER] flg=0x10000000 cmp=com.example.dogglers/androidx.test.core.app.InstrumentationActivityInvoker$EmptyActivity mCallingUid=10115 }, activity=androidx.test.core.app.InstrumentationActivityInvoker$EmptyActivity@232ff8b
10-09 18:57:13.323  3789  3789 D LifecycleMonitor: Lifecycle status change: androidx.test.core.app.InstrumentationActivityInvoker$EmptyActivity@232ff8b in: RESUMED
10-09 18:57:13.323  3789  3789 V ActivityScenario: Activity lifecycle changed event received but ignored because the intent does not match. startActivityIntent=Intent { act=android.intent.action.MAIN cat=[android.intent.category.LAUNCHER] cmp=com.example.dogglers/.VerticalListActivity }, activity.getIntent()=Intent { act=android.intent.action.MAIN cat=[android.intent.category.LAUNCHER] flg=0x10000000 cmp=com.example.dogglers/androidx.test.core.app.InstrumentationActivityInvoker$EmptyActivity mCallingUid=10115 }, activity=androidx.test.core.app.InstrumentationActivityInvoker$EmptyActivity@232ff8b
10-09 18:57:13.324   973  1023 I SurfaceFlinger: [SF client] NEW(0xb4000073b09abdc0) for (3789:com.example.dogglers)
10-09 18:57:13.325  4661  4875 I BufferQueueProducer: [ViewRootImpl[Launcher]#192(BLAST Consumer)192](id:1235000000c0,api:1,p:4661,c:4661) disconnect: api 1
10-09 18:57:13.327  3789  3789 D WindowManager: Add to mViews: DecorView@34d71b2[InstrumentationActivityInvoker$EmptyActivity],pkg= com.example.dogglers
10-09 18:57:13.328  4661  4875 E BLASTBufferQueue: BLASTBufferItemConsumer::onDisconnect()
10-09 18:57:13.329   973   973 D OplusLayer: ~Layer() sequence=10402, name=Surface(name=Task=5)/@0x94fb566 - animation-leash of app_transition#0 0xb400007396c49800
10-09 18:57:13.329   973   973 D OplusLayer: ~Layer() sequence=10401, name=Surface(name=Task=161)/@0xed5bdd8 - animation-leash of app_transition#0 0xb40000739638b800
10-09 18:57:13.329  3789  3789 D ViewRootImpl[InstrumentationActivityInvoker$EmptyActivity]: hardware acceleration = true, sRendererEnabled = true, forceHwAccelerated = false
10-09 18:57:13.331  2548  2792 I BufferQueueProducer: [ViewRootImpl[Launcher]#194(BLAST Consumer)194](id:9f400000120,api:1,p:2548,c:2548) disconnect: api 1
10-09 18:57:13.331  1866  5003 I FocusResolver: updateFocusedWindow,  on display 0, reason: NO_WINDOW, result:   FocusedWindows: <none>
10-09 18:57:13.332  2548  2792 E BLASTBufferQueue: BLASTBufferItemConsumer::onDisconnect()
10-09 18:57:13.333  4661  4661 I BLASTBufferQueue: [ViewRootImpl[Launcher]#192] destructor()
10-09 18:57:13.333  4661  4661 I BufferQueueConsumer: [ViewRootImpl[Launcher]#192(BLAST Consumer)192](id:1235000000c0,api:0,p:-1,c:4661) disconnect
10-09 18:57:13.334  4661  4661 I A       : (REDACTED) onApplyWindowInsets: systemWindowInsets=%s
10-09 18:57:13.334  4661  4661 I A       : (REDACTED) onApplyWindowInsets: systemWindowInsets=%s
10-09 18:57:13.337  1866  2773 D OplusDisplayPolicy: com.example.dogglers, no change cutoutMode: 0
10-09 18:57:13.338   859  4288 D C2MtkBufferManager: over 5000ms not request from VCodec but callback hooked, slow BM Cc fetch thread
10-09 18:57:13.341  2548  2548 I BLASTBufferQueue: [ViewRootImpl[Launcher]#194] destructor()
10-09 18:57:13.341  2548  2548 I BufferQueueConsumer: [ViewRootImpl[Launcher]#194(BLAST Consumer)194](id:9f400000120,api:0,p:-1,c:2548) disconnect
10-09 18:57:13.344  1866  2773 D OplusDisplayPolicy: com.example.dogglers, no change cutoutMode: 0
10-09 18:57:13.344   973  1022 I BufferQueueDebug: [com.example.dogglers/androidx.test.core.app.InstrumentationActivityInvoker$EmptyActivity#0](this:0xb40000739740f998,id:-1,api:0,p:-1,c:-1) BufferQueue core=(973:/system/bin/surfaceflinger)
10-09 18:57:13.345   973   973 D OplusLayer: ~Layer() sequence=10407, name=Surface(name=634d9c0 StatusBar)/@0x8de5787 - animation-leash of insets_animation#1 0xb4000073b03dc800
10-09 18:57:13.346   973   973 D OplusLayer: ~Layer() sequence=10408, name=Surface(name=97f7650 NavigationBar0)/@0x92332dd - animation-leash of insets_animation#0 0xb4000073b06b9800
10-09 18:57:13.346   973   973 D OplusLayer: ~Layer() sequence=10409, name=Surface(name=8950ebc Splash Screen com.example.dogglers)/@0x4c6ab3e - animation-leash of window_animation#0 0xb4000073963a6800
10-09 18:57:13.346   973   973 D OplusLayer: ~Layer() sequence=10398, name=8950ebc Splash Screen com.example.dogglers#0 0xb4000073970cd000
10-09 18:57:13.346   973   973 D OplusLayer: ~Layer() sequence=10412, name=Surface(name=634d9c0 StatusBar)/@0x8de5787 - animation-leash of insets_animation#0 0xb400007396381800
10-09 18:57:13.347   973   973 D OplusLayer: ~Layer() sequence=10413, name=Surface(name=97f7650 NavigationBar0)/@0x92332dd - animation-leash of insets_animation#1 0xb400007396386800
10-09 18:57:13.349   973   973 I BufferQueueDebug: [Splash Screen com.example.dogglers#0](this:0xb4000073963f3998,id:-1,api:0,p:-1,c:973) onDestructor()
10-09 18:57:13.349   973   973 D OplusLayer: ~Layer() sequence=10399, name=Splash Screen com.example.dogglers#0 0xb4000073963f1000
10-09 18:57:13.349  1866  5003 I BLASTBufferQueue: releaseBufferCallbackThunk bufferId:8014408974968 framenumber:1 blastBufferQueue is dead
10-09 18:57:13.350  1866  2773 D Theia.NoFocusWindow: FocusWindowErrorScene cancelCheckFreezeScreen
10-09 18:57:13.352  3789  3789 I BufferQueueConsumer: [](id:ecd00000004,api:0,p:-1,c:3789) connect: controlledByApp=false
10-09 18:57:13.352  3789  3789 I BLASTBufferQueue: [ViewRootImpl[InstrumentationActivityInvoker$EmptyActivity]#4] constructor()
10-09 18:57:13.353  3789  3845 I BufferQueueProducer: [ViewRootImpl[InstrumentationActivityInvoker$EmptyActivity]#4(BLAST Consumer)4](id:ecd00000004,api:1,p:3789,c:3789) connect: api=1 producerControlledByApp=true
10-09 18:57:13.359   859  4288 D C2MtkBufferManager: over 5000ms not request from VCodec but callback hooked, slow BM Cc fetch thread
10-09 18:57:13.361   973   973 D OplusLayer: setBuffer sequence=10417, name=com.example.dogglers/androidx.test.core.app.InstrumentationActivityInvoker$EmptyActivity#0
10-09 18:57:13.361   973   973 I OplusLayer: VRR [FRTC] update from -1 to 0
10-09 18:57:13.362  3789  3878 D SurfaceComposerClient: VRR [FRTC] client handle [bufferId:18446744073709551615 framenumber:0] [ffffffff, ffffffff]
10-09 18:57:13.365  1866  1892 I ActivityTaskManager: Displayed com.example.dogglers/androidx.test.core.app.InstrumentationActivityInvoker$EmptyActivity: +78ms
10-09 18:57:13.367  1866  1895 I PowerHalWrapper: amsBoostNotify pid:3789,activity:com.example.dogglers.VerticalListActivity, package:com.example.dogglers, mProcessCreatePackcom.example.dogglers
10-09 18:57:13.367  1866  1895 I PowerHalWrapper: state: 0
10-09 18:57:13.367  1866  1895 I PowerHalWrapper: amsBoostNotify AMS_BOOST_PROCESS_CREATE_BOOST:false
10-09 18:57:13.368  1866  1895 I PowerHalWrapper: amsBoostNotify pid:2548,activity:com.android.launcher.Launcher, package:com.android.launcher, mProcessCreatePackcom.example.dogglers
10-09 18:57:13.368  1866  1895 I PowerHalWrapper: state: 0
10-09 18:57:13.368  1866  1895 I PowerHalWrapper: amsBoostNotify AMS_BOOST_PROCESS_CREATE_BOOST:false
10-09 18:57:13.374   940   940 E ORMS_HAL: open /sys/devices/platform/soc/soc:oplus-omrg/oplus-omrg0/ruler_enable failed(No such file or directory)
10-09 18:57:13.374   867   923 I sensors-hal-OriginChannel: wise light debug, data[4].type is 65627,data[4].sensor is 91:[524.000000,,25.000000,,11.000000,0.000000,23587584766394]
10-09 18:57:13.374   940   940 E ORMS_HAL: open /sys/devices/platform/soc/soc:oplus-omrg/oplus-omrg0/ruler_enable failed(No such file or directory)
10-09 18:57:13.375  1866  1999 I mtkpower_client: perf_lock_rel, hdl:15789, tid:1999
10-09 18:57:13.375  1866  1999 I mtkpower_client: perf_lock_acq, hdl:15789, dur:0, num:12, tid:1999
10-09 18:57:13.375   886   961 I libPowerHal: [perfLockRel] hdl:15789, idx:0
10-09 18:57:13.376   886   961 I libPowerHal: system_server: cpu_ctrl set cpu freq: -1 -1 -1 -1
10-09 18:57:13.376   886   961 I libPowerHal: [PD] system_server update cmd:1410000 param:0
10-09 18:57:13.376   886   961 I libPowerHal: [PD] system_server update cmd:1c3c000, param:1
10-09 18:57:13.376   886   961 I libPowerHal: [PD] system_server update cmd:2004100 param:2
10-09 18:57:13.376  3789  3845 I BufferQueueProducer: [ViewRootImpl[VerticalListActivity]#3(BLAST Consumer)3](id:ecd00000003,api:1,p:3789,c:3789) disconnect: api 1
10-09 18:57:13.377  1866  1999 I mtkpower_client: ret_hdl:15790
10-09 18:57:13.377   886   897 I mtkpower@impl: [setMode] type:5, enabled:1
10-09 18:57:13.377  3789  3845 E BLASTBufferQueue: BLASTBufferItemConsumer::onDisconnect()
10-09 18:57:13.378   886   961 I libPowerHal: system_server: cpu_ctrl set cpu freq: 2000000 -1 2400000 -1
10-09 18:57:13.379   973   973 D OplusLayer: ~Layer() sequence=10415, name=Surface(name=97f7650 NavigationBar0)/@0x92332dd - animation-leash of insets_animation#0 0xb400007397309800
10-09 18:57:13.379   973   973 D OplusLayer: ~Layer() sequence=10414, name=Surface(name=634d9c0 StatusBar)/@0x8de5787 - animation-leash of insets_animation#1 0xb4000073b0263000
10-09 18:57:13.379   859  4288 D C2MtkBufferManager: over 5000ms not request from VCodec but callback hooked, slow BM Cc fetch thread
10-09 18:57:13.381  1866  4270 I FocusResolver: updateFocusedWindow, 394ac75 com.example.dogglers/androidx.test.core.app.InstrumentationActivityInvoker$EmptyActivity on display 0, reason: setFocusedWindow, result:   FocusedWindows:
10-09 18:57:13.381  1866  4270 I FocusResolver:     displayId=0, name='394ac75 com.example.dogglers/androidx.test.core.app.InstrumentationActivityInvoker$EmptyActivity'
10-09 18:57:13.385  3306  3325 D OplusAtlas.OplusAtlasEventDispatch: setEvent:atlas_event_on_foreground_activities_changed info:pid:2548,uid:10105,hasForegroundActivities:0
10-09 18:57:13.385  4707  4771 V DeepThinker: ProcessManager: onForegroundActivitiesChanged pid:2548, uid:10105, foregroundActivities:false
10-09 18:57:13.385  3306  4568 D OplusAtlas.OplusAudioScene: callback success event:atlas_event_on_foreground_activities_changed eventInfo:pid:2548,uid:10105,hasForegroundActivities:0
