10-09 18:57:14.592  3789  3789 V ActivityScenario: Activity lifecycle changed event received but ignored because the intent does not match. startActivityIntent=Intent { act=android.intent.action.MAIN cat=[android.intent.category.LAUNCHER] cmp=com.example.dogglers/.VerticalListActivity }, activity.getIntent()=Intent { act=android.intent.action.MAIN cat=[android.intent.category.LAUNCHER] flg=0x10000000 cmp=com.example.dogglers/androidx.test.core.app.InstrumentationActivityInvoker$EmptyActivity mCallingUid=10115 }, activity=androidx.test.core.app.InstrumentationActivityInvoker$EmptyActivity@ad102e1
10-09 18:57:14.592  1866  1999 I mtkpower_client: ret_hdl:15808
10-09 18:57:14.593   886   961 I libPowerHal: system_server: cpu_ctrl set cpu freq: 1393000 -1 1274000 -1
10-09 18:57:14.599  3789  3857 I libPerfCtl: fbcNotifySbeRescue ret=-1
10-09 18:57:14.599  2739  2922 D AppSwitchListener: onAppEnter: Uid = 10115
10-09 18:57:14.599  2739  2922 W AuthDialogHelper: checkNotificationSwitchFirst() called with: context = [com.oplus.notification.NotificationCenterService@418e2fb], pkg = [com.example.dogglers], uid = [10115], userId = [0], init checker
10-09 18:57:14.600  2739  2922 E AuthDialogHelper: CheckNotificationCanBeSetSecond: check com.example.dogglers , Notification master switch on, unable to pop dialog
10-09 18:57:14.602  3789  3789 D LifecycleMonitor: Lifecycle status change: androidx.test.core.app.InstrumentationActivityInvoker$EmptyActivity@ad102e1 in: CREATED
10-09 18:57:14.602  3789  3789 V ActivityScenario: Activity lifecycle changed event received but ignored because the intent does not match. startActivityIntent=Intent { act=android.intent.action.MAIN cat=[android.intent.category.LAUNCHER] cmp=com.example.dogglers/.VerticalListActivity }, activity.getIntent()=Intent { act=android.intent.action.MAIN cat=[android.intent.category.LAUNCHER] flg=0x10000000 cmp=com.example.dogglers/androidx.test.core.app.InstrumentationActivityInvoker$EmptyActivity mCallingUid=10115 }, activity=androidx.test.core.app.InstrumentationActivityInvoker$EmptyActivity@ad102e1
10-09 18:57:14.603  3789  3789 D LifecycleMonitor: Lifecycle status change: androidx.test.core.app.InstrumentationActivityInvoker$EmptyActivity@ad102e1 in: STARTED
10-09 18:57:14.603  3789  3789 V ActivityScenario: Activity lifecycle changed event received but ignored because the intent does not match. startActivityIntent=Intent { act=android.intent.action.MAIN cat=[android.intent.category.LAUNCHER] cmp=com.example.dogglers/.VerticalListActivity }, activity.getIntent()=Intent { act=android.intent.action.MAIN cat=[android.intent.category.LAUNCHER] flg=0x10000000 cmp=com.example.dogglers/androidx.test.core.app.InstrumentationActivityInvoker$EmptyActivity mCallingUid=10115 }, activity=androidx.test.core.app.InstrumentationActivityInvoker$EmptyActivity@ad102e1
10-09 18:57:14.603  1866  5003 I FocusResolver: updateFocusedWindow,  on display 0, reason: NO_WINDOW, result:   FocusedWindows: <none>
10-09 18:57:14.605  3789  3789 D LifecycleMonitor: Lifecycle status change: androidx.test.core.app.InstrumentationActivityInvoker$EmptyActivity@ad102e1 in: RESUMED
10-09 18:57:14.605  3789  3789 V ActivityScenario: Activity lifecycle changed event received but ignored because the intent does not match. startActivityIntent=Intent { act=android.intent.action.MAIN cat=[android.intent.category.LAUNCHER] cmp=com.example.dogglers/.VerticalListActivity }, activity.getIntent()=Intent { act=android.intent.action.MAIN cat=[android.intent.category.LAUNCHER] flg=0x10000000 cmp=com.example.dogglers/androidx.test.core.app.InstrumentationActivityInvoker$EmptyActivity mCallingUid=10115 }, activity=androidx.test.core.app.InstrumentationActivityInvoker$EmptyActivity@ad102e1
10-09 18:57:14.606   973  1023 I SurfaceFlinger: [SF client] NEW(0xb4000073b04f3480) for (3789:com.example.dogglers)
10-09 18:57:14.609  3789  3789 D WindowManager: Add to mViews: DecorView@c466460[InstrumentationActivityInvoker$EmptyActivity],pkg= com.example.dogglers
10-09 18:57:14.610   859  4288 D C2MtkBufferManager: over 5000ms not request from VCodec but callback hooked, slow BM Cc fetch thread
10-09 18:57:14.610  3789  3789 D ViewRootImpl[InstrumentationActivityInvoker$EmptyActivity]: hardware acceleration = true, sRendererEnabled = true, forceHwAccelerated = false
10-09 18:57:14.611  1866  3235 D OplusDisplayPolicy: com.example.dogglers, no change cutoutMode: 0
10-09 18:57:14.616  3789  3789 D CompatibilityChangeReporter: Compat change id reported: 171228096; UID 10115; state: ENABLED
10-09 18:57:14.616  1866  3235 I mtkpower_client: perf_lock_rel, hdl:15803, tid:3235
10-09 18:57:14.617  1866  5003 I mtkpower_client: perf_lock_acq, hdl:15806, dur:3000, num:6, tid:5003
10-09 18:57:14.617   886   961 I libPowerHal: [perfLockRel] hdl:15803, idx:2
10-09 18:57:14.617  1866  5003 I mtkpower_client: ret_hdl:15809
10-09 18:57:14.617   886   961 I libPowerHal: cmdSetting - unknown cmd:2000400, scmd:(null) ,param_1:3845
10-09 18:57:14.618   886   961 I libPowerHal: [notify_targetFPS_pid] -3845, 0xb4000074e3a185b0
10-09 18:57:14.618   886   961 I libPowerHal: [fpsgo_noctrl_render_thread] -3845, 0xb4000074e3a185b0
10-09 18:57:14.618   886   961 E libPowerHal: Could not open '/sys/kernel/fpsgo/fstb/set_ui_ctrl'
10-09 18:57:14.618  1866  5003 I mtkpower_client: perf_lock_rel, hdl:15809, tid:5003
10-09 18:57:14.618   886   961 E libPowerHal: error : 2, No such file or directory
10-09 18:57:14.618   886   961 I libPowerHal: [perfLockRel] hdl:15809, idx:2
10-09 18:57:14.618   886   961 I libPowerHal: [notify_targetFPS_pid] -3845, 0xb4000074e3a185b0
10-09 18:57:14.619   886   961 I libPowerHal: [PD] system_server update ONESHOT cmd:2000200 param:-3845
10-09 18:57:14.619   886   961 I libPowerHal: [fpsgo_noctrl_render_thread] -3845, 0xb4000074e3a185b0
10-09 18:57:14.619   886   961 E libPowerHal: Could not open '/sys/kernel/fpsgo/fstb/set_ui_ctrl'
10-09 18:57:14.619   886   961 E libPowerHal: error : 2, No such file or directory
10-09 18:57:14.619   886   961 I libPowerHal: [PD] system_server update ONESHOT cmd:2000300 param:-3845
10-09 18:57:14.619  1866  5003 D OplusDisplayPolicy: com.example.dogglers, no change cutoutMode: 0
10-09 18:57:14.619   973  1023 I BufferQueueDebug: [com.example.dogglers/androidx.test.core.app.InstrumentationActivityInvoker$EmptyActivity#0](this:0xb4000073b04e8998,id:-1,api:0,p:-1,c:-1) BufferQueue core=(973:/system/bin/surfaceflinger)
10-09 18:57:14.624  1866  5003 D Theia.NoFocusWindow: FocusWindowErrorScene cancelCheckFreezeScreen
10-09 18:57:14.625  3789  3789 I BufferQueueConsumer: [](id:ecd00000007,api:0,p:-1,c:3789) connect: controlledByApp=false
10-09 18:57:14.625  3789  3789 I BLASTBufferQueue: [ViewRootImpl[InstrumentationActivityInvoker$EmptyActivity]#7] constructor()
10-09 18:57:14.627  3789  3845 I BufferQueueProducer: [ViewRootImpl[InstrumentationActivityInvoker$EmptyActivity]#7(BLAST Consumer)7](id:ecd00000007,api:1,p:3789,c:3789) connect: api=1 producerControlledByApp=true
10-09 18:57:14.630   859  4288 D C2MtkBufferManager: over 5000ms not request from VCodec but callback hooked, slow BM Cc fetch thread
10-09 18:57:14.636   973   973 D OplusLayer: setBuffer sequence=10453, name=com.example.dogglers/androidx.test.core.app.InstrumentationActivityInvoker$EmptyActivity#0
10-09 18:57:14.636   973   973 I OplusLayer: VRR [FRTC] update from -1 to 0
10-09 18:57:14.636  3789  3831 D SurfaceComposerClient: VRR [FRTC] client handle [bufferId:18446744073709551615 framenumber:0] [ffffffff, ffffffff]
10-09 18:57:14.644  1866  1892 I ActivityTaskManager: Displayed com.example.dogglers/androidx.test.core.app.InstrumentationActivityInvoker$EmptyActivity: +76ms
10-09 18:57:14.651   859  4288 D C2MtkBufferManager: over 5000ms not request from VCodec but callback hooked, slow BM Cc fetch thread
10-09 18:57:14.653   973   973 D OplusLayer: ~Layer() sequence=10448, name=Surface(name=97f7650 NavigationBar0)/@0x92332dd - animation-leash of insets_animation#1 0xb400007396246800
10-09 18:57:14.653   973   973 D OplusLayer: ~Layer() sequence=10447, name=Surface(name=634d9c0 StatusBar)/@0x8de5787 - animation-leash of insets_animation#0 0xb4000073b05bc000
10-09 18:57:14.654  1866  4270 I FocusResolver: updateFocusedWindow, bc2f097 com.example.dogglers/androidx.test.core.app.InstrumentationActivityInvoker$EmptyActivity on display 0, reason: setFocusedWindow, result:   FocusedWindows:
10-09 18:57:14.654  1866  4270 I FocusResolver:     displayId=0, name='bc2f097 com.example.dogglers/androidx.test.core.app.InstrumentationActivityInvoker$EmptyActivity'
10-09 18:57:14.656   856   856 I hwcomposer: [HWCDisplay] [Display_0 (type:1)] fps:60.346554,dur:1010.83,max:19.58,min:14.34
10-09 18:57:14.658   940   940 D ORMS_HAL: OrmsHalService write file /proc/sys/kernel/slide_boost_enabled - 0.
10-09 18:57:14.658   940   940 E ORMS_HAL: open /sys/devices/platform/soc/soc:oplus-omrg/oplus-omrg0/ruler_enable failed(No such file or directory)
10-09 18:57:14.659   940   940 E ORMS_HAL: open /sys/devices/platform/soc/soc:oplus-omrg/oplus-omrg0/ruler_enable failed(No such file or directory)
10-09 18:57:14.659   940   940 D ORMS_HAL: OrmsHalService write file /proc/sys/kernel/slide_boost_enabled - 1.
10-09 18:57:14.660  1866  1999 I mtkpower_client: perf_lock_rel, hdl:15808, tid:1999
10-09 18:57:14.660  1866  1999 I mtkpower_client: perf_lock_acq, hdl:15808, dur:0, num:8, tid:1999
10-09 18:57:14.660   886   961 I libPowerHal: [perfLockRel] hdl:15808, idx:0
10-09 18:57:14.660   886   961 I libPowerHal: system_server: cpu_ctrl set cpu freq: -1 -1 -1 -1
10-09 18:57:14.661   886   961 I libPowerHal: [PD] system_server update cmd:2004100 param:2
10-09 18:57:14.661  1866  1999 I mtkpower_client: ret_hdl:15810
10-09 18:57:14.662   886   897 I mtkpower@impl: [setMode] type:5, enabled:1
10-09 18:57:14.662   886   961 I libPowerHal: system_server: cpu_ctrl set cpu freq: 1393000 -1 1274000 -1
10-09 18:57:14.672   859  4288 D C2MtkBufferManager: over 5000ms not request from VCodec but callback hooked, slow BM Cc fetch thread
10-09 18:57:14.679  3789  3789 D LifecycleMonitor: Lifecycle status change: com.example.dogglers.VerticalListActivity@fcf1f6b in: STOPPED
10-09 18:57:14.679  3789  3789 V ActivityScenario: Update currentActivityStage to STOPPED, currentActivity=com.example.dogglers.VerticalListActivity@fcf1f6b
10-09 18:57:14.680  3789  3789 D LifecycleMonitor: Lifecycle status change: com.example.dogglers.VerticalListActivity@fcf1f6b in: DESTROYED
10-09 18:57:14.681  3789  3789 V ActivityScenario: Update currentActivityStage to DESTROYED, currentActivity=null
10-09 18:57:14.685  3789  3845 I BufferQueueProducer: [ViewRootImpl[VerticalListActivity]#6(BLAST Consumer)6](id:ecd00000006,api:1,p:3789,c:3789) disconnect: api 1
10-09 18:57:14.685  3789  3845 E BLASTBufferQueue: BLASTBufferItemConsumer::onDisconnect()
10-09 18:57:14.685  3789  3789 D View    : [Warning] assignParent to null: this = DecorView@a2282c2[VerticalListActivity]
10-09 18:57:14.686  1866  4270 W InputManager-JNI: Input channel object 'f000630 com.example.dogglers/com.example.dogglers.VerticalListActivity (client)' was disposed without first being removed with the input manager!
10-09 18:57:14.692   859  4288 D C2MtkBufferManager: over 5000ms not request from VCodec but callback hooked, slow BM Cc fetch thread
10-09 18:57:14.696  3789  3789 D LifecycleMonitor: Lifecycle status change: androidx.test.core.app.InstrumentationActivityInvoker$EmptyActivity@ad102e1 in: PAUSED
10-09 18:57:14.696  3789  3789 V ActivityScenario: Activity lifecycle changed event received but ignored because the intent does not match. startActivityIntent=Intent { act=android.intent.action.MAIN cat=[android.intent.category.LAUNCHER] cmp=com.example.dogglers/.VerticalListActivity }, activity.getIntent()=Intent { act=android.intent.action.MAIN cat=[android.intent.category.LAUNCHER] flg=0x10000000 cmp=com.example.dogglers/androidx.test.core.app.InstrumentationActivityInvoker$EmptyActivity mCallingUid=10115 }, activity=androidx.test.core.app.InstrumentationActivityInvoker$EmptyActivity@ad102e1
10-09 18:57:14.701  1866  4270 I PowerHalWrapper: amsBoostNotify pid:3789,activity:androidx.test.core.app.InstrumentationActivityInvoker$EmptyActivity, package:com.example.dogglers, mProcessCreatePackcom.example.dogglers
10-09 18:57:14.701  1866  4270 I PowerHalWrapper: state: 1
10-09 18:57:14.701  1866  4270 I PowerHalWrapper: amsBoostNotify AMS_BOOST_PROCESS_CREATE_BOOST:false
10-09 18:57:14.701  1866  4270 I InputDispatcher: setFocusedApplication displayId=0 ActivityRecord{abb4b4 u0 com.example.dogglers/androidx.test.core.app.InstrumentationActivityInvoker$EmptyActivity t162}
10-09 18:57:14.703  1866  4270 D Theia.NoFocusWindow: FocusWindowErrorScene CheckFreezeScreen
10-09 18:57:14.703   973   973 D OplusLayer: ~Layer() sequence=10421, name=Surface(name=7edaa53 InputMethod)/@0x5a9888e - animation-leash of insets_animation#1 0xb400007397031000
10-09 18:57:14.703   973   973 D OplusLayer: ~Layer() sequence=10445, name=f000630 com.example.dogglers/com.example.dogglers.VerticalListActivity#0 0xb4000073b05af800
10-09 18:57:14.703   973   973 D OplusLayer: ~Layer() sequence=10450, name=Surface(name=7edaa53 InputMethod)/@0x5a9888e - animation-leash of insets_animation#1 0xb4000073970cd000
10-09 18:57:14.705  3789  3831 I BLASTBufferQueue: [ViewRootImpl[VerticalListActivity]#6] destructor()
10-09 18:57:14.705  3789  3831 I BufferQueueConsumer: [ViewRootImpl[VerticalListActivity]#6(BLAST Consumer)6](id:ecd00000006,api:0,p:-1,c:3789) disconnect
10-09 18:57:14.705  1866  4270 I PowerHalWrapper: amsBoostNotify pid:3789,activity:androidx.test.core.app.InstrumentationActivityInvoker$EmptyActivity, package:com.example.dogglers, mProcessCreatePackcom.example.dogglers
10-09 18:57:14.705  1866  4270 I PowerHalWrapper: state: 0
10-09 18:57:14.705  1866  4270 I PowerHalWrapper: amsBoostNotify AMS_BOOST_PROCESS_CREATE_BOOST:false
10-09 18:57:14.707  1866  4270 D InputMethodManagerService: isSecurity: attribute.packageName=com.example.dogglers mCurMethodId=org.dslul.openboard.inputmethod.latin/.LatinIME
10-09 18:57:14.707  1866  4270 D InputMethodManagerService: isSecurity= false (  enable=false needShow=false inBlackList=false isExist=true )
10-09 18:57:14.707  1866  4270 D InputMethodManagerService: isSecurity: attribute.packageName=com.example.dogglers mCurMethodId=org.dslul.openboard.inputmethod.latin/.LatinIME
10-09 18:57:14.707  1866  4270 D InputMethodManagerService: isSecurity= false (  enable=false needShow=false inBlackList=false isExist=true )
10-09 18:57:14.707  1866  4270 D InputMethodManagerService: startInputOrWindowGainedFocus:  reset Secure =false
10-09 18:57:14.709  3789  3789 D LifecycleMonitor: Lifecycle status change: androidx.test.core.app.InstrumentationActivityInvoker$BootstrapActivity@1e53a2d in: DESTROYED
10-09 18:57:14.709  3789  3789 V ActivityScenario: Activity lifecycle changed event received but ignored because the intent does not match. startActivityIntent=Intent { act=android.intent.action.MAIN cat=[android.intent.category.LAUNCHER] cmp=com.example.dogglers/.VerticalListActivity }, activity.getIntent()=Intent { act=android.intent.action.MAIN cat=[android.intent.category.LAUNCHER] flg=0x10008000 cmp=com.example.dogglers/androidx.test.core.app.InstrumentationActivityInvoker$BootstrapActivity (has extras) mCallingUid=10115 }, activity=androidx.test.core.app.InstrumentationActivityInvoker$BootstrapActivity@1e53a2d
10-09 18:57:14.711  3789  3916 D libMEOW : meow new tls: 0xb4000076222e0300
10-09 18:57:14.711  3789  3916 D libMEOW : applied 0 plugin for [com.example.dogglers].
10-09 18:57:14.711  3789  3916 D libMEOW : meow delete tls: 0xb4000076222e0300
10-09 18:57:14.711   940   940 D ORMS_HAL: OrmsHalService write file /proc/sys/kernel/slide_boost_enabled - 0.
10-09 18:57:14.711   940   940 E ORMS_HAL: open /sys/devices/platform/soc/soc:oplus-omrg/oplus-omrg0/ruler_enable failed(No such file or directory)
10-09 18:57:14.712   940   940 E ORMS_HAL: open /sys/devices/platform/soc/soc:oplus-omrg/oplus-omrg0/ruler_enable failed(No such file or directory)
10-09 18:57:14.712   940   940 D ORMS_HAL: OrmsHalService write file /proc/sys/kernel/slide_boost_enabled - 1.
10-09 18:57:14.713  1866  1999 I mtkpower_client: perf_lock_rel, hdl:15810, tid:1999
10-09 18:57:14.713   859  4288 D C2MtkBufferManager: over 5000ms not request from VCodec but callback hooked, slow BM Cc fetch thread
10-09 18:57:14.713  1866  1999 I mtkpower_client: perf_lock_acq, hdl:15810, dur:0, num:8, tid:1999
10-09 18:57:14.713   886   961 I libPowerHal: [perfLockRel] hdl:15810, idx:0
10-09 18:57:14.714   886   961 I libPowerHal: system_server: cpu_ctrl set cpu freq: -1 -1 -1 -1
10-09 18:57:14.714   886   961 I libPowerHal: [PD] system_server update cmd:2004100 param:2
10-09 18:57:14.715  1866  1999 I mtkpower_client: ret_hdl:15811
10-09 18:57:14.715   886   961 I libPowerHal: system_server: cpu_ctrl set cpu freq: 1393000 -1 1274000 -1
10-09 18:57:14.716  3789  3789 D LifecycleMonitor: Lifecycle status change: androidx.test.core.app.InstrumentationActivityInvoker$EmptyActivity@a805f78 in: PRE_ON_CREATE
10-09 18:57:14.716  3789  3789 V ActivityScenario: Activity lifecycle changed event received but ignored because the intent does not match. startActivityIntent=Intent { act=android.intent.action.MAIN cat=[android.intent.category.LAUNCHER] cmp=com.example.dogglers/.VerticalListActivity }, activity.getIntent()=Intent { act=android.intent.action.MAIN cat=[android.intent.category.LAUNCHER] flg=0x10000000 cmp=com.example.dogglers/androidx.test.core.app.InstrumentationActivityInvoker$EmptyActivity mCallingUid=10115 }, activity=androidx.test.core.app.InstrumentationActivityInvoker$EmptyActivity@a805f78
10-09 18:57:14.719   973   973 I BufferQueueDebug: [com.example.dogglers/com.example.dogglers.VerticalListActivity#0](this:0xb400007396329998,id:-1,api:0,p:-1,c:973) onDestructor()
10-09 18:57:14.719  3789  3831 I BLASTBufferQueue: releaseBufferCallbackThunk bufferId:16273631084569 framenumber:23 blastBufferQueue is dead
10-09 18:57:14.719   973   973 D OplusLayer: ~Layer() sequence=10446, name=com.example.dogglers/com.example.dogglers.VerticalListActivity#0 0xb400007396327000
10-09 18:57:14.719   973   973 D OplusLayer: ~Layer() sequence=10437, name=ActivityRecord{f52561e u0 com.example.dogglers/androidx.test.core.app.InstrumentationActivityInvoker$BootstrapActivity#0 0xb4000073d54af800
10-09 18:57:14.719   973   973 D OplusLayer: ~Layer() sequence=10440, name=ActivityRecord{6c1063d u0 com.example.dogglers/.VerticalListActivity#0 0xb4000073975d9800
10-09 18:57:14.720  1866  5003 I FocusResolver: updateFocusedWindow,  on display 0, reason: NO_WINDOW, result:   FocusedWindows: <none>
10-09 18:57:14.727  3789  3789 D LifecycleMonitor: Lifecycle status change: androidx.test.core.app.InstrumentationActivityInvoker$EmptyActivity@a805f78 in: CREATED
10-09 18:57:14.728  3789  3789 V ActivityScenario: Activity lifecycle changed event received but ignored because the intent does not match. startActivityIntent=Intent { act=android.intent.action.MAIN cat=[android.intent.category.LAUNCHER] cmp=com.example.dogglers/.VerticalListActivity }, activity.getIntent()=Intent { act=android.intent.action.MAIN cat=[android.intent.category.LAUNCHER] flg=0x10000000 cmp=com.example.dogglers/androidx.test.core.app.InstrumentationActivityInvoker$EmptyActivity mCallingUid=10115 }, activity=androidx.test.core.app.InstrumentationActivityInvoker$EmptyActivity@a805f78
10-09 18:57:14.729  3789  3789 D LifecycleMonitor: Lifecycle status change: androidx.test.core.app.InstrumentationActivityInvoker$EmptyActivity@a805f78 in: STARTED
10-09 18:57:14.729  3789  3789 V ActivityScenario: Activity lifecycle changed event received but ignored because the intent does not match. startActivityIntent=Intent { act=android.intent.action.MAIN cat=[android.intent.category.LAUNCHER] cmp=com.example.dogglers/.VerticalListActivity }, activity.getIntent()=Intent { act=android.intent.action.MAIN cat=[android.intent.category.LAUNCHER] flg=0x10000000 cmp=com.example.dogglers/androidx.test.core.app.InstrumentationActivityInvoker$EmptyActivity mCallingUid=10115 }, activity=androidx.test.core.app.InstrumentationActivityInvoker$EmptyActivity@a805f78
10-09 18:57:14.730  3789  3789 D LifecycleMonitor: Lifecycle status change: androidx.test.core.app.InstrumentationActivityInvoker$EmptyActivity@a805f78 in: RESUMED
10-09 18:57:14.730  3789  3789 V ActivityScenario: Activity lifecycle changed event received but ignored because the intent does not match. startActivityIntent=Intent { act=android.intent.action.MAIN cat=[android.intent.category.LAUNCHER] cmp=com.example.dogglers/.VerticalListActivity }, activity.getIntent()=Intent { act=android.intent.action.MAIN cat=[android.intent.category.LAUNCHER] flg=0x10000000 cmp=com.example.dogglers/androidx.test.core.app.InstrumentationActivityInvoker$EmptyActivity mCallingUid=10115 }, activity=androidx.test.core.app.InstrumentationActivityInvoker$EmptyActivity@a805f78
10-09 18:57:14.731   973  1023 I SurfaceFlinger: [SF client] NEW(0xb4000073b0474700) for (3789:com.example.dogglers)
10-09 18:57:14.733  3789  3789 D WindowManager: Add to mViews: DecorView@517fb24[InstrumentationActivityInvoker$EmptyActivity],pkg= com.example.dogglers
10-09 18:57:14.733   859  4288 D C2MtkBufferManager: over 5000ms not request from VCodec but callback hooked, slow BM Cc fetch thread
10-09 18:57:14.735  3789  3789 D ViewRootImpl[InstrumentationActivityInvoker$EmptyActivity]: hardware acceleration = true, sRendererEnabled = true, forceHwAccelerated = false
10-09 18:57:14.736  1866  4270 D OplusDisplayPolicy: com.example.dogglers, no change cutoutMode: 0
10-09 18:57:14.742  1866  4270 D OplusDisplayPolicy: com.example.dogglers, no change cutoutMode: 0
10-09 18:57:14.742   973  1023 I BufferQueueDebug: [com.example.dogglers/androidx.test.core.app.InstrumentationActivityInvoker$EmptyActivity#1](this:0xb4000073963ab998,id:-1,api:0,p:-1,c:-1) BufferQueue core=(973:/system/bin/surfaceflinger)
10-09 18:57:14.747  1866  4270 D Theia.NoFocusWindow: FocusWindowErrorScene cancelCheckFreezeScreen
10-09 18:57:14.748  3789  3789 I BufferQueueConsumer: [](id:ecd00000008,api:0,p:-1,c:3789) connect: controlledByApp=false
10-09 18:57:14.749  3789  3789 I BLASTBufferQueue: [ViewRootImpl[InstrumentationActivityInvoker$EmptyActivity]#8] constructor()
10-09 18:57:14.750  3789  3845 I BufferQueueProducer: [ViewRootImpl[InstrumentationActivityInvoker$EmptyActivity]#8(BLAST Consumer)8](id:ecd00000008,api:1,p:3789,c:3789) connect: api=1 producerControlledByApp=true
10-09 18:57:14.754   859  4288 D C2MtkBufferManager: over 5000ms not request from VCodec but callback hooked, slow BM Cc fetch thread
10-09 18:57:14.761  1866  1892 I ActivityTaskManager: Displayed com.example.dogglers/androidx.test.core.app.InstrumentationActivityInvoker$EmptyActivity: +103ms
10-09 18:57:14.764  1866  1895 I PowerHalWrapper: amsBoostNotify pid:3789,activity:androidx.test.core.app.InstrumentationActivityInvoker$EmptyActivity, package:com.example.dogglers, mProcessCreatePackcom.example.dogglers
10-09 18:57:14.764  1866  1895 I PowerHalWrapper: state: 0
10-09 18:57:14.764  1866  1895 I PowerHalWrapper: amsBoostNotify AMS_BOOST_PROCESS_CREATE_BOOST:false
10-09 18:57:14.766  3789  3845 I BufferQueueProducer: [ViewRootImpl[InstrumentationActivityInvoker$EmptyActivity]#7(BLAST Consumer)7](id:ecd00000007,api:1,p:3789,c:3789) disconnect: api 1
10-09 18:57:14.766  3789  3845 E BLASTBufferQueue: BLASTBufferItemConsumer::onDisconnect()
10-09 18:57:14.768   973   973 D OplusLayer: setBuffer sequence=10459, name=com.example.dogglers/androidx.test.core.app.InstrumentationActivityInvoker$EmptyActivity#1
10-09 18:57:14.768   973   973 I OplusLayer: VRR [FRTC] update from -1 to 0
10-09 18:57:14.769  3789  3878 D SurfaceComposerClient: VRR [FRTC] client handle [bufferId:18446744073709551615 framenumber:0] [ffffffff, ffffffff]
10-09 18:57:14.769   973   973 D OplusLayer: ~Layer() sequence=10454, name=Surface(name=634d9c0 StatusBar)/@0x8de5787 - animation-leash of insets_animation#1 0xb4000073963a1800
10-09 18:57:14.769   973   973 D OplusLayer: ~Layer() sequence=10455, name=Surface(name=97f7650 NavigationBar0)/@0x92332dd - animation-leash of insets_animation#0 0xb4000073963a6800
10-09 18:57:14.769  3789  3789 I BLASTBufferQueue: [ViewRootImpl[InstrumentationActivityInvoker$EmptyActivity]#7] destructor()
10-09 18:57:14.769  3789  3789 I BufferQueueConsumer: [ViewRootImpl[InstrumentationActivityInvoker$EmptyActivity]#7(BLAST Consumer)7](id:ecd00000007,api:0,p:-1,c:3789) disconnect
10-09 18:57:14.770  1866  4270 I FocusResolver: updateFocusedWindow, 4548677 com.example.dogglers/androidx.test.core.app.InstrumentationActivityInvoker$EmptyActivity on display 0, reason: setFocusedWindow, result:   FocusedWindows:
10-09 18:57:14.770  1866  4270 I FocusResolver:     displayId=0, name='4548677 com.example.dogglers/androidx.test.core.app.InstrumentationActivityInvoker$EmptyActivity'
10-09 18:57:14.772  3789  3789 D LifecycleMonitor: Lifecycle status change: androidx.test.core.app.InstrumentationActivityInvoker$EmptyActivity@ad102e1 in: STOPPED
10-09 18:57:14.772  3789  3789 V ActivityScenario: Activity lifecycle changed event received but ignored because the intent does not match. startActivityIntent=Intent { act=android.intent.action.MAIN cat=[android.intent.category.LAUNCHER] cmp=com.example.dogglers/.VerticalListActivity }, activity.getIntent()=Intent { act=android.intent.action.MAIN cat=[android.intent.category.LAUNCHER] flg=0x10000000 cmp=com.example.dogglers/androidx.test.core.app.InstrumentationActivityInvoker$EmptyActivity mCallingUid=10115 }, activity=androidx.test.core.app.InstrumentationActivityInvoker$EmptyActivity@ad102e1
10-09 18:57:14.774   867   923 I sensors-hal-OriginChannel: wise light debug, data[3].type is 65627,data[3].sensor is 91:[539.000000,,175.000000,,11.000000,0.000000,23588984770605]
10-09 18:57:14.774   859  4288 D C2MtkBufferManager: over 5000ms not request from VCodec but callback hooked, slow BM Cc fetch thread
10-09 18:57:14.777   940   940 D ORMS_HAL: OrmsHalService write file /proc/sys/kernel/slide_boost_enabled - 0.
10-09 18:57:14.777  1866  4270 D Theia.NoFocusWindow: FocusWindowErrorScene CheckFreezeScreen
10-09 18:57:14.778   940   940 E ORMS_HAL: open /sys/devices/platform/soc/soc:oplus-omrg/oplus-omrg0/ruler_enable failed(No such file or directory)
10-09 18:57:14.778  1866  4270 I InputDispatcher: setFocusedApplication displayId=0 ActivityRecord{99a9718 u0 com.android.launcher/.Launcher t5}
10-09 18:57:14.778   940   940 E ORMS_HAL: open /sys/devices/platform/soc/soc:oplus-omrg/oplus-omrg0/ruler_enable failed(No such file or directory)
10-09 18:57:14.778   940   940 D ORMS_HAL: OrmsHalService write file /proc/sys/kernel/slide_boost_enabled - 1.
10-09 18:57:14.779  1866  1999 I mtkpower_client: perf_lock_rel, hdl:15811, tid:1999
10-09 18:57:14.779  1866  1999 I mtkpower_client: perf_lock_acq, hdl:15811, dur:0, num:8, tid:1999
10-09 18:57:14.779   886   961 I libPowerHal: [perfLockRel] hdl:15811, idx:0
10-09 18:57:14.780   886   961 I libPowerHal: system_server: cpu_ctrl set cpu freq: -1 -1 -1 -1
10-09 18:57:14.780   886   961 I libPowerHal: [PD] system_server update cmd:2004100 param:2
10-09 18:57:14.781  1866  1999 I mtkpower_client: ret_hdl:15812
10-09 18:57:14.782   886   961 I libPowerHal: system_server: cpu_ctrl set cpu freq: 1393000 -1 1274000 -1
10-09 18:57:14.782   940   940 D ORMS_HAL: OrmsHalService write file /proc/sys/kernel/slide_boost_enabled - 0.
10-09 18:57:14.782   940   940 E ORMS_HAL: open /sys/devices/platform/soc/soc:oplus-omrg/oplus-omrg0/ruler_enable failed(No such file or directory)
10-09 18:57:14.783  1866  4270 D InputMethodManagerService: isSecurity: attribute.packageName=com.example.dogglers mCurMethodId=org.dslul.openboard.inputmethod.latin/.LatinIME
10-09 18:57:14.783  1866  4270 D InputMethodManagerService: isSecurity= false (  enable=false needShow=false inBlackList=false isExist=true )
10-09 18:57:14.783  1866  4270 D InputMethodManagerService: isSecurity: attribute.packageName=com.example.dogglers mCurMethodId=org.dslul.openboard.inputmethod.latin/.LatinIME
10-09 18:57:14.783   940   940 E ORMS_HAL: open /sys/devices/platform/soc/soc:oplus-omrg/oplus-omrg0/ruler_enable failed(No such file or directory)
10-09 18:57:14.783  1866  4270 D InputMethodManagerService: isSecurity= false (  enable=false needShow=false inBlackList=false isExist=true )
10-09 18:57:14.783  1866  4270 D InputMethodManagerService: startInputOrWindowGainedFocus:  reset Secure =false
10-09 18:57:14.783  1866  1999 I mtkpower_client: perf_lock_rel, hdl:15812, tid:1999
10-09 18:57:14.783  1866  1999 I mtkpower_client: perf_lock_acq, hdl:15812, dur:0, num:12, tid:1999
10-09 18:57:14.783   886   961 I libPowerHal: [perfLockRel] hdl:15812, idx:0
10-09 18:57:14.784   886   961 I libPowerHal: system_server: cpu_ctrl set cpu freq: -1 -1 -1 -1
10-09 18:57:14.784   886   961 I libPowerHal: [PD] system_server update cmd:2004100 param:2
10-09 18:57:14.784  3789  3789 D LifecycleMonitor: Lifecycle status change: androidx.test.core.app.InstrumentationActivityInvoker$EmptyActivity@a805f78 in: PAUSED
10-09 18:57:14.785  3789  3789 V ActivityScenario: Activity lifecycle changed event received but ignored because the intent does not match. startActivityIntent=Intent { act=android.intent.action.MAIN cat=[android.intent.category.LAUNCHER] cmp=com.example.dogglers/.VerticalListActivity }, activity.getIntent()=Intent { act=android.intent.action.MAIN cat=[android.intent.category.LAUNCHER] flg=0x10000000 cmp=com.example.dogglers/androidx.test.core.app.InstrumentationActivityInvoker$EmptyActivity mCallingUid=10115 }, activity=androidx.test.core.app.InstrumentationActivityInvoker$EmptyActivity@a805f78
10-09 18:57:14.785  1866  1999 I mtkpower_client: ret_hdl:15813
10-09 18:57:14.785  1866  4270 V SensorManager: call sensorServiceCommonInterface name: setScreenShotDisable
10-09 18:57:14.785  1866  4270 D SensorService: SensorService sensorServiceCommonInterface = setScreenShotDisable
10-09 18:57:14.785  1866  4270 D SensorServiceImpl: SensorServiceExtImpl sensorServiceCommonInterface funcName= setScreenShotDisable , flag =0, status =0
10-09 18:57:14.785  1866  4270 I OplusHansManager : front pkg: com.android.launcher, uid: 10105, prev pkg: com.example.dogglers, prev uid: 10115
10-09 18:57:14.786  1866  2368 I Osense-DecisionMaker: notifySceneToPolicy...SCENE_LAUNCHER
10-09 18:57:14.786  1866  3301 I OplusHansManager : notifyAppGoForeground, uid=10105
10-09 18:57:14.786  1866  2368 D Osense-DecisionMaker: getCurrentSysStats, memMb: 3805
10-09 18:57:14.786  1866  3301 I OplusHansManager : notifyAppGoBackground, uid=10115
10-09 18:57:14.786   886   961 I libPowerHal: system_server: cpu_ctrl set cpu freq: 2000000 -1 2400000 -1
10-09 18:57:14.787  1866  2540 I OplusHansManager : uid=10115, pkg=com.example.dogglers enter SM
10-09 18:57:14.787  1866  2540 I OplusHansManager : uid=10115, pkg=com.example.dogglers R enter()
10-09 18:57:14.787  1866  2547 I OplusResourcePreloadManager: resume pkg: com.android.launcher, uid:10105, prev pkg: com.example.dogglers, prev uid: 10115
10-09 18:57:14.787  1866  3235 I FocusResolver: updateFocusedWindow,  on display 0, reason: NO_WINDOW, result:   FocusedWindows: <none>
10-09 18:57:14.788  1866  2855 V DCSEX-AppSwitchManager: OnAppSwitchObserver: onAppExit, resuming = com.android.launcher, target = com.example.dogglers, is ResumingFirstStart =  false, is ResumingMultiApp =  false, extensionInfo =  Bundle[{taskId=5, uid=10105}]
10-09 18:57:14.788  1866  4270 I PowerHalWrapper: amsBoostNotify pid:2548,activity:com.android.launcher.Launcher, package:com.android.launcher, mProcessCreatePackcom.example.dogglers
10-09 18:57:14.788  1866  4270 I PowerHalWrapper: state: 1
10-09 18:57:14.788  1866  4270 I PowerHalWrapper: amsBoostNotify AMS_BOOST_PROCESS_CREATE_BOOST:false
10-09 18:57:14.788  1866  7056 D DCSEX-AppLaunchEventRecorder: onAppSwitch from = com.example.dogglers to = com.android.launcher
10-09 18:57:14.788   886   961 I libPowerHal: [perfNotifyAppState] foreground:com.android.launcher, pid:2548, uid:10105
10-09 18:57:14.789   886   961 I UxUtility: notifyForegroundApp pack:com.android.launcher, uid:10105
10-09 18:57:14.789   886   961 I TouchUtility: notifyAppState error = NULL
10-09 18:57:14.789  2739  2769 D AppSwitchListener: onAppExit() called !
10-09 18:57:14.789   886   896 I mtkpower@impl: [notifyAppState] pc:0, com.example.dogglers => com.android.launcher
10-09 18:57:14.789  1866  2855 V DCSEX-AppSwitchManager: OnAppSwitchObserver: onAppEnter, launchedFrom =  null, target =  com.android.launcher, is firstStart =  false, is multiApp =  false, extensionInfo =  Bundle[{taskId=5, pid=2548, uid=10105}]
10-09 18:57:14.789  2739 31418 W Battery : ThermalControlUtils: mForegroundPkg=com.android.launcher
10-09 18:57:14.790  1866  1980 E AthenaService: MemoryGuardAction: handleAppChange
10-09 18:57:14.790  4545 12284 D ZoomAppController: ignore onAppEnter: mCurrentZoomInfo is null
10-09 18:57:14.792  1866  4270 I PowerHalWrapper: amsBoostNotify pid:3789,activity:androidx.test.core.app.InstrumentationActivityInvoker$EmptyActivity, package:com.example.dogglers, mProcessCreatePackcom.example.dogglers
10-09 18:57:14.792  1866  4270 I PowerHalWrapper: state: 0
10-09 18:57:14.792  1866  4270 I PowerHalWrapper: amsBoostNotify AMS_BOOST_PROCESS_CREATE_BOOST:false
10-09 18:57:14.792  2739 31418 W Battery : ThermalControllHandler: tempLevel=4,userMode=2,gameUserMode=-1,appType=-1,envTempType=0,appStates=[]
10-09 18:57:14.793  2739 31418 W Battery : ThermalControllerCenter: mSafetyState=10000
10-09 18:57:14.793  3789  3789 D LifecycleMonitor: Lifecycle status change: androidx.test.core.app.InstrumentationActivityInvoker$EmptyActivity@ad102e1 in: DESTROYED
10-09 18:57:14.793  3789  3789 V ActivityScenario: Activity lifecycle changed event received but ignored because the intent does not match. startActivityIntent=Intent { act=android.intent.action.MAIN cat=[android.intent.category.LAUNCHER] cmp=com.example.dogglers/.VerticalListActivity }, activity.getIntent()=Intent { act=android.intent.action.MAIN cat=[android.intent.category.LAUNCHER] flg=0x10000000 cmp=com.example.dogglers/androidx.test.core.app.InstrumentationActivityInvoker$EmptyActivity mCallingUid=10115 }, activity=androidx.test.core.app.InstrumentationActivityInvoker$EmptyActivity@ad102e1
10-09 18:57:14.794  3789  3789 D View    : [Warning] assignParent to null: this = DecorView@c466460[InstrumentationActivityInvoker$EmptyActivity]
10-09 18:57:14.794  1866  5003 W InputManager-JNI: Input channel object 'bc2f097 com.example.dogglers/androidx.test.core.app.InstrumentationActivityInvoker$EmptyActivity (client)' was disposed without first being removed with the input manager!
10-09 18:57:14.794   968 15760 D AudioPolicyService: updateUidStates_l() current->uid=10136 current->pid=4167 allowCapture=1 UidState=5 apmStat=1
10-09 18:57:14.795  2739 31418 W Battery : ThermalControllHandler: tempGear=4,configItemName=common_config
10-09 18:57:14.795  2739  5446 W Battery : ThermalControllHandler: MSG_THERMAL_CONTROL_CATEGORY_CHANGED
10-09 18:57:14.795   859  4288 D C2MtkBufferManager: over 5000ms not request from VCodec but callback hooked, slow BM Cc fetch thread
10-09 18:57:14.798  3306  3325 D OplusAtlas.OplusAtlasEventDispatch: setEvent:atlas_event_on_foreground_activities_changed info:pid:2548,uid:10105,hasForegroundActivities:1
10-09 18:57:14.798  4707  4771 V DeepThinker: ProcessManager: onForegroundActivitiesChanged pid:2548, uid:10105, foregroundActivities:true
10-09 18:57:14.798  3306  4568 D OplusAtlas.OplusAudioScene: callback success event:atlas_event_on_foreground_activities_changed eventInfo:pid:2548,uid:10105,hasForegroundActivities:1
10-09 18:57:14.798  3306  4841 D OplusAtlas.OplusMessageHandler: handleMessage: Msg { when=0 what=2 obj=com.oplus.atlas.OplusAtlasEvent@ae58c3f target=com.oplus.atlas.OplusMessageHandler$MyHandler }
10-09 18:57:14.798  3789  3842 I TestRunner: finished: vertical_scrolling(com.example.dogglers.VerticalListTests)
