10-09 23:07:58.898 21571 21624 I TestRunner: started: vertical_scrolling(com.example.dogglers.VerticalListTests)
10-09 23:07:58.899 21571 21571 D View    : [Warning] assignParent to null: this = DecorView@517fb24[InstrumentationActivityInvoker$EmptyActivity]
10-09 23:07:58.901  1866  1880 W InputManager-JNI: Input channel object 'd558c1e com.example.dogglers/androidx.test.core.app.InstrumentationActivityInvoker$EmptyActivity (client)' was disposed without first being removed with the input manager!
10-09 23:07:58.914 21571 21624 W Settings: Setting always_finish_activities has moved from android.provider.Settings.System to android.provider.Settings.Global, returning read-only value.
10-09 23:07:58.917  1866  2190 V ListServiceUtils: checkInListByUid start module:custom-icc uid:1000  time 26958671965us
10-09 23:07:58.917  1219  1229 D MMListService: getPackageNameByUid uid:1000, procName:
10-09 23:07:58.917  1866  2190 V ListServiceUtils: checkInListByUid end module:custom-icc uid:1000  time 26958672454us
10-09 23:07:58.918  1866  2190 D ListServiceUtils: checkInListByUid module:custom-icc uid:1000 cost 487us return 0
10-09 23:07:58.918  1219  1229 D MMListService: getListValueByUid module:image-processing, uid:1000
10-09 23:07:58.918  1219  1229 D MMListService: getPackageNameByUid uid:1000, procName:
10-09 23:07:58.918  1866  2190 V ListServiceUtils: checkInListByUid module:image-processing uid:1000 cost 356us return (null)
10-09 23:07:58.918  1866  2190 V JpegEncoderExtImpl: Resolution: 1080 x 2400,support: 0;
10-09 23:07:58.920   973   973 D OplusLayer: ~Layer() sequence=16391, name=Task=212#1 0xb4000073962b6800
10-09 23:07:58.920   973   973 I BufferQueueDebug: [com.example.dogglers/androidx.test.core.app.InstrumentationActivityInvoker$EmptyActivity#1](this:0xb4000073962f4998,id:-1,api:0,p:-1,c:973) onDestructor()
10-09 23:07:58.920 21571 21713 I BLASTBufferQueue: releaseBufferCallbackThunk bufferId:92646739542042 framenumber:1 blastBufferQueue is dead
10-09 23:07:58.920   973   973 D OplusLayer: ~Layer() sequence=16379, name=com.example.dogglers/androidx.test.core.app.InstrumentationActivityInvoker$EmptyActivity#1 0xb4000073962f2000
10-09 23:07:58.921   973   973 D OplusLayer: ~Layer() sequence=16378, name=d558c1e com.example.dogglers/androidx.test.core.app.InstrumentationActivityInvoker$EmptyActivity#0 0xb400007396246800
10-09 23:07:58.921   973   973 D OplusLayer: ~Layer() sequence=16376, name=ActivityRecord{bd67f22 u0 com.example.dogglers/androidx.test.core.app.InstrumentationActivityInvoker$EmptyActivity#0 0xb4000073b05af800
10-09 23:07:58.923   940   940 E ORMS_HAL: open /sys/devices/platform/soc/soc:oplus-omrg/oplus-omrg0/ruler_enable failed(No such file or directory)
10-09 23:07:58.923  1866  1999 I mtkpower_client: perf_lock_rel, hdl:34374, tid:1999
10-09 23:07:58.924  1866  1999 I mtkpower_client: perf_lock_acq, hdl:34374, dur:0, num:4, tid:1999
10-09 23:07:58.924   886   961 I libPowerHal: [perfLockRel] hdl:34374, idx:0
10-09 23:07:58.924   886   961 I libPowerHal: system_server: cpu_ctrl set cpu freq: -1 -1 -1 -1
10-09 23:07:58.924   886   961 I libPowerHal: [PD] system_server update cmd:1410000 param:0
10-09 23:07:58.924   886   961 I libPowerHal: [PD] system_server update cmd:1c3c000, param:1
10-09 23:07:58.925   886   961 I libPowerHal: [PD] system_server update cmd:2004100 param:2
10-09 23:07:58.925  1866  1999 I mtkpower_client: ret_hdl:34375
10-09 23:07:58.927   940   940 E ORMS_HAL: open /sys/devices/platform/soc/soc:oplus-omrg/oplus-omrg0/ruler_enable failed(No such file or directory)
10-09 23:07:58.928  1866  1999 I mtkpower_client: perf_lock_rel, hdl:34375, tid:1999
10-09 23:07:58.928  1866  1999 I mtkpower_client: perf_lock_acq, hdl:34375, dur:0, num:10, tid:1999
10-09 23:07:58.928   886   961 I libPowerHal: [perfLockRel] hdl:34375, idx:0
10-09 23:07:58.928   886   961 I libPowerHal: [PD] system_server update cmd:2004100 param:2
10-09 23:07:58.929  1866  1999 I mtkpower_client: ret_hdl:34376
10-09 23:07:58.930   886   961 I libPowerHal: system_server: cpu_ctrl set cpu freq: 2000000 -1 2400000 -1
10-09 23:07:58.930 19170 21680 W Finsky  : [9525] qrx.p(67): Package com.android.appsearch not installed
10-09 23:07:58.934   886   897 I mtkpower@impl: [setMode] type:5, enabled:1
10-09 23:07:58.936  1866  5129 I PowerHalWrapper: <amsBoostResume> last:com.android.launcher, next:com.example.dogglers
10-09 23:07:58.941 19170 21680 W Finsky  : [9525] qrx.p(67): Package com.android.apex.cts.shim not installed
10-09 23:07:58.942  1866  4998 V SensorManager: call sensorServiceCommonInterface name: setScreenShotDisable
10-09 23:07:58.942  1866  4998 D SensorService: SensorService sensorServiceCommonInterface = setScreenShotDisable
10-09 23:07:58.942  1866  4998 D SensorServiceImpl: SensorServiceExtImpl sensorServiceCommonInterface funcName= setScreenShotDisable , flag =0, status =0
10-09 23:07:58.942  1866  4998 I OplusHansManager : front pkg: com.example.dogglers, uid: 10115, prev pkg: com.android.launcher, prev uid: 10105
10-09 23:07:58.942  1866  3301 I OplusHansManager : notifyAppGoForeground, uid=10115
10-09 23:07:58.942  1866  3301 I OplusHansManager : notifyAppGoBackground, uid=10105
10-09 23:07:58.942  1866  2540 I OplusHansManager : uid=10115, pkg=com.example.dogglers R exit SM
10-09 23:07:58.942  1866  2540 I OplusHansManager : uid=10115, pkg=com.example.dogglers R exit()
10-09 23:07:58.942  1866  2368 I Osense-DecisionMaker: notifySceneToPolicy...SCENE_APP_SWITCH
10-09 23:07:58.942  1866  2368 D Osense-DecisionMaker: getCurrentSysStats, memMb: 3554
10-09 23:07:58.944  1866  2368 I Osense-DecisionMaker: scene: SCENE_APP_SWITCH, excutingPolicy: freezer
10-09 23:07:58.944  1866  2547 I OplusResourcePreloadManager: resume pkg: com.example.dogglers, uid:10115, prev pkg: com.android.launcher, prev uid: 10105
10-09 23:07:58.945  1866  4998 I PowerHalWrapper: amsBoostNotify pid:21571,activity:androidx.test.core.app.InstrumentationActivityInvoker$BootstrapActivity, package:com.example.dogglers, mProcessCreatePackcom.example.dogglers
10-09 23:07:58.945  1866  4998 I PowerHalWrapper: state: 1
10-09 23:07:58.945  1866  4998 I PowerHalWrapper: amsBoostNotify AMS_BOOST_PROCESS_CREATE_BOOST:false
10-09 23:07:58.945  1866  4998 I InputDispatcher: setFocusedApplication displayId=0 ActivityRecord{50e29db u0 com.example.dogglers/androidx.test.core.app.InstrumentationActivityInvoker$BootstrapActivity t213}
10-09 23:07:58.945   886   961 I libPowerHal: [perfNotifyAppState] foreground:com.example.dogglers, pid:21571, uid:10115
10-09 23:07:58.946   886   961 I UxUtility: notifyForegroundApp pack:com.example.dogglers, uid:10115
10-09 23:07:58.946   886   961 I TouchUtility: notifyAppState error = NULL
10-09 23:07:58.946  1866  4998 D Theia.NoFocusWindow: FocusWindowErrorScene CheckFreezeScreen
10-09 23:07:58.946   886   896 I mtkpower@impl: [notifyAppState] pc:0, com.android.launcher => com.example.dogglers
10-09 23:07:58.946  1866  2855 V DCSEX-AppSwitchManager: OnAppSwitchObserver: onAppExit, resuming = com.example.dogglers, target = com.android.launcher, is ResumingFirstStart =  false, is ResumingMultiApp =  false, extensionInfo =  Bundle[{taskId=213, uid=10115}]
10-09 23:07:58.946   940   940 E ORMS_HAL: open /sys/devices/platform/soc/soc:oplus-omrg/oplus-omrg0/ruler_enable failed(No such file or directory)
10-09 23:07:58.947  1866  7056 D DCSEX-AppLaunchEventRecorder: onAppSwitch from = com.android.launcher to = com.example.dogglers
10-09 23:07:58.947   940   940 E ORMS_HAL: open /sys/devices/platform/soc/soc:oplus-omrg/oplus-omrg0/ruler_enable failed(No such file or directory)
10-09 23:07:58.948  1866  1999 I mtkpower_client: perf_lock_rel, hdl:34376, tid:1999
10-09 23:07:58.948 19170 21680 W Finsky  : [9525] qrx.p(67): Package com.android.i18n not installed
10-09 23:07:58.948  1866  1999 I mtkpower_client: perf_lock_acq, hdl:34376, dur:0, num:12, tid:1999
10-09 23:07:58.948   886   961 I libPowerHal: [perfLockRel] hdl:34376, idx:0
10-09 23:07:58.949  1866  4998 I PowerHalWrapper: amsBoostNotify pid:2548,activity:com.android.launcher.Launcher, package:com.android.launcher, mProcessCreatePackcom.example.dogglers
10-09 23:07:58.949  1866  4998 I PowerHalWrapper: state: 0
10-09 23:07:58.949  1866  4998 I PowerHalWrapper: amsBoostNotify AMS_BOOST_PROCESS_CREATE_BOOST:false
10-09 23:07:58.950   886   961 I libPowerHal: system_server: cpu_ctrl set cpu freq: -1 -1 -1 -1
10-09 23:07:58.950  1866  2855 V DCSEX-AppSwitchManager: OnAppSwitchObserver: onAppEnter, launchedFrom =  com.example.dogglers, target =  com.example.dogglers, is firstStart =  false, is multiApp =  false, extensionInfo =  Bundle[{taskId=213, pid=21571, uid=10115}]
10-09 23:07:58.952   968  1317 D AudioPolicyService: updateUidStates_l() current->uid=10136 current->pid=4167 allowCapture=1 UidState=3 apmStat=1
10-09 23:07:58.952  2739  4604 W Battery : ThermalControlUtils: mForegroundPkg=com.example.dogglers
10-09 23:07:58.953 21571 21720 D libMEOW : meow new tls: 0xb4000075bedd8d40
10-09 23:07:58.953 21571 21720 D libMEOW : applied 0 plugin for [com.example.dogglers].
10-09 23:07:58.953 21571 21720 D libMEOW : meow delete tls: 0xb4000075bedd8d40
10-09 23:07:58.956   886   961 I libPowerHal: [PD] system_server update cmd:1c3c000, param:1
10-09 23:07:58.956   973  3273 I SurfaceFlinger: [SF client] NEW(0xb4000073b04f5580) for (1866:system_server)
10-09 23:07:58.956   886   961 I libPowerHal: [PD] system_server update cmd:2004100 param:2
10-09 23:07:58.956  1866  1999 I mtkpower_client: ret_hdl:34377
10-09 23:07:58.957  4545  4563 D ZoomAppController: ignore onAppEnter: mCurrentZoomInfo is null
10-09 23:07:58.957   940   940 E ORMS_HAL: open /sys/devices/platform/soc/soc:oplus-omrg/oplus-omrg0/ruler_enable failed(No such file or directory)
10-09 23:07:58.957   940   940 E ORMS_HAL: open /sys/devices/platform/soc/soc:oplus-omrg/oplus-omrg0/ruler_enable failed(No such file or directory)
10-09 23:07:58.958  1866  1999 I mtkpower_client: perf_lock_rel, hdl:34377, tid:1999
10-09 23:07:58.958 21571 21571 D LifecycleMonitor: Lifecycle status change: androidx.test.core.app.InstrumentationActivityInvoker$BootstrapActivity@dfb2853 in: PRE_ON_CREATE
10-09 23:07:58.958  1866  1896 D WindowManager: Add to mViews: DecorView@1c14789[dogglers],pkg= com.example.dogglers
10-09 23:07:58.958 21571 21571 V ActivityScenario: Activity lifecycle changed event received but ignored because the intent does not match. startActivityIntent=Intent { act=android.intent.action.MAIN cat=[android.intent.category.LAUNCHER] cmp=com.example.dogglers/.VerticalListActivity }, activity.getIntent()=Intent { act=android.intent.action.MAIN cat=[android.intent.category.LAUNCHER] flg=0x10008000 cmp=com.example.dogglers/androidx.test.core.app.InstrumentationActivityInvoker$BootstrapActivity (has extras) mCallingUid=10115 }, activity=androidx.test.core.app.InstrumentationActivityInvoker$BootstrapActivity@dfb2853
10-09 23:07:58.958  1866  1980 E AthenaService: MemoryGuardAction: handleAppChange
10-09 23:07:58.959  1866  1896 D ViewRootImpl[dogglers]: hardware acceleration = false, sRendererEnabled = true, forceHwAccelerated = false
10-09 23:07:58.959   886   961 I libPowerHal: system_server: cpu_ctrl set cpu freq: 2000000 -1 2400000 -1
10-09 23:07:58.959   867   923 I sensors-hal-OriginChannel: wise light debug, data[2].type is 65627,data[2].sensor is 91:[257.000000,,25.000000,,7.000000,0.000000,38633169721942]
10-09 23:07:58.959  1866  1896 D OplusDisplayPolicy: com.example.dogglers, no change cutoutMode: 0
10-09 23:07:58.959  1866  1999 I mtkpower_client: perf_lock_acq, hdl:34377, dur:0, num:12, tid:1999
10-09 23:07:58.960   886   961 I libPowerHal: [perfLockRel] hdl:34377, idx:0
10-09 23:07:58.960   886   961 I libPowerHal: system_server: cpu_ctrl set cpu freq: -1 -1 -1 -1
10-09 23:07:58.960   886   961 I libPowerHal: [PD] system_server update cmd:1410000 param:0
10-09 23:07:58.960   886   961 I libPowerHal: [PD] system_server update cmd:1c3c000, param:1
10-09 23:07:58.960   886   961 I libPowerHal: [PD] system_server update cmd:2004100 param:2
10-09 23:07:58.961  2739  4604 W Battery : ThermalControllHandler: tempLevel=4,userMode=2,gameUserMode=-1,appType=-1,envTempType=0,appStates=[]
10-09 23:07:58.961  1866  1999 I mtkpower_client: ret_hdl:34378
10-09 23:07:58.961   886   961 I libPowerHal: system_server: cpu_ctrl set cpu freq: 2000000 -1 2400000 -1
10-09 23:07:58.962  4707  4734 V DeepThinker: ProcessManager: onForegroundActivitiesChanged pid:21571, uid:10115, foregroundActivities:true
10-09 23:07:58.962  3306 20797 D OplusAtlas.OplusAtlasEventDispatch: setEvent:atlas_event_on_foreground_activities_changed info:pid:21571,uid:10115,hasForegroundActivities:1
10-09 23:07:58.962  3306  4568 D OplusAtlas.OplusAudioScene: callback success event:atlas_event_on_foreground_activities_changed eventInfo:pid:21571,uid:10115,hasForegroundActivities:1
10-09 23:07:58.962  2739  4604 W Battery : ThermalControllerCenter: mSafetyState=00000
10-09 23:07:58.962  3306  4841 D OplusAtlas.OplusMessageHandler: handleMessage: Msg { when=0 what=2 obj=com.oplus.atlas.OplusAtlasEvent@870a8c7 target=com.oplus.atlas.OplusMessageHandler$MyHandler }
10-09 23:07:58.963  2739  4604 W Battery : ThermalControllHandler: tempGear=4,configItemName=common_config
10-09 23:07:58.963  2739  5446 W Battery : ThermalControllHandler: MSG_THERMAL_CONTROL_CATEGORY_CHANGED
10-09 23:07:58.964  1866  2190 V ListServiceUtils: checkInListByUid start module:custom-icc uid:1000  time 26958718691us
10-09 23:07:58.964  1219  1229 D MMListService: getPackageNameByUid uid:1000, procName:
10-09 23:07:58.964  1866  2190 V ListServiceUtils: checkInListByUid end module:custom-icc uid:1000  time 26958718895us
10-09 23:07:58.964  1866  2190 D ListServiceUtils: checkInListByUid module:custom-icc uid:1000 cost 204us return 0
10-09 23:07:58.964  1219  1229 D MMListService: getListValueByUid module:image-processing, uid:1000
10-09 23:07:58.964  1219  1229 D MMListService: getPackageNameByUid uid:1000, procName:
10-09 23:07:58.964  1866  2190 V ListServiceUtils: checkInListByUid module:image-processing uid:1000 cost 79us return (null)
10-09 23:07:58.964  1866  2190 V JpegEncoderExtImpl: Resolution: 540 x 1200,support: 0;
10-09 23:07:58.976  1866  1896 D OplusDisplayPolicy: com.example.dogglers, no change cutoutMode: 0
10-09 23:07:58.977   973  3273 I BufferQueueDebug: [Splash Screen com.example.dogglers#0](this:0xb4000073963f0998,id:-1,api:0,p:-1,c:-1) BufferQueue core=(973:/system/bin/surfaceflinger)
10-09 23:07:58.979 21571 21571 D LifecycleMonitor: Lifecycle status change: androidx.test.core.app.InstrumentationActivityInvoker$BootstrapActivity@dfb2853 in: CREATED
10-09 23:07:58.979 21571 21571 V ActivityScenario: Activity lifecycle changed event received but ignored because the intent does not match. startActivityIntent=Intent { act=android.intent.action.MAIN cat=[android.intent.category.LAUNCHER] cmp=com.example.dogglers/.VerticalListActivity }, activity.getIntent()=Intent { act=android.intent.action.MAIN cat=[android.intent.category.LAUNCHER] flg=0x10008000 cmp=com.example.dogglers/androidx.test.core.app.InstrumentationActivityInvoker$BootstrapActivity (has extras) mCallingUid=10115 }, activity=androidx.test.core.app.InstrumentationActivityInvoker$BootstrapActivity@dfb2853
10-09 23:07:58.979  3335  3356 E oiface  : get gpu freq table failed
10-09 23:07:58.980  1866  1896 I BufferQueueConsumer: [](id:74a00000183,api:0,p:-1,c:1866) connect: controlledByApp=false
10-09 23:07:58.980 21571 21571 D LifecycleMonitor: Lifecycle status change: androidx.test.core.app.InstrumentationActivityInvoker$BootstrapActivity@dfb2853 in: STARTED
10-09 23:07:58.980 21571 21571 V ActivityScenario: Activity lifecycle changed event received but ignored because the intent does not match. startActivityIntent=Intent { act=android.intent.action.MAIN cat=[android.intent.category.LAUNCHER] cmp=com.example.dogglers/.VerticalListActivity }, activity.getIntent()=Intent { act=android.intent.action.MAIN cat=[android.intent.category.LAUNCHER] flg=0x10008000 cmp=com.example.dogglers/androidx.test.core.app.InstrumentationActivityInvoker$BootstrapActivity (has extras) mCallingUid=10115 }, activity=androidx.test.core.app.InstrumentationActivityInvoker$BootstrapActivity@dfb2853
10-09 23:07:58.980  1866  1896 I BLASTBufferQueue: [ViewRootImpl[dogglers]#260] constructor()
10-09 23:07:58.983  3335  3356 E oiface  : get gpu freq table failed
10-09 23:07:58.983   940   940 E ORMS_HAL: open /sys/devices/platform/soc/soc:oplus-omrg/oplus-omrg0/ruler_enable failed(No such file or directory)
10-09 23:07:58.984   940   940 E ORMS_HAL: open /sys/devices/platform/soc/soc:oplus-omrg/oplus-omrg0/ruler_enable failed(No such file or directory)
10-09 23:07:58.984  1866  1999 I mtkpower_client: perf_lock_rel, hdl:34378, tid:1999
10-09 23:07:58.984  1866  1999 I mtkpower_client: perf_lock_acq, hdl:34378, dur:0, num:12, tid:1999
10-09 23:07:58.985   886   961 I libPowerHal: [perfLockRel] hdl:34378, idx:0
10-09 23:07:58.985   886   961 I libPowerHal: system_server: cpu_ctrl set cpu freq: -1 -1 -1 -1
10-09 23:07:58.986   886   897 I mtkpower@impl: [setMode] type:5, enabled:1
10-09 23:07:58.986   886   961 I libPowerHal: [PD] system_server update cmd:1410000 param:0
10-09 23:07:58.987   886   961 I libPowerHal: [PD] system_server update cmd:1c3c000, param:1
10-09 23:07:58.987   886   961 I libPowerHal: [PD] system_server update cmd:2004100 param:2
10-09 23:07:58.987  1866  5110 I PowerHalWrapper: <amsBoostResume> last:com.example.dogglers, next:com.example.dogglers
10-09 23:07:58.988  1866  1999 I mtkpower_client: ret_hdl:34379
10-09 23:07:58.988  1866  1880 I FocusResolver: updateFocusedWindow,  on display 0, reason: NO_WINDOW, result:   FocusedWindows: <none>
10-09 23:07:58.988   886   961 I libPowerHal: system_server: cpu_ctrl set cpu freq: 2000000 -1 2400000 -1
10-09 23:07:58.989  1866  1896 D Surface : lockCanvas
10-09 23:07:58.989  1866  1896 I BufferQueueProducer: [ViewRootImpl[dogglers]#260(BLAST Consumer)260](id:74a00000183,api:2,p:1866,c:1866) connect: api=2 producerControlledByApp=true
10-09 23:07:58.989 21571 21571 D LifecycleMonitor: Lifecycle status change: androidx.test.core.app.InstrumentationActivityInvoker$BootstrapActivity@dfb2853 in: RESUMED
10-09 23:07:58.989 21571 21571 V ActivityScenario: Activity lifecycle changed event received but ignored because the intent does not match. startActivityIntent=Intent { act=android.intent.action.MAIN cat=[android.intent.category.LAUNCHER] cmp=com.example.dogglers/.VerticalListActivity }, activity.getIntent()=Intent { act=android.intent.action.MAIN cat=[android.intent.category.LAUNCHER] flg=0x10008000 cmp=com.example.dogglers/androidx.test.core.app.InstrumentationActivityInvoker$BootstrapActivity (has extras) mCallingUid=10115 }, activity=androidx.test.core.app.InstrumentationActivityInvoker$BootstrapActivity@dfb2853
10-09 23:07:58.992 21571 21571 D LifecycleMonitor: Lifecycle status change: androidx.test.core.app.InstrumentationActivityInvoker$BootstrapActivity@dfb2853 in: PAUSED
10-09 23:07:58.992 21571 21571 V ActivityScenario: Activity lifecycle changed event received but ignored because the intent does not match. startActivityIntent=Intent { act=android.intent.action.MAIN cat=[android.intent.category.LAUNCHER] cmp=com.example.dogglers/.VerticalListActivity }, activity.getIntent()=Intent { act=android.intent.action.MAIN cat=[android.intent.category.LAUNCHER] flg=0x10008000 cmp=com.example.dogglers/androidx.test.core.app.InstrumentationActivityInvoker$BootstrapActivity (has extras) mCallingUid=10115 }, activity=androidx.test.core.app.InstrumentationActivityInvoker$BootstrapActivity@dfb2853
10-09 23:07:58.995  1866  4998 I PowerHalWrapper: amsBoostNotify pid:21571,activity:com.example.dogglers.VerticalListActivity, package:com.example.dogglers, mProcessCreatePackcom.example.dogglers
10-09 23:07:58.995  1866  4998 I PowerHalWrapper: state: 1
10-09 23:07:58.995  1866  4998 I PowerHalWrapper: amsBoostNotify AMS_BOOST_PROCESS_CREATE_BOOST:false
10-09 23:07:58.995  1866  4998 I InputDispatcher: setFocusedApplication displayId=0 ActivityRecord{35fcc3e u0 com.example.dogglers/.VerticalListActivity t213}
10-09 23:07:58.996   886   896 I mtkpower@impl: [notifyAppState] act androidx.test.core.app.InstrumentationActivityInvoker$EmptyActivity => com.example.dogglers.VerticalListActivity
10-09 23:07:58.998  1866  4998 I PowerHalWrapper: amsBoostNotify pid:21571,activity:androidx.test.core.app.InstrumentationActivityInvoker$BootstrapActivity, package:com.example.dogglers, mProcessCreatePackcom.example.dogglers
10-09 23:07:58.998  1866  4998 I PowerHalWrapper: state: 0
10-09 23:07:58.998  1866  4998 I PowerHalWrapper: amsBoostNotify AMS_BOOST_PROCESS_CREATE_BOOST:false
10-09 23:07:58.998  1866  1895 I PowerHalWrapper: amsBoostNotify pid:21571,activity:androidx.test.core.app.InstrumentationActivityInvoker$BootstrapActivity, package:com.example.dogglers, mProcessCreatePackcom.example.dogglers
10-09 23:07:58.998  1866  1895 I PowerHalWrapper: state: 0
10-09 23:07:58.998  1866  1895 I PowerHalWrapper: amsBoostNotify AMS_BOOST_PROCESS_CREATE_BOOST:false
10-09 23:07:58.999 21571 21722 D libMEOW : meow new tls: 0xb4000075bedd80c0
10-09 23:07:58.999 21571 21722 D libMEOW : applied 0 plugin for [com.example.dogglers].
10-09 23:07:58.999   940   940 E ORMS_HAL: open /sys/devices/platform/soc/soc:oplus-omrg/oplus-omrg0/ruler_enable failed(No such file or directory)
10-09 23:07:58.999 21571 21722 D libMEOW : meow delete tls: 0xb4000075bedd80c0
10-09 23:07:59.000   940   940 E ORMS_HAL: open /sys/devices/platform/soc/soc:oplus-omrg/oplus-omrg0/ruler_enable failed(No such file or directory)
10-09 23:07:59.000  1866  1999 I mtkpower_client: perf_lock_rel, hdl:34379, tid:1999
10-09 23:07:59.000  1866  1999 I mtkpower_client: perf_lock_acq, hdl:34379, dur:0, num:12, tid:1999
10-09 23:07:59.000   886   961 I libPowerHal: [perfLockRel] hdl:34379, idx:0
10-09 23:07:59.001   886   961 I libPowerHal: system_server: cpu_ctrl set cpu freq: -1 -1 -1 -1
10-09 23:07:59.002   886   961 I libPowerHal: [PD] system_server update cmd:1410000 param:0
10-09 23:07:59.002   973   973 D OplusLayer: setBuffer sequence=16395, name=Splash Screen com.example.dogglers#0
10-09 23:07:59.002   973   973 I OplusLayer: VRR [FRTC] update from -1 to 0
10-09 23:07:59.002  1866  1880 D SurfaceComposerClient: VRR [FRTC] client handle [bufferId:18446744073709551615 framenumber:0] [ffffffff, ffffffff]
10-09 23:07:59.002   886   961 I libPowerHal: [PD] system_server update cmd:1c3c000, param:1
10-09 23:07:59.002   886   961 I libPowerHal: [PD] system_server update cmd:2004100 param:2
10-09 23:07:59.003  1866  1999 I mtkpower_client: ret_hdl:34380
10-09 23:07:59.005   886   961 I libPowerHal: system_server: cpu_ctrl set cpu freq: 2000000 -1 2400000 -1
10-09 23:07:59.015 21571 21571 D LifecycleMonitor: Lifecycle status change: com.example.dogglers.VerticalListActivity@b2585c1 in: PRE_ON_CREATE
10-09 23:07:59.016 21571 21571 V ActivityScenario: Activity lifecycle changed event received but ignored because the reported transition was not ON_CREATE while the last known transition was PRE_ON_CREATE
10-09 23:07:59.020   973   973 D OplusLayer: ~Layer() sequence=16384, name=Surface(name=634d9c0 StatusBar)/@0x8de5787 - animation-leash of insets_animation#0 0xb400007396d48000
10-09 23:07:59.020   973   973 D OplusLayer: ~Layer() sequence=16385, name=Surface(name=986f6f7 NavigationBar0)/@0x7692882 - animation-leash of insets_animation#0 0xb400007396d4a800
10-09 23:07:59.022 21571 21571 I oplus.android.OplusFrameworkFactoryImpl: get feature:IOplusDynamicVsyncFeature
10-09 23:07:59.022 21571 21571 I oplus.android.OplusFrameworkFactoryImpl: get feature:IOplusDynamicVsyncFeature
10-09 23:07:59.022 21571 21571 I oplus.android.OplusFrameworkFactoryImpl: get feature:IOplusDynamicVsyncFeature
10-09 23:07:59.030 19170 21680 W Finsky  : [9525] qrx.p(67): Package com.android.runtime not installed
10-09 23:07:59.031 21571 21571 I oplus.android.OplusFrameworkFactoryImpl: get feature:IOplusDynamicVsyncFeature
10-09 23:07:59.031 21571 21571 I oplus.android.OplusFrameworkFactoryImpl: get feature:IOplusDynamicVsyncFeature
10-09 23:07:59.031 21571 21571 I oplus.android.OplusFrameworkFactoryImpl: get feature:IOplusDynamicVsyncFeature
10-09 23:07:59.040 21571 21571 D LifecycleMonitor: Lifecycle status change: com.example.dogglers.VerticalListActivity@b2585c1 in: CREATED
10-09 23:07:59.040 21571 21571 V ActivityScenario: Update currentActivityStage to CREATED, currentActivity=com.example.dogglers.VerticalListActivity@b2585c1
10-09 23:07:59.041 21571 21571 D LifecycleMonitor: Lifecycle status change: com.example.dogglers.VerticalListActivity@b2585c1 in: STARTED
10-09 23:07:59.041 21571 21571 V ActivityScenario: Update currentActivityStage to STARTED, currentActivity=com.example.dogglers.VerticalListActivity@b2585c1
10-09 23:07:59.043 21571 21571 D LifecycleMonitor: Lifecycle status change: com.example.dogglers.VerticalListActivity@b2585c1 in: RESUMED
10-09 23:07:59.043 21571 21571 V ActivityScenario: Update currentActivityStage to RESUMED, currentActivity=com.example.dogglers.VerticalListActivity@b2585c1
10-09 23:07:59.044   973  1022 I SurfaceFlinger: [SF client] NEW(0xb4000073b03307c0) for (21571:com.example.dogglers)
10-09 23:07:59.045 19170 21680 W Finsky  : [9525] qrx.p(67): Package com.android.vndk.v31 not installed
10-09 23:07:59.045  4167  4167 I GsaVoiceInteractionSrv: Handling ACTION_STOP_HOTWORD
10-09 23:07:59.047 21571 21571 D WindowManager: Add to mViews: DecorView@392bf0[VerticalListActivity],pkg= com.example.dogglers
10-09 23:07:59.049 21571 21571 D ViewRootImpl[VerticalListActivity]: hardware acceleration = true, sRendererEnabled = true, forceHwAccelerated = false
10-09 23:07:59.050  1866  5129 D OplusDisplayPolicy: com.example.dogglers, no change cutoutMode: 0
10-09 23:07:59.051 19170 21680 W Finsky  : [9525] qrx.p(67): Package com.android.wifi not installed
10-09 23:07:59.054 21571 21571 D LifecycleMonitor: Lifecycle status change: androidx.test.core.app.InstrumentationActivityInvoker$BootstrapActivity@dfb2853 in: STOPPED
10-09 23:07:59.054 21571 21571 V ActivityScenario: Activity lifecycle changed event received but ignored because the intent does not match. startActivityIntent=Intent { act=android.intent.action.MAIN cat=[android.intent.category.LAUNCHER] cmp=com.example.dogglers/.VerticalListActivity }, activity.getIntent()=Intent { act=android.intent.action.MAIN cat=[android.intent.category.LAUNCHER] flg=0x10008000 cmp=com.example.dogglers/androidx.test.core.app.InstrumentationActivityInvoker$BootstrapActivity (has extras) mCallingUid=10115 }, activity=androidx.test.core.app.InstrumentationActivityInvoker$BootstrapActivity@dfb2853
10-09 23:07:59.054 19170 21680 W Finsky  : [9525] qrx.p(67): Package com.android.vndk.v30 not installed
10-09 23:07:59.069  1866  5129 D OplusDisplayPolicy: com.example.dogglers, no change cutoutMode: 0
10-09 23:07:59.070   973  3273 I BufferQueueDebug: [com.example.dogglers/com.example.dogglers.VerticalListActivity#0](this:0xb4000073b047a998,id:-1,api:0,p:-1,c:-1) BufferQueue core=(973:/system/bin/surfaceflinger)
10-09 23:07:59.074  1866  5129 D Theia.NoFocusWindow: FocusWindowErrorScene cancelCheckFreezeScreen
10-09 23:07:59.076 21571 21571 I BufferQueueConsumer: [](id:544300000007,api:0,p:-1,c:21571) connect: controlledByApp=false
10-09 23:07:59.076 21571 21571 I BLASTBufferQueue: [ViewRootImpl[VerticalListActivity]#7] constructor()
10-09 23:07:59.078 21571 21625 I BufferQueueProducer: [ViewRootImpl[VerticalListActivity]#7(BLAST Consumer)7](id:544300000007,api:1,p:21571,c:21571) connect: api=1 producerControlledByApp=true
10-09 23:07:59.103   973   973 D OplusLayer: ~Layer() sequence=16399, name=Surface(name=634d9c0 StatusBar)/@0x8de5787 - animation-leash of insets_animation#1 0xb4000073971ba800
10-09 23:07:59.103   973   973 D OplusLayer: ~Layer() sequence=16400, name=Surface(name=986f6f7 NavigationBar0)/@0x7692882 - animation-leash of insets_animation#1 0xb4000073971bd000
10-09 23:07:59.134   973   973 D OplusLayer: setBuffer sequence=16402, name=com.example.dogglers/com.example.dogglers.VerticalListActivity#0
10-09 23:07:59.134   973   973 I OplusLayer: VRR [FRTC] update from -1 to 0
10-09 23:07:59.136 21571 21596 D SurfaceComposerClient: VRR [FRTC] client handle [bufferId:18446744073709551615 framenumber:0] [ffffffff, ffffffff]
10-09 23:07:59.141  1866  1892 W ziparchive: Unable to open '/data/app/~~1XmadKvNoMN4kJQcYsddwA==/com.example.dogglers-WNTgvhr5MMm6LFgyLMJu6g==/base.dm': No such file or directory
10-09 23:07:59.143  1866  1896 D View    : [Warning] assignParent to null: this = DecorView@1c14789[dogglers]
10-09 23:07:59.143  1866  1892 I ActivityTaskManager: Displayed com.example.dogglers/.VerticalListActivity: +214ms
10-09 23:07:59.143  1866  1896 I BufferQueueProducer: [ViewRootImpl[dogglers]#260(BLAST Consumer)260](id:74a00000183,api:2,p:1866,c:1866) disconnect: api 2
10-09 23:07:59.143  1866  1896 E BLASTBufferQueue: BLASTBufferItemConsumer::onDisconnect()
10-09 23:07:59.143  1866  1896 I BLASTBufferQueue: [ViewRootImpl[dogglers]#260] destructor()
10-09 23:07:59.144  1866  1896 I BufferQueueConsumer: [ViewRootImpl[dogglers]#260(BLAST Consumer)260](id:74a00000183,api:0,p:-1,c:1866) disconnect
10-09 23:07:59.144  1866  1896 W InputManager-JNI: Input channel object '7dcd7af Splash Screen com.example.dogglers (client)' was disposed without first being removed with the input manager!
10-09 23:07:59.145 21571 21571 D RootViewPicker: Root not ready - waiting: 10ms for one to appear.
10-09 23:07:59.148   886   897 I mtkpower@impl: [setMode] type:5, enabled:0
10-09 23:07:59.150  1866  5110 I PowerHalWrapper: amsBoostStop AMS_BOOST_PACK_SWITCH:true, AMS_BOOST_ACT_SWITCH:true, AMS_BOOST_PROCESS_CREATE:false
10-09 23:07:59.151  1866  5110 I PowerHalWrapper: amsBoostStop AMS_BOOST_PACK_SWITCH:false, AMS_BOOST_ACT_SWITCH:false, AMS_BOOST_PROCESS_CREATE:false
10-09 23:07:59.152  1866  5110 W Binder  : Caught a RuntimeException from the binder stub implementation.
10-09 23:07:59.152  1866  5110 W Binder  : java.lang.NullPointerException: Attempt to invoke virtual method 'android.view.WindowManager$LayoutParams com.android.server.wm.WindowState.getAttrs()' on a null object reference
10-09 23:07:59.152  1866  5110 W Binder  : 	at com.mediatek.server.am.AmsExtImpl.onEndOfActivityIdle(AmsExtImpl.java:452)
10-09 23:07:59.152  1866  5110 W Binder  : 	at com.android.server.wm.ActivityClientController.activityIdle(ActivityClientController.java:145)
10-09 23:07:59.152  1866  5110 W Binder  : 	at android.app.IActivityClientController$Stub.onTransact(IActivityClientController.java:515)
10-09 23:07:59.152  1866  5110 W Binder  : 	at com.android.server.wm.ActivityClientController.onTransact(ActivityClientController.java:122)
10-09 23:07:59.152  1866  5110 W Binder  : 	at android.os.Binder.execTransactInternal(Binder.java:1227)
10-09 23:07:59.152  1866  5110 W Binder  : 	at android.os.Binder.execTransact(Binder.java:1164)
10-09 23:07:59.154  1866  5110 I FocusResolver: updateFocusedWindow, 580a608 com.example.dogglers/com.example.dogglers.VerticalListActivity on display 0, reason: Window became focusable. Previous reason: NOT_VISIBLE, result:   FocusedWindows:
10-09 23:07:59.154  1866  5110 I FocusResolver:     displayId=0, name='580a608 com.example.dogglers/com.example.dogglers.VerticalListActivity'
10-09 23:07:59.157  1866  5110 D InputMethodManagerService: isSecurity: attribute.packageName=com.example.dogglers mCurMethodId=org.dslul.openboard.inputmethod.latin/.LatinIME
10-09 23:07:59.157  1866  5110 D InputMethodManagerService: isSecurity= false (  enable=false needShow=false inBlackList=false isExist=true )
10-09 23:07:59.159   867   923 I sensors-hal-OriginChannel: wise light debug, data[1].type is 65627,data[1].sensor is 91:[261.000000,,175.000000,,3.000000,0.000000,38633369730250]
10-09 23:07:59.169   973   973 D OplusLayer: ~Layer() sequence=16390, name=Surface(name=7edaa53 InputMethod)/@0x5a9888e - animation-leash of insets_animation#0 0xb4000073b06b9800
10-09 23:07:59.182 21571 21571 I ViewInteraction: Performing 'fast swipe' action on view view.getId() is <2131231202/com.example.dogglers:id/vertical_recycler_view>
10-09 23:07:59.186  1866  2174 D OGG_Detector: D:done mCurrStatus: 0
10-09 23:07:59.186  2346  2346 D NoBackGesture: Start gesture: MotionEvent { action=ACTION_DOWN, actionButton=0, id[0]=0, x[0]=539.5, y[0]=2223.538, toolType[0]=TOOL_TYPE_UNKNOWN, buttonState=BUTTON_PRIMARY, classification=NONE, metaState=0, flags=0x0, edgeFlags=0x0, pointerCount=1, historySize=0, eventTime=26958938, downTime=26958938, deviceId=-1, source=0x1002, displayId=0, eventId=-413080058 }
10-09 23:07:59.186  2346  2346 D NoBackGesture: Not in side gesture area
10-09 23:07:59.215   940   940 E ORMS_HAL: open /sys/devices/platform/soc/soc:oplus-omrg/oplus-omrg0/ruler_enable failed(No such file or directory)
10-09 23:07:59.216   940   940 E ORMS_HAL: open /sys/devices/platform/soc/soc:oplus-omrg/oplus-omrg0/ruler_enable failed(No such file or directory)
10-09 23:07:59.216   940   940 D ORMS_HAL: OrmsHalService write file /proc/sys/kernel/slide_boost_enabled - 1.
10-09 23:07:59.218  1866  1999 I mtkpower_client: perf_lock_rel, hdl:34380, tid:1999
10-09 23:07:59.218  1866  1999 I mtkpower_client: perf_lock_acq, hdl:34380, dur:0, num:4, tid:1999
10-09 23:07:59.218   886   961 I libPowerHal: [perfLockRel] hdl:34380, idx:0
10-09 23:07:59.219   886   961 I libPowerHal: system_server: cpu_ctrl set cpu freq: -1 -1 -1 -1
10-09 23:07:59.219   886   961 I libPowerHal: [PD] system_server update cmd:1410000 param:0
10-09 23:07:59.219   886   961 I libPowerHal: [PD] system_server update cmd:1c3c000, param:1
10-09 23:07:59.219   886   961 I libPowerHal: [PD] system_server update cmd:2004100 param:2
10-09 23:07:59.220  1866  1999 I mtkpower_client: ret_hdl:34382
10-09 23:07:59.226 19170 19204 I Finsky  : [9440] ghy.j(1): Completed 0 account content syncs with 0 successful.
10-09 23:07:59.227 19170 19170 I Finsky  : [2] ContentSyncJob.a(1): [ContentSync] Installation state replication succeeded.
10-09 23:07:59.227 19170 19170 I Finsky  : [2] thn.r(4): SCH: jobFinished: 12-1. TimeElapsed: 2391ms.
10-09 23:07:59.243 19170 19208 I Finsky  : [9444] tba.accept(59): SCH: Scheduling phonesky job Id: 1-1337, CT: 1665313109804, Constraints: [{ L: 40313385, D: 83513385, C: 1, I: 1, N: 1 }]
10-09 23:07:59.243 19170 19208 I Finsky  : [9444] tba.accept(59): SCH: Scheduling phonesky job Id: 34-1184, CT: 1665313113753, Constraints: [{ L: 64781708, D: 1360781708, C: 1, I: 1, N: 1 }]
10-09 23:07:59.247 19170 19210 I Finsky  : [9446] tay.apply(44): SCH: Scheduling 1 system job(s)
10-09 23:07:59.248 19170 19210 I Finsky  : [9446] tay.apply(50): SCH: Scheduling system job Id: 9504, L: 16343942, D: 59543942, C: false, I: false, N: 1
10-09 23:07:59.254 19170 21679 I Finsky  : [9524] tjf.a(16): SCH: job service finished with id 9430.
10-09 23:07:59.260   968  1317 D AudioPolicyService: updateUidStates_l() current->uid=10136 current->pid=4167 allowCapture=1 UidState=3 apmStat=1
10-09 23:07:59.264   968  1317 D AudioPolicyService: updateUidStates_l() current->uid=10136 current->pid=4167 allowCapture=1 UidState=3 apmStat=1
10-09 23:07:59.295  2696  2696 D CarrierConfigLoader: getConfigForSubIdWithFeature: subscriptionId=2, phoneId=1
10-09 23:07:59.306  1866  1895 I PowerHalWrapper: amsBoostNotify pid:2548,activity:com.android.launcher.Launcher, package:com.android.launcher, mProcessCreatePackcom.example.dogglers
10-09 23:07:59.306  1866  1895 I PowerHalWrapper: state: 0
10-09 23:07:59.307  1866  1895 I PowerHalWrapper: amsBoostNotify AMS_BOOST_PROCESS_CREATE_BOOST:false
10-09 23:07:59.312   968  1317 D AudioPolicyService: updateUidStates_l() current->uid=10136 current->pid=4167 allowCapture=1 UidState=3 apmStat=1
10-09 23:07:59.312   968  1317 D AudioPolicyService: updateUidStates_l() current->uid=10136 current->pid=4167 allowCapture=1 UidState=5 apmStat=1
10-09 23:07:59.312   968  1317 D AudioPolicyService: updateUidStates_l() current->uid=10136 current->pid=4167 allowCapture=1 UidState=5 apmStat=1
10-09 23:07:59.316  4661  4875 I BufferQueueProducer: [ViewRootImpl[Launcher]#275(BLAST Consumer)275](id:123500000113,api:1,p:4661,c:4661) disconnect: api 1
10-09 23:07:59.316  2548  2792 I BufferQueueProducer: [ViewRootImpl[Launcher]#282(BLAST Consumer)282](id:9f4000001ac,api:1,p:2548,c:2548) disconnect: api 1
10-09 23:07:59.316  4661  4875 E BLASTBufferQueue: BLASTBufferItemConsumer::onDisconnect()
10-09 23:07:59.317   973   973 D OplusLayer: ~Layer() sequence=16398, name=Surface(name=Task=5)/@0x94fb566 - animation-leash of app_transition#0 0xb4000073971b8000
10-09 23:07:59.317  2548  2792 E BLASTBufferQueue: BLASTBufferItemConsumer::onDisconnect()
10-09 23:07:59.317   973   973 D OplusLayer: ~Layer() sequence=16397, name=Surface(name=Task=213)/@0x2e72516 - animation-leash of app_transition#0 0xb400007396d45800
10-09 23:07:59.324  2548  2548 I BLASTBufferQueue: [ViewRootImpl[Launcher]#282] destructor()
10-09 23:07:59.324  2548  2548 I BufferQueueConsumer: [ViewRootImpl[Launcher]#282(BLAST Consumer)282](id:9f4000001ac,api:0,p:-1,c:2548) disconnect
10-09 23:07:59.328  4661  4661 I BLASTBufferQueue: [ViewRootImpl[Launcher]#275] destructor()
10-09 23:07:59.328  4661  4661 I BufferQueueConsumer: [ViewRootImpl[Launcher]#275(BLAST Consumer)275](id:123500000113,api:0,p:-1,c:4661) disconnect
10-09 23:07:59.331  4661  4661 I A       : (REDACTED) onApplyWindowInsets: systemWindowInsets=%s
10-09 23:07:59.331  4661  4661 I A       : (REDACTED) onApplyWindowInsets: systemWindowInsets=%s
10-09 23:07:59.334   973   973 D OplusLayer: ~Layer() sequence=16405, name=Surface(name=7dcd7af Splash Screen com.example.dogglers)/@0x5f90a9f - animation-leash of window_animation#0 0xb4000073d5510000
10-09 23:07:59.334   973   973 D OplusLayer: ~Layer() sequence=16394, name=7dcd7af Splash Screen com.example.dogglers#0 0xb400007397309800
10-09 23:07:59.336   973   973 I BufferQueueDebug: [Splash Screen com.example.dogglers#0](this:0xb4000073963f0998,id:-1,api:0,p:-1,c:973) onDestructor()
10-09 23:07:59.336  1866  5110 I BLASTBufferQueue: releaseBufferCallbackThunk bufferId:8014408975232 framenumber:1 blastBufferQueue is dead
10-09 23:07:59.336   973   973 D OplusLayer: ~Layer() sequence=16395, name=Splash Screen com.example.dogglers#0 0xb4000073963ee000
10-09 23:07:59.342  3306 20797 D OplusAtlas.OplusAtlasEventDispatch: setEvent:atlas_event_on_foreground_activities_changed info:pid:2548,uid:10105,hasForegroundActivities:0
10-09 23:07:59.342  4707  4734 V DeepThinker: ProcessManager: onForegroundActivitiesChanged pid:2548, uid:10105, foregroundActivities:false
10-09 23:07:59.343  3306  4568 D OplusAtlas.OplusAudioScene: callback success event:atlas_event_on_foreground_activities_changed eventInfo:pid:2548,uid:10105,hasForegroundActivities:0
10-09 23:07:59.343  3306  4841 D OplusAtlas.OplusMessageHandler: handleMessage: Msg { when=0 what=2 obj=com.oplus.atlas.OplusAtlasEvent@c4eaef4 target=com.oplus.atlas.OplusMessageHandler$MyHandler }
10-09 23:07:59.350   973   973 I BufferQueueDebug: [com.android.launcher/com.android.launcher.Launcher#0](this:0xb400007397435998,id:-1,api:0,p:-1,c:973) onDestructor()
10-09 23:07:59.350   973   973 D OplusLayer: ~Layer() sequence=16383, name=com.android.launcher/com.android.launcher.Launcher#0 0xb400007397433000
10-09 23:07:59.350  2548  3269 I BLASTBufferQueue: releaseBufferCallbackThunk bufferId:10943576672504 framenumber:50 blastBufferQueue is dead
10-09 23:07:59.350   973   973 I BufferQueueDebug: [com.android.launcher/com.android.launcher.Launcher#0](this:0xb4000073975d2998,id:-1,api:0,p:-1,c:973) onDestructor()
10-09 23:07:59.350   973   973 D OplusLayer: ~Layer() sequence=16382, name=com.android.launcher/com.android.launcher.Launcher#0 0xb4000073975d0000
10-09 23:07:59.351   886   961 I libPowerHal: [perfLockRel] hdl:34381, idx:1
10-09 23:07:59.351   886   961 I libPowerHal: [PD] MTKPOWER_HINT_APP_TOUCH update cmd:3408600 param:0
10-09 23:07:59.352  4661  6267 I BLASTBufferQueue: releaseBufferCallbackThunk bufferId:20018842567763 framenumber:1 blastBufferQueue is dead
10-09 23:07:59.353   940   940 D ORMS_HAL: OrmsHalService write file /proc/sys/kernel/slide_boost_enabled - 0.
10-09 23:07:59.353   940   940 E ORMS_HAL: open /sys/devices/platform/soc/soc:oplus-omrg/oplus-omrg0/ruler_enable failed(No such file or directory)
10-09 23:07:59.354   940   940 E ORMS_HAL: open /sys/devices/platform/soc/soc:oplus-omrg/oplus-omrg0/ruler_enable failed(No such file or directory)
10-09 23:07:59.354  2346  2346 D NoBackGesture: End gesture: MotionEvent { action=ACTION_UP, actionButton=0, id[0]=0, x[0]=539.5, y[0]=286.0, toolType[0]=TOOL_TYPE_UNKNOWN, buttonState=0, classification=NONE, metaState=0, flags=0x0, edgeFlags=0x0, pointerCount=1, historySize=0, eventTime=26959103, downTime=26958938, deviceId=-1, source=0x1002, displayId=0, eventId=-654334602 }
10-09 23:07:59.355  1866  1999 I mtkpower_client: perf_lock_rel, hdl:34382, tid:1999
10-09 23:07:59.355  1866  1999 I mtkpower_client: perf_lock_acq, hdl:34382, dur:0, num:12, tid:1999
10-09 23:07:59.355   886   961 I libPowerHal: [perfLockRel] hdl:34382, idx:0
10-09 23:07:59.355   886   961 I libPowerHal: [PD] system_server update cmd:2004100 param:2
10-09 23:07:59.356  1866  1999 I mtkpower_client: ret_hdl:34383
10-09 23:07:59.357   886   961 I libPowerHal: system_server: cpu_ctrl set cpu freq: 2000000 -1 2400000 -1
10-09 23:07:59.357   940   940 E ORMS_HAL: open /sys/devices/platform/soc/soc:oplus-omrg/oplus-omrg0/ruler_enable failed(No such file or directory)
10-09 23:07:59.358   940   940 E ORMS_HAL: open /sys/devices/platform/soc/soc:oplus-omrg/oplus-omrg0/ruler_enable failed(No such file or directory)
10-09 23:07:59.358  1866  5129 I mtkpower_client: perf_lock_acq, hdl:0, dur:3000, num:2, tid:5129
10-09 23:07:59.358   940   940 D ORMS_HAL: OrmsHalService write file /proc/sys/kernel/slide_boost_enabled - 1.
10-09 23:07:59.358  1866  5129 I mtkpower_client: ret_hdl:34384
10-09 23:07:59.358  1866  1999 I mtkpower_client: perf_lock_rel, hdl:34383, tid:1999
10-09 23:07:59.358  1866  5129 I mtkpower_client: perf_lock_acq, hdl:0, dur:3000, num:4, tid:5129
10-09 23:07:59.358   886   961 I libPowerHal: cmdSetting - unknown cmd:2048700, scmd:(null) ,param_1:1
10-09 23:07:59.358   886   961 I libPowerHal: [perfLockRel] hdl:34383, idx:0
10-09 23:07:59.358  1866  1999 I mtkpower_client: perf_lock_acq, hdl:34383, dur:0, num:8, tid:1999
10-09 23:07:59.359   886   961 I libPowerHal: system_server: cpu_ctrl set cpu freq: -1 -1 -1 -1
10-09 23:07:59.359   886   961 I libPowerHal: [PD] system_server update cmd:1410000 param:0
10-09 23:07:59.359   886   961 I libPowerHal: [PD] system_server update cmd:1c3c000, param:1
10-09 23:07:59.359   886   961 I libPowerHal: [PD] system_server update cmd:2004100 param:2
10-09 23:07:59.359  1866  1999 I mtkpower_client: ret_hdl:34385
10-09 23:07:59.359   867   923 I sensors-hal-OriginChannel: wise light debug, data[4].type is 65627,data[4].sensor is 91:[285.000000,,25.000000,,14.000000,0.000000,38633569699179]
10-09 23:07:59.360   886   961 I libPowerHal: system_server: cpu_ctrl set cpu freq: 1393000 -1 1274000 -1
10-09 23:07:59.360  1866  5129 I mtkpower_client: ret_hdl:34386
10-09 23:07:59.360   886   961 I libPowerHal: cmdSetting - unknown cmd:2000400, scmd:(null) ,param_1:-21625
10-09 23:07:59.360   886   961 I libPowerHal: [fpsgo_noctrl_render_thread] 21625, 0xb4000074e3a185b0
10-09 23:07:59.361  1866  5129 I mtkpower_client: perf_lock_rel, hdl:34386, tid:5129
10-09 23:07:59.361   886   961 E libPowerHal: Could not open '/sys/kernel/fpsgo/fstb/set_ui_ctrl'
10-09 23:07:59.361   886   961 E libPowerHal: error : 2, No such file or directory
10-09 23:07:59.361   886   961 I libPowerHal: [perfLockRel] hdl:34386, idx:2
10-09 23:07:59.362   886   961 I libPowerHal: [fpsgo_noctrl_render_thread] 21625, 0xb4000074e3a185b0
10-09 23:07:59.362   886   961 E libPowerHal: Could not open '/sys/kernel/fpsgo/fstb/set_ui_ctrl'
10-09 23:07:59.362   886   961 E libPowerHal: error : 2, No such file or directory
10-09 23:07:59.362   886   961 I libPowerHal: [PD] system_server update ONESHOT cmd:2000300 param:21625
10-09 23:07:59.364  1866  4998 I mtkpower_client: perf_lock_acq, hdl:34386, dur:3000, num:6, tid:4998
10-09 23:07:59.364  1866  4998 I mtkpower_client: ret_hdl:34387
10-09 23:07:59.365  1866  4998 I mtkpower_client: perf_lock_rel, hdl:34387, tid:4998
10-09 23:07:59.365   886   961 I libPowerHal: [notify_targetFPS_pid] 21625, 0xb4000074e3a185b0
10-09 23:07:59.367   886   961 I libPowerHal: [perfLockRel] hdl:34387, idx:2
10-09 23:07:59.367   886   961 I libPowerHal: [notify_targetFPS_pid] 21625, 0xb4000074e3a185b0
10-09 23:07:59.367   886   961 I libPowerHal: [PD] system_server update ONESHOT cmd:2000200 param:21625
10-09 23:07:59.422 21571 21571 I ViewInteraction: Checking 'MatchesViewAssertion{viewMatcher=(view has effective visibility <VISIBLE> and view.getGlobalVisibleRect() to return non-empty rectangle)}' assertion on view an instance of android.widget.TextView and view.getText() with or without transformation to match: is "Faye"
10-09 23:07:59.432   940   940 D ORMS_HAL: OrmsHalService write file /proc/sys/kernel/slide_boost_enabled - 0.
10-09 23:07:59.432   940   940 E ORMS_HAL: open /sys/devices/platform/soc/soc:oplus-omrg/oplus-omrg0/ruler_enable failed(No such file or directory)
10-09 23:07:59.433   940   940 E ORMS_HAL: open /sys/devices/platform/soc/soc:oplus-omrg/oplus-omrg0/ruler_enable failed(No such file or directory)
10-09 23:07:59.434   940   940 D ORMS_HAL: OrmsHalService write file /proc/sys/kernel/slide_boost_enabled - 1.
10-09 23:07:59.434  1866  1999 I mtkpower_client: perf_lock_rel, hdl:34385, tid:1999
10-09 23:07:59.435  1866  1999 I mtkpower_client: perf_lock_acq, hdl:34385, dur:0, num:8, tid:1999
10-09 23:07:59.435   886   961 I libPowerHal: [perfLockRel] hdl:34385, idx:0
10-09 23:07:59.435   886   961 I libPowerHal: system_server: cpu_ctrl set cpu freq: -1 -1 -1 -1
10-09 23:07:59.435   886   961 I libPowerHal: [PD] system_server update cmd:2004100 param:2
10-09 23:07:59.436  1866  1999 I mtkpower_client: ret_hdl:34388
10-09 23:07:59.437   886   961 I libPowerHal: system_server: cpu_ctrl set cpu freq: 1393000 -1 1274000 -1
10-09 23:07:59.439   886   897 I mtkpower@impl: [setMode] type:5, enabled:1
10-09 23:07:59.440  1866  5129 I PowerHalWrapper: <amsBoostResume> last:com.example.dogglers, next:com.example.dogglers
10-09 23:07:59.444 21571 21571 D LifecycleMonitor: Lifecycle status change: com.example.dogglers.VerticalListActivity@b2585c1 in: PAUSED
10-09 23:07:59.444 21571 21571 V ActivityScenario: Update currentActivityStage to PAUSED, currentActivity=com.example.dogglers.VerticalListActivity@b2585c1
10-09 23:07:59.448  1866  4998 I PowerHalWrapper: amsBoostNotify pid:21571,activity:androidx.test.core.app.InstrumentationActivityInvoker$EmptyActivity, package:com.example.dogglers, mProcessCreatePackcom.example.dogglers
10-09 23:07:59.448  1866  4998 I PowerHalWrapper: state: 1
10-09 23:07:59.448  1866  4998 I PowerHalWrapper: amsBoostNotify AMS_BOOST_PROCESS_CREATE_BOOST:false
10-09 23:07:59.449  1866  4998 I InputDispatcher: setFocusedApplication displayId=0 ActivityRecord{c8d4a57 u0 com.example.dogglers/androidx.test.core.app.InstrumentationActivityInvoker$EmptyActivity t213}
10-09 23:07:59.449   886   896 I mtkpower@impl: [notifyAppState] act com.example.dogglers.VerticalListActivity => androidx.test.core.app.InstrumentationActivityInvoker$EmptyActivity
10-09 23:07:59.450  1866  4998 D Theia.NoFocusWindow: FocusWindowErrorScene CheckFreezeScreen
10-09 23:07:59.453  1866  4998 I PowerHalWrapper: amsBoostNotify pid:21571,activity:com.example.dogglers.VerticalListActivity, package:com.example.dogglers, mProcessCreatePackcom.example.dogglers
10-09 23:07:59.453  1866  4998 I PowerHalWrapper: state: 0
10-09 23:07:59.453  1866  4998 I PowerHalWrapper: amsBoostNotify AMS_BOOST_PROCESS_CREATE_BOOST:false
10-09 23:07:59.456  2739  2922 D AppSwitchListener: onAppEnter: Uid = 10115
10-09 23:07:59.456  2739  2922 W AuthDialogHelper: checkNotificationSwitchFirst() called with: context = [com.oplus.notification.NotificationCenterService@418e2fb], pkg = [com.example.dogglers], uid = [10115], userId = [0], init checker
10-09 23:07:59.457  2739  2922 E AuthDialogHelper: CheckNotificationCanBeSetSecond: check com.example.dogglers , Notification master switch on, unable to pop dialog
10-09 23:07:59.457   940   940 D ORMS_HAL: OrmsHalService write file /proc/sys/kernel/slide_boost_enabled - 0.
10-09 23:07:59.458   940   940 E ORMS_HAL: open /sys/devices/platform/soc/soc:oplus-omrg/oplus-omrg0/ruler_enable failed(No such file or directory)
10-09 23:07:59.458 21571 21730 D libMEOW : meow new tls: 0xb4000076222debc0
10-09 23:07:59.458   940   940 E ORMS_HAL: open /sys/devices/platform/soc/soc:oplus-omrg/oplus-omrg0/ruler_enable failed(No such file or directory)
10-09 23:07:59.458 21571 21730 D libMEOW : applied 0 plugin for [com.example.dogglers].
10-09 23:07:59.458 21571 21730 D libMEOW : meow delete tls: 0xb4000076222debc0
10-09 23:07:59.458   940   940 D ORMS_HAL: OrmsHalService write file /proc/sys/kernel/slide_boost_enabled - 1.
10-09 23:07:59.459  1866  1999 I mtkpower_client: perf_lock_rel, hdl:34388, tid:1999
10-09 23:07:59.459  1866  1999 I mtkpower_client: perf_lock_acq, hdl:34388, dur:0, num:8, tid:1999
10-09 23:07:59.459   886   961 I libPowerHal: [perfLockRel] hdl:34388, idx:0
10-09 23:07:59.459   886   961 I libPowerHal: system_server: cpu_ctrl set cpu freq: -1 -1 -1 -1
10-09 23:07:59.459   886   961 I libPowerHal: [PD] system_server update cmd:2004100 param:2
10-09 23:07:59.460  4461 21564 W yAF.TPLog.FrameworkUpdateListener: [com.example.dogglers] removed. Stop sending intent
