10-09 23:07:56.504  1866  1896 D OplusDisplayPolicy: com.example.dogglers, no change cutoutMode: 0
10-09 23:07:56.505   973  1022 I BufferQueueDebug: [Splash Screen com.example.dogglers#0](this:0xb4000073975a0998,id:-1,api:0,p:-1,c:-1) BufferQueue core=(973:/system/bin/surfaceflinger)
10-09 23:07:56.507  3335  3356 E oiface  : get gpu freq table failed
10-09 23:07:56.508  1866  1896 I BufferQueueConsumer: [](id:74a00000181,api:0,p:-1,c:1866) connect: controlledByApp=false
10-09 23:07:56.509  1866  1896 I BLASTBufferQueue: [ViewRootImpl[dogglers]#258] constructor()
10-09 23:07:56.510  1866  1896 D Surface : lockCanvas
10-09 23:07:56.510  1866  1896 I BufferQueueProducer: [ViewRootImpl[dogglers]#258(BLAST Consumer)258](id:74a00000181,api:2,p:1866,c:1866) connect: api=2 producerControlledByApp=true
10-09 23:07:56.510 21571 21571 D LifecycleMonitor: Lifecycle status change: androidx.test.core.app.InstrumentationActivityInvoker$BootstrapActivity@668e00b in: CREATED
10-09 23:07:56.510  3335  3356 E oiface  : get gpu freq table failed
10-09 23:07:56.511 21571 21571 V ActivityScenario: Activity lifecycle changed event received but ignored because the intent does not match. startActivityIntent=Intent { act=android.intent.action.MAIN cat=[android.intent.category.LAUNCHER] cmp=com.example.dogglers/.VerticalListActivity }, activity.getIntent()=Intent { act=android.intent.action.MAIN cat=[android.intent.category.LAUNCHER] flg=0x10008000 cmp=com.example.dogglers/androidx.test.core.app.InstrumentationActivityInvoker$BootstrapActivity (has extras) mCallingUid=10115 }, activity=androidx.test.core.app.InstrumentationActivityInvoker$BootstrapActivity@668e00b
10-09 23:07:56.512 21571 21571 D LifecycleMonitor: Lifecycle status change: androidx.test.core.app.InstrumentationActivityInvoker$BootstrapActivity@668e00b in: STARTED
10-09 23:07:56.512 21571 21571 V ActivityScenario: Activity lifecycle changed event received but ignored because the intent does not match. startActivityIntent=Intent { act=android.intent.action.MAIN cat=[android.intent.category.LAUNCHER] cmp=com.example.dogglers/.VerticalListActivity }, activity.getIntent()=Intent { act=android.intent.action.MAIN cat=[android.intent.category.LAUNCHER] flg=0x10008000 cmp=com.example.dogglers/androidx.test.core.app.InstrumentationActivityInvoker$BootstrapActivity (has extras) mCallingUid=10115 }, activity=androidx.test.core.app.InstrumentationActivityInvoker$BootstrapActivity@668e00b
10-09 23:07:56.516   940   940 E ORMS_HAL: open /sys/devices/platform/soc/soc:oplus-omrg/oplus-omrg0/ruler_enable failed(No such file or directory)
10-09 23:07:56.516   940   940 E ORMS_HAL: open /sys/devices/platform/soc/soc:oplus-omrg/oplus-omrg0/ruler_enable failed(No such file or directory)
10-09 23:07:56.517  1866  1999 I mtkpower_client: perf_lock_rel, hdl:34353, tid:1999
10-09 23:07:56.517  1866  1999 I mtkpower_client: perf_lock_acq, hdl:34353, dur:0, num:12, tid:1999
10-09 23:07:56.517   886   961 I libPowerHal: [perfLockRel] hdl:34353, idx:0
10-09 23:07:56.517   886   961 I libPowerHal: system_server: cpu_ctrl set cpu freq: -1 -1 -1 -1
10-09 23:07:56.517   886   961 I libPowerHal: [PD] system_server update cmd:1410000 param:0
10-09 23:07:56.517   886   961 I libPowerHal: [PD] system_server update cmd:1c3c000, param:1
10-09 23:07:56.517   886   961 I libPowerHal: [PD] system_server update cmd:2004100 param:2
10-09 23:07:56.518  1866  1999 I mtkpower_client: ret_hdl:34354
10-09 23:07:56.518   886   961 I libPowerHal: system_server: cpu_ctrl set cpu freq: 2000000 -1 2400000 -1
10-09 23:07:56.518   886   897 I mtkpower@impl: [setMode] type:5, enabled:1
10-09 23:07:56.518   973   973 D OplusLayer: setBuffer sequence=16315, name=Splash Screen com.example.dogglers#0
10-09 23:07:56.518   973   973 I OplusLayer: VRR [FRTC] update from -1 to 0
10-09 23:07:56.519  1866  5003 D SurfaceComposerClient: VRR [FRTC] client handle [bufferId:18446744073709551615 framenumber:0] [ffffffff, ffffffff]
10-09 23:07:56.519  1866  5129 I PowerHalWrapper: <amsBoostResume> last:com.example.dogglers, next:com.example.dogglers
10-09 23:07:56.521  1866  5003 I FocusResolver: updateFocusedWindow,  on display 0, reason: NO_WINDOW, result:   FocusedWindows: <none>
10-09 23:07:56.521 21571 21571 D LifecycleMonitor: Lifecycle status change: androidx.test.core.app.InstrumentationActivityInvoker$BootstrapActivity@668e00b in: RESUMED
10-09 23:07:56.522 21571 21571 V ActivityScenario: Activity lifecycle changed event received but ignored because the intent does not match. startActivityIntent=Intent { act=android.intent.action.MAIN cat=[android.intent.category.LAUNCHER] cmp=com.example.dogglers/.VerticalListActivity }, activity.getIntent()=Intent { act=android.intent.action.MAIN cat=[android.intent.category.LAUNCHER] flg=0x10008000 cmp=com.example.dogglers/androidx.test.core.app.InstrumentationActivityInvoker$BootstrapActivity (has extras) mCallingUid=10115 }, activity=androidx.test.core.app.InstrumentationActivityInvoker$BootstrapActivity@668e00b
10-09 23:07:56.527 21571 21571 D LifecycleMonitor: Lifecycle status change: androidx.test.core.app.InstrumentationActivityInvoker$BootstrapActivity@668e00b in: PAUSED
10-09 23:07:56.527 21571 21571 V ActivityScenario: Activity lifecycle changed event received but ignored because the intent does not match. startActivityIntent=Intent { act=android.intent.action.MAIN cat=[android.intent.category.LAUNCHER] cmp=com.example.dogglers/.VerticalListActivity }, activity.getIntent()=Intent { act=android.intent.action.MAIN cat=[android.intent.category.LAUNCHER] flg=0x10008000 cmp=com.example.dogglers/androidx.test.core.app.InstrumentationActivityInvoker$BootstrapActivity (has extras) mCallingUid=10115 }, activity=androidx.test.core.app.InstrumentationActivityInvoker$BootstrapActivity@668e00b
10-09 23:07:56.530  1866  5129 I PowerHalWrapper: amsBoostNotify pid:21571,activity:com.example.dogglers.VerticalListActivity, package:com.example.dogglers, mProcessCreatePackcom.example.dogglers
10-09 23:07:56.530  1866  5129 I PowerHalWrapper: state: 1
10-09 23:07:56.530  1866  5129 I PowerHalWrapper: amsBoostNotify AMS_BOOST_PROCESS_CREATE_BOOST:false
10-09 23:07:56.530  1866  5129 I InputDispatcher: setFocusedApplication displayId=0 ActivityRecord{36070c u0 com.example.dogglers/.VerticalListActivity t211}
10-09 23:07:56.531   886   896 I mtkpower@impl: [notifyAppState] act com.example.dogglers.HorizontalListActivity => com.example.dogglers.VerticalListActivity
10-09 23:07:56.541  1866  5129 I PowerHalWrapper: amsBoostNotify pid:21571,activity:androidx.test.core.app.InstrumentationActivityInvoker$BootstrapActivity, package:com.example.dogglers, mProcessCreatePackcom.example.dogglers
10-09 23:07:56.541  1866  5129 I PowerHalWrapper: state: 0
10-09 23:07:56.541  1866  5129 I PowerHalWrapper: amsBoostNotify AMS_BOOST_PROCESS_CREATE_BOOST:false
10-09 23:07:56.542  1866  1895 I PowerHalWrapper: amsBoostNotify pid:21571,activity:androidx.test.core.app.InstrumentationActivityInvoker$BootstrapActivity, package:com.example.dogglers, mProcessCreatePackcom.example.dogglers
10-09 23:07:56.542  1866  1895 I PowerHalWrapper: state: 0
10-09 23:07:56.542  1866  1895 I PowerHalWrapper: amsBoostNotify AMS_BOOST_PROCESS_CREATE_BOOST:false
10-09 23:07:56.543   940   940 E ORMS_HAL: open /sys/devices/platform/soc/soc:oplus-omrg/oplus-omrg0/ruler_enable failed(No such file or directory)
10-09 23:07:56.543   940   940 E ORMS_HAL: open /sys/devices/platform/soc/soc:oplus-omrg/oplus-omrg0/ruler_enable failed(No such file or directory)
10-09 23:07:56.544  1866  1999 I mtkpower_client: perf_lock_rel, hdl:34354, tid:1999
10-09 23:07:56.544  1866  1999 I mtkpower_client: perf_lock_acq, hdl:34354, dur:0, num:12, tid:1999
10-09 23:07:56.544 21571 21672 D libMEOW : meow new tls: 0xb4000075bec14b80
10-09 23:07:56.544 21571 21672 D libMEOW : applied 0 plugin for [com.example.dogglers].
10-09 23:07:56.544   886   961 I libPowerHal: [perfLockRel] hdl:34354, idx:0
10-09 23:07:56.544 21571 21672 D libMEOW : meow delete tls: 0xb4000075bec14b80
10-09 23:07:56.545   886   961 I libPowerHal: system_server: cpu_ctrl set cpu freq: -1 -1 -1 -1
10-09 23:07:56.545   886   961 I libPowerHal: [PD] system_server update cmd:1410000 param:0
10-09 23:07:56.545   886   961 I libPowerHal: [PD] system_server update cmd:1c3c000, param:1
10-09 23:07:56.545   886   961 I libPowerHal: [PD] system_server update cmd:2004100 param:2
10-09 23:07:56.546  1866  1999 I mtkpower_client: ret_hdl:34355
10-09 23:07:56.546   886   961 I libPowerHal: system_server: cpu_ctrl set cpu freq: 2000000 -1 2400000 -1
10-09 23:07:56.553 21571 21571 D LifecycleMonitor: Lifecycle status change: com.example.dogglers.VerticalListActivity@dfcc471 in: PRE_ON_CREATE
10-09 23:07:56.553   973   973 D OplusLayer: ~Layer() sequence=16304, name=Surface(name=634d9c0 StatusBar)/@0x8de5787 - animation-leash of insets_animation#1 0xb40000739634f000
10-09 23:07:56.553 21571 21571 V ActivityScenario: Activity lifecycle changed event received but ignored because the reported transition was not ON_CREATE while the last known transition was PRE_ON_CREATE
10-09 23:07:56.553   973   973 D OplusLayer: ~Layer() sequence=16305, name=Surface(name=986f6f7 NavigationBar0)/@0x7692882 - animation-leash of insets_animation#1 0xb4000073b05af800
10-09 23:07:56.559   867   923 I sensors-hal-OriginChannel: wise light debug, data[1].type is 65627,data[1].sensor is 91:[244.000000,,25.000000,,4.000000,0.000000,38630769720952]
10-09 23:07:56.565 21571 21571 I oplus.android.OplusFrameworkFactoryImpl: get feature:IOplusDynamicVsyncFeature
10-09 23:07:56.565 21571 21571 I oplus.android.OplusFrameworkFactoryImpl: get feature:IOplusDynamicVsyncFeature
10-09 23:07:56.565 21571 21571 I oplus.android.OplusFrameworkFactoryImpl: get feature:IOplusDynamicVsyncFeature
10-09 23:07:56.573  4167  4167 I GsaVoiceInteractionSrv: Handling ACTION_STOP_HOTWORD
10-09 23:07:56.582 21571 21571 I oplus.android.OplusFrameworkFactoryImpl: get feature:IOplusDynamicVsyncFeature
10-09 23:07:56.582 21571 21571 I oplus.android.OplusFrameworkFactoryImpl: get feature:IOplusDynamicVsyncFeature
10-09 23:07:56.582 21571 21571 I oplus.android.OplusFrameworkFactoryImpl: get feature:IOplusDynamicVsyncFeature
10-09 23:07:56.593 21571 21571 D LifecycleMonitor: Lifecycle status change: com.example.dogglers.VerticalListActivity@dfcc471 in: CREATED
10-09 23:07:56.593 21571 21571 V ActivityScenario: Update currentActivityStage to CREATED, currentActivity=com.example.dogglers.VerticalListActivity@dfcc471
10-09 23:07:56.594 21571 21571 D LifecycleMonitor: Lifecycle status change: com.example.dogglers.VerticalListActivity@dfcc471 in: STARTED
10-09 23:07:56.595 21571 21571 V ActivityScenario: Update currentActivityStage to STARTED, currentActivity=com.example.dogglers.VerticalListActivity@dfcc471
10-09 23:07:56.596 21571 21571 D LifecycleMonitor: Lifecycle status change: com.example.dogglers.VerticalListActivity@dfcc471 in: RESUMED
10-09 23:07:56.596 21571 21571 V ActivityScenario: Update currentActivityStage to RESUMED, currentActivity=com.example.dogglers.VerticalListActivity@dfcc471
10-09 23:07:56.597   973  2952 I SurfaceFlinger: [SF client] NEW(0xb4000073b03dfe40) for (21571:com.example.dogglers)
10-09 23:07:56.601 21571 21571 D WindowManager: Add to mViews: DecorView@f3842ea[VerticalListActivity],pkg= com.example.dogglers
10-09 23:07:56.603 21571 21571 D ViewRootImpl[VerticalListActivity]: hardware acceleration = true, sRendererEnabled = true, forceHwAccelerated = false
10-09 23:07:56.605  1866  5129 D OplusDisplayPolicy: com.example.dogglers, no change cutoutMode: 0
10-09 23:07:56.609 21571 21571 D LifecycleMonitor: Lifecycle status change: androidx.test.core.app.InstrumentationActivityInvoker$BootstrapActivity@668e00b in: STOPPED
10-09 23:07:56.610 21571 21571 V ActivityScenario: Activity lifecycle changed event received but ignored because the intent does not match. startActivityIntent=Intent { act=android.intent.action.MAIN cat=[android.intent.category.LAUNCHER] cmp=com.example.dogglers/.VerticalListActivity }, activity.getIntent()=Intent { act=android.intent.action.MAIN cat=[android.intent.category.LAUNCHER] flg=0x10008000 cmp=com.example.dogglers/androidx.test.core.app.InstrumentationActivityInvoker$BootstrapActivity (has extras) mCallingUid=10115 }, activity=androidx.test.core.app.InstrumentationActivityInvoker$BootstrapActivity@668e00b
10-09 23:07:56.614 21571 21624 D EventInjectionStrategy: Creating injection strategy with input manager.
10-09 23:07:56.614 21571 21624 W xample.doggler: Accessing hidden method Landroid/hardware/input/InputManager;->getInstance()Landroid/hardware/input/InputManager; (unsupported, reflection, allowed)
10-09 23:07:56.614 21571 21624 W xample.doggler: Accessing hidden method Landroid/hardware/input/InputManager;->injectInputEvent(Landroid/view/InputEvent;I)Z (unsupported, reflection, allowed)
10-09 23:07:56.614 21571 21624 W xample.doggler: Accessing hidden field Landroid/hardware/input/InputManager;->INJECT_INPUT_EVENT_MODE_WAIT_FOR_FINISH:I (unsupported, reflection, allowed)
10-09 23:07:56.619  1866  5003 D OplusDisplayPolicy: com.example.dogglers, no change cutoutMode: 0
10-09 23:07:56.619   973  1022 I BufferQueueDebug: [com.example.dogglers/com.example.dogglers.VerticalListActivity#0](this:0xb4000073b031f998,id:-1,api:0,p:-1,c:-1) BufferQueue core=(973:/system/bin/surfaceflinger)
10-09 23:07:56.624  1866  5003 D Theia.NoFocusWindow: FocusWindowErrorScene cancelCheckFreezeScreen
10-09 23:07:56.626 21571 21571 I BufferQueueConsumer: [](id:544300000001,api:0,p:-1,c:21571) connect: controlledByApp=false
10-09 23:07:56.626 21571 21571 I BLASTBufferQueue: [ViewRootImpl[VerticalListActivity]#1] constructor()
10-09 23:07:56.627 21571 21625 I BufferQueueProducer: [ViewRootImpl[VerticalListActivity]#1(BLAST Consumer)1](id:544300000001,api:1,p:21571,c:21571) connect: api=1 producerControlledByApp=true
10-09 23:07:56.652   973   973 D OplusLayer: ~Layer() sequence=16319, name=Surface(name=634d9c0 StatusBar)/@0x8de5787 - animation-leash of insets_animation#0 0xb400007397442800
10-09 23:07:56.652   973   973 D OplusLayer: ~Layer() sequence=16320, name=Surface(name=986f6f7 NavigationBar0)/@0x7692882 - animation-leash of insets_animation#0 0xb4000073975c8800
10-09 23:07:56.657   856   856 I hwcomposer: [HWCDisplay] [Display_0 (type:1)] fps:58.289532,dur:1012.19,max:43.46,min:12.56
10-09 23:07:56.744 14330 14330 D BoundBrokerSvc: onUnbind: Intent { act=com.google.android.gms.feedback.internal.IFeedbackService dat=chimera-action:com.google.android.gms.feedback.internal.IFeedbackService cmp=com.google.android.gms/.chimera.GmsBoundBrokerService }
10-09 23:07:56.757  2346  2346 D StatusBar:  action=android.intent.action.PACKAGE_CHANGED
10-09 23:07:56.758  4297  4297 D AppPlatFormReceiver: onReceive mHasRegister: true intent = action = android.*****.action.PACKAGE_CHANGED, pkg = null, flags = 1157627920
10-09 23:07:56.759   867   923 I sensors-hal-OriginChannel: wise light debug, data[4].type is 65627,data[4].sensor is 91:[236.000000,,25.000000,,4.000000,0.000000,38630969848029]
10-09 23:07:56.764  4461 21675 I yAF.TPLog.FrameworkUpdateListener: The current enabled state for com.coloros.securepay : 0
10-09 23:07:56.764  4461 21675 W AF.SDK.j: no need to get internal config in third app
10-09 23:07:56.765  4461 21675 E AF.SDK.XmlReader: No meta data found with key: AccessoryServicesLocation in com.coloros.securepay
10-09 23:07:56.765  4461 21675 E AF.SDK.j: No meta data found with key:AccessoryServicesLocation
10-09 23:07:56.765  4461 21675 W AF.SDK.j: configFileLocationGroup is empty,config error with com.coloros.securepay
10-09 23:07:56.767   973   973 D OplusLayer: setBuffer sequence=16322, name=com.example.dogglers/com.example.dogglers.VerticalListActivity#0
10-09 23:07:56.767   973   973 I OplusLayer: VRR [FRTC] update from -1 to 0
10-09 23:07:56.767  1866  1896 D View    : [Warning] assignParent to null: this = DecorView@6db2edc[dogglers]
10-09 23:07:56.767 21571 21653 D SurfaceComposerClient: VRR [FRTC] client handle [bufferId:18446744073709551615 framenumber:0] [ffffffff, ffffffff]
10-09 23:07:56.769  1866  1896 I BufferQueueProducer: [ViewRootImpl[dogglers]#258(BLAST Consumer)258](id:74a00000181,api:2,p:1866,c:1866) disconnect: api 2
10-09 23:07:56.769  1866  1896 E BLASTBufferQueue: BLASTBufferItemConsumer::onDisconnect()
10-09 23:07:56.769  1866  1896 I BLASTBufferQueue: [ViewRootImpl[dogglers]#258] destructor()
10-09 23:07:56.769  1866  1896 I BufferQueueConsumer: [ViewRootImpl[dogglers]#258(BLAST Consumer)258](id:74a00000181,api:0,p:-1,c:1866) disconnect
10-09 23:07:56.771  1866  5110 I FocusResolver: updateFocusedWindow, 82bc5d4 com.example.dogglers/com.example.dogglers.VerticalListActivity on display 0, reason: Window became focusable. Previous reason: NOT_VISIBLE, result:   FocusedWindows:
10-09 23:07:56.771  1866  5110 I FocusResolver:     displayId=0, name='82bc5d4 com.example.dogglers/com.example.dogglers.VerticalListActivity'
10-09 23:07:56.771  1866  1896 W InputManager-JNI: Input channel object 'd2aa6ba Splash Screen com.example.dogglers (client)' was disposed without first being removed with the input manager!
10-09 23:07:56.775  1866  5110 D InputMethodManagerService: isSecurity: attribute.packageName=com.example.dogglers mCurMethodId=org.dslul.openboard.inputmethod.latin/.LatinIME
10-09 23:07:56.775  1866  5110 D InputMethodManagerService: isSecurity= false (  enable=false needShow=false inBlackList=false isExist=true )
10-09 23:07:56.776  1866  1892 W ziparchive: Unable to open '/data/app/~~1XmadKvNoMN4kJQcYsddwA==/com.example.dogglers-WNTgvhr5MMm6LFgyLMJu6g==/base.dm': No such file or directory
10-09 23:07:56.776  1866  4223 I PowerHalWrapper: amsBoostStop AMS_BOOST_PACK_SWITCH:true, AMS_BOOST_ACT_SWITCH:true, AMS_BOOST_PROCESS_CREATE:false
10-09 23:07:56.777   886   897 I mtkpower@impl: [setMode] type:5, enabled:0
10-09 23:07:56.778  1866  2024 I InputReader: Reconfiguring input devices, changes=KEYBOARD_LAYOUTS |
10-09 23:07:56.778  1866  4223 I PowerHalWrapper: amsBoostStop AMS_BOOST_PACK_SWITCH:false, AMS_BOOST_ACT_SWITCH:false, AMS_BOOST_PROCESS_CREATE:false
10-09 23:07:56.779  1866  1892 I ActivityTaskManager: Displayed com.example.dogglers/.VerticalListActivity: +309ms
10-09 23:07:56.781 21107 21124 I PermissionControllerServiceImpl: Updating user sensitive for uid 10177
10-09 23:07:56.781  1866  4223 W Binder  : Caught a RuntimeException from the binder stub implementation.
10-09 23:07:56.781  1866  4223 W Binder  : java.lang.NullPointerException: Attempt to invoke virtual method 'android.view.WindowManager$LayoutParams com.android.server.wm.WindowState.getAttrs()' on a null object reference
10-09 23:07:56.781  1866  4223 W Binder  : 	at com.mediatek.server.am.AmsExtImpl.onEndOfActivityIdle(AmsExtImpl.java:452)
10-09 23:07:56.781  1866  4223 W Binder  : 	at com.android.server.wm.ActivityClientController.activityIdle(ActivityClientController.java:145)
10-09 23:07:56.781  1866  4223 W Binder  : 	at android.app.IActivityClientController$Stub.onTransact(IActivityClientController.java:515)
10-09 23:07:56.781  1866  4223 W Binder  : 	at com.android.server.wm.ActivityClientController.onTransact(ActivityClientController.java:122)
10-09 23:07:56.781  1866  4223 W Binder  : 	at android.os.Binder.execTransactInternal(Binder.java:1227)
10-09 23:07:56.781  1866  4223 W Binder  : 	at android.os.Binder.execTransact(Binder.java:1164)
10-09 23:07:56.788   968 22675 D AudioPolicyService: updateUidStates_l() current->uid=10136 current->pid=4167 allowCapture=1 UidState=3 apmStat=1
10-09 23:07:56.801   973   973 D OplusLayer: ~Layer() sequence=16310, name=Surface(name=7edaa53 InputMethod)/@0x5a9888e - animation-leash of insets_animation#0 0xb4000073d5510000
10-09 23:07:56.801 21571 21571 W xample.doggler: Accessing hidden method Landroid/os/MessageQueue;->next()Landroid/os/Message; (unsupported, reflection, allowed)
10-09 23:07:56.801 21571 21571 W xample.doggler: Accessing hidden field Landroid/os/MessageQueue;->mMessages:Landroid/os/Message; (unsupported, reflection, allowed)
10-09 23:07:56.801 21571 21571 W xample.doggler: Accessing hidden method Landroid/os/Message;->recycleUnchecked()V (unsupported, reflection, allowed)
10-09 23:07:56.803 21571 21571 W xample.doggler: Accessing hidden method Landroid/view/WindowManagerGlobal;->getInstance()Landroid/view/WindowManagerGlobal; (unsupported, reflection, allowed)
10-09 23:07:56.803 21571 21571 W xample.doggler: Accessing hidden field Landroid/view/WindowManagerGlobal;->mViews:Ljava/util/ArrayList; (unsupported, reflection, allowed)
10-09 23:07:56.803 21571 21571 W xample.doggler: Accessing hidden field Landroid/view/WindowManagerGlobal;->mParams:Ljava/util/ArrayList; (unsupported, reflection, allowed)
10-09 23:07:56.805 19170 19170 I Finsky  : [2] tjf.onStartJob(4): SCH: job service start with id 9430.
10-09 23:07:56.806 21571 21571 I ViewInteraction: Checking 'com.example.dogglers.BaseTest$DrawableMatcher$RecyclerViewAssertion@a6e8113' assertion on view view.getId() is <2131231202/com.example.dogglers:id/vertical_recycler_view>
10-09 23:07:56.819  3116 21560 I Fitness : OnPackageChangedOperation got intent: Intent { act=android.intent.action.PACKAGE_CHANGED dat=package:com.coloros.securepay flg=0x45000010 pkg=com.google.android.gms cmp=com.google.android.gms/.chimera.PersistentIntentOperationService (has extras) } [CONTEXT service_id=17 ]
10-09 23:07:56.822   940   940 E ORMS_HAL: open /sys/devices/platform/soc/soc:oplus-omrg/oplus-omrg0/ruler_enable failed(No such file or directory)
10-09 23:07:56.826  3116 21603 I Fitness : FitCleanupIntentOperation received Intent android.intent.action.PACKAGE_CHANGED [CONTEXT service_id=17 ]
10-09 23:07:56.826   940   940 E ORMS_HAL: open /sys/devices/platform/soc/soc:oplus-omrg/oplus-omrg0/ruler_enable failed(No such file or directory)
10-09 23:07:56.827  1866  1999 I mtkpower_client: perf_lock_rel, hdl:34355, tid:1999
10-09 23:07:56.827  1866  1999 I mtkpower_client: perf_lock_acq, hdl:34355, dur:0, num:12, tid:1999
10-09 23:07:56.827   886   961 I libPowerHal: [perfLockRel] hdl:34355, idx:0
10-09 23:07:56.827   886   897 I mtkpower@impl: [setMode] type:5, enabled:1
10-09 23:07:56.827   886   961 I libPowerHal: system_server: cpu_ctrl set cpu freq: -1 -1 -1 -1
10-09 23:07:56.828   886   961 I libPowerHal: [PD] system_server update cmd:1410000 param:0
10-09 23:07:56.828   886   961 I libPowerHal: [PD] system_server update cmd:1c3c000, param:1
10-09 23:07:56.828   886   961 I libPowerHal: [PD] system_server update cmd:2004100 param:2
10-09 23:07:56.828  1866  5129 I PowerHalWrapper: <amsBoostResume> last:com.example.dogglers, next:com.example.dogglers
10-09 23:07:56.829  1866  1999 I mtkpower_client: ret_hdl:34356
10-09 23:07:56.831   886   961 I libPowerHal: system_server: cpu_ctrl set cpu freq: 2000000 -1 2400000 -1
10-09 23:07:56.832 19170 21037 I Finsky  : [9520] thq.a(60): SCH: Satisfied jobs for 9430 are: 12-1
10-09 23:07:56.833 21571 21571 D LifecycleMonitor: Lifecycle status change: com.example.dogglers.VerticalListActivity@dfcc471 in: PAUSED
10-09 23:07:56.833 21571 21571 V ActivityScenario: Update currentActivityStage to PAUSED, currentActivity=com.example.dogglers.VerticalListActivity@dfcc471
10-09 23:07:56.835 19170 21679 I Finsky  : [9524] thl.accept(53): SCH: Job 12-1 starting
10-09 23:07:56.836 19170 19170 I Finsky  : [2] ContentSyncJob.v(3): [ContentSync] job started
10-09 23:07:56.839  1866  1880 I PowerHalWrapper: amsBoostNotify pid:21571,activity:androidx.test.core.app.InstrumentationActivityInvoker$EmptyActivity, package:com.example.dogglers, mProcessCreatePackcom.example.dogglers
10-09 23:07:56.839  1866  1880 I PowerHalWrapper: state: 1
10-09 23:07:56.839  1866  1880 I PowerHalWrapper: amsBoostNotify AMS_BOOST_PROCESS_CREATE_BOOST:false
10-09 23:07:56.839  1866  1880 I InputDispatcher: setFocusedApplication displayId=0 ActivityRecord{935aa93 u0 com.example.dogglers/androidx.test.core.app.InstrumentationActivityInvoker$EmptyActivity t211}
10-09 23:07:56.841 14330 19394 E Parcel  : Reading a NULL string not supported here.
10-09 23:07:56.841  1866  1880 D Theia.NoFocusWindow: FocusWindowErrorScene CheckFreezeScreen
10-09 23:07:56.842   886   896 I mtkpower@impl: [notifyAppState] act com.example.dogglers.VerticalListActivity => androidx.test.core.app.InstrumentationActivityInvoker$EmptyActivity
10-09 23:07:56.845 19170 21680 E Parcel  : Reading a NULL string not supported here.
10-09 23:07:56.846  1866  1880 I PowerHalWrapper: amsBoostNotify pid:21571,activity:com.example.dogglers.VerticalListActivity, package:com.example.dogglers, mProcessCreatePackcom.example.dogglers
10-09 23:07:56.846  1866  1880 I PowerHalWrapper: state: 0
10-09 23:07:56.846  1866  1880 I PowerHalWrapper: amsBoostNotify AMS_BOOST_PROCESS_CREATE_BOOST:false
10-09 23:07:56.847 14330 19394 E Parcel  : Reading a NULL string not supported here.
10-09 23:07:56.849 19170 21680 E Parcel  : Reading a NULL string not supported here.
10-09 23:07:56.849   940   940 E ORMS_HAL: open /sys/devices/platform/soc/soc:oplus-omrg/oplus-omrg0/ruler_enable failed(No such file or directory)
10-09 23:07:56.850   940   940 E ORMS_HAL: open /sys/devices/platform/soc/soc:oplus-omrg/oplus-omrg0/ruler_enable failed(No such file or directory)
10-09 23:07:56.850 21571 21681 D libMEOW : meow new tls: 0xb4000075becbee40
10-09 23:07:56.850  1866  1999 I mtkpower_client: perf_lock_rel, hdl:34356, tid:1999
10-09 23:07:56.850 21571 21681 D libMEOW : applied 0 plugin for [com.example.dogglers].
10-09 23:07:56.850 21571 21681 D libMEOW : meow delete tls: 0xb4000075becbee40
10-09 23:07:56.850   973   973 D OplusLayer: ~Layer() sequence=16318, name=Surface(name=Task=5)/@0x94fb566 - animation-leash of app_transition#0 0xb4000073b075d800
10-09 23:07:56.851  1866  1999 I mtkpower_client: perf_lock_acq, hdl:34356, dur:0, num:12, tid:1999
10-09 23:07:56.851   886   961 I libPowerHal: [perfLockRel] hdl:34356, idx:0
10-09 23:07:56.851   886   961 I libPowerHal: system_server: cpu_ctrl set cpu freq: -1 -1 -1 -1
10-09 23:07:56.851   886   961 I libPowerHal: [PD] system_server update cmd:1410000 param:0
10-09 23:07:56.852   886   961 I libPowerHal: [PD] system_server update cmd:1c3c000, param:1
10-09 23:07:56.852   886   961 I libPowerHal: [PD] system_server update cmd:2004100 param:2
10-09 23:07:56.852  2548  2792 I BufferQueueProducer: [ViewRootImpl[Launcher]#280(BLAST Consumer)280](id:9f4000001aa,api:1,p:2548,c:2548) disconnect: api 1
10-09 23:07:56.853  1866  1999 I mtkpower_client: ret_hdl:34357
10-09 23:07:56.853  2548  2792 E BLASTBufferQueue: BLASTBufferItemConsumer::onDisconnect()
10-09 23:07:56.853  4661  4875 I BufferQueueProducer: [ViewRootImpl[Launcher]#273(BLAST Consumer)273](id:123500000111,api:1,p:4661,c:4661) disconnect: api 1
10-09 23:07:56.854  4661  4875 E BLASTBufferQueue: BLASTBufferItemConsumer::onDisconnect()
10-09 23:07:56.855 14330 19394 E Parcel  : Reading a NULL string not supported here.
10-09 23:07:56.859 19170 21680 E Parcel  : Reading a NULL string not supported here.
10-09 23:07:56.860  2548  2548 I BLASTBufferQueue: [ViewRootImpl[Launcher]#280] destructor()
10-09 23:07:56.860  2548  2548 I BufferQueueConsumer: [ViewRootImpl[Launcher]#280(BLAST Consumer)280](id:9f4000001aa,api:0,p:-1,c:2548) disconnect
10-09 23:07:56.861   886   961 I libPowerHal: system_server: cpu_ctrl set cpu freq: 2000000 -1 2400000 -1
10-09 23:07:56.862 14330 19394 E Parcel  : Reading a NULL string not supported here.
10-09 23:07:56.864 21571 21571 D LifecycleMonitor: Lifecycle status change: androidx.test.core.app.InstrumentationActivityInvoker$EmptyActivity@acc1d05 in: PRE_ON_CREATE
10-09 23:07:56.864 21571 21571 V ActivityScenario: Activity lifecycle changed event received but ignored because the intent does not match. startActivityIntent=Intent { act=android.intent.action.MAIN cat=[android.intent.category.LAUNCHER] cmp=com.example.dogglers/.VerticalListActivity }, activity.getIntent()=Intent { act=android.intent.action.MAIN cat=[android.intent.category.LAUNCHER] flg=0x10000000 cmp=com.example.dogglers/androidx.test.core.app.InstrumentationActivityInvoker$EmptyActivity mCallingUid=10115 }, activity=androidx.test.core.app.InstrumentationActivityInvoker$EmptyActivity@acc1d05
10-09 23:07:56.864  4661  4661 I BLASTBufferQueue: [ViewRootImpl[Launcher]#273] destructor()
10-09 23:07:56.864  1866  1895 I PowerHalWrapper: amsBoostNotify pid:2548,activity:com.android.launcher.Launcher, package:com.android.launcher, mProcessCreatePackcom.example.dogglers
10-09 23:07:56.864  4661  4661 I BufferQueueConsumer: [ViewRootImpl[Launcher]#273(BLAST Consumer)273](id:123500000111,api:0,p:-1,c:4661) disconnect
10-09 23:07:56.864  1866  1895 I PowerHalWrapper: state: 0
10-09 23:07:56.864 14330 19394 E Parcel  : Reading a NULL string not supported here.
10-09 23:07:56.864  1866  1895 I PowerHalWrapper: amsBoostNotify AMS_BOOST_PROCESS_CREATE_BOOST:false
10-09 23:07:56.867   973   973 D OplusLayer: ~Layer() sequence=16317, name=Surface(name=Task=211)/@0xf11a4d1 - animation-leash of app_transition#0 0xb4000073b06b9800
10-09 23:07:56.869  1866  4223 I FocusResolver: updateFocusedWindow,  on display 0, reason: NO_WINDOW, result:   FocusedWindows: <none>
10-09 23:07:56.875  4661  4661 I A       : (REDACTED) onApplyWindowInsets: systemWindowInsets=%s
10-09 23:07:56.875  4661  4661 I A       : (REDACTED) onApplyWindowInsets: systemWindowInsets=%s
10-09 23:07:56.877  2696  2696 D CarrierSvcBindHelper: No carrier app for: 0
10-09 23:07:56.877   968 22675 D AudioPolicyService: updateUidStates_l() current->uid=10136 current->pid=4167 allowCapture=1 UidState=3 apmStat=1
10-09 23:07:56.877   968 22675 D AudioPolicyService: updateUidStates_l() current->uid=10136 current->pid=4167 allowCapture=1 UidState=5 apmStat=1
10-09 23:07:56.877   968 22675 D AudioPolicyService: updateUidStates_l() current->uid=10136 current->pid=4167 allowCapture=1 UidState=5 apmStat=1
10-09 23:07:56.877 14330 19394 E Parcel  : Reading a NULL string not supported here.
10-09 23:07:56.879 21571 21571 D LifecycleMonitor: Lifecycle status change: androidx.test.core.app.InstrumentationActivityInvoker$EmptyActivity@acc1d05 in: CREATED
10-09 23:07:56.879 21571 21571 V ActivityScenario: Activity lifecycle changed event received but ignored because the intent does not match. startActivityIntent=Intent { act=android.intent.action.MAIN cat=[android.intent.category.LAUNCHER] cmp=com.example.dogglers/.VerticalListActivity }, activity.getIntent()=Intent { act=android.intent.action.MAIN cat=[android.intent.category.LAUNCHER] flg=0x10000000 cmp=com.example.dogglers/androidx.test.core.app.InstrumentationActivityInvoker$EmptyActivity mCallingUid=10115 }, activity=androidx.test.core.app.InstrumentationActivityInvoker$EmptyActivity@acc1d05
10-09 23:07:56.880 21571 21571 D LifecycleMonitor: Lifecycle status change: androidx.test.core.app.InstrumentationActivityInvoker$EmptyActivity@acc1d05 in: STARTED
10-09 23:07:56.881 21571 21571 V ActivityScenario: Activity lifecycle changed event received but ignored because the intent does not match. startActivityIntent=Intent { act=android.intent.action.MAIN cat=[android.intent.category.LAUNCHER] cmp=com.example.dogglers/.VerticalListActivity }, activity.getIntent()=Intent { act=android.intent.action.MAIN cat=[android.intent.category.LAUNCHER] flg=0x10000000 cmp=com.example.dogglers/androidx.test.core.app.InstrumentationActivityInvoker$EmptyActivity mCallingUid=10115 }, activity=androidx.test.core.app.InstrumentationActivityInvoker$EmptyActivity@acc1d05
10-09 23:07:56.881  2696  2696 D CarrierSvcBindHelper: No carrier app for: 1
10-09 23:07:56.881 19170 21680 E Parcel  : Reading a NULL string not supported here.
10-09 23:07:56.882 21571 21571 D LifecycleMonitor: Lifecycle status change: androidx.test.core.app.InstrumentationActivityInvoker$EmptyActivity@acc1d05 in: RESUMED
10-09 23:07:56.883 21571 21571 V ActivityScenario: Activity lifecycle changed event received but ignored because the intent does not match. startActivityIntent=Intent { act=android.intent.action.MAIN cat=[android.intent.category.LAUNCHER] cmp=com.example.dogglers/.VerticalListActivity }, activity.getIntent()=Intent { act=android.intent.action.MAIN cat=[android.intent.category.LAUNCHER] flg=0x10000000 cmp=com.example.dogglers/androidx.test.core.app.InstrumentationActivityInvoker$EmptyActivity mCallingUid=10115 }, activity=androidx.test.core.app.InstrumentationActivityInvoker$EmptyActivity@acc1d05
10-09 23:07:56.883   973  1022 I SurfaceFlinger: [SF client] NEW(0xb4000073b02b3040) for (21571:com.example.dogglers)
10-09 23:07:56.886  3116  6847 I Fitness : Package com.coloros.securepay enabled.  Potentially restarting recording [CONTEXT service_id=17 ]
10-09 23:07:56.887 19170 21680 E Parcel  : Reading a NULL string not supported here.
10-09 23:07:56.887 21571 21571 D WindowManager: Add to mViews: DecorView@b1b9314[InstrumentationActivityInvoker$EmptyActivity],pkg= com.example.dogglers
10-09 23:07:56.890 21571 21571 D ViewRootImpl[InstrumentationActivityInvoker$EmptyActivity]: hardware acceleration = true, sRendererEnabled = true, forceHwAccelerated = false
10-09 23:07:56.890  2696  2696 D ImsResolver: maybeAddedImsService, packageName: com.coloros.securepay
10-09 23:07:56.891  1866  4223 D OplusDisplayPolicy: com.example.dogglers, no change cutoutMode: 0
10-09 23:07:56.892 19170 21680 E Parcel  : Reading a NULL string not supported here.
10-09 23:07:56.893 14330 19394 E Parcel  : Reading a NULL string not supported here.
10-09 23:07:56.897 14330 19394 E Parcel  : Reading a NULL string not supported here.
10-09 23:07:56.898 19170 21680 E Parcel  : Reading a NULL string not supported here.
10-09 23:07:56.899  3306  2605 D OplusAtlas.OplusAtlasEventDispatch: setEvent:atlas_event_on_foreground_activities_changed info:pid:2548,uid:10105,hasForegroundActivities:0
10-09 23:07:56.899  4707  4734 V DeepThinker: ProcessManager: onForegroundActivitiesChanged pid:2548, uid:10105, foregroundActivities:false
10-09 23:07:56.899  3306  4568 D OplusAtlas.OplusAudioScene: callback success event:atlas_event_on_foreground_activities_changed eventInfo:pid:2548,uid:10105,hasForegroundActivities:0
10-09 23:07:56.899   973   973 D OplusLayer: ~Layer() sequence=16323, name=Surface(name=634d9c0 StatusBar)/@0x8de5787 - animation-leash of insets_animation#1 0xb400007396d43000
10-09 23:07:56.899   973   973 D OplusLayer: ~Layer() sequence=16324, name=Surface(name=986f6f7 NavigationBar0)/@0x7692882 - animation-leash of insets_animation#1 0xb400007396d45800
10-09 23:07:56.899  1866  2637 D OplusDisplayPolicy: com.example.dogglers, no change cutoutMode: 0
10-09 23:07:56.900   973   973 I BufferQueueDebug: [com.android.launcher/com.android.launcher.Launcher#0](this:0xb4000073962f4998,id:-1,api:0,p:-1,c:973) onDestructor()
10-09 23:07:56.900  4661 26807 I BLASTBufferQueue: releaseBufferCallbackThunk bufferId:20018842567755 framenumber:1 blastBufferQueue is dead
10-09 23:07:56.900   973   973 D OplusLayer: ~Layer() sequence=16302, name=com.android.launcher/com.android.launcher.Launcher#0 0xb4000073962f2000
10-09 23:07:56.900  3306  4841 D OplusAtlas.OplusMessageHandler: handleMessage: Msg { when=0 what=2 obj=com.oplus.atlas.OplusAtlasEvent@c654f65 target=com.oplus.atlas.OplusMessageHandler$MyHandler }
10-09 23:07:56.901  3116  6847 W ChimeraUtils: Module com.google.android.gms.nearby_en has empty metadata display_name_string_id
10-09 23:07:56.901   973  1023 I BufferQueueDebug: [com.example.dogglers/androidx.test.core.app.InstrumentationActivityInvoker$EmptyActivity#0](this:0xb4000073963f0998,id:-1,api:0,p:-1,c:-1) BufferQueue core=(973:/system/bin/surfaceflinger)
10-09 23:07:56.902 14330 19394 E Parcel  : Reading a NULL string not supported here.
10-09 23:07:56.904 19170 21680 E Parcel  : Reading a NULL string not supported here.
10-09 23:07:56.906  1866  2637 D Theia.NoFocusWindow: FocusWindowErrorScene cancelCheckFreezeScreen
10-09 23:07:56.907 19170 21680 E Parcel  : Reading a NULL string not supported here.
10-09 23:07:56.907 21571 21571 I BufferQueueConsumer: [](id:544300000002,api:0,p:-1,c:21571) connect: controlledByApp=false
10-09 23:07:56.907 14330 19394 E Parcel  : Reading a NULL string not supported here.
10-09 23:07:56.907 21571 21571 I BLASTBufferQueue: [ViewRootImpl[InstrumentationActivityInvoker$EmptyActivity]#2] constructor()
10-09 23:07:56.909 21571 21625 I BufferQueueProducer: [ViewRootImpl[InstrumentationActivityInvoker$EmptyActivity]#2(BLAST Consumer)2](id:544300000002,api:1,p:21571,c:21571) connect: api=1 producerControlledByApp=true
10-09 23:07:56.910 14330 19394 E Parcel  : Reading a NULL string not supported here.
10-09 23:07:56.910 19170 21680 E Parcel  : Reading a NULL string not supported here.
10-09 23:07:56.910  3116  6847 W ChimeraUtils: Module com.google.android.gms.nearby_en has empty metadata display_name_string_id
10-09 23:07:56.911 14330 23542 I Icing   : Indexing com.google.android.gms-apps from com.google.android.gms
10-09 23:07:56.912 19170 21680 E Parcel  : Reading a NULL string not supported here.
10-09 23:07:56.913  3116  6847 W ChimeraUtils: Module com.google.android.gms.nearby_en has empty metadata display_name_string_id
10-09 23:07:56.913 14330 23542 I Icing   : Indexing done com.google.android.gms-apps
10-09 23:07:56.914 14330 19394 E Parcel  : Reading a NULL string not supported here.
10-09 23:07:56.915 19170 21680 E Parcel  : Reading a NULL string not supported here.
10-09 23:07:56.917   973   973 I BufferQueueDebug: [com.android.launcher/com.android.launcher.Launcher#1](this:0xb4000073962aa998,id:-1,api:0,p:-1,c:973) onDestructor()
10-09 23:07:56.917   973   973 D OplusLayer: ~Layer() sequence=16303, name=com.android.launcher/com.android.launcher.Launcher#1 0xb4000073962a8000
10-09 23:07:56.917  2548  2578 I BLASTBufferQueue: releaseBufferCallbackThunk bufferId:10943576672491 framenumber:51 blastBufferQueue is dead
10-09 23:07:56.918 19170 21680 E Parcel  : Reading a NULL string not supported here.
10-09 23:07:56.918   973   973 D OplusLayer: ~Layer() sequence=16328, name=Surface(name=634d9c0 StatusBar)/@0x8de5787 - animation-leash of insets_animation#0 0xb400007397442800
10-09 23:07:56.918   973   973 D OplusLayer: ~Layer() sequence=16329, name=Surface(name=986f6f7 NavigationBar0)/@0x7692882 - animation-leash of insets_animation#0 0xb4000073975c8800
10-09 23:07:56.919 14330 19394 E Parcel  : Reading a NULL string not supported here.
10-09 23:07:56.920 19170 21680 E Parcel  : Reading a NULL string not supported here.
10-09 23:07:56.922 14330 19394 E Parcel  : Reading a NULL string not supported here.
10-09 23:07:56.925 19170 21680 E Parcel  : Reading a NULL string not supported here.
10-09 23:07:56.926 19170 21680 E Parcel  : Reading a NULL string not supported here.
10-09 23:07:56.926 14330 19394 E Parcel  : Reading a NULL string not supported here.
10-09 23:07:56.928 19170 21680 E Parcel  : Reading a NULL string not supported here.
10-09 23:07:56.930 19170 21680 E Parcel  : Reading a NULL string not supported here.
10-09 23:07:56.932 19170 21680 E Parcel  : Reading a NULL string not supported here.
10-09 23:07:56.935 19170 21680 E Parcel  : Reading a NULL string not supported here.
10-09 23:07:56.936 19170 21680 E Parcel  : Reading a NULL string not supported here.
10-09 23:07:56.938 19170 21680 E Parcel  : Reading a NULL string not supported here.
10-09 23:07:56.939 19170 21680 E Parcel  : Reading a NULL string not supported here.
10-09 23:07:56.941 19170 21680 E Parcel  : Reading a NULL string not supported here.
10-09 23:07:56.943 19170 21680 E Parcel  : Reading a NULL string not supported here.
10-09 23:07:56.945 19170 21680 E Parcel  : Reading a NULL string not supported here.
10-09 23:07:56.947 19170 21680 E Parcel  : Reading a NULL string not supported here.
10-09 23:07:56.948 19170 21680 E Parcel  : Reading a NULL string not supported here.
10-09 23:07:56.949   973   973 D OplusLayer: setBuffer sequence=16331, name=com.example.dogglers/androidx.test.core.app.InstrumentationActivityInvoker$EmptyActivity#0
10-09 23:07:56.949   973   973 I OplusLayer: VRR [FRTC] update from -1 to 0
10-09 23:07:56.949 21571 21653 D SurfaceComposerClient: VRR [FRTC] client handle [bufferId:18446744073709551615 framenumber:0] [ffffffff, ffffffff]
10-09 23:07:56.951 19170 21680 E Parcel  : Reading a NULL string not supported here.
10-09 23:07:56.956 19170 21680 E Parcel  : Reading a NULL string not supported here.
10-09 23:07:56.959   867   923 I sensors-hal-OriginChannel: wise light debug, data[2].type is 65627,data[2].sensor is 91:[231.000000,,175.000000,,4.000000,0.000000,38631169711802]
10-09 23:07:56.962  1866  1892 I ActivityTaskManager: Displayed com.example.dogglers/androidx.test.core.app.InstrumentationActivityInvoker$EmptyActivity: +140ms
10-09 23:07:56.963 19170 21680 E Parcel  : Reading a NULL string not supported here.
10-09 23:07:56.966   973   973 D OplusLayer: ~Layer() sequence=16325, name=Surface(name=d2aa6ba Splash Screen com.example.dogglers)/@0xc6ed855 - animation-leash of window_animation#0 0xb4000073975c6000
10-09 23:07:56.966   973   973 D OplusLayer: ~Layer() sequence=16314, name=d2aa6ba Splash Screen com.example.dogglers#0 0xb400007396351800
10-09 23:07:56.967  1866  2637 I FocusResolver: updateFocusedWindow, 569f387 com.example.dogglers/androidx.test.core.app.InstrumentationActivityInvoker$EmptyActivity on display 0, reason: Window became focusable. Previous reason: NOT_VISIBLE, result:   FocusedWindows:
10-09 23:07:56.967  1866  2637 I FocusResolver:     displayId=0, name='569f387 com.example.dogglers/androidx.test.core.app.InstrumentationActivityInvoker$EmptyActivity'
10-09 23:07:56.968  1866  4223 I BLASTBufferQueue: releaseBufferCallbackThunk bufferId:8014408975228 framenumber:1 blastBufferQueue is dead
10-09 23:07:56.968   973   973 I BufferQueueDebug: [Splash Screen com.example.dogglers#0](this:0xb4000073975a0998,id:-1,api:0,p:-1,c:973) onDestructor()
10-09 23:07:56.968   973   973 D OplusLayer: ~Layer() sequence=16315, name=Splash Screen com.example.dogglers#0 0xb40000739759e000
10-09 23:07:56.974   940   940 E ORMS_HAL: open /sys/devices/platform/soc/soc:oplus-omrg/oplus-omrg0/ruler_enable failed(No such file or directory)
10-09 23:07:56.974   940   940 E ORMS_HAL: open /sys/devices/platform/soc/soc:oplus-omrg/oplus-omrg0/ruler_enable failed(No such file or directory)
10-09 23:07:56.975  1866  1999 I mtkpower_client: perf_lock_rel, hdl:34357, tid:1999
10-09 23:07:56.975  1866  1999 I mtkpower_client: perf_lock_acq, hdl:34357, dur:0, num:12, tid:1999
10-09 23:07:56.975   886   961 I libPowerHal: [perfLockRel] hdl:34357, idx:0
10-09 23:07:56.976   886   961 I libPowerHal: system_server: cpu_ctrl set cpu freq: -1 -1 -1 -1
10-09 23:07:56.976   886   961 I libPowerHal: [PD] system_server update cmd:1410000 param:0
10-09 23:07:56.976   886   961 I libPowerHal: [PD] system_server update cmd:1c3c000, param:1
10-09 23:07:56.976   886   961 I libPowerHal: [PD] system_server update cmd:2004100 param:2
10-09 23:07:56.976  1866  1999 I mtkpower_client: ret_hdl:34358
10-09 23:07:56.977   886   897 I mtkpower@impl: [setMode] type:5, enabled:1
10-09 23:07:56.977   886   961 I libPowerHal: system_server: cpu_ctrl set cpu freq: 2000000 -1 2400000 -1
10-09 23:07:56.980 21571 21625 I BufferQueueProducer: [ViewRootImpl[VerticalListActivity]#1(BLAST Consumer)1](id:544300000001,api:1,p:21571,c:21571) disconnect: api 1
10-09 23:07:56.981 21571 21625 E BLASTBufferQueue: BLASTBufferItemConsumer::onDisconnect()
10-09 23:07:56.986 21571 21571 D LifecycleMonitor: Lifecycle status change: com.example.dogglers.VerticalListActivity@dfcc471 in: STOPPED
10-09 23:07:56.986 21571 21571 V ActivityScenario: Update currentActivityStage to STOPPED, currentActivity=com.example.dogglers.VerticalListActivity@dfcc471
10-09 23:07:56.988 21571 21571 D LifecycleMonitor: Lifecycle status change: com.example.dogglers.VerticalListActivity@dfcc471 in: DESTROYED
10-09 23:07:56.988 21571 21571 V ActivityScenario: Update currentActivityStage to DESTROYED, currentActivity=null
10-09 23:07:56.989 21571 21571 D View    : [Warning] assignParent to null: this = DecorView@f3842ea[VerticalListActivity]
10-09 23:07:56.990  1866  4646 W InputManager-JNI: Input channel object '82bc5d4 com.example.dogglers/com.example.dogglers.VerticalListActivity (client)' was disposed without first being removed with the input manager!
10-09 23:07:56.990  2739  2922 D AppSwitchListener: onAppEnter: Uid = 10115
10-09 23:07:56.991  2739  2922 W AuthDialogHelper: checkNotificationSwitchFirst() called with: context = [com.oplus.notification.NotificationCenterService@418e2fb], pkg = [com.example.dogglers], uid = [10115], userId = [0], init checker
10-09 23:07:56.991  2739  2922 E AuthDialogHelper: CheckNotificationCanBeSetSecond: check com.example.dogglers , Notification master switch on, unable to pop dialog
10-09 23:07:56.996  1866  4223 D InputMethodManagerService: isSecurity: attribute.packageName=com.example.dogglers mCurMethodId=org.dslul.openboard.inputmethod.latin/.LatinIME
10-09 23:07:56.996  1866  4223 D InputMethodManagerService: isSecurity= false (  enable=false needShow=false inBlackList=false isExist=true )
10-09 23:07:57.000   973   973 D OplusLayer: ~Layer() sequence=16278, name=Surface(name=7edaa53 InputMethod)/@0x5a9888e - animation-leash of insets_animation#1 0xb400007396389000
10-09 23:07:57.000   973   973 D OplusLayer: ~Layer() sequence=16321, name=82bc5d4 com.example.dogglers/com.example.dogglers.VerticalListActivity#0 0xb400007396d40800
10-09 23:07:57.000   973   973 D OplusLayer: ~Layer() sequence=16326, name=Surface(name=7edaa53 InputMethod)/@0x5a9888e - animation-leash of insets_animation#1 0xb40000739702d800
10-09 23:07:57.004 21571 21653 I BLASTBufferQueue: [ViewRootImpl[VerticalListActivity]#1] destructor()
10-09 23:07:57.004 21571 21653 I BufferQueueConsumer: [ViewRootImpl[VerticalListActivity]#1(BLAST Consumer)1](id:544300000001,api:0,p:-1,c:21571) disconnect
10-09 23:07:57.006 21571 21571 D LifecycleMonitor: Lifecycle status change: androidx.test.core.app.InstrumentationActivityInvoker$EmptyActivity@acc1d05 in: PAUSED
10-09 23:07:57.006 21571 21571 V ActivityScenario: Activity lifecycle changed event received but ignored because the intent does not match. startActivityIntent=Intent { act=android.intent.action.MAIN cat=[android.intent.category.LAUNCHER] cmp=com.example.dogglers/.VerticalListActivity }, activity.getIntent()=Intent { act=android.intent.action.MAIN cat=[android.intent.category.LAUNCHER] flg=0x10000000 cmp=com.example.dogglers/androidx.test.core.app.InstrumentationActivityInvoker$EmptyActivity mCallingUid=10115 }, activity=androidx.test.core.app.InstrumentationActivityInvoker$EmptyActivity@acc1d05
10-09 23:07:57.010  1866  4646 I PowerHalWrapper: amsBoostNotify pid:21571,activity:androidx.test.core.app.InstrumentationActivityInvoker$EmptyActivity, package:com.example.dogglers, mProcessCreatePackcom.example.dogglers
10-09 23:07:57.010  1866  4646 I PowerHalWrapper: state: 1
10-09 23:07:57.010  1866  4646 I PowerHalWrapper: amsBoostNotify AMS_BOOST_PROCESS_CREATE_BOOST:false
10-09 23:07:57.010  1866  4646 I InputDispatcher: setFocusedApplication displayId=0 ActivityRecord{4ab848c u0 com.example.dogglers/androidx.test.core.app.InstrumentationActivityInvoker$EmptyActivity t211}
10-09 23:07:57.011  1866  4646 D Theia.NoFocusWindow: FocusWindowErrorScene CheckFreezeScreen
10-09 23:07:57.014  1866  4646 I PowerHalWrapper: amsBoostNotify pid:21571,activity:androidx.test.core.app.InstrumentationActivityInvoker$EmptyActivity, package:com.example.dogglers, mProcessCreatePackcom.example.dogglers
10-09 23:07:57.014  1866  4646 I PowerHalWrapper: state: 0
10-09 23:07:57.014  1866  4646 I PowerHalWrapper: amsBoostNotify AMS_BOOST_PROCESS_CREATE_BOOST:false
10-09 23:07:57.015 21571 21571 D LifecycleMonitor: Lifecycle status change: androidx.test.core.app.InstrumentationActivityInvoker$BootstrapActivity@668e00b in: DESTROYED
10-09 23:07:57.016 21571 21571 V ActivityScenario: Activity lifecycle changed event received but ignored because the intent does not match. startActivityIntent=Intent { act=android.intent.action.MAIN cat=[android.intent.category.LAUNCHER] cmp=com.example.dogglers/.VerticalListActivity }, activity.getIntent()=Intent { act=android.intent.action.MAIN cat=[android.intent.category.LAUNCHER] flg=0x10008000 cmp=com.example.dogglers/androidx.test.core.app.InstrumentationActivityInvoker$BootstrapActivity (has extras) mCallingUid=10115 }, activity=androidx.test.core.app.InstrumentationActivityInvoker$BootstrapActivity@668e00b
10-09 23:07:57.016   973   973 I BufferQueueDebug: [com.example.dogglers/com.example.dogglers.VerticalListActivity#0](this:0xb4000073b031f998,id:-1,api:0,p:-1,c:973) onDestructor()
10-09 23:07:57.016 21571 21653 I BLASTBufferQueue: releaseBufferCallbackThunk bufferId:92646739542022 framenumber:10 blastBufferQueue is dead
10-09 23:07:57.016   973   973 D OplusLayer: ~Layer() sequence=16322, name=com.example.dogglers/com.example.dogglers.VerticalListActivity#0 0xb4000073b031d000
10-09 23:07:57.017   973   973 D OplusLayer: ~Layer() sequence=16316, name=ActivityRecord{36070c u0 com.example.dogglers/.VerticalListActivity#0 0xb400007396c74000
10-09 23:07:57.019   940   940 E ORMS_HAL: open /sys/devices/platform/soc/soc:oplus-omrg/oplus-omrg0/ruler_enable failed(No such file or directory)
10-09 23:07:57.020 21571 21690 D libMEOW : meow new tls: 0xb4000075becbecc0
10-09 23:07:57.020 21571 21690 D libMEOW : applied 0 plugin for [com.example.dogglers].
10-09 23:07:57.020 21571 21690 D libMEOW : meow delete tls: 0xb4000075becbecc0
10-09 23:07:57.021   940   940 E ORMS_HAL: open /sys/devices/platform/soc/soc:oplus-omrg/oplus-omrg0/ruler_enable failed(No such file or directory)
10-09 23:07:57.021  1866  1999 I mtkpower_client: perf_lock_rel, hdl:34358, tid:1999
