10-09 18:43:13.137   859  4288 D C2MtkBufferManager: over 5000ms not request from VCodec but callback hooked, slow BM Cc fetch thread
10-09 18:43:13.140 27684 27684 D LifecycleMonitor: Lifecycle status change: androidx.test.core.app.InstrumentationActivityInvoker$EmptyActivity@a6a1303 in: CREATED
10-09 18:43:13.140 27684 27684 V ActivityScenario: Activity lifecycle changed event received but ignored because the intent does not match. startActivityIntent=Intent { act=android.intent.action.MAIN cat=[android.intent.category.LAUNCHER] cmp=com.example.dogglers/.GridListActivity }, activity.getIntent()=Intent { act=android.intent.action.MAIN cat=[android.intent.category.LAUNCHER] flg=0x10000000 cmp=com.example.dogglers/androidx.test.core.app.InstrumentationActivityInvoker$EmptyActivity mCallingUid=10115 }, activity=androidx.test.core.app.InstrumentationActivityInvoker$EmptyActivity@a6a1303
10-09 18:43:13.141 27684 27684 D LifecycleMonitor: Lifecycle status change: androidx.test.core.app.InstrumentationActivityInvoker$EmptyActivity@a6a1303 in: STARTED
10-09 18:43:13.141 27684 27684 V ActivityScenario: Activity lifecycle changed event received but ignored because the intent does not match. startActivityIntent=Intent { act=android.intent.action.MAIN cat=[android.intent.category.LAUNCHER] cmp=com.example.dogglers/.GridListActivity }, activity.getIntent()=Intent { act=android.intent.action.MAIN cat=[android.intent.category.LAUNCHER] flg=0x10000000 cmp=com.example.dogglers/androidx.test.core.app.InstrumentationActivityInvoker$EmptyActivity mCallingUid=10115 }, activity=androidx.test.core.app.InstrumentationActivityInvoker$EmptyActivity@a6a1303
10-09 18:43:13.143 27684 27684 D LifecycleMonitor: Lifecycle status change: androidx.test.core.app.InstrumentationActivityInvoker$EmptyActivity@a6a1303 in: RESUMED
10-09 18:43:13.143 27684 27684 V ActivityScenario: Activity lifecycle changed event received but ignored because the intent does not match. startActivityIntent=Intent { act=android.intent.action.MAIN cat=[android.intent.category.LAUNCHER] cmp=com.example.dogglers/.GridListActivity }, activity.getIntent()=Intent { act=android.intent.action.MAIN cat=[android.intent.category.LAUNCHER] flg=0x10000000 cmp=com.example.dogglers/androidx.test.core.app.InstrumentationActivityInvoker$EmptyActivity mCallingUid=10115 }, activity=androidx.test.core.app.InstrumentationActivityInvoker$EmptyActivity@a6a1303
10-09 18:43:13.143   973  3273 I SurfaceFlinger: [SF client] NEW(0xb4000073d54da7c0) for (27684:com.example.dogglers)
10-09 18:43:13.144  1866  3254 I FocusResolver: updateFocusedWindow,  on display 0, reason: NO_WINDOW, result:   FocusedWindows: <none>
10-09 18:43:13.146 27684 27684 D WindowManager: Add to mViews: DecorView@788bb0a[InstrumentationActivityInvoker$EmptyActivity],pkg= com.example.dogglers
10-09 18:43:13.147 27684 27684 D ViewRootImpl[InstrumentationActivityInvoker$EmptyActivity]: hardware acceleration = true, sRendererEnabled = true, forceHwAccelerated = false
10-09 18:43:13.148  1866  3254 D OplusDisplayPolicy: com.example.dogglers, no change cutoutMode: 0
10-09 18:43:13.157   859  4288 D C2MtkBufferManager: over 5000ms not request from VCodec but callback hooked, slow BM Cc fetch thread
10-09 18:43:13.159  1866  2636 D OplusDisplayPolicy: com.example.dogglers, no change cutoutMode: 0
10-09 18:43:13.160   973  3273 I BufferQueueDebug: [com.example.dogglers/androidx.test.core.app.InstrumentationActivityInvoker$EmptyActivity#0](this:0xb4000073962b3998,id:-1,api:0,p:-1,c:-1) BufferQueue core=(973:/system/bin/surfaceflinger)
10-09 18:43:13.164   940   940 E ORMS_HAL: open /sys/devices/platform/soc/soc:oplus-omrg/oplus-omrg0/ruler_enable failed(No such file or directory)
10-09 18:43:13.164   940   940 E ORMS_HAL: open /sys/devices/platform/soc/soc:oplus-omrg/oplus-omrg0/ruler_enable failed(No such file or directory)
10-09 18:43:13.165  1866  2636 D Theia.NoFocusWindow: FocusWindowErrorScene cancelCheckFreezeScreen
10-09 18:43:13.165  1866  1999 I mtkpower_client: perf_lock_rel, hdl:15442, tid:1999
10-09 18:43:13.165  1866  1999 I mtkpower_client: perf_lock_acq, hdl:15442, dur:0, num:10, tid:1999
10-09 18:43:13.165   886   961 I libPowerHal: [perfLockRel] hdl:15442, idx:0
10-09 18:43:13.166 27684 27684 I BufferQueueConsumer: [](id:6c240000000d,api:0,p:-1,c:27684) connect: controlledByApp=false
10-09 18:43:13.166 27684 27684 I BLASTBufferQueue: [ViewRootImpl[InstrumentationActivityInvoker$EmptyActivity]#13] constructor()
10-09 18:43:13.166   886   961 I libPowerHal: system_server: cpu_ctrl set cpu freq: -1 -1 -1 -1
10-09 18:43:13.166   886   961 I libPowerHal: [PD] system_server update cmd:1410000 param:0
10-09 18:43:13.166   886   961 I libPowerHal: [PD] system_server update cmd:1c3c000, param:1
10-09 18:43:13.166   886   961 I libPowerHal: [PD] system_server update cmd:2004100 param:2
10-09 18:43:13.166  1866  1999 I mtkpower_client: ret_hdl:15443
10-09 18:43:13.167   886   961 I libPowerHal: system_server: cpu_ctrl set cpu freq: 2000000 -1 2400000 -1
10-09 18:43:13.168 27684 27716 I BufferQueueProducer: [ViewRootImpl[InstrumentationActivityInvoker$EmptyActivity]#13(BLAST Consumer)13](id:6c240000000d,api:1,p:27684,c:27684) connect: api=1 producerControlledByApp=true
10-09 18:43:13.174   867   923 I sensors-hal-OriginChannel: wise light debug, data[0].type is 65627,data[0].sensor is 91:[464.000000,,25.000000,,10.000000,0.000000,22747384758859]
10-09 18:43:13.177   973   973 D OplusLayer: setBuffer sequence=9613, name=com.example.dogglers/androidx.test.core.app.InstrumentationActivityInvoker$EmptyActivity#0
10-09 18:43:13.177   973   973 I OplusLayer: VRR [FRTC] update from -1 to 0
10-09 18:43:13.177 27684 27703 D SurfaceComposerClient: VRR [FRTC] client handle [bufferId:18446744073709551615 framenumber:0] [ffffffff, ffffffff]
10-09 18:43:13.178   859  4288 D C2MtkBufferManager: over 5000ms not request from VCodec but callback hooked, slow BM Cc fetch thread
10-09 18:43:13.180  1866  1892 I ActivityTaskManager: Displayed com.example.dogglers/androidx.test.core.app.InstrumentationActivityInvoker$EmptyActivity: +68ms
10-09 18:43:13.184   940   940 E ORMS_HAL: open /sys/devices/platform/soc/soc:oplus-omrg/oplus-omrg0/ruler_enable failed(No such file or directory)
10-09 18:43:13.185   940   940 E ORMS_HAL: open /sys/devices/platform/soc/soc:oplus-omrg/oplus-omrg0/ruler_enable failed(No such file or directory)
10-09 18:43:13.185  1866  1999 I mtkpower_client: perf_lock_rel, hdl:15443, tid:1999
10-09 18:43:13.185  1866  1999 I mtkpower_client: perf_lock_acq, hdl:15443, dur:0, num:10, tid:1999
10-09 18:43:13.186   886   961 I libPowerHal: [perfLockRel] hdl:15443, idx:0
10-09 18:43:13.186   886   961 I libPowerHal: system_server: cpu_ctrl set cpu freq: -1 -1 -1 -1
10-09 18:43:13.186   886   961 I libPowerHal: [PD] system_server update cmd:1c3c000, param:1
10-09 18:43:13.186   886   961 I libPowerHal: [PD] system_server update cmd:2004100 param:2
10-09 18:43:13.187  1866  1999 I mtkpower_client: ret_hdl:15444
10-09 18:43:13.188   886   961 I libPowerHal: system_server: cpu_ctrl set cpu freq: 2000000 -1 2400000 -1
10-09 18:43:13.192   940   940 E ORMS_HAL: open /sys/devices/platform/soc/soc:oplus-omrg/oplus-omrg0/ruler_enable failed(No such file or directory)
10-09 18:43:13.192   940   940 E ORMS_HAL: open /sys/devices/platform/soc/soc:oplus-omrg/oplus-omrg0/ruler_enable failed(No such file or directory)
10-09 18:43:13.192  1866  1999 I mtkpower_client: perf_lock_rel, hdl:15444, tid:1999
10-09 18:43:13.193  1866  1999 I mtkpower_client: perf_lock_acq, hdl:15444, dur:0, num:10, tid:1999
10-09 18:43:13.193   886   961 I libPowerHal: [perfLockRel] hdl:15444, idx:0
10-09 18:43:13.193   886   961 I libPowerHal: system_server: cpu_ctrl set cpu freq: -1 -1 -1 -1
10-09 18:43:13.193   886   961 I libPowerHal: [PD] system_server update cmd:1c3c000, param:1
10-09 18:43:13.193   973   973 D OplusLayer: ~Layer() sequence=9607, name=Surface(name=634d9c0 StatusBar)/@0x8de5787 - animation-leash of insets_animation#0 0xb4000073962b6800
10-09 18:43:13.193   973   973 D OplusLayer: ~Layer() sequence=9608, name=Surface(name=97f7650 NavigationBar0)/@0x92332dd - animation-leash of insets_animation#0 0xb4000073d54af800
10-09 18:43:13.194   886   961 I libPowerHal: [PD] system_server update cmd:2004100 param:2
10-09 18:43:13.194  1866  1999 I mtkpower_client: ret_hdl:15445
10-09 18:43:13.195   886   897 I mtkpower@impl: [setMode] type:5, enabled:1
10-09 18:43:13.196  1866  2636 I FocusResolver: updateFocusedWindow, 7d0b543 com.example.dogglers/androidx.test.core.app.InstrumentationActivityInvoker$EmptyActivity on display 0, reason: Window became focusable. Previous reason: NOT_VISIBLE, result:   FocusedWindows:
10-09 18:43:13.196  1866  2636 I FocusResolver:     displayId=0, name='7d0b543 com.example.dogglers/androidx.test.core.app.InstrumentationActivityInvoker$EmptyActivity'
10-09 18:43:13.197   886   961 I libPowerHal: system_server: cpu_ctrl set cpu freq: 2000000 -1 2400000 -1
10-09 18:43:13.197 27684 27684 D LifecycleMonitor: Lifecycle status change: com.example.dogglers.GridListActivity@83cc52c in: STOPPED
10-09 18:43:13.197 27684 27684 V ActivityScenario: Update currentActivityStage to STOPPED, currentActivity=com.example.dogglers.GridListActivity@83cc52c
10-09 18:43:13.198   859  4288 D C2MtkBufferManager: over 5000ms not request from VCodec but callback hooked, slow BM Cc fetch thread
10-09 18:43:13.199 27684 27684 D LifecycleMonitor: Lifecycle status change: com.example.dogglers.GridListActivity@83cc52c in: DESTROYED
10-09 18:43:13.199 27684 27684 V ActivityScenario: Update currentActivityStage to DESTROYED, currentActivity=null
10-09 18:43:13.201 27684 27716 I BufferQueueProducer: [ViewRootImpl[GridListActivity]#12(BLAST Consumer)12](id:6c240000000c,api:1,p:27684,c:27684) disconnect: api 1
10-09 18:43:13.201 27684 27716 E BLASTBufferQueue: BLASTBufferItemConsumer::onDisconnect()
10-09 18:43:13.201 27684 27684 D View    : [Warning] assignParent to null: this = DecorView@8734dc7[GridListActivity]
10-09 18:43:13.202  1866  4256 W InputManager-JNI: Input channel object 'dad8abb com.example.dogglers/com.example.dogglers.GridListActivity (client)' was disposed without first being removed with the input manager!
10-09 18:43:13.211   973   973 D OplusLayer: ~Layer() sequence=9585, name=Surface(name=7edaa53 InputMethod)/@0x5a9888e - animation-leash of insets_animation#0 0xb4000073963be800
10-09 18:43:13.211   973   973 D OplusLayer: ~Layer() sequence=9605, name=dad8abb com.example.dogglers/com.example.dogglers.GridListActivity#0 0xb400007397085000
10-09 18:43:13.211   973   973 D OplusLayer: ~Layer() sequence=9610, name=Surface(name=7edaa53 InputMethod)/@0x5a9888e - animation-leash of insets_animation#0 0xb4000073b0549000
10-09 18:43:13.212 27684 27684 D LifecycleMonitor: Lifecycle status change: androidx.test.core.app.InstrumentationActivityInvoker$EmptyActivity@a6a1303 in: PAUSED
10-09 18:43:13.212 27684 27684 V ActivityScenario: Activity lifecycle changed event received but ignored because the intent does not match. startActivityIntent=Intent { act=android.intent.action.MAIN cat=[android.intent.category.LAUNCHER] cmp=com.example.dogglers/.GridListActivity }, activity.getIntent()=Intent { act=android.intent.action.MAIN cat=[android.intent.category.LAUNCHER] flg=0x10000000 cmp=com.example.dogglers/androidx.test.core.app.InstrumentationActivityInvoker$EmptyActivity mCallingUid=10115 }, activity=androidx.test.core.app.InstrumentationActivityInvoker$EmptyActivity@a6a1303
10-09 18:43:13.215 27684 27703 I BLASTBufferQueue: [ViewRootImpl[GridListActivity]#12] destructor()
10-09 18:43:13.215 27684 27703 I BufferQueueConsumer: [ViewRootImpl[GridListActivity]#12(BLAST Consumer)12](id:6c240000000c,api:0,p:-1,c:27684) disconnect
10-09 18:43:13.215  1866  2636 I PowerHalWrapper: amsBoostNotify pid:27684,activity:androidx.test.core.app.InstrumentationActivityInvoker$EmptyActivity, package:com.example.dogglers, mProcessCreatePackcom.example.dogglers
10-09 18:43:13.215  1866  2636 I PowerHalWrapper: state: 1
10-09 18:43:13.215  1866  2636 I PowerHalWrapper: amsBoostNotify AMS_BOOST_PROCESS_CREATE_BOOST:false
10-09 18:43:13.215  1866  2636 I InputDispatcher: setFocusedApplication displayId=0 ActivityRecord{bea7025 u0 com.example.dogglers/androidx.test.core.app.InstrumentationActivityInvoker$EmptyActivity t142}
10-09 18:43:13.216  1866  2636 D Theia.NoFocusWindow: FocusWindowErrorScene CheckFreezeScreen
10-09 18:43:13.217 27684 27726 I libPerfCtl: fbcNotifySbeRescue ret=-1
10-09 18:43:13.218  1866  2636 I PowerHalWrapper: amsBoostNotify pid:27684,activity:androidx.test.core.app.InstrumentationActivityInvoker$EmptyActivity, package:com.example.dogglers, mProcessCreatePackcom.example.dogglers
10-09 18:43:13.218  1866  2636 I PowerHalWrapper: state: 0
10-09 18:43:13.218  1866  2636 I PowerHalWrapper: amsBoostNotify AMS_BOOST_PROCESS_CREATE_BOOST:false
10-09 18:43:13.218   859  4288 D C2MtkBufferManager: over 5000ms not request from VCodec but callback hooked, slow BM Cc fetch thread
10-09 18:43:13.219  1866  2636 D InputMethodManagerService: isSecurity: attribute.packageName=com.example.dogglers mCurMethodId=org.dslul.openboard.inputmethod.latin/.LatinIME
10-09 18:43:13.219  1866  2636 D InputMethodManagerService: isSecurity= false (  enable=false needShow=false inBlackList=false isExist=true )
10-09 18:43:13.219  1866  2636 D InputMethodManagerService: isSecurity: attribute.packageName=com.example.dogglers mCurMethodId=org.dslul.openboard.inputmethod.latin/.LatinIME
10-09 18:43:13.219  1866  2636 D InputMethodManagerService: isSecurity= false (  enable=false needShow=false inBlackList=false isExist=true )
10-09 18:43:13.219  1866  2636 D InputMethodManagerService: startInputOrWindowGainedFocus:  reset Secure =false
10-09 18:43:13.220 27684 27726 I libPerfCtl: fbcNotifySbeRescue ret=-1
10-09 18:43:13.221 27684 27684 D LifecycleMonitor: Lifecycle status change: androidx.test.core.app.InstrumentationActivityInvoker$BootstrapActivity@a4cb9a6 in: DESTROYED
10-09 18:43:13.222 27684 27684 V ActivityScenario: Activity lifecycle changed event received but ignored because the intent does not match. startActivityIntent=Intent { act=android.intent.action.MAIN cat=[android.intent.category.LAUNCHER] cmp=com.example.dogglers/.GridListActivity }, activity.getIntent()=Intent { act=android.intent.action.MAIN cat=[android.intent.category.LAUNCHER] flg=0x10008000 cmp=com.example.dogglers/androidx.test.core.app.InstrumentationActivityInvoker$BootstrapActivity (has extras) mCallingUid=10115 }, activity=androidx.test.core.app.InstrumentationActivityInvoker$BootstrapActivity@a4cb9a6
10-09 18:43:13.223 27684 27816 D libMEOW : meow new tls: 0xb4000076204d4440
10-09 18:43:13.223 27684 27816 D libMEOW : applied 0 plugin for [com.example.dogglers].
10-09 18:43:13.223   940   940 E ORMS_HAL: open /sys/devices/platform/soc/soc:oplus-omrg/oplus-omrg0/ruler_enable failed(No such file or directory)
10-09 18:43:13.223 27684 27816 D libMEOW : meow delete tls: 0xb4000076204d4440
10-09 18:43:13.224   940   940 E ORMS_HAL: open /sys/devices/platform/soc/soc:oplus-omrg/oplus-omrg0/ruler_enable failed(No such file or directory)
10-09 18:43:13.224  1866  1999 I mtkpower_client: perf_lock_rel, hdl:15445, tid:1999
10-09 18:43:13.224  1866  1999 I mtkpower_client: perf_lock_acq, hdl:15445, dur:0, num:10, tid:1999
10-09 18:43:13.224   886   961 I libPowerHal: [perfLockRel] hdl:15445, idx:0
10-09 18:43:13.225   886   961 I libPowerHal: system_server: cpu_ctrl set cpu freq: -1 -1 -1 -1
10-09 18:43:13.225   886   961 I libPowerHal: [PD] system_server update cmd:1c3c000, param:1
10-09 18:43:13.225   886   961 I libPowerHal: [PD] system_server update cmd:2004100 param:2
10-09 18:43:13.226  1866  1999 I mtkpower_client: ret_hdl:15446
10-09 18:43:13.227   973   973 I BufferQueueDebug: [com.example.dogglers/com.example.dogglers.GridListActivity#0](this:0xb4000073963a7998,id:-1,api:0,p:-1,c:973) onDestructor()
10-09 18:43:13.227 27684 27703 I BLASTBufferQueue: releaseBufferCallbackThunk bufferId:118901874622512 framenumber:8 blastBufferQueue is dead
10-09 18:43:13.227   973   973 D OplusLayer: ~Layer() sequence=9606, name=com.example.dogglers/com.example.dogglers.GridListActivity#0 0xb4000073963a5000
10-09 18:43:13.227   973   973 D OplusLayer: ~Layer() sequence=9597, name=ActivityRecord{7a8505c u0 com.example.dogglers/androidx.test.core.app.InstrumentationActivityInvoker$BootstrapActivity#0 0xb400007397475800
10-09 18:43:13.227   973   973 D OplusLayer: ~Layer() sequence=9600, name=ActivityRecord{3332790 u0 com.example.dogglers/.GridListActivity#0 0xb400007397318800
10-09 18:43:13.227 27684 27684 D LifecycleMonitor: Lifecycle status change: androidx.test.core.app.InstrumentationActivityInvoker$EmptyActivity@e4da162 in: PRE_ON_CREATE
10-09 18:43:13.228 27684 27684 V ActivityScenario: Activity lifecycle changed event received but ignored because the intent does not match. startActivityIntent=Intent { act=android.intent.action.MAIN cat=[android.intent.category.LAUNCHER] cmp=com.example.dogglers/.GridListActivity }, activity.getIntent()=Intent { act=android.intent.action.MAIN cat=[android.intent.category.LAUNCHER] flg=0x10000000 cmp=com.example.dogglers/androidx.test.core.app.InstrumentationActivityInvoker$EmptyActivity mCallingUid=10115 }, activity=androidx.test.core.app.InstrumentationActivityInvoker$EmptyActivity@e4da162
10-09 18:43:13.228   886   961 I libPowerHal: system_server: cpu_ctrl set cpu freq: 2000000 -1 2400000 -1
10-09 18:43:13.229  1866  3254 I FocusResolver: updateFocusedWindow,  on display 0, reason: NO_WINDOW, result:   FocusedWindows: <none>
10-09 18:43:13.237 27684 27684 D LifecycleMonitor: Lifecycle status change: androidx.test.core.app.InstrumentationActivityInvoker$EmptyActivity@e4da162 in: CREATED
10-09 18:43:13.237 27684 27684 V ActivityScenario: Activity lifecycle changed event received but ignored because the intent does not match. startActivityIntent=Intent { act=android.intent.action.MAIN cat=[android.intent.category.LAUNCHER] cmp=com.example.dogglers/.GridListActivity }, activity.getIntent()=Intent { act=android.intent.action.MAIN cat=[android.intent.category.LAUNCHER] flg=0x10000000 cmp=com.example.dogglers/androidx.test.core.app.InstrumentationActivityInvoker$EmptyActivity mCallingUid=10115 }, activity=androidx.test.core.app.InstrumentationActivityInvoker$EmptyActivity@e4da162
10-09 18:43:13.238 27684 27684 D LifecycleMonitor: Lifecycle status change: androidx.test.core.app.InstrumentationActivityInvoker$EmptyActivity@e4da162 in: STARTED
10-09 18:43:13.238 27684 27684 V ActivityScenario: Activity lifecycle changed event received but ignored because the intent does not match. startActivityIntent=Intent { act=android.intent.action.MAIN cat=[android.intent.category.LAUNCHER] cmp=com.example.dogglers/.GridListActivity }, activity.getIntent()=Intent { act=android.intent.action.MAIN cat=[android.intent.category.LAUNCHER] flg=0x10000000 cmp=com.example.dogglers/androidx.test.core.app.InstrumentationActivityInvoker$EmptyActivity mCallingUid=10115 }, activity=androidx.test.core.app.InstrumentationActivityInvoker$EmptyActivity@e4da162
10-09 18:43:13.239   859  4288 D C2MtkBufferManager: over 5000ms not request from VCodec but callback hooked, slow BM Cc fetch thread
10-09 18:43:13.240 27684 27684 D LifecycleMonitor: Lifecycle status change: androidx.test.core.app.InstrumentationActivityInvoker$EmptyActivity@e4da162 in: RESUMED
10-09 18:43:13.240 27684 27684 V ActivityScenario: Activity lifecycle changed event received but ignored because the intent does not match. startActivityIntent=Intent { act=android.intent.action.MAIN cat=[android.intent.category.LAUNCHER] cmp=com.example.dogglers/.GridListActivity }, activity.getIntent()=Intent { act=android.intent.action.MAIN cat=[android.intent.category.LAUNCHER] flg=0x10000000 cmp=com.example.dogglers/androidx.test.core.app.InstrumentationActivityInvoker$EmptyActivity mCallingUid=10115 }, activity=androidx.test.core.app.InstrumentationActivityInvoker$EmptyActivity@e4da162
10-09 18:43:13.240   973  2952 I SurfaceFlinger: [SF client] NEW(0xb4000073b03e0b00) for (27684:com.example.dogglers)
10-09 18:43:13.243 27684 27684 D WindowManager: Add to mViews: DecorView@e871ae[InstrumentationActivityInvoker$EmptyActivity],pkg= com.example.dogglers
10-09 18:43:13.244 27684 27684 D ViewRootImpl[InstrumentationActivityInvoker$EmptyActivity]: hardware acceleration = true, sRendererEnabled = true, forceHwAccelerated = false
10-09 18:43:13.245  1866  3254 D OplusDisplayPolicy: com.example.dogglers, no change cutoutMode: 0
10-09 18:43:13.251  1866  3254 D OplusDisplayPolicy: com.example.dogglers, no change cutoutMode: 0
10-09 18:43:13.251   973  2952 I BufferQueueDebug: [com.example.dogglers/androidx.test.core.app.InstrumentationActivityInvoker$EmptyActivity#1](this:0xb400007397312998,id:-1,api:0,p:-1,c:-1) BufferQueue core=(973:/system/bin/surfaceflinger)
10-09 18:43:13.255  1866  3254 D Theia.NoFocusWindow: FocusWindowErrorScene cancelCheckFreezeScreen
10-09 18:43:13.256 27684 27684 I BufferQueueConsumer: [](id:6c240000000e,api:0,p:-1,c:27684) connect: controlledByApp=false
10-09 18:43:13.256 27684 27684 I BLASTBufferQueue: [ViewRootImpl[InstrumentationActivityInvoker$EmptyActivity]#14] constructor()
10-09 18:43:13.258 27684 27716 I BufferQueueProducer: [ViewRootImpl[InstrumentationActivityInvoker$EmptyActivity]#14(BLAST Consumer)14](id:6c240000000e,api:1,p:27684,c:27684) connect: api=1 producerControlledByApp=true
10-09 18:43:13.259   859  4288 D C2MtkBufferManager: over 5000ms not request from VCodec but callback hooked, slow BM Cc fetch thread
10-09 18:43:13.269  1866  1892 I ActivityTaskManager: Displayed com.example.dogglers/androidx.test.core.app.InstrumentationActivityInvoker$EmptyActivity: +80ms
10-09 18:43:13.274  1866  1895 I PowerHalWrapper: amsBoostNotify pid:27684,activity:androidx.test.core.app.InstrumentationActivityInvoker$EmptyActivity, package:com.example.dogglers, mProcessCreatePackcom.example.dogglers
10-09 18:43:13.274  1866  1895 I PowerHalWrapper: state: 0
10-09 18:43:13.274  1866  1895 I PowerHalWrapper: amsBoostNotify AMS_BOOST_PROCESS_CREATE_BOOST:false
10-09 18:43:13.275 27684 27716 I BufferQueueProducer: [ViewRootImpl[InstrumentationActivityInvoker$EmptyActivity]#13(BLAST Consumer)13](id:6c240000000d,api:1,p:27684,c:27684) disconnect: api 1
10-09 18:43:13.275 27684 27716 E BLASTBufferQueue: BLASTBufferItemConsumer::onDisconnect()
10-09 18:43:13.276   973   973 D OplusLayer: setBuffer sequence=9619, name=com.example.dogglers/androidx.test.core.app.InstrumentationActivityInvoker$EmptyActivity#1
10-09 18:43:13.277   973   973 I OplusLayer: VRR [FRTC] update from -1 to 0
10-09 18:43:13.277 27684 27705 D SurfaceComposerClient: VRR [FRTC] client handle [bufferId:18446744073709551615 framenumber:0] [ffffffff, ffffffff]
10-09 18:43:13.278   973   973 D OplusLayer: ~Layer() sequence=9614, name=Surface(name=634d9c0 StatusBar)/@0x8de5787 - animation-leash of insets_animation#1 0xb4000073962f3800
10-09 18:43:13.278 27684 27684 I BLASTBufferQueue: [ViewRootImpl[InstrumentationActivityInvoker$EmptyActivity]#13] destructor()
10-09 18:43:13.278   973   973 D OplusLayer: ~Layer() sequence=9615, name=Surface(name=97f7650 NavigationBar0)/@0x92332dd - animation-leash of insets_animation#1 0xb400007396318800
10-09 18:43:13.278 27684 27684 I BufferQueueConsumer: [ViewRootImpl[InstrumentationActivityInvoker$EmptyActivity]#13(BLAST Consumer)13](id:6c240000000d,api:0,p:-1,c:27684) disconnect
10-09 18:43:13.280  1866  3254 I FocusResolver: updateFocusedWindow, c65844c com.example.dogglers/androidx.test.core.app.InstrumentationActivityInvoker$EmptyActivity on display 0, reason: setFocusedWindow, result:   FocusedWindows:
10-09 18:43:13.280  1866  3254 I FocusResolver:     displayId=0, name='c65844c com.example.dogglers/androidx.test.core.app.InstrumentationActivityInvoker$EmptyActivity'
10-09 18:43:13.280   859  4288 D C2MtkBufferManager: over 5000ms not request from VCodec but callback hooked, slow BM Cc fetch thread
10-09 18:43:13.280 27684 27684 D LifecycleMonitor: Lifecycle status change: androidx.test.core.app.InstrumentationActivityInvoker$EmptyActivity@a6a1303 in: STOPPED
10-09 18:43:13.280 27684 27684 V ActivityScenario: Activity lifecycle changed event received but ignored because the intent does not match. startActivityIntent=Intent { act=android.intent.action.MAIN cat=[android.intent.category.LAUNCHER] cmp=com.example.dogglers/.GridListActivity }, activity.getIntent()=Intent { act=android.intent.action.MAIN cat=[android.intent.category.LAUNCHER] flg=0x10000000 cmp=com.example.dogglers/androidx.test.core.app.InstrumentationActivityInvoker$EmptyActivity mCallingUid=10115 }, activity=androidx.test.core.app.InstrumentationActivityInvoker$EmptyActivity@a6a1303
10-09 18:43:13.286   940   940 E ORMS_HAL: open /sys/devices/platform/soc/soc:oplus-omrg/oplus-omrg0/ruler_enable failed(No such file or directory)
10-09 18:43:13.287  1866  3254 D Theia.NoFocusWindow: FocusWindowErrorScene CheckFreezeScreen
10-09 18:43:13.287   940   940 E ORMS_HAL: open /sys/devices/platform/soc/soc:oplus-omrg/oplus-omrg0/ruler_enable failed(No such file or directory)
10-09 18:43:13.287  1866  3254 I InputDispatcher: setFocusedApplication displayId=0 ActivityRecord{99a9718 u0 com.android.launcher/.Launcher t5}
10-09 18:43:13.287  1866  1999 I mtkpower_client: perf_lock_rel, hdl:15446, tid:1999
10-09 18:43:13.288  1866  1999 I mtkpower_client: perf_lock_acq, hdl:15446, dur:0, num:12, tid:1999
10-09 18:43:13.288   886   961 I libPowerHal: [perfLockRel] hdl:15446, idx:0
10-09 18:43:13.288   886   961 I libPowerHal: system_server: cpu_ctrl set cpu freq: -1 -1 -1 -1
10-09 18:43:13.288   886   961 I libPowerHal: [PD] system_server update cmd:1c3c000, param:1
10-09 18:43:13.289   886   961 I libPowerHal: [PD] system_server update cmd:2004100 param:2
10-09 18:43:13.289  1866  1999 I mtkpower_client: ret_hdl:15447
10-09 18:43:13.290   886   961 I libPowerHal: system_server: cpu_ctrl set cpu freq: 2000000 -1 2400000 -1
10-09 18:43:13.290   940   940 E ORMS_HAL: open /sys/devices/platform/soc/soc:oplus-omrg/oplus-omrg0/ruler_enable failed(No such file or directory)
10-09 18:43:13.291   940   940 E ORMS_HAL: open /sys/devices/platform/soc/soc:oplus-omrg/oplus-omrg0/ruler_enable failed(No such file or directory)
10-09 18:43:13.291  1866  1999 I mtkpower_client: perf_lock_rel, hdl:15447, tid:1999
10-09 18:43:13.292  1866  1999 I mtkpower_client: perf_lock_acq, hdl:15447, dur:0, num:12, tid:1999
10-09 18:43:13.292   886   961 I libPowerHal: [perfLockRel] hdl:15447, idx:0
10-09 18:43:13.292   886   961 I libPowerHal: system_server: cpu_ctrl set cpu freq: -1 -1 -1 -1
10-09 18:43:13.292   886   961 I libPowerHal: [PD] system_server update cmd:1410000 param:0
10-09 18:43:13.292   886   961 I libPowerHal: [PD] system_server update cmd:1c3c000, param:1
10-09 18:43:13.292   886   961 I libPowerHal: [PD] system_server update cmd:2004100 param:2
10-09 18:43:13.292  1866  3254 D InputMethodManagerService: isSecurity: attribute.packageName=com.example.dogglers mCurMethodId=org.dslul.openboard.inputmethod.latin/.LatinIME
10-09 18:43:13.292  1866  3254 D InputMethodManagerService: isSecurity= false (  enable=false needShow=false inBlackList=false isExist=true )
10-09 18:43:13.292  1866  3254 D InputMethodManagerService: isSecurity: attribute.packageName=com.example.dogglers mCurMethodId=org.dslul.openboard.inputmethod.latin/.LatinIME
10-09 18:43:13.292  1866  3254 D InputMethodManagerService: isSecurity= false (  enable=false needShow=false inBlackList=false isExist=true )
10-09 18:43:13.293  1866  3254 D InputMethodManagerService: startInputOrWindowGainedFocus:  reset Secure =false
10-09 18:43:13.294  1866  1999 I mtkpower_client: ret_hdl:15448
10-09 18:43:13.294 27684 27684 D LifecycleMonitor: Lifecycle status change: androidx.test.core.app.InstrumentationActivityInvoker$EmptyActivity@e4da162 in: PAUSED
10-09 18:43:13.294   886   961 I libPowerHal: system_server: cpu_ctrl set cpu freq: 2000000 -1 2400000 -1
10-09 18:43:13.294 27684 27684 V ActivityScenario: Activity lifecycle changed event received but ignored because the intent does not match. startActivityIntent=Intent { act=android.intent.action.MAIN cat=[android.intent.category.LAUNCHER] cmp=com.example.dogglers/.GridListActivity }, activity.getIntent()=Intent { act=android.intent.action.MAIN cat=[android.intent.category.LAUNCHER] flg=0x10000000 cmp=com.example.dogglers/androidx.test.core.app.InstrumentationActivityInvoker$EmptyActivity mCallingUid=10115 }, activity=androidx.test.core.app.InstrumentationActivityInvoker$EmptyActivity@e4da162
10-09 18:43:13.295  1866  3235 I FocusResolver: updateFocusedWindow,  on display 0, reason: NO_WINDOW, result:   FocusedWindows: <none>
10-09 18:43:13.296  1866  2636 V SensorManager: call sensorServiceCommonInterface name: setScreenShotDisable
10-09 18:43:13.296  1866  2636 D SensorService: SensorService sensorServiceCommonInterface = setScreenShotDisable
10-09 18:43:13.296  1866  2636 D SensorServiceImpl: SensorServiceExtImpl sensorServiceCommonInterface funcName= setScreenShotDisable , flag =0, status =0
10-09 18:43:13.296  1866  2636 I OplusHansManager : front pkg: com.android.launcher, uid: 10105, prev pkg: com.example.dogglers, prev uid: 10115
10-09 18:43:13.296  1866  3301 I OplusHansManager : notifyAppGoForeground, uid=10105
10-09 18:43:13.296  1866  3301 I OplusHansManager : notifyAppGoBackground, uid=10115
10-09 18:43:13.296  1866  2540 I OplusHansManager : uid=10115, pkg=com.example.dogglers enter SM
10-09 18:43:13.296  1866  2540 I OplusHansManager : uid=10115, pkg=com.example.dogglers R enter()
10-09 18:43:13.296  1866  2368 I Osense-DecisionMaker: notifySceneToPolicy...SCENE_LAUNCHER
10-09 18:43:13.296  1866  2368 D Osense-DecisionMaker: getCurrentSysStats, memMb: 3739
10-09 18:43:13.297  1866  2547 I OplusResourcePreloadManager: resume pkg: com.android.launcher, uid:10105, prev pkg: com.example.dogglers, prev uid: 10115
10-09 18:43:13.297  1866  2855 V DCSEX-AppSwitchManager: OnAppSwitchObserver: onAppExit, resuming = com.android.launcher, target = com.example.dogglers, is ResumingFirstStart =  false, is ResumingMultiApp =  false, extensionInfo =  Bundle[{taskId=5, uid=10105}]
10-09 18:43:13.297  1866  2636 I PowerHalWrapper: amsBoostNotify pid:2548,activity:com.android.launcher.Launcher, package:com.android.launcher, mProcessCreatePackcom.example.dogglers
10-09 18:43:13.297  1866  2636 I PowerHalWrapper: state: 1
10-09 18:43:13.297  1866  2636 I PowerHalWrapper: amsBoostNotify AMS_BOOST_PROCESS_CREATE_BOOST:false
10-09 18:43:13.297  1866  7056 D DCSEX-AppLaunchEventRecorder: onAppSwitch from = com.example.dogglers to = com.android.launcher
10-09 18:43:13.298   886   961 I libPowerHal: [perfNotifyAppState] foreground:com.android.launcher, pid:2548, uid:10105
10-09 18:43:13.298   886   961 I UxUtility: notifyForegroundApp pack:com.android.launcher, uid:10105
10-09 18:43:13.298  2739  2769 D AppSwitchListener: onAppExit() called !
10-09 18:43:13.298   886   961 I TouchUtility: notifyAppState error = NULL
10-09 18:43:13.298   886   896 I mtkpower@impl: [notifyAppState] pc:0, com.example.dogglers => com.android.launcher
10-09 18:43:13.298  2739 31418 W Battery : ThermalControlUtils: mForegroundPkg=com.android.launcher
10-09 18:43:13.299  1866  2855 V DCSEX-AppSwitchManager: OnAppSwitchObserver: onAppEnter, launchedFrom =  null, target =  com.android.launcher, is firstStart =  false, is multiApp =  false, extensionInfo =  Bundle[{taskId=5, pid=2548, uid=10105}]
10-09 18:43:13.299  4545  4563 D ZoomAppController: ignore onAppEnter: mCurrentZoomInfo is null
10-09 18:43:13.300  1866  1980 E AthenaService: MemoryGuardAction: handleAppChange
10-09 18:43:13.301   859  4288 D C2MtkBufferManager: over 5000ms not request from VCodec but callback hooked, slow BM Cc fetch thread
10-09 18:43:13.301  1866  2636 I PowerHalWrapper: amsBoostNotify pid:27684,activity:androidx.test.core.app.InstrumentationActivityInvoker$EmptyActivity, package:com.example.dogglers, mProcessCreatePackcom.example.dogglers
10-09 18:43:13.301  1866  2636 I PowerHalWrapper: state: 0
10-09 18:43:13.301  1866  2636 I PowerHalWrapper: amsBoostNotify AMS_BOOST_PROCESS_CREATE_BOOST:false
10-09 18:43:13.303   968 25121 D AudioPolicyService: updateUidStates_l() current->uid=10136 current->pid=4167 allowCapture=1 UidState=5 apmStat=1
10-09 18:43:13.304  2739 31418 W Battery : ThermalControllHandler: tempLevel=4,userMode=2,gameUserMode=-1,appType=-1,envTempType=0,appStates=[]
10-09 18:43:13.305  2739 31418 W Battery : ThermalControllerCenter: mSafetyState=10000
10-09 18:43:13.305  3306  3325 D OplusAtlas.OplusAtlasEventDispatch: setEvent:atlas_event_on_foreground_activities_changed info:pid:2548,uid:10105,hasForegroundActivities:1
10-09 18:43:13.305  3306  4568 D OplusAtlas.OplusAudioScene: callback success event:atlas_event_on_foreground_activities_changed eventInfo:pid:2548,uid:10105,hasForegroundActivities:1
10-09 18:43:13.305  4707  4771 V DeepThinker: ProcessManager: onForegroundActivitiesChanged pid:2548, uid:10105, foregroundActivities:true
10-09 18:43:13.305  3306  4841 D OplusAtlas.OplusMessageHandler: handleMessage: Msg { when=0 what=2 obj=com.oplus.atlas.OplusAtlasEvent@a1051fa target=com.oplus.atlas.OplusMessageHandler$MyHandler }
10-09 18:43:13.309   973  3273 I BufferQueueDebug: [com.android.launcher/com.android.launcher.Launcher#0](this:0xb4000073962e7998,id:-1,api:0,p:-1,c:-1) BufferQueue core=(973:/system/bin/surfaceflinger)
10-09 18:43:13.311  2739 31418 W Battery : ThermalControllHandler: tempGear=4,configItemName=common_config
10-09 18:43:13.312 27684 27684 D LifecycleMonitor: Lifecycle status change: androidx.test.core.app.InstrumentationActivityInvoker$EmptyActivity@a6a1303 in: DESTROYED
10-09 18:43:13.312   968 25121 D AudioPolicyService: updateUidStates_l() current->uid=10136 current->pid=4167 allowCapture=1 UidState=5 apmStat=1
10-09 18:43:13.312  2739  5446 W Battery : ThermalControllHandler: MSG_THERMAL_CONTROL_CATEGORY_CHANGED
10-09 18:43:13.312   968 25121 D AudioPolicyService: updateUidStates_l() current->uid=10136 current->pid=4167 allowCapture=1 UidState=3 apmStat=1
10-09 18:43:13.312 27684 27684 V ActivityScenario: Activity lifecycle changed event received but ignored because the intent does not match. startActivityIntent=Intent { act=android.intent.action.MAIN cat=[android.intent.category.LAUNCHER] cmp=com.example.dogglers/.GridListActivity }, activity.getIntent()=Intent { act=android.intent.action.MAIN cat=[android.intent.category.LAUNCHER] flg=0x10000000 cmp=com.example.dogglers/androidx.test.core.app.InstrumentationActivityInvoker$EmptyActivity mCallingUid=10115 }, activity=androidx.test.core.app.InstrumentationActivityInvoker$EmptyActivity@a6a1303
10-09 18:43:13.313 27684 27684 D View    : [Warning] assignParent to null: this = DecorView@788bb0a[InstrumentationActivityInvoker$EmptyActivity]
10-09 18:43:13.314  4661  4661 I BufferQueueConsumer: [](id:1235000000ae,api:0,p:-1,c:4661) connect: controlledByApp=false
10-09 18:43:13.314  4661  4661 I BLASTBufferQueue: [ViewRootImpl[Launcher]#174] constructor()
10-09 18:43:13.314   968   968 D AudioPolicyService: updateUidStates_l() current->uid=10136 current->pid=4167 allowCapture=1 UidState=3 apmStat=1
10-09 18:43:13.315  4661  4661 I A       : (REDACTED) onApplyWindowInsets: systemWindowInsets=%s
10-09 18:43:13.315  4661  4661 I A       : (REDACTED) onApplyWindowInsets: systemWindowInsets=%s
10-09 18:43:13.315  4661  4875 I BufferQueueProducer: [ViewRootImpl[Launcher]#174(BLAST Consumer)174](id:1235000000ae,api:1,p:4661,c:4661) connect: api=1 producerControlledByApp=true
10-09 18:43:13.316  1866  3254 W InputManager-JNI: Input channel object '7d0b543 com.example.dogglers/androidx.test.core.app.InstrumentationActivityInvoker$EmptyActivity (client)' was disposed without first being removed with the input manager!
10-09 18:43:13.320  3335  3356 E oiface  : get gpu freq table failed
10-09 18:43:13.321   859  4288 D C2MtkBufferManager: over 5000ms not request from VCodec but callback hooked, slow BM Cc fetch thread
10-09 18:43:13.321  3335  3356 E oiface  : get gpu freq table failed
10-09 18:43:13.322 27684 27713 I TestRunner: finished: grid_list_content_at_first_position(com.example.dogglers.GridListTests)
