10-09 23:07:57.022  1866  1999 I mtkpower_client: perf_lock_acq, hdl:34358, dur:0, num:12, tid:1999
10-09 23:07:57.022   886   961 I libPowerHal: [perfLockRel] hdl:34358, idx:0
10-09 23:07:57.022   886   961 I libPowerHal: system_server: cpu_ctrl set cpu freq: -1 -1 -1 -1
10-09 23:07:57.022   886   961 I libPowerHal: [PD] system_server update cmd:1410000 param:0
10-09 23:07:57.022   886   961 I libPowerHal: [PD] system_server update cmd:1c3c000, param:1
10-09 23:07:57.022   886   961 I libPowerHal: [PD] system_server update cmd:2004100 param:2
10-09 23:07:57.023  1866  1999 I mtkpower_client: ret_hdl:34359
10-09 23:07:57.023   886   961 I libPowerHal: system_server: cpu_ctrl set cpu freq: 2000000 -1 2400000 -1
10-09 23:07:57.024 21571 21571 D LifecycleMonitor: Lifecycle status change: androidx.test.core.app.InstrumentationActivityInvoker$EmptyActivity@50e30ac in: PRE_ON_CREATE
10-09 23:07:57.025 21571 21571 V ActivityScenario: Activity lifecycle changed event received but ignored because the intent does not match. startActivityIntent=Intent { act=android.intent.action.MAIN cat=[android.intent.category.LAUNCHER] cmp=com.example.dogglers/.VerticalListActivity }, activity.getIntent()=Intent { act=android.intent.action.MAIN cat=[android.intent.category.LAUNCHER] flg=0x10000000 cmp=com.example.dogglers/androidx.test.core.app.InstrumentationActivityInvoker$EmptyActivity mCallingUid=10115 }, activity=androidx.test.core.app.InstrumentationActivityInvoker$EmptyActivity@50e30ac
10-09 23:07:57.032   973   973 D OplusLayer: ~Layer() sequence=16313, name=ActivityRecord{7a4cf03 u0 com.example.dogglers/androidx.test.core.app.InstrumentationActivityInvoker$BootstrapActivity#0 0xb40000739702b000
10-09 23:07:57.034  1866  4223 I FocusResolver: updateFocusedWindow,  on display 0, reason: NO_WINDOW, result:   FocusedWindows: <none>
10-09 23:07:57.037 21571 21571 D LifecycleMonitor: Lifecycle status change: androidx.test.core.app.InstrumentationActivityInvoker$EmptyActivity@50e30ac in: CREATED
10-09 23:07:57.037 21571 21571 V ActivityScenario: Activity lifecycle changed event received but ignored because the intent does not match. startActivityIntent=Intent { act=android.intent.action.MAIN cat=[android.intent.category.LAUNCHER] cmp=com.example.dogglers/.VerticalListActivity }, activity.getIntent()=Intent { act=android.intent.action.MAIN cat=[android.intent.category.LAUNCHER] flg=0x10000000 cmp=com.example.dogglers/androidx.test.core.app.InstrumentationActivityInvoker$EmptyActivity mCallingUid=10115 }, activity=androidx.test.core.app.InstrumentationActivityInvoker$EmptyActivity@50e30ac
10-09 23:07:57.038 21571 21571 D LifecycleMonitor: Lifecycle status change: androidx.test.core.app.InstrumentationActivityInvoker$EmptyActivity@50e30ac in: STARTED
10-09 23:07:57.038 21571 21571 V ActivityScenario: Activity lifecycle changed event received but ignored because the intent does not match. startActivityIntent=Intent { act=android.intent.action.MAIN cat=[android.intent.category.LAUNCHER] cmp=com.example.dogglers/.VerticalListActivity }, activity.getIntent()=Intent { act=android.intent.action.MAIN cat=[android.intent.category.LAUNCHER] flg=0x10000000 cmp=com.example.dogglers/androidx.test.core.app.InstrumentationActivityInvoker$EmptyActivity mCallingUid=10115 }, activity=androidx.test.core.app.InstrumentationActivityInvoker$EmptyActivity@50e30ac
10-09 23:07:57.039 21571 21571 D LifecycleMonitor: Lifecycle status change: androidx.test.core.app.InstrumentationActivityInvoker$EmptyActivity@50e30ac in: RESUMED
10-09 23:07:57.040 21571 21571 V ActivityScenario: Activity lifecycle changed event received but ignored because the intent does not match. startActivityIntent=Intent { act=android.intent.action.MAIN cat=[android.intent.category.LAUNCHER] cmp=com.example.dogglers/.VerticalListActivity }, activity.getIntent()=Intent { act=android.intent.action.MAIN cat=[android.intent.category.LAUNCHER] flg=0x10000000 cmp=com.example.dogglers/androidx.test.core.app.InstrumentationActivityInvoker$EmptyActivity mCallingUid=10115 }, activity=androidx.test.core.app.InstrumentationActivityInvoker$EmptyActivity@50e30ac
10-09 23:07:57.040   973  1022 I SurfaceFlinger: [SF client] NEW(0xb4000073b02b3f40) for (21571:com.example.dogglers)
10-09 23:07:57.042  1866  1904 W SearchableInfo: Invalid searchable metadata for software.mdev.bookstracker/.ui.bookslist.ListActivity: Search label must be a resource reference.
10-09 23:07:57.043 21571 21571 D WindowManager: Add to mViews: DecorView@283ab98[InstrumentationActivityInvoker$EmptyActivity],pkg= com.example.dogglers
10-09 23:07:57.044 21571 21571 D ViewRootImpl[InstrumentationActivityInvoker$EmptyActivity]: hardware acceleration = true, sRendererEnabled = true, forceHwAccelerated = false
10-09 23:07:57.045  1866  4223 D OplusDisplayPolicy: com.example.dogglers, no change cutoutMode: 0
10-09 23:07:57.049  1866  1904 W Searchables: No web search activity found
10-09 23:07:57.052  1866  4223 D OplusDisplayPolicy: com.example.dogglers, no change cutoutMode: 0
10-09 23:07:57.053   973  1022 I BufferQueueDebug: [com.example.dogglers/androidx.test.core.app.InstrumentationActivityInvoker$EmptyActivity#1](this:0xb400007397588998,id:-1,api:0,p:-1,c:-1) BufferQueue core=(973:/system/bin/surfaceflinger)
10-09 23:07:57.057  1866  4223 D Theia.NoFocusWindow: FocusWindowErrorScene cancelCheckFreezeScreen
10-09 23:07:57.058 21571 21571 I BufferQueueConsumer: [](id:544300000003,api:0,p:-1,c:21571) connect: controlledByApp=false
10-09 23:07:57.058 21571 21571 I BLASTBufferQueue: [ViewRootImpl[InstrumentationActivityInvoker$EmptyActivity]#3] constructor()
10-09 23:07:57.060 21571 21625 I BufferQueueProducer: [ViewRootImpl[InstrumentationActivityInvoker$EmptyActivity]#3(BLAST Consumer)3](id:544300000003,api:1,p:21571,c:21571) connect: api=1 producerControlledByApp=true
10-09 23:07:57.073  1866  1892 I ActivityTaskManager: Displayed com.example.dogglers/androidx.test.core.app.InstrumentationActivityInvoker$EmptyActivity: +99ms
10-09 23:07:57.077  1866  1895 I PowerHalWrapper: amsBoostNotify pid:21571,activity:androidx.test.core.app.InstrumentationActivityInvoker$EmptyActivity, package:com.example.dogglers, mProcessCreatePackcom.example.dogglers
10-09 23:07:57.077  1866  1895 I PowerHalWrapper: state: 0
10-09 23:07:57.077  1866  1895 I PowerHalWrapper: amsBoostNotify AMS_BOOST_PROCESS_CREATE_BOOST:false
10-09 23:07:57.081   940   940 E ORMS_HAL: open /sys/devices/platform/soc/soc:oplus-omrg/oplus-omrg0/ruler_enable failed(No such file or directory)
10-09 23:07:57.081   973   973 D OplusLayer: setBuffer sequence=16338, name=com.example.dogglers/androidx.test.core.app.InstrumentationActivityInvoker$EmptyActivity#1
10-09 23:07:57.081   973   973 I OplusLayer: VRR [FRTC] update from -1 to 0
10-09 23:07:57.081 21571 21625 I BufferQueueProducer: [ViewRootImpl[InstrumentationActivityInvoker$EmptyActivity]#2(BLAST Consumer)2](id:544300000002,api:1,p:21571,c:21571) disconnect: api 1
10-09 23:07:57.081 21571 21606 D SurfaceComposerClient: VRR [FRTC] client handle [bufferId:18446744073709551615 framenumber:0] [ffffffff, ffffffff]
10-09 23:07:57.082 21571 21625 E BLASTBufferQueue: BLASTBufferItemConsumer::onDisconnect()
10-09 23:07:57.082   940   940 E ORMS_HAL: open /sys/devices/platform/soc/soc:oplus-omrg/oplus-omrg0/ruler_enable failed(No such file or directory)
10-09 23:07:57.082  1866  1999 I mtkpower_client: perf_lock_rel, hdl:34359, tid:1999
10-09 23:07:57.083  1866  1999 I mtkpower_client: perf_lock_acq, hdl:34359, dur:0, num:10, tid:1999
10-09 23:07:57.083   886   961 I libPowerHal: [perfLockRel] hdl:34359, idx:0
10-09 23:07:57.083   973   973 D OplusLayer: ~Layer() sequence=16332, name=Surface(name=634d9c0 StatusBar)/@0x8de5787 - animation-leash of insets_animation#1 0xb40000739629d000
10-09 23:07:57.084   973   973 D OplusLayer: ~Layer() sequence=16333, name=Surface(name=986f6f7 NavigationBar0)/@0x7692882 - animation-leash of insets_animation#1 0xb4000073962b6800
10-09 23:07:57.084   886   961 I libPowerHal: system_server: cpu_ctrl set cpu freq: -1 -1 -1 -1
10-09 23:07:57.084   886   961 I libPowerHal: [PD] system_server update cmd:1410000 param:0
10-09 23:07:57.084   886   961 I libPowerHal: [PD] system_server update cmd:1c3c000, param:1
10-09 23:07:57.085   886   961 I libPowerHal: [PD] system_server update cmd:2004100 param:2
10-09 23:07:57.086  1866  1999 I mtkpower_client: ret_hdl:34360
10-09 23:07:57.086   886   961 I libPowerHal: system_server: cpu_ctrl set cpu freq: 2000000 -1 2400000 -1
10-09 23:07:57.087  1866  4646 D Theia.NoFocusWindow: FocusWindowErrorScene CheckFreezeScreen
10-09 23:07:57.088  1866  4646 I FocusResolver: updateFocusedWindow, 2aa22a7 com.example.dogglers/androidx.test.core.app.InstrumentationActivityInvoker$EmptyActivity on display 0, reason: setFocusedWindow, result:   FocusedWindows:
10-09 23:07:57.088  1866  4646 I FocusResolver:     displayId=0, name='2aa22a7 com.example.dogglers/androidx.test.core.app.InstrumentationActivityInvoker$EmptyActivity'
10-09 23:07:57.088 21571 21571 I BLASTBufferQueue: [ViewRootImpl[InstrumentationActivityInvoker$EmptyActivity]#2] destructor()
10-09 23:07:57.088 21571 21571 I BufferQueueConsumer: [ViewRootImpl[InstrumentationActivityInvoker$EmptyActivity]#2(BLAST Consumer)2](id:544300000002,api:0,p:-1,c:21571) disconnect
10-09 23:07:57.092  1866  4646 I InputDispatcher: setFocusedApplication displayId=0 ActivityRecord{99a9718 u0 com.android.launcher/.Launcher t5}
10-09 23:07:57.092   940   940 E ORMS_HAL: open /sys/devices/platform/soc/soc:oplus-omrg/oplus-omrg0/ruler_enable failed(No such file or directory)
10-09 23:07:57.093   940   940 E ORMS_HAL: open /sys/devices/platform/soc/soc:oplus-omrg/oplus-omrg0/ruler_enable failed(No such file or directory)
10-09 23:07:57.093  1866  1999 I mtkpower_client: perf_lock_rel, hdl:34360, tid:1999
10-09 23:07:57.093  1866  1999 I mtkpower_client: perf_lock_acq, hdl:34360, dur:0, num:12, tid:1999
10-09 23:07:57.093   886   961 I libPowerHal: [perfLockRel] hdl:34360, idx:0
10-09 23:07:57.094   886   961 I libPowerHal: system_server: cpu_ctrl set cpu freq: -1 -1 -1 -1
10-09 23:07:57.094   886   961 I libPowerHal: [PD] system_server update cmd:1c3c000, param:1
10-09 23:07:57.094   886   961 I libPowerHal: [PD] system_server update cmd:2004100 param:2
10-09 23:07:57.095  1866  1999 I mtkpower_client: ret_hdl:34361
10-09 23:07:57.095   886   961 I libPowerHal: system_server: cpu_ctrl set cpu freq: 2000000 -1 2400000 -1
10-09 23:07:57.096   940   940 E ORMS_HAL: open /sys/devices/platform/soc/soc:oplus-omrg/oplus-omrg0/ruler_enable failed(No such file or directory)
10-09 23:07:57.096   940   940 E ORMS_HAL: open /sys/devices/platform/soc/soc:oplus-omrg/oplus-omrg0/ruler_enable failed(No such file or directory)
10-09 23:07:57.097  1866  1999 I mtkpower_client: perf_lock_rel, hdl:34361, tid:1999
10-09 23:07:57.097  1866  1999 I mtkpower_client: perf_lock_acq, hdl:34361, dur:0, num:12, tid:1999
10-09 23:07:57.097   886   961 I libPowerHal: [perfLockRel] hdl:34361, idx:0
10-09 23:07:57.098   886   961 I libPowerHal: system_server: cpu_ctrl set cpu freq: -1 -1 -1 -1
10-09 23:07:57.098   886   961 I libPowerHal: [PD] system_server update cmd:1410000 param:0
10-09 23:07:57.098   886   961 I libPowerHal: [PD] system_server update cmd:1c3c000, param:1
10-09 23:07:57.098   886   961 I libPowerHal: [PD] system_server update cmd:2004100 param:2
10-09 23:07:57.098 21571 21571 D LifecycleMonitor: Lifecycle status change: androidx.test.core.app.InstrumentationActivityInvoker$EmptyActivity@acc1d05 in: STOPPED
10-09 23:07:57.098 21571 21571 V ActivityScenario: Activity lifecycle changed event received but ignored because the intent does not match. startActivityIntent=Intent { act=android.intent.action.MAIN cat=[android.intent.category.LAUNCHER] cmp=com.example.dogglers/.VerticalListActivity }, activity.getIntent()=Intent { act=android.intent.action.MAIN cat=[android.intent.category.LAUNCHER] flg=0x10000000 cmp=com.example.dogglers/androidx.test.core.app.InstrumentationActivityInvoker$EmptyActivity mCallingUid=10115 }, activity=androidx.test.core.app.InstrumentationActivityInvoker$EmptyActivity@acc1d05
10-09 23:07:57.099  1866  1999 I mtkpower_client: ret_hdl:34362
10-09 23:07:57.099   886   961 I libPowerHal: system_server: cpu_ctrl set cpu freq: 2000000 -1 2400000 -1
10-09 23:07:57.100  1866  2637 I FocusResolver: updateFocusedWindow,  on display 0, reason: NO_WINDOW, result:   FocusedWindows: <none>
10-09 23:07:57.101 21571 21571 D LifecycleMonitor: Lifecycle status change: androidx.test.core.app.InstrumentationActivityInvoker$EmptyActivity@50e30ac in: PAUSED
10-09 23:07:57.101 21571 21571 V ActivityScenario: Activity lifecycle changed event received but ignored because the intent does not match. startActivityIntent=Intent { act=android.intent.action.MAIN cat=[android.intent.category.LAUNCHER] cmp=com.example.dogglers/.VerticalListActivity }, activity.getIntent()=Intent { act=android.intent.action.MAIN cat=[android.intent.category.LAUNCHER] flg=0x10000000 cmp=com.example.dogglers/androidx.test.core.app.InstrumentationActivityInvoker$EmptyActivity mCallingUid=10115 }, activity=androidx.test.core.app.InstrumentationActivityInvoker$EmptyActivity@50e30ac
10-09 23:07:57.102  1866  4223 V SensorManager: call sensorServiceCommonInterface name: setScreenShotDisable
10-09 23:07:57.103  1866  4223 D SensorService: SensorService sensorServiceCommonInterface = setScreenShotDisable
10-09 23:07:57.103  1866  4223 D SensorServiceImpl: SensorServiceExtImpl sensorServiceCommonInterface funcName= setScreenShotDisable , flag =0, status =0
10-09 23:07:57.103  1866  4223 I OplusHansManager : front pkg: com.android.launcher, uid: 10105, prev pkg: com.example.dogglers, prev uid: 10115
10-09 23:07:57.103  1866  3301 I OplusHansManager : notifyAppGoForeground, uid=10105
10-09 23:07:57.103  1866  3301 I OplusHansManager : notifyAppGoBackground, uid=10115
10-09 23:07:57.103  1866  2540 I OplusHansManager : uid=10115, pkg=com.example.dogglers enter SM
10-09 23:07:57.103  1866  2368 I Osense-DecisionMaker: notifySceneToPolicy...SCENE_LAUNCHER
10-09 23:07:57.103  1866  2540 I OplusHansManager : uid=10115, pkg=com.example.dogglers R enter()
10-09 23:07:57.104  1866  2368 D Osense-DecisionMaker: getCurrentSysStats, memMb: 3623
10-09 23:07:57.104  1866  2547 I OplusResourcePreloadManager: resume pkg: com.android.launcher, uid:10105, prev pkg: com.example.dogglers, prev uid: 10115
10-09 23:07:57.104  1866  2855 V DCSEX-AppSwitchManager: OnAppSwitchObserver: onAppExit, resuming = com.android.launcher, target = com.example.dogglers, is ResumingFirstStart =  false, is ResumingMultiApp =  false, extensionInfo =  Bundle[{taskId=5, uid=10105}]
10-09 23:07:57.104  1866  4223 I PowerHalWrapper: amsBoostNotify pid:2548,activity:com.android.launcher.Launcher, package:com.android.launcher, mProcessCreatePackcom.example.dogglers
10-09 23:07:57.104  1866  4223 I PowerHalWrapper: state: 1
10-09 23:07:57.105  1866  4223 I PowerHalWrapper: amsBoostNotify AMS_BOOST_PROCESS_CREATE_BOOST:false
10-09 23:07:57.105  1866  7056 D DCSEX-AppLaunchEventRecorder: onAppSwitch from = com.example.dogglers to = com.android.launcher
10-09 23:07:57.105   886   961 I libPowerHal: [perfNotifyAppState] foreground:com.android.launcher, pid:2548, uid:10105
10-09 23:07:57.106  2739  4604 D AppSwitchListener: onAppExit() called !
10-09 23:07:57.106   886   961 I UxUtility: notifyForegroundApp pack:com.android.launcher, uid:10105
10-09 23:07:57.106   886   961 I TouchUtility: notifyAppState error = NULL
10-09 23:07:57.107  2739  5004 W Battery : ThermalControlUtils: mForegroundPkg=com.android.launcher
10-09 23:07:57.107   886   896 I mtkpower@impl: [notifyAppState] pc:0, com.example.dogglers => com.android.launcher
10-09 23:07:57.108  1866  2855 V DCSEX-AppSwitchManager: OnAppSwitchObserver: onAppEnter, launchedFrom =  null, target =  com.android.launcher, is firstStart =  false, is multiApp =  false, extensionInfo =  Bundle[{taskId=5, pid=2548, uid=10105}]
10-09 23:07:57.108   968 22675 D AudioPolicyService: updateUidStates_l() current->uid=10136 current->pid=4167 allowCapture=1 UidState=5 apmStat=1
10-09 23:07:57.109  1866  1980 E AthenaService: MemoryGuardAction: handleAppChange
10-09 23:07:57.111  1866  4223 I PowerHalWrapper: amsBoostNotify pid:21571,activity:androidx.test.core.app.InstrumentationActivityInvoker$EmptyActivity, package:com.example.dogglers, mProcessCreatePackcom.example.dogglers
10-09 23:07:57.111  1866  4223 I PowerHalWrapper: state: 0
10-09 23:07:57.111  1866  4223 I PowerHalWrapper: amsBoostNotify AMS_BOOST_PROCESS_CREATE_BOOST:false
10-09 23:07:57.113  4545  4563 D ZoomAppController: ignore onAppEnter: mCurrentZoomInfo is null
10-09 23:07:57.114   973  1023 I BufferQueueDebug: [com.android.launcher/com.android.launcher.Launcher#0](this:0xb4000073962f0998,id:-1,api:0,p:-1,c:-1) BufferQueue core=(973:/system/bin/surfaceflinger)
10-09 23:07:57.118  2739  5004 W Battery : ThermalControllHandler: tempLevel=4,userMode=2,gameUserMode=-1,appType=-1,envTempType=0,appStates=[]
10-09 23:07:57.118  4661  4661 I BufferQueueConsumer: [](id:123500000112,api:0,p:-1,c:4661) connect: controlledByApp=false
10-09 23:07:57.119  2739  5004 W Battery : ThermalControllerCenter: mSafetyState=00000
10-09 23:07:57.120  3306  2605 D OplusAtlas.OplusAtlasEventDispatch: setEvent:atlas_event_on_foreground_activities_changed info:pid:2548,uid:10105,hasForegroundActivities:1
10-09 23:07:57.120  3306  4568 D OplusAtlas.OplusAudioScene: callback success event:atlas_event_on_foreground_activities_changed eventInfo:pid:2548,uid:10105,hasForegroundActivities:1
10-09 23:07:57.120  4707  4734 V DeepThinker: ProcessManager: onForegroundActivitiesChanged pid:2548, uid:10105, foregroundActivities:true
10-09 23:07:57.121  3306  4841 D OplusAtlas.OplusMessageHandler: handleMessage: Msg { when=0 what=2 obj=com.oplus.atlas.OplusAtlasEvent@271c43a target=com.oplus.atlas.OplusMessageHandler$MyHandler }
10-09 23:07:57.122  4661  4661 I BLASTBufferQueue: [ViewRootImpl[Launcher]#274] constructor()
10-09 23:07:57.123  4661  4661 I A       : (REDACTED) onApplyWindowInsets: systemWindowInsets=%s
10-09 23:07:57.124  4661  4661 I A       : (REDACTED) onApplyWindowInsets: systemWindowInsets=%s
10-09 23:07:57.124  4661  4875 I BufferQueueProducer: [ViewRootImpl[Launcher]#274(BLAST Consumer)274](id:123500000112,api:1,p:4661,c:4661) connect: api=1 producerControlledByApp=true
10-09 23:07:57.124  2739  5004 W Battery : ThermalControllHandler: tempGear=4,configItemName=common_config
10-09 23:07:57.125  2739  5446 W Battery : ThermalControllHandler: MSG_THERMAL_CONTROL_CATEGORY_CHANGED
10-09 23:07:57.130   973  1022 I BufferQueueDebug: [com.android.launcher/com.android.launcher.Launcher#0](this:0xb400007397028998,id:-1,api:0,p:-1,c:-1) BufferQueue core=(973:/system/bin/surfaceflinger)
10-09 23:07:57.138 21571 21571 D LifecycleMonitor: Lifecycle status change: androidx.test.core.app.InstrumentationActivityInvoker$EmptyActivity@acc1d05 in: DESTROYED
10-09 23:07:57.139  1866  4256 D Theia.NoFocusWindow: FocusWindowErrorScene cancelCheckFreezeScreen
10-09 23:07:57.139 21571 21571 V ActivityScenario: Activity lifecycle changed event received but ignored because the intent does not match. startActivityIntent=Intent { act=android.intent.action.MAIN cat=[android.intent.category.LAUNCHER] cmp=com.example.dogglers/.VerticalListActivity }, activity.getIntent()=Intent { act=android.intent.action.MAIN cat=[android.intent.category.LAUNCHER] flg=0x10000000 cmp=com.example.dogglers/androidx.test.core.app.InstrumentationActivityInvoker$EmptyActivity mCallingUid=10115 }, activity=androidx.test.core.app.InstrumentationActivityInvoker$EmptyActivity@acc1d05
10-09 23:07:57.139   968 22675 D AudioPolicyService: updateUidStates_l() current->uid=10136 current->pid=4167 allowCapture=1 UidState=5 apmStat=1
10-09 23:07:57.139   968 22675 D AudioPolicyService: updateUidStates_l() current->uid=10136 current->pid=4167 allowCapture=1 UidState=3 apmStat=1
10-09 23:07:57.139  2548  2548 I BufferQueueConsumer: [](id:9f4000001ab,api:0,p:-1,c:2548) connect: controlledByApp=false
10-09 23:07:57.140  2548  2548 I BLASTBufferQueue: [ViewRootImpl[Launcher]#281] constructor()
10-09 23:07:57.140  2548  2792 I BufferQueueProducer: [ViewRootImpl[Launcher]#281(BLAST Consumer)281](id:9f4000001ab,api:1,p:2548,c:2548) connect: api=1 producerControlledByApp=true
10-09 23:07:57.143 21571 21571 D View    : [Warning] assignParent to null: this = DecorView@b1b9314[InstrumentationActivityInvoker$EmptyActivity]
10-09 23:07:57.147   973   973 D OplusLayer: setBuffer sequence=16341, name=com.android.launcher/com.android.launcher.Launcher#0
10-09 23:07:57.147   973   973 I OplusLayer: VRR [FRTC] update from -1 to 0
10-09 23:07:57.148  4661 26807 D SurfaceComposerClient: VRR [FRTC] client handle [bufferId:18446744073709551615 framenumber:0] [ffffffff, ffffffff]
10-09 23:07:57.151  4167  4167 I GsaVoiceInteractionSrv: Handling ACTION_START_HOTWORD
10-09 23:07:57.151  1866  4646 W InputManager-JNI: Input channel object '569f387 com.example.dogglers/androidx.test.core.app.InstrumentationActivityInvoker$EmptyActivity (client)' was disposed without first being removed with the input manager!
10-09 23:07:57.152  4167  5351 I GsaVoiceInteractionSrv: (REDACTED) disregardVoiceMatch: %b
10-09 23:07:57.154  4661 26807 I OpenGLRenderer: Davey! duration=73702ms; Flags=1, FrameTimelineVsyncId=1718378, IntendedVsync=26883183944481, Vsync=26883183944481, InputEventId=1366126088, HandleInputStart=26883184388909, AnimationStart=26883184390986, PerformTraversalsStart=26883184391678, DrawStart=26883211681524, FrameDeadline=26883220611148, FrameInterval=26883184367370, FrameStartTime=16666667, SyncQueued=26883215482370, SyncStart=26883215630139, IssueDrawCommandsStart=26883215870139, SwapBuffers=26883218136909, FrameCompleted=26956886857759, DequeueBufferDuration=23385, QueueBufferDuration=652616, GpuCompleted=26956886857759, SwapBuffersCompleted=26883220987601, DisplayPresentTime=0,
10-09 23:07:57.154   968 22675 D AudioPolicyService: updateUidStates_l() current->uid=10136 current->pid=4167 allowCapture=1 UidState=3 apmStat=1
10-09 23:07:57.159   867   923 I sensors-hal-OriginChannel: wise light debug, data[2].type is 65627,data[2].sensor is 91:[248.000000,,25.000000,,4.000000,0.000000,38631369692047]
10-09 23:07:57.164   973   973 D OplusLayer: setBuffer sequence=16342, name=com.android.launcher/com.android.launcher.Launcher#0
10-09 23:07:57.164   973   973 I OplusLayer: VRR [FRTC] update from -1 to 0
10-09 23:07:57.164  2548 31838 D SurfaceComposerClient: VRR [FRTC] client handle [bufferId:18446744073709551615 framenumber:0] [ffffffff, ffffffff]
10-09 23:07:57.166   973   973 I BufferQueueDebug: [com.example.dogglers/androidx.test.core.app.InstrumentationActivityInvoker$EmptyActivity#0](this:0xb4000073963f0998,id:-1,api:0,p:-1,c:973) onDestructor()
10-09 23:07:57.166 21571 21653 I BLASTBufferQueue: releaseBufferCallbackThunk bufferId:92646739542024 framenumber:1 blastBufferQueue is dead
10-09 23:07:57.166   973   973 D OplusLayer: ~Layer() sequence=16331, name=com.example.dogglers/androidx.test.core.app.InstrumentationActivityInvoker$EmptyActivity#0 0xb4000073963ee000
10-09 23:07:57.175  2346  2346 D OplusWallpaperServiceHelper: isNightMode is true
10-09 23:07:57.175  2346  2346 I OplusWallpaperServiceHelper: getDarkModeWallpaperWindowAlpha. nightMode = false
10-09 23:07:57.178  3335  3356 E oiface  : get gpu freq table failed
10-09 23:07:57.180  3335  3356 E oiface  : get gpu freq table failed
10-09 23:07:57.180 21571 21624 I TestRunner: finished: recycler_view_item_count(com.example.dogglers.VerticalListTests)
