10-09 18:57:13.385  3306  4841 D OplusAtlas.OplusMessageHandler: handleMessage: Msg { when=0 what=2 obj=com.oplus.atlas.OplusAtlasEvent@b607512 target=com.oplus.atlas.OplusMessageHandler$MyHandler }
10-09 18:57:13.386   968 25121 D AudioPolicyService: updateUidStates_l() current->uid=10136 current->pid=4167 allowCapture=1 UidState=3 apmStat=1
10-09 18:57:13.386   968 25121 D AudioPolicyService: updateUidStates_l() current->uid=10136 current->pid=4167 allowCapture=1 UidState=5 apmStat=1
10-09 18:57:13.386   968 25121 D AudioPolicyService: updateUidStates_l() current->uid=10136 current->pid=4167 allowCapture=1 UidState=5 apmStat=1
10-09 18:57:13.387  3789  3789 I BLASTBufferQueue: [ViewRootImpl[VerticalListActivity]#3] destructor()
10-09 18:57:13.387  3789  3789 I BufferQueueConsumer: [ViewRootImpl[VerticalListActivity]#3(BLAST Consumer)3](id:ecd00000003,api:0,p:-1,c:3789) disconnect
10-09 18:57:13.389  3789  3789 D LifecycleMonitor: Lifecycle status change: com.example.dogglers.VerticalListActivity@26ceee8 in: STOPPED
10-09 18:57:13.389  3789  3789 V ActivityScenario: Update currentActivityStage to STOPPED, currentActivity=com.example.dogglers.VerticalListActivity@26ceee8
10-09 18:57:13.391  3789  3789 D LifecycleMonitor: Lifecycle status change: com.example.dogglers.VerticalListActivity@26ceee8 in: DESTROYED
10-09 18:57:13.391  3789  3789 V ActivityScenario: Update currentActivityStage to DESTROYED, currentActivity=null
10-09 18:57:13.392  3789  3789 D View    : [Warning] assignParent to null: this = DecorView@7d89573[VerticalListActivity]
10-09 18:57:13.392  1866  2774 W InputManager-JNI: Input channel object 'c2ac325 com.example.dogglers/com.example.dogglers.VerticalListActivity (client)' was disposed without first being removed with the input manager!
10-09 18:57:13.395  2548  3269 I BLASTBufferQueue: releaseBufferCallbackThunk bufferId:10943576671830 framenumber:51 blastBufferQueue is dead
10-09 18:57:13.395   973   973 I BufferQueueDebug: [com.android.launcher/com.android.launcher.Launcher#1](this:0xb40000739635a998,id:-1,api:0,p:-1,c:973) onDestructor()
10-09 18:57:13.395   973   973 D OplusLayer: ~Layer() sequence=10387, name=com.android.launcher/com.android.launcher.Launcher#1 0xb400007396358000
10-09 18:57:13.396   973   973 I BufferQueueDebug: [com.android.launcher/com.android.launcher.Launcher#0](this:0xb40000739632c998,id:-1,api:0,p:-1,c:973) onDestructor()
10-09 18:57:13.396  4661  6267 I BLASTBufferQueue: releaseBufferCallbackThunk bufferId:20018842567430 framenumber:1 blastBufferQueue is dead
10-09 18:57:13.396   973   973 D OplusLayer: ~Layer() sequence=10386, name=com.android.launcher/com.android.launcher.Launcher#0 0xb40000739632a000
10-09 18:57:13.396   973   973 I BufferQueueDebug: [com.example.dogglers/com.example.dogglers.VerticalListActivity#0](this:0xb40000739728c998,id:-1,api:0,p:-1,c:973) onDestructor()
10-09 18:57:13.396  3789  3827 I BLASTBufferQueue: releaseBufferCallbackThunk bufferId:16273631084559 framenumber:9 blastBufferQueue is dead
10-09 18:57:13.396   973   973 D OplusLayer: ~Layer() sequence=10406, name=com.example.dogglers/com.example.dogglers.VerticalListActivity#0 0xb40000739728a000
10-09 18:57:13.400   859  4288 D C2MtkBufferManager: over 5000ms not request from VCodec but callback hooked, slow BM Cc fetch thread
10-09 18:57:13.404  3789  3789 D LifecycleMonitor: Lifecycle status change: androidx.test.core.app.InstrumentationActivityInvoker$EmptyActivity@232ff8b in: PAUSED
10-09 18:57:13.404  3789  3789 V ActivityScenario: Activity lifecycle changed event received but ignored because the intent does not match. startActivityIntent=Intent { act=android.intent.action.MAIN cat=[android.intent.category.LAUNCHER] cmp=com.example.dogglers/.VerticalListActivity }, activity.getIntent()=Intent { act=android.intent.action.MAIN cat=[android.intent.category.LAUNCHER] flg=0x10000000 cmp=com.example.dogglers/androidx.test.core.app.InstrumentationActivityInvoker$EmptyActivity mCallingUid=10115 }, activity=androidx.test.core.app.InstrumentationActivityInvoker$EmptyActivity@232ff8b
10-09 18:57:13.407  1866  3235 I PowerHalWrapper: amsBoostNotify pid:3789,activity:androidx.test.core.app.InstrumentationActivityInvoker$EmptyActivity, package:com.example.dogglers, mProcessCreatePackcom.example.dogglers
10-09 18:57:13.407  1866  3235 I PowerHalWrapper: state: 1
10-09 18:57:13.408  1866  3235 I PowerHalWrapper: amsBoostNotify AMS_BOOST_PROCESS_CREATE_BOOST:false
10-09 18:57:13.408  1866  3235 I InputDispatcher: setFocusedApplication displayId=0 ActivityRecord{d6a9ce5 u0 com.example.dogglers/androidx.test.core.app.InstrumentationActivityInvoker$EmptyActivity t161}
10-09 18:57:13.408  1866  3235 D Theia.NoFocusWindow: FocusWindowErrorScene CheckFreezeScreen
10-09 18:57:13.411  1866  3235 I PowerHalWrapper: amsBoostNotify pid:3789,activity:androidx.test.core.app.InstrumentationActivityInvoker$EmptyActivity, package:com.example.dogglers, mProcessCreatePackcom.example.dogglers
10-09 18:57:13.411  1866  3235 I PowerHalWrapper: state: 0
10-09 18:57:13.411  1866  3235 I PowerHalWrapper: amsBoostNotify AMS_BOOST_PROCESS_CREATE_BOOST:false
10-09 18:57:13.411   973   973 D OplusLayer: ~Layer() sequence=10381, name=Surface(name=7edaa53 InputMethod)/@0x5a9888e - animation-leash of insets_animation#0 0xb4000073b0735000
10-09 18:57:13.412   973   973 D OplusLayer: ~Layer() sequence=10400, name=ActivityRecord{1d91ff9 u0 com.example.dogglers/.VerticalListActivity#0 0xb400007396384000
10-09 18:57:13.412   973   973 D OplusLayer: ~Layer() sequence=10405, name=c2ac325 com.example.dogglers/com.example.dogglers.VerticalListActivity#0 0xb4000073b03da000
10-09 18:57:13.412  1866  2774 D InputMethodManagerService: isSecurity: attribute.packageName=com.example.dogglers mCurMethodId=org.dslul.openboard.inputmethod.latin/.LatinIME
10-09 18:57:13.412   973   973 D OplusLayer: ~Layer() sequence=10410, name=Surface(name=7edaa53 InputMethod)/@0x5a9888e - animation-leash of insets_animation#0 0xb4000073b0549000
10-09 18:57:13.412  1866  2774 D InputMethodManagerService: isSecurity= false (  enable=false needShow=false inBlackList=false isExist=true )
10-09 18:57:13.413  1866  2774 D InputMethodManagerService: isSecurity: attribute.packageName=com.example.dogglers mCurMethodId=org.dslul.openboard.inputmethod.latin/.LatinIME
10-09 18:57:13.413  1866  2774 D InputMethodManagerService: isSecurity= false (  enable=false needShow=false inBlackList=false isExist=true )
10-09 18:57:13.413  1866  2774 D InputMethodManagerService: startInputOrWindowGainedFocus:  reset Secure =false
10-09 18:57:13.416  3789  3789 D LifecycleMonitor: Lifecycle status change: androidx.test.core.app.InstrumentationActivityInvoker$BootstrapActivity@c894682 in: DESTROYED
10-09 18:57:13.416  3789  3789 V ActivityScenario: Activity lifecycle changed event received but ignored because the intent does not match. startActivityIntent=Intent { act=android.intent.action.MAIN cat=[android.intent.category.LAUNCHER] cmp=com.example.dogglers/.VerticalListActivity }, activity.getIntent()=Intent { act=android.intent.action.MAIN cat=[android.intent.category.LAUNCHER] flg=0x10008000 cmp=com.example.dogglers/androidx.test.core.app.InstrumentationActivityInvoker$BootstrapActivity (has extras) mCallingUid=10115 }, activity=androidx.test.core.app.InstrumentationActivityInvoker$BootstrapActivity@c894682
10-09 18:57:13.417  3789  3898 D libMEOW : meow new tls: 0xb40000762220d680
10-09 18:57:13.417  3789  3898 D libMEOW : applied 0 plugin for [com.example.dogglers].
10-09 18:57:13.417  3789  3898 D libMEOW : meow delete tls: 0xb40000762220d680
10-09 18:57:13.417   940   940 E ORMS_HAL: open /sys/devices/platform/soc/soc:oplus-omrg/oplus-omrg0/ruler_enable failed(No such file or directory)
10-09 18:57:13.418   940   940 E ORMS_HAL: open /sys/devices/platform/soc/soc:oplus-omrg/oplus-omrg0/ruler_enable failed(No such file or directory)
10-09 18:57:13.418  1866  1999 I mtkpower_client: perf_lock_rel, hdl:15790, tid:1999
10-09 18:57:13.419  1866  1999 I mtkpower_client: perf_lock_acq, hdl:15790, dur:0, num:12, tid:1999
10-09 18:57:13.419   886   961 I libPowerHal: [perfLockRel] hdl:15790, idx:0
10-09 18:57:13.419   886   961 I libPowerHal: system_server: cpu_ctrl set cpu freq: -1 -1 -1 -1
10-09 18:57:13.419   886   961 I libPowerHal: [PD] system_server update cmd:1410000 param:0
10-09 18:57:13.419   886   961 I libPowerHal: [PD] system_server update cmd:1c3c000, param:1
10-09 18:57:13.420   886   961 I libPowerHal: [PD] system_server update cmd:2004100 param:2
10-09 18:57:13.420  1866  1999 I mtkpower_client: ret_hdl:15791
10-09 18:57:13.420   859  4288 D C2MtkBufferManager: over 5000ms not request from VCodec but callback hooked, slow BM Cc fetch thread
10-09 18:57:13.421  3789  3789 D LifecycleMonitor: Lifecycle status change: androidx.test.core.app.InstrumentationActivityInvoker$EmptyActivity@4cd850a in: PRE_ON_CREATE
10-09 18:57:13.421  3789  3789 V ActivityScenario: Activity lifecycle changed event received but ignored because the intent does not match. startActivityIntent=Intent { act=android.intent.action.MAIN cat=[android.intent.category.LAUNCHER] cmp=com.example.dogglers/.VerticalListActivity }, activity.getIntent()=Intent { act=android.intent.action.MAIN cat=[android.intent.category.LAUNCHER] flg=0x10000000 cmp=com.example.dogglers/androidx.test.core.app.InstrumentationActivityInvoker$EmptyActivity mCallingUid=10115 }, activity=androidx.test.core.app.InstrumentationActivityInvoker$EmptyActivity@4cd850a
10-09 18:57:13.422   886   961 I libPowerHal: system_server: cpu_ctrl set cpu freq: 2000000 -1 2400000 -1
10-09 18:57:13.428   973   973 D OplusLayer: ~Layer() sequence=10397, name=ActivityRecord{2c32378 u0 com.example.dogglers/androidx.test.core.app.InstrumentationActivityInvoker$BootstrapActivity#0 0xb400007397026000
10-09 18:57:13.429  1866  3235 I FocusResolver: updateFocusedWindow,  on display 0, reason: NO_WINDOW, result:   FocusedWindows: <none>
10-09 18:57:13.431  3789  3789 D LifecycleMonitor: Lifecycle status change: androidx.test.core.app.InstrumentationActivityInvoker$EmptyActivity@4cd850a in: CREATED
10-09 18:57:13.431  3789  3789 V ActivityScenario: Activity lifecycle changed event received but ignored because the intent does not match. startActivityIntent=Intent { act=android.intent.action.MAIN cat=[android.intent.category.LAUNCHER] cmp=com.example.dogglers/.VerticalListActivity }, activity.getIntent()=Intent { act=android.intent.action.MAIN cat=[android.intent.category.LAUNCHER] flg=0x10000000 cmp=com.example.dogglers/androidx.test.core.app.InstrumentationActivityInvoker$EmptyActivity mCallingUid=10115 }, activity=androidx.test.core.app.InstrumentationActivityInvoker$EmptyActivity@4cd850a
10-09 18:57:13.432  3789  3789 D LifecycleMonitor: Lifecycle status change: androidx.test.core.app.InstrumentationActivityInvoker$EmptyActivity@4cd850a in: STARTED
10-09 18:57:13.432  3789  3789 V ActivityScenario: Activity lifecycle changed event received but ignored because the intent does not match. startActivityIntent=Intent { act=android.intent.action.MAIN cat=[android.intent.category.LAUNCHER] cmp=com.example.dogglers/.VerticalListActivity }, activity.getIntent()=Intent { act=android.intent.action.MAIN cat=[android.intent.category.LAUNCHER] flg=0x10000000 cmp=com.example.dogglers/androidx.test.core.app.InstrumentationActivityInvoker$EmptyActivity mCallingUid=10115 }, activity=androidx.test.core.app.InstrumentationActivityInvoker$EmptyActivity@4cd850a
10-09 18:57:13.434  3789  3789 D LifecycleMonitor: Lifecycle status change: androidx.test.core.app.InstrumentationActivityInvoker$EmptyActivity@4cd850a in: RESUMED
10-09 18:57:13.434  3789  3789 V ActivityScenario: Activity lifecycle changed event received but ignored because the intent does not match. startActivityIntent=Intent { act=android.intent.action.MAIN cat=[android.intent.category.LAUNCHER] cmp=com.example.dogglers/.VerticalListActivity }, activity.getIntent()=Intent { act=android.intent.action.MAIN cat=[android.intent.category.LAUNCHER] flg=0x10000000 cmp=com.example.dogglers/androidx.test.core.app.InstrumentationActivityInvoker$EmptyActivity mCallingUid=10115 }, activity=androidx.test.core.app.InstrumentationActivityInvoker$EmptyActivity@4cd850a
10-09 18:57:13.435   973  1022 I SurfaceFlinger: [SF client] NEW(0xb4000073b02a11c0) for (3789:com.example.dogglers)
10-09 18:57:13.437  3789  3789 D WindowManager: Add to mViews: DecorView@746e7d6[InstrumentationActivityInvoker$EmptyActivity],pkg= com.example.dogglers
10-09 18:57:13.439  3789  3789 D ViewRootImpl[InstrumentationActivityInvoker$EmptyActivity]: hardware acceleration = true, sRendererEnabled = true, forceHwAccelerated = false
10-09 18:57:13.440  1866  3235 D OplusDisplayPolicy: com.example.dogglers, no change cutoutMode: 0
10-09 18:57:13.441   859  4288 D C2MtkBufferManager: over 5000ms not request from VCodec but callback hooked, slow BM Cc fetch thread
10-09 18:57:13.447  1866  3235 D OplusDisplayPolicy: com.example.dogglers, no change cutoutMode: 0
10-09 18:57:13.448   973  3273 I BufferQueueDebug: [com.example.dogglers/androidx.test.core.app.InstrumentationActivityInvoker$EmptyActivity#1](this:0xb4000073b04e8998,id:-1,api:0,p:-1,c:-1) BufferQueue core=(973:/system/bin/surfaceflinger)
10-09 18:57:13.452  1866  3235 D Theia.NoFocusWindow: FocusWindowErrorScene cancelCheckFreezeScreen
10-09 18:57:13.453  3789  3789 I BufferQueueConsumer: [](id:ecd00000005,api:0,p:-1,c:3789) connect: controlledByApp=false
10-09 18:57:13.453  3789  3789 I BLASTBufferQueue: [ViewRootImpl[InstrumentationActivityInvoker$EmptyActivity]#5] constructor()
10-09 18:57:13.454  3789  3845 I BufferQueueProducer: [ViewRootImpl[InstrumentationActivityInvoker$EmptyActivity]#5(BLAST Consumer)5](id:ecd00000005,api:1,p:3789,c:3789) connect: api=1 producerControlledByApp=true
10-09 18:57:13.460   973   973 D OplusLayer: setBuffer sequence=10423, name=com.example.dogglers/androidx.test.core.app.InstrumentationActivityInvoker$EmptyActivity#1
10-09 18:57:13.460   973   973 I OplusLayer: VRR [FRTC] update from -1 to 0
10-09 18:57:13.461  3789  3827 D SurfaceComposerClient: VRR [FRTC] client handle [bufferId:18446744073709551615 framenumber:0] [ffffffff, ffffffff]
10-09 18:57:13.461   859  4288 D C2MtkBufferManager: over 5000ms not request from VCodec but callback hooked, slow BM Cc fetch thread
10-09 18:57:13.467  1866  1892 I ActivityTaskManager: Displayed com.example.dogglers/androidx.test.core.app.InstrumentationActivityInvoker$EmptyActivity: +93ms
10-09 18:57:13.469   886   897 I mtkpower@impl: [setMode] type:5, enabled:0
10-09 18:57:13.470  1866  2774 I PowerHalWrapper: amsBoostNotify pid:3789,activity:androidx.test.core.app.InstrumentationActivityInvoker$EmptyActivity, package:com.example.dogglers, mProcessCreatePackcom.example.dogglers
10-09 18:57:13.470  1866  2774 I PowerHalWrapper: state: 0
10-09 18:57:13.470  1866  2774 I PowerHalWrapper: amsBoostNotify AMS_BOOST_PROCESS_CREATE_BOOST:false
10-09 18:57:13.470  1866  2774 I PowerHalWrapper: amsBoostStop AMS_BOOST_PACK_SWITCH:false, AMS_BOOST_ACT_SWITCH:true, AMS_BOOST_PROCESS_CREATE:false
10-09 18:57:13.473  1866  2774 I PowerHalWrapper: amsBoostStop AMS_BOOST_PACK_SWITCH:false, AMS_BOOST_ACT_SWITCH:false, AMS_BOOST_PROCESS_CREATE:false
10-09 18:57:13.474   940   940 E ORMS_HAL: open /sys/devices/platform/soc/soc:oplus-omrg/oplus-omrg0/ruler_enable failed(No such file or directory)
10-09 18:57:13.474  1866  5003 D Theia.NoFocusWindow: FocusWindowErrorScene CheckFreezeScreen
10-09 18:57:13.475  1866  5003 I InputDispatcher: setFocusedApplication displayId=0 ActivityRecord{99a9718 u0 com.android.launcher/.Launcher t5}
10-09 18:57:13.475   940   940 E ORMS_HAL: open /sys/devices/platform/soc/soc:oplus-omrg/oplus-omrg0/ruler_enable failed(No such file or directory)
10-09 18:57:13.475  1866  1999 I mtkpower_client: perf_lock_rel, hdl:15791, tid:1999
10-09 18:57:13.475  1866  1999 I mtkpower_client: perf_lock_acq, hdl:15791, dur:0, num:12, tid:1999
10-09 18:57:13.475   886   961 I libPowerHal: [perfLockRel] hdl:15791, idx:0
10-09 18:57:13.475   886   961 I libPowerHal: system_server: cpu_ctrl set cpu freq: -1 -1 -1 -1
10-09 18:57:13.475   886   961 I libPowerHal: [PD] system_server update cmd:1410000 param:0
10-09 18:57:13.475   886   961 I libPowerHal: [PD] system_server update cmd:1c3c000, param:1
10-09 18:57:13.475   886   961 I libPowerHal: [PD] system_server update cmd:2004100 param:2
10-09 18:57:13.475  2739  2922 D AppSwitchListener: onAppEnter: Uid = 10115
10-09 18:57:13.476  2739  2922 W AuthDialogHelper: checkNotificationSwitchFirst() called with: context = [com.oplus.notification.NotificationCenterService@418e2fb], pkg = [com.example.dogglers], uid = [10115], userId = [0], init checker
10-09 18:57:13.476  1866  1999 I mtkpower_client: ret_hdl:15792
10-09 18:57:13.476  2739  2922 E AuthDialogHelper: CheckNotificationCanBeSetSecond: check com.example.dogglers , Notification master switch on, unable to pop dialog
10-09 18:57:13.476   886   961 I libPowerHal: system_server: cpu_ctrl set cpu freq: 2000000 -1 2400000 -1
10-09 18:57:13.476   940   940 E ORMS_HAL: open /sys/devices/platform/soc/soc:oplus-omrg/oplus-omrg0/ruler_enable failed(No such file or directory)
10-09 18:57:13.477   940   940 E ORMS_HAL: open /sys/devices/platform/soc/soc:oplus-omrg/oplus-omrg0/ruler_enable failed(No such file or directory)
10-09 18:57:13.477  1866  1999 I mtkpower_client: perf_lock_rel, hdl:15792, tid:1999
10-09 18:57:13.477  1866  1999 I mtkpower_client: perf_lock_acq, hdl:15792, dur:0, num:12, tid:1999
10-09 18:57:13.478   886   961 I libPowerHal: [perfLockRel] hdl:15792, idx:0
10-09 18:57:13.478   886   961 I libPowerHal: system_server: cpu_ctrl set cpu freq: -1 -1 -1 -1
10-09 18:57:13.478   973   973 D OplusLayer: ~Layer() sequence=10418, name=Surface(name=634d9c0 StatusBar)/@0x8de5787 - animation-leash of insets_animation#0 0xb400007397440000
10-09 18:57:13.478   886   961 I libPowerHal: [PD] system_server update cmd:1410000 param:0
10-09 18:57:13.478   886   961 I libPowerHal: [PD] system_server update cmd:1c3c000, param:1
10-09 18:57:13.478   973   973 D OplusLayer: ~Layer() sequence=10419, name=Surface(name=97f7650 NavigationBar0)/@0x92332dd - animation-leash of insets_animation#1 0xb400007397442800
10-09 18:57:13.478   886   961 I libPowerHal: [PD] system_server update cmd:2004100 param:2
10-09 18:57:13.479  1866  1999 I mtkpower_client: ret_hdl:15793
10-09 18:57:13.479   886   961 I libPowerHal: system_server: cpu_ctrl set cpu freq: 2000000 -1 2400000 -1
10-09 18:57:13.481  3789  3789 D LifecycleMonitor: Lifecycle status change: androidx.test.core.app.InstrumentationActivityInvoker$EmptyActivity@232ff8b in: STOPPED
10-09 18:57:13.481  3789  3789 V ActivityScenario: Activity lifecycle changed event received but ignored because the intent does not match. startActivityIntent=Intent { act=android.intent.action.MAIN cat=[android.intent.category.LAUNCHER] cmp=com.example.dogglers/.VerticalListActivity }, activity.getIntent()=Intent { act=android.intent.action.MAIN cat=[android.intent.category.LAUNCHER] flg=0x10000000 cmp=com.example.dogglers/androidx.test.core.app.InstrumentationActivityInvoker$EmptyActivity mCallingUid=10115 }, activity=androidx.test.core.app.InstrumentationActivityInvoker$EmptyActivity@232ff8b
10-09 18:57:13.482   859  4288 D C2MtkBufferManager: over 5000ms not request from VCodec but callback hooked, slow BM Cc fetch thread
10-09 18:57:13.482  3789  3789 D LifecycleMonitor: Lifecycle status change: androidx.test.core.app.InstrumentationActivityInvoker$EmptyActivity@4cd850a in: PAUSED
10-09 18:57:13.483  3789  3789 V ActivityScenario: Activity lifecycle changed event received but ignored because the intent does not match. startActivityIntent=Intent { act=android.intent.action.MAIN cat=[android.intent.category.LAUNCHER] cmp=com.example.dogglers/.VerticalListActivity }, activity.getIntent()=Intent { act=android.intent.action.MAIN cat=[android.intent.category.LAUNCHER] flg=0x10000000 cmp=com.example.dogglers/androidx.test.core.app.InstrumentationActivityInvoker$EmptyActivity mCallingUid=10115 }, activity=androidx.test.core.app.InstrumentationActivityInvoker$EmptyActivity@4cd850a
10-09 18:57:13.483  1866  2774 V SensorManager: call sensorServiceCommonInterface name: setScreenShotDisable
10-09 18:57:13.483  1866  2774 D SensorService: SensorService sensorServiceCommonInterface = setScreenShotDisable
10-09 18:57:13.483  1866  2774 D SensorServiceImpl: SensorServiceExtImpl sensorServiceCommonInterface funcName= setScreenShotDisable , flag =0, status =0
10-09 18:57:13.483  1866  2774 I OplusHansManager : front pkg: com.android.launcher, uid: 10105, prev pkg: com.example.dogglers, prev uid: 10115
10-09 18:57:13.484  1866  3301 I OplusHansManager : notifyAppGoForeground, uid=10105
10-09 18:57:13.484  1866  3301 I OplusHansManager : notifyAppGoBackground, uid=10115
10-09 18:57:13.484  1866  2540 I OplusHansManager : uid=10115, pkg=com.example.dogglers enter SM
10-09 18:57:13.484  1866  2540 I OplusHansManager : uid=10115, pkg=com.example.dogglers R enter()
10-09 18:57:13.484  1866  2368 I Osense-DecisionMaker: notifySceneToPolicy...SCENE_LAUNCHER
10-09 18:57:13.484  1866  2368 D Osense-DecisionMaker: getCurrentSysStats, memMb: 3793
10-09 18:57:13.484  1866  2547 I OplusResourcePreloadManager: resume pkg: com.android.launcher, uid:10105, prev pkg: com.example.dogglers, prev uid: 10115
10-09 18:57:13.485  1866  2855 V DCSEX-AppSwitchManager: OnAppSwitchObserver: onAppExit, resuming = com.android.launcher, target = com.example.dogglers, is ResumingFirstStart =  false, is ResumingMultiApp =  false, extensionInfo =  Bundle[{taskId=5, uid=10105}]
10-09 18:57:13.485  1866  2774 I PowerHalWrapper: amsBoostNotify pid:2548,activity:com.android.launcher.Launcher, package:com.android.launcher, mProcessCreatePackcom.example.dogglers
10-09 18:57:13.485  1866  2774 I PowerHalWrapper: state: 1
10-09 18:57:13.485  1866  2774 I PowerHalWrapper: amsBoostNotify AMS_BOOST_PROCESS_CREATE_BOOST:false
10-09 18:57:13.485  1866  7056 D DCSEX-AppLaunchEventRecorder: onAppSwitch from = com.example.dogglers to = com.android.launcher
10-09 18:57:13.485   886   961 I libPowerHal: [perfNotifyAppState] foreground:com.android.launcher, pid:2548, uid:10105
10-09 18:57:13.485   886   961 I UxUtility: notifyForegroundApp pack:com.android.launcher, uid:10105
10-09 18:57:13.485   886   961 I TouchUtility: notifyAppState error = NULL
10-09 18:57:13.486   886   896 I mtkpower@impl: [notifyAppState] pc:0, com.example.dogglers => com.android.launcher
10-09 18:57:13.486  2739 31418 D AppSwitchListener: onAppExit() called !
10-09 18:57:13.487  1866  2855 V DCSEX-AppSwitchManager: OnAppSwitchObserver: onAppEnter, launchedFrom =  null, target =  com.android.launcher, is firstStart =  false, is multiApp =  false, extensionInfo =  Bundle[{taskId=5, pid=2548, uid=10105}]
10-09 18:57:13.488  4545  4563 D ZoomAppController: ignore onAppEnter: mCurrentZoomInfo is null
10-09 18:57:13.488   968 15760 D AudioPolicyService: updateUidStates_l() current->uid=10136 current->pid=4167 allowCapture=1 UidState=5 apmStat=1
10-09 18:57:13.488  1866  1980 E AthenaService: MemoryGuardAction: handleAppChange
10-09 18:57:13.489  2739 31418 W Battery : ThermalControlUtils: mForegroundPkg=com.android.launcher
10-09 18:57:13.489  1866  2774 I PowerHalWrapper: amsBoostNotify pid:3789,activity:androidx.test.core.app.InstrumentationActivityInvoker$EmptyActivity, package:com.example.dogglers, mProcessCreatePackcom.example.dogglers
10-09 18:57:13.489  1866  2774 I PowerHalWrapper: state: 0
10-09 18:57:13.489  1866  2774 I PowerHalWrapper: amsBoostNotify AMS_BOOST_PROCESS_CREATE_BOOST:false
10-09 18:57:13.489  3306  3324 D OplusAtlas.OplusAtlasEventDispatch: setEvent:atlas_event_on_foreground_activities_changed info:pid:2548,uid:10105,hasForegroundActivities:1
10-09 18:57:13.489  4707  4734 V DeepThinker: ProcessManager: onForegroundActivitiesChanged pid:2548, uid:10105, foregroundActivities:true
10-09 18:57:13.489  3306  4568 D OplusAtlas.OplusAudioScene: callback success event:atlas_event_on_foreground_activities_changed eventInfo:pid:2548,uid:10105,hasForegroundActivities:1
10-09 18:57:13.490  3306  4841 D OplusAtlas.OplusMessageHandler: handleMessage: Msg { when=0 what=2 obj=com.oplus.atlas.OplusAtlasEvent@9a984e3 target=com.oplus.atlas.OplusMessageHandler$MyHandler }
10-09 18:57:13.493  2739 31418 W Battery : ThermalControllHandler: tempLevel=4,userMode=2,gameUserMode=-1,appType=-1,envTempType=0,appStates=[]
10-09 18:57:13.493  2739 31418 W Battery : ThermalControllerCenter: mSafetyState=10000
10-09 18:57:13.493   973  1022 I BufferQueueDebug: [com.android.launcher/com.android.launcher.Launcher#0](this:0xb400007397320998,id:-1,api:0,p:-1,c:-1) BufferQueue core=(973:/system/bin/surfaceflinger)
10-09 18:57:13.494  2739 31418 W Battery : ThermalControllHandler: tempGear=4,configItemName=common_config
10-09 18:57:13.495  2739  5446 W Battery : ThermalControllHandler: MSG_THERMAL_CONTROL_CATEGORY_CHANGED
10-09 18:57:13.497  3789  3789 D LifecycleMonitor: Lifecycle status change: androidx.test.core.app.InstrumentationActivityInvoker$EmptyActivity@232ff8b in: DESTROYED
10-09 18:57:13.497   968 15760 D AudioPolicyService: updateUidStates_l() current->uid=10136 current->pid=4167 allowCapture=1 UidState=5 apmStat=1
10-09 18:57:13.497  3789  3789 V ActivityScenario: Activity lifecycle changed event received but ignored because the intent does not match. startActivityIntent=Intent { act=android.intent.action.MAIN cat=[android.intent.category.LAUNCHER] cmp=com.example.dogglers/.VerticalListActivity }, activity.getIntent()=Intent { act=android.intent.action.MAIN cat=[android.intent.category.LAUNCHER] flg=0x10000000 cmp=com.example.dogglers/androidx.test.core.app.InstrumentationActivityInvoker$EmptyActivity mCallingUid=10115 }, activity=androidx.test.core.app.InstrumentationActivityInvoker$EmptyActivity@232ff8b
10-09 18:57:13.497   968 15760 D AudioPolicyService: updateUidStates_l() current->uid=10136 current->pid=4167 allowCapture=1 UidState=3 apmStat=1
10-09 18:57:13.498  3789  3845 I BufferQueueProducer: [ViewRootImpl[InstrumentationActivityInvoker$EmptyActivity]#4(BLAST Consumer)4](id:ecd00000004,api:1,p:3789,c:3789) disconnect: api 1
10-09 18:57:13.498  3789  3845 E BLASTBufferQueue: BLASTBufferItemConsumer::onDisconnect()
10-09 18:57:13.498  3789  3845 I BLASTBufferQueue: [ViewRootImpl[InstrumentationActivityInvoker$EmptyActivity]#4] destructor()
10-09 18:57:13.498  3789  3845 I BufferQueueConsumer: [ViewRootImpl[InstrumentationActivityInvoker$EmptyActivity]#4(BLAST Consumer)4](id:ecd00000004,api:0,p:-1,c:3789) disconnect
10-09 18:57:13.499  3789  3789 D View    : [Warning] assignParent to null: this = DecorView@34d71b2[InstrumentationActivityInvoker$EmptyActivity]
10-09 18:57:13.499  4661  4661 I BufferQueueConsumer: [](id:1235000000c1,api:0,p:-1,c:4661) connect: controlledByApp=false
10-09 18:57:13.500  4661  4661 I BLASTBufferQueue: [ViewRootImpl[Launcher]#193] constructor()
10-09 18:57:13.501  4661  4661 I A       : (REDACTED) onApplyWindowInsets: systemWindowInsets=%s
10-09 18:57:13.501  4661  4661 I A       : (REDACTED) onApplyWindowInsets: systemWindowInsets=%s
10-09 18:57:13.501  4661  4875 I BufferQueueProducer: [ViewRootImpl[Launcher]#193(BLAST Consumer)193](id:1235000000c1,api:1,p:4661,c:4661) connect: api=1 producerControlledByApp=true
10-09 18:57:13.501  1866  3235 W InputManager-JNI: Input channel object '394ac75 com.example.dogglers/androidx.test.core.app.InstrumentationActivityInvoker$EmptyActivity (client)' was disposed without first being removed with the input manager!
10-09 18:57:13.502   859  4288 D C2MtkBufferManager: over 5000ms not request from VCodec but callback hooked, slow BM Cc fetch thread
10-09 18:57:13.506   968 15760 D AudioPolicyService: updateUidStates_l() current->uid=10136 current->pid=4167 allowCapture=1 UidState=3 apmStat=1
10-09 18:57:13.509  3789  3842 I TestRunner: finished: vertical_scroll_content_at_last_position(com.example.dogglers.VerticalListTests)
