10-09 23:08:00.881  1866  4646 W InputManager-JNI: Input channel object '2e8fabc com.example.dogglers/com.example.dogglers.VerticalListActivity (client)' was disposed without first being removed with the input manager!
10-09 23:08:00.890   973   973 D OplusLayer: ~Layer() sequence=16413, name=Surface(name=7edaa53 InputMethod)/@0x5a9888e - animation-leash of insets_animation#0 0xb400007396d45800
10-09 23:08:00.890 21571 21571 D LifecycleMonitor: Lifecycle status change: androidx.test.core.app.InstrumentationActivityInvoker$EmptyActivity@febf831 in: PAUSED
10-09 23:08:00.891   973   973 D OplusLayer: ~Layer() sequence=16437, name=2e8fabc com.example.dogglers/com.example.dogglers.VerticalListActivity#0 0xb40000739681d800
10-09 23:08:00.891 21571 21571 V ActivityScenario: Activity lifecycle changed event received but ignored because the intent does not match. startActivityIntent=Intent { act=android.intent.action.MAIN cat=[android.intent.category.LAUNCHER] cmp=com.example.dogglers/.VerticalListActivity }, activity.getIntent()=Intent { act=android.intent.action.MAIN cat=[android.intent.category.LAUNCHER] flg=0x10000000 cmp=com.example.dogglers/androidx.test.core.app.InstrumentationActivityInvoker$EmptyActivity mCallingUid=10115 }, activity=androidx.test.core.app.InstrumentationActivityInvoker$EmptyActivity@febf831
10-09 23:08:00.891   973   973 D OplusLayer: ~Layer() sequence=16442, name=Surface(name=7edaa53 InputMethod)/@0x5a9888e - animation-leash of insets_animation#0 0xb4000073b075d800
10-09 23:08:00.894  1866  4224 I PowerHalWrapper: amsBoostNotify pid:21571,activity:androidx.test.core.app.InstrumentationActivityInvoker$EmptyActivity, package:com.example.dogglers, mProcessCreatePackcom.example.dogglers
10-09 23:08:00.894  1866  4224 I PowerHalWrapper: state: 1
10-09 23:08:00.894  1866  4224 I PowerHalWrapper: amsBoostNotify AMS_BOOST_PROCESS_CREATE_BOOST:false
10-09 23:08:00.894  1866  4224 I InputDispatcher: setFocusedApplication displayId=0 ActivityRecord{19b794e u0 com.example.dogglers/androidx.test.core.app.InstrumentationActivityInvoker$EmptyActivity t214}
10-09 23:08:00.895 21571 21713 I BLASTBufferQueue: [ViewRootImpl[VerticalListActivity]#10] destructor()
10-09 23:08:00.895 21571 21713 I BufferQueueConsumer: [ViewRootImpl[VerticalListActivity]#10(BLAST Consumer)10](id:54430000000a,api:0,p:-1,c:21571) disconnect
10-09 23:08:00.895  1866  4224 D Theia.NoFocusWindow: FocusWindowErrorScene CheckFreezeScreen
10-09 23:08:00.898  1866  4224 I PowerHalWrapper: amsBoostNotify pid:21571,activity:androidx.test.core.app.InstrumentationActivityInvoker$EmptyActivity, package:com.example.dogglers, mProcessCreatePackcom.example.dogglers
10-09 23:08:00.898  1866  4224 I PowerHalWrapper: state: 0
10-09 23:08:00.898  1866  4224 I PowerHalWrapper: amsBoostNotify AMS_BOOST_PROCESS_CREATE_BOOST:false
10-09 23:08:00.899  1866  4646 D InputMethodManagerService: isSecurity: attribute.packageName=com.example.dogglers mCurMethodId=org.dslul.openboard.inputmethod.latin/.LatinIME
10-09 23:08:00.899  1866  4646 D InputMethodManagerService: isSecurity= false (  enable=false needShow=false inBlackList=false isExist=true )
10-09 23:08:00.899  1866  4646 D InputMethodManagerService: isSecurity: attribute.packageName=com.example.dogglers mCurMethodId=org.dslul.openboard.inputmethod.latin/.LatinIME
10-09 23:08:00.899  1866  4646 D InputMethodManagerService: isSecurity= false (  enable=false needShow=false inBlackList=false isExist=true )
10-09 23:08:00.899  1866  4646 D InputMethodManagerService: startInputOrWindowGainedFocus:  reset Secure =false
10-09 23:08:00.901 21571 21571 D LifecycleMonitor: Lifecycle status change: androidx.test.core.app.InstrumentationActivityInvoker$BootstrapActivity@3a03af7 in: DESTROYED
10-09 23:08:00.902 21571 21571 V ActivityScenario: Activity lifecycle changed event received but ignored because the intent does not match. startActivityIntent=Intent { act=android.intent.action.MAIN cat=[android.intent.category.LAUNCHER] cmp=com.example.dogglers/.VerticalListActivity }, activity.getIntent()=Intent { act=android.intent.action.MAIN cat=[android.intent.category.LAUNCHER] flg=0x10008000 cmp=com.example.dogglers/androidx.test.core.app.InstrumentationActivityInvoker$BootstrapActivity (has extras) mCallingUid=10115 }, activity=androidx.test.core.app.InstrumentationActivityInvoker$BootstrapActivity@3a03af7
10-09 23:08:00.903 21571 21752 D libMEOW : meow new tls: 0xb4000075bee29f80
10-09 23:08:00.903 21571 21752 D libMEOW : applied 0 plugin for [com.example.dogglers].
10-09 23:08:00.903 21571 21752 D libMEOW : meow delete tls: 0xb4000075bee29f80
10-09 23:08:00.903   940   940 E ORMS_HAL: open /sys/devices/platform/soc/soc:oplus-omrg/oplus-omrg0/ruler_enable failed(No such file or directory)
10-09 23:08:00.903   940   940 E ORMS_HAL: open /sys/devices/platform/soc/soc:oplus-omrg/oplus-omrg0/ruler_enable failed(No such file or directory)
10-09 23:08:00.903  1866  1999 I mtkpower_client: perf_lock_rel, hdl:34403, tid:1999
10-09 23:08:00.904  1866  1999 I mtkpower_client: perf_lock_acq, hdl:34403, dur:0, num:12, tid:1999
10-09 23:08:00.904   886   961 I libPowerHal: [perfLockRel] hdl:34403, idx:0
10-09 23:08:00.904   886   961 I libPowerHal: system_server: cpu_ctrl set cpu freq: -1 -1 -1 -1
10-09 23:08:00.904   886   961 I libPowerHal: [PD] system_server update cmd:1410000 param:0
10-09 23:08:00.904   886   961 I libPowerHal: [PD] system_server update cmd:1c3c000, param:1
10-09 23:08:00.905   886   961 I libPowerHal: [PD] system_server update cmd:2004100 param:2
10-09 23:08:00.905  1866  1999 I mtkpower_client: ret_hdl:34404
10-09 23:08:00.906   886   961 I libPowerHal: system_server: cpu_ctrl set cpu freq: 2000000 -1 2400000 -1
10-09 23:08:00.907   973   973 I BufferQueueDebug: [com.example.dogglers/com.example.dogglers.VerticalListActivity#0](this:0xb4000073963ce998,id:-1,api:0,p:-1,c:973) onDestructor()
10-09 23:08:00.907 21571 21713 I BLASTBufferQueue: releaseBufferCallbackThunk bufferId:92646739542058 framenumber:6 blastBufferQueue is dead
10-09 23:08:00.907   973   973 D OplusLayer: ~Layer() sequence=16438, name=com.example.dogglers/com.example.dogglers.VerticalListActivity#0 0xb4000073963cc000
10-09 23:08:00.908   973   973 D OplusLayer: ~Layer() sequence=16429, name=ActivityRecord{7a8f5df u0 com.example.dogglers/androidx.test.core.app.InstrumentationActivityInvoker$BootstrapActivity#0 0xb4000073d5510000
10-09 23:08:00.908   973   973 D OplusLayer: ~Layer() sequence=16432, name=ActivityRecord{e1f7e92 u0 com.example.dogglers/.VerticalListActivity#0 0xb40000739702d800
10-09 23:08:00.908 21571 21571 D LifecycleMonitor: Lifecycle status change: androidx.test.core.app.InstrumentationActivityInvoker$EmptyActivity@eadc08 in: PRE_ON_CREATE
10-09 23:08:00.908 21571 21571 V ActivityScenario: Activity lifecycle changed event received but ignored because the intent does not match. startActivityIntent=Intent { act=android.intent.action.MAIN cat=[android.intent.category.LAUNCHER] cmp=com.example.dogglers/.VerticalListActivity }, activity.getIntent()=Intent { act=android.intent.action.MAIN cat=[android.intent.category.LAUNCHER] flg=0x10000000 cmp=com.example.dogglers/androidx.test.core.app.InstrumentationActivityInvoker$EmptyActivity mCallingUid=10115 }, activity=androidx.test.core.app.InstrumentationActivityInvoker$EmptyActivity@eadc08
10-09 23:08:00.909  1866  4224 I FocusResolver: updateFocusedWindow,  on display 0, reason: NO_WINDOW, result:   FocusedWindows: <none>
10-09 23:08:00.912   940   940 E ORMS_HAL: open /sys/devices/platform/soc/soc:oplus-omrg/oplus-omrg0/ruler_enable failed(No such file or directory)
10-09 23:08:00.912   940   940 E ORMS_HAL: open /sys/devices/platform/soc/soc:oplus-omrg/oplus-omrg0/ruler_enable failed(No such file or directory)
10-09 23:08:00.913  1866  1999 I mtkpower_client: perf_lock_rel, hdl:34404, tid:1999
10-09 23:08:00.913  1866  1999 I mtkpower_client: perf_lock_acq, hdl:34404, dur:0, num:10, tid:1999
10-09 23:08:00.913   886   961 I libPowerHal: [perfLockRel] hdl:34404, idx:0
10-09 23:08:00.913   886   961 I libPowerHal: system_server: cpu_ctrl set cpu freq: -1 -1 -1 -1
10-09 23:08:00.913   886   961 I libPowerHal: [PD] system_server update cmd:1410000 param:0
10-09 23:08:00.913   886   961 I libPowerHal: [PD] system_server update cmd:1c3c000, param:1
10-09 23:08:00.913   886   961 I libPowerHal: [PD] system_server update cmd:2004100 param:2
10-09 23:08:00.914  1866  1999 I mtkpower_client: ret_hdl:34405
10-09 23:08:00.914   886   961 I libPowerHal: system_server: cpu_ctrl set cpu freq: 2000000 -1 2400000 -1
10-09 23:08:00.919 21571 21571 D LifecycleMonitor: Lifecycle status change: androidx.test.core.app.InstrumentationActivityInvoker$EmptyActivity@eadc08 in: CREATED
10-09 23:08:00.919 21571 21571 V ActivityScenario: Activity lifecycle changed event received but ignored because the intent does not match. startActivityIntent=Intent { act=android.intent.action.MAIN cat=[android.intent.category.LAUNCHER] cmp=com.example.dogglers/.VerticalListActivity }, activity.getIntent()=Intent { act=android.intent.action.MAIN cat=[android.intent.category.LAUNCHER] flg=0x10000000 cmp=com.example.dogglers/androidx.test.core.app.InstrumentationActivityInvoker$EmptyActivity mCallingUid=10115 }, activity=androidx.test.core.app.InstrumentationActivityInvoker$EmptyActivity@eadc08
10-09 23:08:00.920 21571 21571 D LifecycleMonitor: Lifecycle status change: androidx.test.core.app.InstrumentationActivityInvoker$EmptyActivity@eadc08 in: STARTED
10-09 23:08:00.920 21571 21571 V ActivityScenario: Activity lifecycle changed event received but ignored because the intent does not match. startActivityIntent=Intent { act=android.intent.action.MAIN cat=[android.intent.category.LAUNCHER] cmp=com.example.dogglers/.VerticalListActivity }, activity.getIntent()=Intent { act=android.intent.action.MAIN cat=[android.intent.category.LAUNCHER] flg=0x10000000 cmp=com.example.dogglers/androidx.test.core.app.InstrumentationActivityInvoker$EmptyActivity mCallingUid=10115 }, activity=androidx.test.core.app.InstrumentationActivityInvoker$EmptyActivity@eadc08
10-09 23:08:00.922 21571 21571 D LifecycleMonitor: Lifecycle status change: androidx.test.core.app.InstrumentationActivityInvoker$EmptyActivity@eadc08 in: RESUMED
10-09 23:08:00.922 21571 21571 V ActivityScenario: Activity lifecycle changed event received but ignored because the intent does not match. startActivityIntent=Intent { act=android.intent.action.MAIN cat=[android.intent.category.LAUNCHER] cmp=com.example.dogglers/.VerticalListActivity }, activity.getIntent()=Intent { act=android.intent.action.MAIN cat=[android.intent.category.LAUNCHER] flg=0x10000000 cmp=com.example.dogglers/androidx.test.core.app.InstrumentationActivityInvoker$EmptyActivity mCallingUid=10115 }, activity=androidx.test.core.app.InstrumentationActivityInvoker$EmptyActivity@eadc08
10-09 23:08:00.923   973  1022 I SurfaceFlinger: [SF client] NEW(0xb4000073b0330a00) for (21571:com.example.dogglers)
10-09 23:08:00.925 21571 21571 D WindowManager: Add to mViews: DecorView@155b0b4[InstrumentationActivityInvoker$EmptyActivity],pkg= com.example.dogglers
10-09 23:08:00.926 21571 21571 D ViewRootImpl[InstrumentationActivityInvoker$EmptyActivity]: hardware acceleration = true, sRendererEnabled = true, forceHwAccelerated = false
10-09 23:08:00.927  1866  4646 D OplusDisplayPolicy: com.example.dogglers, no change cutoutMode: 0
10-09 23:08:00.933  1866  4646 D OplusDisplayPolicy: com.example.dogglers, no change cutoutMode: 0
10-09 23:08:00.934   973  1022 I BufferQueueDebug: [com.example.dogglers/androidx.test.core.app.InstrumentationActivityInvoker$EmptyActivity#1](this:0xb400007396c28998,id:-1,api:0,p:-1,c:-1) BufferQueue core=(973:/system/bin/surfaceflinger)
10-09 23:08:00.938  1866  4646 D Theia.NoFocusWindow: FocusWindowErrorScene cancelCheckFreezeScreen
10-09 23:08:00.939 21571 21571 I BufferQueueConsumer: [](id:54430000000c,api:0,p:-1,c:21571) connect: controlledByApp=false
10-09 23:08:00.939 21571 21571 I BLASTBufferQueue: [ViewRootImpl[InstrumentationActivityInvoker$EmptyActivity]#12] constructor()
10-09 23:08:00.941 21571 21625 I BufferQueueProducer: [ViewRootImpl[InstrumentationActivityInvoker$EmptyActivity]#12(BLAST Consumer)12](id:54430000000c,api:1,p:21571,c:21571) connect: api=1 producerControlledByApp=true
10-09 23:08:00.952  1866  1892 I ActivityTaskManager: Displayed com.example.dogglers/androidx.test.core.app.InstrumentationActivityInvoker$EmptyActivity: +85ms
10-09 23:08:00.955  1866  1895 I PowerHalWrapper: amsBoostNotify pid:21571,activity:androidx.test.core.app.InstrumentationActivityInvoker$EmptyActivity, package:com.example.dogglers, mProcessCreatePackcom.example.dogglers
10-09 23:08:00.955  1866  1895 I PowerHalWrapper: state: 0
10-09 23:08:00.955  1866  1895 I PowerHalWrapper: amsBoostNotify AMS_BOOST_PROCESS_CREATE_BOOST:false
10-09 23:08:00.956   973   973 D OplusLayer: setBuffer sequence=16451, name=com.example.dogglers/androidx.test.core.app.InstrumentationActivityInvoker$EmptyActivity#1
10-09 23:08:00.956   973   973 I OplusLayer: VRR [FRTC] update from -1 to 0
10-09 23:08:00.957 21571 21625 I BufferQueueProducer: [ViewRootImpl[InstrumentationActivityInvoker$EmptyActivity]#11(BLAST Consumer)11](id:54430000000b,api:1,p:21571,c:21571) disconnect: api 1
10-09 23:08:00.958   973   973 D OplusLayer: ~Layer() sequence=16446, name=Surface(name=634d9c0 StatusBar)/@0x8de5787 - animation-leash of insets_animation#0 0xb400007396246800
10-09 23:08:00.958   973   973 D OplusLayer: ~Layer() sequence=16447, name=Surface(name=986f6f7 NavigationBar0)/@0x7692882 - animation-leash of insets_animation#0 0xb40000739627f800
10-09 23:08:00.959 21571 21713 D SurfaceComposerClient: VRR [FRTC] client handle [bufferId:18446744073709551615 framenumber:0] [ffffffff, ffffffff]
10-09 23:08:00.959 21571 21625 E BLASTBufferQueue: BLASTBufferItemConsumer::onDisconnect()
10-09 23:08:00.959  1866  5110 I FocusResolver: updateFocusedWindow, 2f2100a com.example.dogglers/androidx.test.core.app.InstrumentationActivityInvoker$EmptyActivity on display 0, reason: setFocusedWindow, result:   FocusedWindows:
10-09 23:08:00.959  1866  5110 I FocusResolver:     displayId=0, name='2f2100a com.example.dogglers/androidx.test.core.app.InstrumentationActivityInvoker$EmptyActivity'
10-09 23:08:00.959   867   923 I sensors-hal-OriginChannel: wise light debug, data[2].type is 65627,data[2].sensor is 91:[256.000000,,25.000000,,3.000000,0.000000,38635169720332]
10-09 23:08:00.962 21571 21571 I BLASTBufferQueue: [ViewRootImpl[InstrumentationActivityInvoker$EmptyActivity]#11] destructor()
10-09 23:08:00.962 21571 21571 I BufferQueueConsumer: [ViewRootImpl[InstrumentationActivityInvoker$EmptyActivity]#11(BLAST Consumer)11](id:54430000000b,api:0,p:-1,c:21571) disconnect
10-09 23:08:00.964 21571 21571 D LifecycleMonitor: Lifecycle status change: androidx.test.core.app.InstrumentationActivityInvoker$EmptyActivity@febf831 in: STOPPED
10-09 23:08:00.964 21571 21571 V ActivityScenario: Activity lifecycle changed event received but ignored because the intent does not match. startActivityIntent=Intent { act=android.intent.action.MAIN cat=[android.intent.category.LAUNCHER] cmp=com.example.dogglers/.VerticalListActivity }, activity.getIntent()=Intent { act=android.intent.action.MAIN cat=[android.intent.category.LAUNCHER] flg=0x10000000 cmp=com.example.dogglers/androidx.test.core.app.InstrumentationActivityInvoker$EmptyActivity mCallingUid=10115 }, activity=androidx.test.core.app.InstrumentationActivityInvoker$EmptyActivity@febf831
10-09 23:08:00.969   940   940 E ORMS_HAL: open /sys/devices/platform/soc/soc:oplus-omrg/oplus-omrg0/ruler_enable failed(No such file or directory)
10-09 23:08:00.969  1866  5110 D Theia.NoFocusWindow: FocusWindowErrorScene CheckFreezeScreen
10-09 23:08:00.969  1866  5110 I InputDispatcher: setFocusedApplication displayId=0 ActivityRecord{99a9718 u0 com.android.launcher/.Launcher t5}
10-09 23:08:00.969   940   940 E ORMS_HAL: open /sys/devices/platform/soc/soc:oplus-omrg/oplus-omrg0/ruler_enable failed(No such file or directory)
10-09 23:08:00.970  1866  1999 I mtkpower_client: perf_lock_rel, hdl:34405, tid:1999
10-09 23:08:00.970  1866  1999 I mtkpower_client: perf_lock_acq, hdl:34405, dur:0, num:12, tid:1999
10-09 23:08:00.970   886   961 I libPowerHal: [perfLockRel] hdl:34405, idx:0
10-09 23:08:00.971   886   961 I libPowerHal: system_server: cpu_ctrl set cpu freq: -1 -1 -1 -1
10-09 23:08:00.971   886   961 I libPowerHal: [PD] system_server update cmd:1c3c000, param:1
10-09 23:08:00.971   886   961 I libPowerHal: [PD] system_server update cmd:2004100 param:2
10-09 23:08:00.972  1866  1999 I mtkpower_client: ret_hdl:34406
10-09 23:08:00.972   940   940 E ORMS_HAL: open /sys/devices/platform/soc/soc:oplus-omrg/oplus-omrg0/ruler_enable failed(No such file or directory)
10-09 23:08:00.972   886   961 I libPowerHal: system_server: cpu_ctrl set cpu freq: 2000000 -1 2400000 -1
10-09 23:08:00.972   940   940 E ORMS_HAL: open /sys/devices/platform/soc/soc:oplus-omrg/oplus-omrg0/ruler_enable failed(No such file or directory)
10-09 23:08:00.973  1866  1999 I mtkpower_client: perf_lock_rel, hdl:34406, tid:1999
10-09 23:08:00.973  1866  1999 I mtkpower_client: perf_lock_acq, hdl:34406, dur:0, num:12, tid:1999
10-09 23:08:00.974  1866  4646 D InputMethodManagerService: isSecurity: attribute.packageName=com.example.dogglers mCurMethodId=org.dslul.openboard.inputmethod.latin/.LatinIME
10-09 23:08:00.974  1866  4646 D InputMethodManagerService: isSecurity= false (  enable=false needShow=false inBlackList=false isExist=true )
10-09 23:08:00.974  1866  5110 I FocusResolver: updateFocusedWindow,  on display 0, reason: NO_WINDOW, result:   FocusedWindows: <none>
10-09 23:08:00.974  1866  4646 D InputMethodManagerService: isSecurity: attribute.packageName=com.example.dogglers mCurMethodId=org.dslul.openboard.inputmethod.latin/.LatinIME
10-09 23:08:00.974  1866  4646 D InputMethodManagerService: isSecurity= false (  enable=false needShow=false inBlackList=false isExist=true )
10-09 23:08:00.974  1866  4646 D InputMethodManagerService: startInputOrWindowGainedFocus:  reset Secure =false
10-09 23:08:00.975   886   961 I libPowerHal: [perfLockRel] hdl:34406, idx:0
10-09 23:08:00.975   886   961 I libPowerHal: system_server: cpu_ctrl set cpu freq: -1 -1 -1 -1
10-09 23:08:00.975   886   961 I libPowerHal: [PD] system_server update cmd:1410000 param:0
10-09 23:08:00.975   886   961 I libPowerHal: [PD] system_server update cmd:1c3c000, param:1
10-09 23:08:00.975   886   961 I libPowerHal: [PD] system_server update cmd:2004100 param:2
10-09 23:08:00.976  1866  1999 I mtkpower_client: ret_hdl:34407
10-09 23:08:00.976 21571 21571 D LifecycleMonitor: Lifecycle status change: androidx.test.core.app.InstrumentationActivityInvoker$EmptyActivity@eadc08 in: PAUSED
10-09 23:08:00.976 21571 21571 V ActivityScenario: Activity lifecycle changed event received but ignored because the intent does not match. startActivityIntent=Intent { act=android.intent.action.MAIN cat=[android.intent.category.LAUNCHER] cmp=com.example.dogglers/.VerticalListActivity }, activity.getIntent()=Intent { act=android.intent.action.MAIN cat=[android.intent.category.LAUNCHER] flg=0x10000000 cmp=com.example.dogglers/androidx.test.core.app.InstrumentationActivityInvoker$EmptyActivity mCallingUid=10115 }, activity=androidx.test.core.app.InstrumentationActivityInvoker$EmptyActivity@eadc08
10-09 23:08:00.977   886   961 I libPowerHal: system_server: cpu_ctrl set cpu freq: 2000000 -1 2400000 -1
10-09 23:08:00.978  1866  4646 V SensorManager: call sensorServiceCommonInterface name: setScreenShotDisable
10-09 23:08:00.978  1866  4646 D SensorService: SensorService sensorServiceCommonInterface = setScreenShotDisable
10-09 23:08:00.978  1866  4646 D SensorServiceImpl: SensorServiceExtImpl sensorServiceCommonInterface funcName= setScreenShotDisable , flag =0, status =0
10-09 23:08:00.978  1866  4646 I OplusHansManager : front pkg: com.android.launcher, uid: 10105, prev pkg: com.example.dogglers, prev uid: 10115
10-09 23:08:00.978  1866  3301 I OplusHansManager : notifyAppGoForeground, uid=10105
10-09 23:08:00.978  1866  3301 I OplusHansManager : notifyAppGoBackground, uid=10115
10-09 23:08:00.979  1866  2368 I Osense-DecisionMaker: notifySceneToPolicy...SCENE_LAUNCHER
10-09 23:08:00.979  1866  2368 D Osense-DecisionMaker: getCurrentSysStats, memMb: 3530
10-09 23:08:00.979  1866  2540 I OplusHansManager : uid=10115, pkg=com.example.dogglers enter SM
10-09 23:08:00.979  1866  2540 I OplusHansManager : uid=10115, pkg=com.example.dogglers R enter()
10-09 23:08:00.979  1866  2547 I OplusResourcePreloadManager: resume pkg: com.android.launcher, uid:10105, prev pkg: com.example.dogglers, prev uid: 10115
10-09 23:08:00.980  1866  2855 V DCSEX-AppSwitchManager: OnAppSwitchObserver: onAppExit, resuming = com.android.launcher, target = com.example.dogglers, is ResumingFirstStart =  false, is ResumingMultiApp =  false, extensionInfo =  Bundle[{taskId=5, uid=10105}]
10-09 23:08:00.980  1866  4646 I PowerHalWrapper: amsBoostNotify pid:2548,activity:com.android.launcher.Launcher, package:com.android.launcher, mProcessCreatePackcom.example.dogglers
10-09 23:08:00.980  1866  4646 I PowerHalWrapper: state: 1
10-09 23:08:00.980  1866  4646 I PowerHalWrapper: amsBoostNotify AMS_BOOST_PROCESS_CREATE_BOOST:false
10-09 23:08:00.980  1866  7056 D DCSEX-AppLaunchEventRecorder: onAppSwitch from = com.example.dogglers to = com.android.launcher
10-09 23:08:00.980   886   961 I libPowerHal: [perfNotifyAppState] foreground:com.android.launcher, pid:2548, uid:10105
10-09 23:08:00.980   886   961 I UxUtility: notifyForegroundApp pack:com.android.launcher, uid:10105
10-09 23:08:00.980   886   961 I TouchUtility: notifyAppState error = NULL
10-09 23:08:00.980   886   896 I mtkpower@impl: [notifyAppState] pc:0, com.example.dogglers => com.android.launcher
10-09 23:08:00.981  2739  5004 D AppSwitchListener: onAppExit() called !
10-09 23:08:00.981  2739  4604 W Battery : ThermalControlUtils: mForegroundPkg=com.android.launcher
10-09 23:08:00.982   968   968 D AudioPolicyService: updateUidStates_l() current->uid=10136 current->pid=4167 allowCapture=1 UidState=5 apmStat=1
10-09 23:08:00.982  1866  2855 V DCSEX-AppSwitchManager: OnAppSwitchObserver: onAppEnter, launchedFrom =  null, target =  com.android.launcher, is firstStart =  false, is multiApp =  false, extensionInfo =  Bundle[{taskId=5, pid=2548, uid=10105}]
10-09 23:08:00.983  1866  1980 E AthenaService: MemoryGuardAction: handleAppChange
10-09 23:08:00.984  1866  4646 I PowerHalWrapper: amsBoostNotify pid:21571,activity:androidx.test.core.app.InstrumentationActivityInvoker$EmptyActivity, package:com.example.dogglers, mProcessCreatePackcom.example.dogglers
10-09 23:08:00.984  1866  4646 I PowerHalWrapper: state: 0
10-09 23:08:00.984  1866  4646 I PowerHalWrapper: amsBoostNotify AMS_BOOST_PROCESS_CREATE_BOOST:false
10-09 23:08:00.985  3306  3324 D OplusAtlas.OplusAtlasEventDispatch: setEvent:atlas_event_on_foreground_activities_changed info:pid:2548,uid:10105,hasForegroundActivities:1
10-09 23:08:00.985  4707  4734 V DeepThinker: ProcessManager: onForegroundActivitiesChanged pid:2548, uid:10105, foregroundActivities:true
10-09 23:08:00.985  3306  4568 D OplusAtlas.OplusAudioScene: callback success event:atlas_event_on_foreground_activities_changed eventInfo:pid:2548,uid:10105,hasForegroundActivities:1
10-09 23:08:00.986  4545 12284 D ZoomAppController: ignore onAppEnter: mCurrentZoomInfo is null
10-09 23:08:00.986  3306  4841 D OplusAtlas.OplusMessageHandler: handleMessage: Msg { when=0 what=2 obj=com.oplus.atlas.OplusAtlasEvent@112e719 target=com.oplus.atlas.OplusMessageHandler$MyHandler }
10-09 23:08:00.987   973  1022 I BufferQueueDebug: [com.android.launcher/com.android.launcher.Launcher#0](this:0xb4000073b031f998,id:-1,api:0,p:-1,c:-1) BufferQueue core=(973:/system/bin/surfaceflinger)
10-09 23:08:00.989  2739  4604 W Battery : ThermalControllHandler: tempLevel=4,userMode=2,gameUserMode=-1,appType=-1,envTempType=0,appStates=[]
10-09 23:08:00.990  2739  4604 W Battery : ThermalControllerCenter: mSafetyState=00000
10-09 23:08:00.990  4661  4661 I BufferQueueConsumer: [](id:123500000115,api:0,p:-1,c:4661) connect: controlledByApp=false
10-09 23:08:00.991  4661  4661 I BLASTBufferQueue: [ViewRootImpl[Launcher]#277] constructor()
10-09 23:08:00.992  4661  4661 I A       : (REDACTED) onApplyWindowInsets: systemWindowInsets=%s
10-09 23:08:00.992  4661  4661 I A       : (REDACTED) onApplyWindowInsets: systemWindowInsets=%s
10-09 23:08:00.992  4661  4875 I BufferQueueProducer: [ViewRootImpl[Launcher]#277(BLAST Consumer)277](id:123500000115,api:1,p:4661,c:4661) connect: api=1 producerControlledByApp=true
10-09 23:08:00.993  2739  4604 W Battery : ThermalControllHandler: tempGear=4,configItemName=common_config
10-09 23:08:00.994  2739  5446 W Battery : ThermalControllHandler: MSG_THERMAL_CONTROL_CATEGORY_CHANGED
10-09 23:08:00.997   968   968 D AudioPolicyService: updateUidStates_l() current->uid=10136 current->pid=4167 allowCapture=1 UidState=5 apmStat=1
10-09 23:08:00.997   968   968 D AudioPolicyService: updateUidStates_l() current->uid=10136 current->pid=4167 allowCapture=1 UidState=3 apmStat=1
10-09 23:08:00.997 21571 21571 D LifecycleMonitor: Lifecycle status change: androidx.test.core.app.InstrumentationActivityInvoker$EmptyActivity@febf831 in: DESTROYED
10-09 23:08:00.998 21571 21571 V ActivityScenario: Activity lifecycle changed event received but ignored because the intent does not match. startActivityIntent=Intent { act=android.intent.action.MAIN cat=[android.intent.category.LAUNCHER] cmp=com.example.dogglers/.VerticalListActivity }, activity.getIntent()=Intent { act=android.intent.action.MAIN cat=[android.intent.category.LAUNCHER] flg=0x10000000 cmp=com.example.dogglers/androidx.test.core.app.InstrumentationActivityInvoker$EmptyActivity mCallingUid=10115 }, activity=androidx.test.core.app.InstrumentationActivityInvoker$EmptyActivity@febf831
10-09 23:08:00.999 21571 21571 D View    : [Warning] assignParent to null: this = DecorView@ce61ef0[InstrumentationActivityInvoker$EmptyActivity]
10-09 23:08:01.000   968 22675 D AudioPolicyService: updateUidStates_l() current->uid=10136 current->pid=4167 allowCapture=1 UidState=3 apmStat=1
10-09 23:08:01.003  4167  4167 I GsaVoiceInteractionSrv: Handling ACTION_START_HOTWORD
10-09 23:08:01.004  4167  5351 I GsaVoiceInteractionSrv: (REDACTED) disregardVoiceMatch: %b
10-09 23:08:01.004  1866  4646 W InputManager-JNI: Input channel object 'c1cac9e com.example.dogglers/androidx.test.core.app.InstrumentationActivityInvoker$EmptyActivity (client)' was disposed without first being removed with the input manager!
10-09 23:08:01.005   973   973 D OplusLayer: setBuffer sequence=16454, name=com.android.launcher/com.android.launcher.Launcher#0
10-09 23:08:01.005   973   973 I OplusLayer: VRR [FRTC] update from -1 to 0
10-09 23:08:01.006  3335  3356 E oiface  : get gpu freq table failed
10-09 23:08:01.007   973   973 I BufferQueueDebug: [com.example.dogglers/androidx.test.core.app.InstrumentationActivityInvoker$EmptyActivity#0](this:0xb4000073962aa998,id:-1,api:0,p:-1,c:973) onDestructor()
10-09 23:08:01.007 21571 21606 I BLASTBufferQueue: releaseBufferCallbackThunk bufferId:92646739542061 framenumber:1 blastBufferQueue is dead
10-09 23:08:01.007   973   973 D OplusLayer: ~Layer() sequence=16445, name=com.example.dogglers/androidx.test.core.app.InstrumentationActivityInvoker$EmptyActivity#0 0xb4000073962a8000
10-09 23:08:01.008   973  1022 I BufferQueueDebug: [com.android.launcher/com.android.launcher.Launcher#1](this:0xb400007397435998,id:-1,api:0,p:-1,c:-1) BufferQueue core=(973:/system/bin/surfaceflinger)
10-09 23:08:01.008 21571 21624 I TestRunner: finished: vertical_scroll_content_at_first_position(com.example.dogglers.VerticalListTests)
